[0.152s] DEBUG:colcon:Command line arguments: ['/usr/bin/colcon', 'build']
[0.152s] DEBUG:colcon:Parsed command line arguments: Namespace(log_base=None, log_level=None, verb_name='build', build_base='build', install_base='install', merge_install=False, symlink_install=False, test_result_base=None, continue_on_error=False, executor='parallel', parallel_workers=4, event_handlers=None, ignore_user_meta=False, metas=['./colcon.meta'], base_paths=['.'], packages_ignore=None, packages_ignore_regex=None, paths=None, packages_up_to=None, packages_up_to_regex=None, packages_above=None, packages_above_and_dependencies=None, packages_above_depth=None, packages_select_by_dep=None, packages_skip_by_dep=None, packages_skip_up_to=None, packages_select_build_failed=False, packages_skip_build_finished=False, packages_select_test_failures=False, packages_skip_test_passed=False, packages_select=None, packages_skip=None, packages_select_regex=None, packages_skip_regex=None, packages_start=None, packages_end=None, allow_overriding=[], cmake_args=None, cmake_target=None, cmake_target_skip_unavailable=False, cmake_clean_cache=False, cmake_clean_first=False, cmake_force_configure=False, ament_cmake_args=None, catkin_cmake_args=None, catkin_skip_building_tests=False, mixin_files=None, mixin=None, verb_parser=<colcon_mixin.mixin.mixin_argument.MixinArgumentDecorator object at 0xffffae2659a0>, verb_extension=<colcon_core.verb.build.BuildVerb object at 0xffffae1ef680>, main=<bound method BuildVerb.main of <colcon_core.verb.build.BuildVerb object at 0xffffae1ef680>>, mixin_verb=('build',))
[0.210s] Level 1:colcon.colcon_core.package_discovery:discover_packages(colcon_meta) check parameters
[0.210s] Level 1:colcon.colcon_core.package_discovery:discover_packages(recursive) check parameters
[0.210s] Level 1:colcon.colcon_core.package_discovery:discover_packages(ignore) check parameters
[0.210s] Level 1:colcon.colcon_core.package_discovery:discover_packages(path) check parameters
[0.210s] Level 1:colcon.colcon_core.package_discovery:discover_packages(colcon_meta) discover
[0.211s] Level 1:colcon.colcon_core.package_discovery:discover_packages(recursive) discover
[0.211s] INFO:colcon.colcon_core.package_discovery:Crawling recursively for packages in '/home/spinetti/ros2_ws'
[0.211s] Level 1:colcon.colcon_core.package_identification:_identify(.) by extensions ['ignore', 'ignore_ament_install']
[0.211s] Level 1:colcon.colcon_core.package_identification:_identify(.) by extension 'ignore'
[0.211s] Level 1:colcon.colcon_core.package_identification:_identify(.) by extension 'ignore_ament_install'
[0.211s] Level 1:colcon.colcon_core.package_identification:_identify(.) by extensions ['colcon_pkg']
[0.211s] Level 1:colcon.colcon_core.package_identification:_identify(.) by extension 'colcon_pkg'
[0.211s] Level 1:colcon.colcon_core.package_identification:_identify(.) by extensions ['colcon_meta']
[0.211s] Level 1:colcon.colcon_core.package_identification:_identify(.) by extension 'colcon_meta'
[0.211s] Level 1:colcon.colcon_core.package_identification:_identify(.) by extensions ['ros']
[0.211s] Level 1:colcon.colcon_core.package_identification:_identify(.) by extension 'ros'
[0.249s] Level 1:colcon.colcon_core.package_identification:_identify(.) by extensions ['cmake', 'python']
[0.250s] Level 1:colcon.colcon_core.package_identification:_identify(.) by extension 'cmake'
[0.250s] Level 1:colcon.colcon_core.package_identification:_identify(.) by extension 'python'
[0.250s] Level 1:colcon.colcon_core.package_identification:_identify(.) by extensions ['python_setup_py']
[0.250s] Level 1:colcon.colcon_core.package_identification:_identify(.) by extension 'python_setup_py'
[0.250s] Level 1:colcon.colcon_core.package_identification:_identify(build) by extensions ['ignore', 'ignore_ament_install']
[0.250s] Level 1:colcon.colcon_core.package_identification:_identify(build) by extension 'ignore'
[0.250s] Level 1:colcon.colcon_core.package_identification:_identify(build) ignored
[0.250s] Level 1:colcon.colcon_core.package_identification:_identify(install) by extensions ['ignore', 'ignore_ament_install']
[0.250s] Level 1:colcon.colcon_core.package_identification:_identify(install) by extension 'ignore'
[0.250s] Level 1:colcon.colcon_core.package_identification:_identify(install) ignored
[0.251s] Level 1:colcon.colcon_core.package_identification:_identify(log) by extensions ['ignore', 'ignore_ament_install']
[0.251s] Level 1:colcon.colcon_core.package_identification:_identify(log) by extension 'ignore'
[0.251s] Level 1:colcon.colcon_core.package_identification:_identify(log) ignored
[0.251s] Level 1:colcon.colcon_core.package_identification:_identify(src) by extensions ['ignore', 'ignore_ament_install']
[0.251s] Level 1:colcon.colcon_core.package_identification:_identify(src) by extension 'ignore'
[0.251s] Level 1:colcon.colcon_core.package_identification:_identify(src) by extension 'ignore_ament_install'
[0.251s] Level 1:colcon.colcon_core.package_identification:_identify(src) by extensions ['colcon_pkg']
[0.251s] Level 1:colcon.colcon_core.package_identification:_identify(src) by extension 'colcon_pkg'
[0.251s] Level 1:colcon.colcon_core.package_identification:_identify(src) by extensions ['colcon_meta']
[0.251s] Level 1:colcon.colcon_core.package_identification:_identify(src) by extension 'colcon_meta'
[0.251s] Level 1:colcon.colcon_core.package_identification:_identify(src) by extensions ['ros']
[0.251s] Level 1:colcon.colcon_core.package_identification:_identify(src) by extension 'ros'
[0.251s] Level 1:colcon.colcon_core.package_identification:_identify(src) by extensions ['cmake', 'python']
[0.252s] Level 1:colcon.colcon_core.package_identification:_identify(src) by extension 'cmake'
[0.252s] Level 1:colcon.colcon_core.package_identification:_identify(src) by extension 'python'
[0.252s] Level 1:colcon.colcon_core.package_identification:_identify(src) by extensions ['python_setup_py']
[0.252s] Level 1:colcon.colcon_core.package_identification:_identify(src) by extension 'python_setup_py'
[0.252s] Level 1:colcon.colcon_core.package_identification:_identify(src/build) by extensions ['ignore', 'ignore_ament_install']
[0.252s] Level 1:colcon.colcon_core.package_identification:_identify(src/build) by extension 'ignore'
[0.252s] Level 1:colcon.colcon_core.package_identification:_identify(src/build) ignored
[0.252s] Level 1:colcon.colcon_core.package_identification:_identify(src/install) by extensions ['ignore', 'ignore_ament_install']
[0.252s] Level 1:colcon.colcon_core.package_identification:_identify(src/install) by extension 'ignore'
[0.252s] Level 1:colcon.colcon_core.package_identification:_identify(src/install) ignored
[0.252s] Level 1:colcon.colcon_core.package_identification:_identify(src/ldlidar_stl_ros2) by extensions ['ignore', 'ignore_ament_install']
[0.252s] Level 1:colcon.colcon_core.package_identification:_identify(src/ldlidar_stl_ros2) by extension 'ignore'
[0.252s] Level 1:colcon.colcon_core.package_identification:_identify(src/ldlidar_stl_ros2) by extension 'ignore_ament_install'
[0.252s] Level 1:colcon.colcon_core.package_identification:_identify(src/ldlidar_stl_ros2) by extensions ['colcon_pkg']
[0.252s] Level 1:colcon.colcon_core.package_identification:_identify(src/ldlidar_stl_ros2) by extension 'colcon_pkg'
[0.253s] Level 1:colcon.colcon_core.package_identification:_identify(src/ldlidar_stl_ros2) by extensions ['colcon_meta']
[0.253s] Level 1:colcon.colcon_core.package_identification:_identify(src/ldlidar_stl_ros2) by extension 'colcon_meta'
[0.253s] Level 1:colcon.colcon_core.package_identification:_identify(src/ldlidar_stl_ros2) by extensions ['ros']
[0.253s] Level 1:colcon.colcon_core.package_identification:_identify(src/ldlidar_stl_ros2) by extension 'ros'
[0.256s] DEBUG:colcon.colcon_core.package_identification:Package 'src/ldlidar_stl_ros2' with type 'ros.ament_cmake' and name 'ldlidar_stl_ros2'
[0.256s] Level 1:colcon.colcon_core.package_identification:_identify(src/log) by extensions ['ignore', 'ignore_ament_install']
[0.256s] Level 1:colcon.colcon_core.package_identification:_identify(src/log) by extension 'ignore'
[0.256s] Level 1:colcon.colcon_core.package_identification:_identify(src/log) ignored
[0.256s] Level 1:colcon.colcon_core.package_identification:_identify(src/spinetti_bringup) by extensions ['ignore', 'ignore_ament_install']
[0.256s] Level 1:colcon.colcon_core.package_identification:_identify(src/spinetti_bringup) by extension 'ignore'
[0.257s] Level 1:colcon.colcon_core.package_identification:_identify(src/spinetti_bringup) by extension 'ignore_ament_install'
[0.257s] Level 1:colcon.colcon_core.package_identification:_identify(src/spinetti_bringup) by extensions ['colcon_pkg']
[0.257s] Level 1:colcon.colcon_core.package_identification:_identify(src/spinetti_bringup) by extension 'colcon_pkg'
[0.257s] Level 1:colcon.colcon_core.package_identification:_identify(src/spinetti_bringup) by extensions ['colcon_meta']
[0.257s] Level 1:colcon.colcon_core.package_identification:_identify(src/spinetti_bringup) by extension 'colcon_meta'
[0.257s] Level 1:colcon.colcon_core.package_identification:_identify(src/spinetti_bringup) by extensions ['ros']
[0.257s] Level 1:colcon.colcon_core.package_identification:_identify(src/spinetti_bringup) by extension 'ros'
[0.258s] DEBUG:colcon.colcon_core.package_identification:Package 'src/spinetti_bringup' with type 'ros.ament_python' and name 'spinetti_bringup'
[0.258s] Level 1:colcon.colcon_core.package_identification:_identify(src/stm32_bot) by extensions ['ignore', 'ignore_ament_install']
[0.258s] Level 1:colcon.colcon_core.package_identification:_identify(src/stm32_bot) by extension 'ignore'
[0.258s] Level 1:colcon.colcon_core.package_identification:_identify(src/stm32_bot) by extension 'ignore_ament_install'
[0.258s] Level 1:colcon.colcon_core.package_identification:_identify(src/stm32_bot) by extensions ['colcon_pkg']
[0.258s] Level 1:colcon.colcon_core.package_identification:_identify(src/stm32_bot) by extension 'colcon_pkg'
[0.258s] Level 1:colcon.colcon_core.package_identification:_identify(src/stm32_bot) by extensions ['colcon_meta']
[0.258s] Level 1:colcon.colcon_core.package_identification:_identify(src/stm32_bot) by extension 'colcon_meta'
[0.258s] Level 1:colcon.colcon_core.package_identification:_identify(src/stm32_bot) by extensions ['ros']
[0.258s] Level 1:colcon.colcon_core.package_identification:_identify(src/stm32_bot) by extension 'ros'
[0.259s] DEBUG:colcon.colcon_core.package_identification:Package 'src/stm32_bot' with type 'ros.ament_python' and name 'stm32_bot'
[0.259s] Level 1:colcon.colcon_core.package_identification:_identify(src/tm210_driver) by extensions ['ignore', 'ignore_ament_install']
[0.259s] Level 1:colcon.colcon_core.package_identification:_identify(src/tm210_driver) by extension 'ignore'
[0.259s] Level 1:colcon.colcon_core.package_identification:_identify(src/tm210_driver) by extension 'ignore_ament_install'
[0.259s] Level 1:colcon.colcon_core.package_identification:_identify(src/tm210_driver) by extensions ['colcon_pkg']
[0.259s] Level 1:colcon.colcon_core.package_identification:_identify(src/tm210_driver) by extension 'colcon_pkg'
[0.259s] Level 1:colcon.colcon_core.package_identification:_identify(src/tm210_driver) by extensions ['colcon_meta']
[0.259s] Level 1:colcon.colcon_core.package_identification:_identify(src/tm210_driver) by extension 'colcon_meta'
[0.260s] Level 1:colcon.colcon_core.package_identification:_identify(src/tm210_driver) by extensions ['ros']
[0.260s] Level 1:colcon.colcon_core.package_identification:_identify(src/tm210_driver) by extension 'ros'
[0.261s] DEBUG:colcon.colcon_core.package_identification:Package 'src/tm210_driver' with type 'ros.ament_cmake' and name 'tm_imu'
[0.261s] Level 1:colcon.colcon_core.package_discovery:discover_packages(recursive) using defaults
[0.261s] Level 1:colcon.colcon_core.package_discovery:discover_packages(ignore) discover
[0.261s] Level 1:colcon.colcon_core.package_discovery:discover_packages(ignore) using defaults
[0.261s] Level 1:colcon.colcon_core.package_discovery:discover_packages(path) discover
[0.261s] Level 1:colcon.colcon_core.package_discovery:discover_packages(path) using defaults
[0.285s] Level 1:colcon.colcon_core.package_discovery:discover_packages(prefix_path) check parameters
[0.286s] Level 1:colcon.colcon_core.package_discovery:discover_packages(prefix_path) discover
[0.288s] DEBUG:colcon.colcon_installed_package_information.package_discovery:Found 5 installed packages in /home/spinetti/ros2_ws/install
[0.289s] DEBUG:colcon.colcon_installed_package_information.package_discovery:Found 1 installed packages in /home/spinetti/install
[0.292s] DEBUG:colcon.colcon_installed_package_information.package_discovery:Found 389 installed packages in /opt/ros/jazzy
[0.295s] Level 1:colcon.colcon_core.package_discovery:discover_packages(prefix_path) using defaults
[0.369s] Level 5:colcon.colcon_core.verb:set package 'ldlidar_stl_ros2' build argument 'cmake_args' from command line to 'None'
[0.369s] Level 5:colcon.colcon_core.verb:set package 'ldlidar_stl_ros2' build argument 'cmake_target' from command line to 'None'
[0.369s] Level 5:colcon.colcon_core.verb:set package 'ldlidar_stl_ros2' build argument 'cmake_target_skip_unavailable' from command line to 'False'
[0.369s] Level 5:colcon.colcon_core.verb:set package 'ldlidar_stl_ros2' build argument 'cmake_clean_cache' from command line to 'False'
[0.369s] Level 5:colcon.colcon_core.verb:set package 'ldlidar_stl_ros2' build argument 'cmake_clean_first' from command line to 'False'
[0.369s] Level 5:colcon.colcon_core.verb:set package 'ldlidar_stl_ros2' build argument 'cmake_force_configure' from command line to 'False'
[0.370s] Level 5:colcon.colcon_core.verb:set package 'ldlidar_stl_ros2' build argument 'ament_cmake_args' from command line to 'None'
[0.370s] Level 5:colcon.colcon_core.verb:set package 'ldlidar_stl_ros2' build argument 'catkin_cmake_args' from command line to 'None'
[0.370s] Level 5:colcon.colcon_core.verb:set package 'ldlidar_stl_ros2' build argument 'catkin_skip_building_tests' from command line to 'False'
[0.370s] DEBUG:colcon.colcon_core.verb:Building package 'ldlidar_stl_ros2' with the following arguments: {'ament_cmake_args': None, 'build_base': '/home/spinetti/ros2_ws/build/ldlidar_stl_ros2', 'catkin_cmake_args': None, 'catkin_skip_building_tests': False, 'cmake_args': None, 'cmake_clean_cache': False, 'cmake_clean_first': False, 'cmake_force_configure': False, 'cmake_target': None, 'cmake_target_skip_unavailable': False, 'install_base': '/home/spinetti/ros2_ws/install/ldlidar_stl_ros2', 'merge_install': False, 'path': '/home/spinetti/ros2_ws/src/ldlidar_stl_ros2', 'symlink_install': False, 'test_result_base': None}
[0.370s] Level 5:colcon.colcon_core.verb:set package 'spinetti_bringup' build argument 'cmake_args' from command line to 'None'
[0.370s] Level 5:colcon.colcon_core.verb:set package 'spinetti_bringup' build argument 'cmake_target' from command line to 'None'
[0.370s] Level 5:colcon.colcon_core.verb:set package 'spinetti_bringup' build argument 'cmake_target_skip_unavailable' from command line to 'False'
[0.370s] Level 5:colcon.colcon_core.verb:set package 'spinetti_bringup' build argument 'cmake_clean_cache' from command line to 'False'
[0.370s] Level 5:colcon.colcon_core.verb:set package 'spinetti_bringup' build argument 'cmake_clean_first' from command line to 'False'
[0.370s] Level 5:colcon.colcon_core.verb:set package 'spinetti_bringup' build argument 'cmake_force_configure' from command line to 'False'
[0.370s] Level 5:colcon.colcon_core.verb:set package 'spinetti_bringup' build argument 'ament_cmake_args' from command line to 'None'
[0.370s] Level 5:colcon.colcon_core.verb:set package 'spinetti_bringup' build argument 'catkin_cmake_args' from command line to 'None'
[0.370s] Level 5:colcon.colcon_core.verb:set package 'spinetti_bringup' build argument 'catkin_skip_building_tests' from command line to 'False'
[0.370s] DEBUG:colcon.colcon_core.verb:Building package 'spinetti_bringup' with the following arguments: {'ament_cmake_args': None, 'build_base': '/home/spinetti/ros2_ws/build/spinetti_bringup', 'catkin_cmake_args': None, 'catkin_skip_building_tests': False, 'cmake_args': None, 'cmake_clean_cache': False, 'cmake_clean_first': False, 'cmake_force_configure': False, 'cmake_target': None, 'cmake_target_skip_unavailable': False, 'install_base': '/home/spinetti/ros2_ws/install/spinetti_bringup', 'merge_install': False, 'path': '/home/spinetti/ros2_ws/src/spinetti_bringup', 'symlink_install': False, 'test_result_base': None}
[0.371s] Level 5:colcon.colcon_core.verb:set package 'stm32_bot' build argument 'cmake_args' from command line to 'None'
[0.371s] Level 5:colcon.colcon_core.verb:set package 'stm32_bot' build argument 'cmake_target' from command line to 'None'
[0.371s] Level 5:colcon.colcon_core.verb:set package 'stm32_bot' build argument 'cmake_target_skip_unavailable' from command line to 'False'
[0.371s] Level 5:colcon.colcon_core.verb:set package 'stm32_bot' build argument 'cmake_clean_cache' from command line to 'False'
[0.371s] Level 5:colcon.colcon_core.verb:set package 'stm32_bot' build argument 'cmake_clean_first' from command line to 'False'
[0.371s] Level 5:colcon.colcon_core.verb:set package 'stm32_bot' build argument 'cmake_force_configure' from command line to 'False'
[0.371s] Level 5:colcon.colcon_core.verb:set package 'stm32_bot' build argument 'ament_cmake_args' from command line to 'None'
[0.371s] Level 5:colcon.colcon_core.verb:set package 'stm32_bot' build argument 'catkin_cmake_args' from command line to 'None'
[0.371s] Level 5:colcon.colcon_core.verb:set package 'stm32_bot' build argument 'catkin_skip_building_tests' from command line to 'False'
[0.371s] DEBUG:colcon.colcon_core.verb:Building package 'stm32_bot' with the following arguments: {'ament_cmake_args': None, 'build_base': '/home/spinetti/ros2_ws/build/stm32_bot', 'catkin_cmake_args': None, 'catkin_skip_building_tests': False, 'cmake_args': None, 'cmake_clean_cache': False, 'cmake_clean_first': False, 'cmake_force_configure': False, 'cmake_target': None, 'cmake_target_skip_unavailable': False, 'install_base': '/home/spinetti/ros2_ws/install/stm32_bot', 'merge_install': False, 'path': '/home/spinetti/ros2_ws/src/stm32_bot', 'symlink_install': False, 'test_result_base': None}
[0.371s] Level 5:colcon.colcon_core.verb:set package 'tm_imu' build argument 'cmake_args' from command line to 'None'
[0.371s] Level 5:colcon.colcon_core.verb:set package 'tm_imu' build argument 'cmake_target' from command line to 'None'
[0.371s] Level 5:colcon.colcon_core.verb:set package 'tm_imu' build argument 'cmake_target_skip_unavailable' from command line to 'False'
[0.371s] Level 5:colcon.colcon_core.verb:set package 'tm_imu' build argument 'cmake_clean_cache' from command line to 'False'
[0.371s] Level 5:colcon.colcon_core.verb:set package 'tm_imu' build argument 'cmake_clean_first' from command line to 'False'
[0.371s] Level 5:colcon.colcon_core.verb:set package 'tm_imu' build argument 'cmake_force_configure' from command line to 'False'
[0.371s] Level 5:colcon.colcon_core.verb:set package 'tm_imu' build argument 'ament_cmake_args' from command line to 'None'
[0.371s] Level 5:colcon.colcon_core.verb:set package 'tm_imu' build argument 'catkin_cmake_args' from command line to 'None'
[0.371s] Level 5:colcon.colcon_core.verb:set package 'tm_imu' build argument 'catkin_skip_building_tests' from command line to 'False'
[0.371s] DEBUG:colcon.colcon_core.verb:Building package 'tm_imu' with the following arguments: {'ament_cmake_args': None, 'build_base': '/home/spinetti/ros2_ws/build/tm_imu', 'catkin_cmake_args': None, 'catkin_skip_building_tests': False, 'cmake_args': None, 'cmake_clean_cache': False, 'cmake_clean_first': False, 'cmake_force_configure': False, 'cmake_target': None, 'cmake_target_skip_unavailable': False, 'install_base': '/home/spinetti/ros2_ws/install/tm_imu', 'merge_install': False, 'path': '/home/spinetti/ros2_ws/src/tm210_driver', 'symlink_install': False, 'test_result_base': None}
[0.372s] INFO:colcon.colcon_core.executor:Executing jobs using 'parallel' executor
[0.373s] DEBUG:colcon.colcon_parallel_executor.executor.parallel:run_until_complete
[0.374s] INFO:colcon.colcon_ros.task.ament_cmake.build:Building ROS package in '/home/spinetti/ros2_ws/src/ldlidar_stl_ros2' with build type 'ament_cmake'
[0.375s] INFO:colcon.colcon_cmake.task.cmake.build:Building CMake package in '/home/spinetti/ros2_ws/src/ldlidar_stl_ros2'
[0.384s] INFO:colcon.colcon_core.plugin_system:Skipping extension 'colcon_core.shell.bat': Not used on non-Windows systems
[0.385s] INFO:colcon.colcon_core.shell:Skip shell extension 'powershell' for command environment: Not usable outside of PowerShell
[0.385s] DEBUG:colcon.colcon_core.shell:Skip shell extension 'dsv' for command environment
[0.400s] INFO:colcon.colcon_ros.task.ament_python.build:Building ROS package in '/home/spinetti/ros2_ws/src/spinetti_bringup' with build type 'ament_python'
[0.402s] Level 1:colcon.colcon_core.shell:create_environment_hook('spinetti_bringup', 'ament_prefix_path')
[0.404s] INFO:colcon.colcon_core.shell:Creating environment hook '/home/spinetti/ros2_ws/install/spinetti_bringup/share/spinetti_bringup/hook/ament_prefix_path.ps1'
[0.407s] INFO:colcon.colcon_core.shell:Creating environment descriptor '/home/spinetti/ros2_ws/install/spinetti_bringup/share/spinetti_bringup/hook/ament_prefix_path.dsv'
[0.408s] INFO:colcon.colcon_core.shell:Creating environment hook '/home/spinetti/ros2_ws/install/spinetti_bringup/share/spinetti_bringup/hook/ament_prefix_path.sh'
[0.410s] INFO:colcon.colcon_core.shell:Skip shell extension 'powershell' for command environment: Not usable outside of PowerShell
[0.410s] DEBUG:colcon.colcon_core.shell:Skip shell extension 'dsv' for command environment
[0.424s] INFO:colcon.colcon_ros.task.ament_python.build:Building ROS package in '/home/spinetti/ros2_ws/src/stm32_bot' with build type 'ament_python'
[0.425s] Level 1:colcon.colcon_core.shell:create_environment_hook('stm32_bot', 'ament_prefix_path')
[0.426s] INFO:colcon.colcon_core.shell:Creating environment hook '/home/spinetti/ros2_ws/install/stm32_bot/share/stm32_bot/hook/ament_prefix_path.ps1'
[0.428s] INFO:colcon.colcon_core.shell:Creating environment descriptor '/home/spinetti/ros2_ws/install/stm32_bot/share/stm32_bot/hook/ament_prefix_path.dsv'
[0.430s] INFO:colcon.colcon_core.shell:Creating environment hook '/home/spinetti/ros2_ws/install/stm32_bot/share/stm32_bot/hook/ament_prefix_path.sh'
[0.431s] INFO:colcon.colcon_core.shell:Skip shell extension 'powershell' for command environment: Not usable outside of PowerShell
[0.431s] DEBUG:colcon.colcon_core.shell:Skip shell extension 'dsv' for command environment
[0.442s] INFO:colcon.colcon_ros.task.ament_cmake.build:Building ROS package in '/home/spinetti/ros2_ws/src/tm210_driver' with build type 'ament_cmake'
[0.443s] INFO:colcon.colcon_cmake.task.cmake.build:Building CMake package in '/home/spinetti/ros2_ws/src/tm210_driver'
[0.444s] INFO:colcon.colcon_core.shell:Skip shell extension 'powershell' for command environment: Not usable outside of PowerShell
[0.444s] DEBUG:colcon.colcon_core.shell:Skip shell extension 'dsv' for command environment
[0.473s] DEBUG:colcon.colcon_core.event_handler.log_command:Invoking command in '/home/spinetti/ros2_ws/build/ldlidar_stl_ros2': CMAKE_PREFIX_PATH=${CMAKE_PREFIX_PATH}:/home/spinetti/ros2_ws/install/stm32_bot:/home/spinetti/ros2_ws/install/spinetti_bringup:/home/spinetti/install/stm32_bot:/opt/ros/jazzy DEBUGINFOD_URLS=https://debuginfod.ubuntu.com /usr/bin/cmake --build /home/spinetti/ros2_ws/build/ldlidar_stl_ros2 -- -j4 -l4
[0.876s] INFO:colcon.colcon_core.task.python.build:Building Python package in '/home/spinetti/ros2_ws/src/spinetti_bringup'
[0.876s] INFO:colcon.colcon_core.shell:Skip shell extension 'powershell' for command environment: Not usable outside of PowerShell
[0.877s] DEBUG:colcon.colcon_core.shell:Skip shell extension 'dsv' for command environment
[1.299s] INFO:colcon.colcon_core.task.python.build:Building Python package in '/home/spinetti/ros2_ws/src/stm32_bot'
[1.299s] INFO:colcon.colcon_core.shell:Skip shell extension 'powershell' for command environment: Not usable outside of PowerShell
[1.299s] DEBUG:colcon.colcon_core.shell:Skip shell extension 'dsv' for command environment
[1.313s] DEBUG:colcon.colcon_core.event_handler.log_command:Invoked command in '/home/spinetti/ros2_ws/build/ldlidar_stl_ros2' returned '0': CMAKE_PREFIX_PATH=${CMAKE_PREFIX_PATH}:/home/spinetti/ros2_ws/install/stm32_bot:/home/spinetti/ros2_ws/install/spinetti_bringup:/home/spinetti/install/stm32_bot:/opt/ros/jazzy DEBUGINFOD_URLS=https://debuginfod.ubuntu.com /usr/bin/cmake --build /home/spinetti/ros2_ws/build/ldlidar_stl_ros2 -- -j4 -l4
[1.338s] DEBUG:colcon.colcon_core.event_handler.log_command:Invoking command in '/home/spinetti/ros2_ws/build/ldlidar_stl_ros2': CMAKE_PREFIX_PATH=${CMAKE_PREFIX_PATH}:/home/spinetti/ros2_ws/install/stm32_bot:/home/spinetti/ros2_ws/install/spinetti_bringup:/home/spinetti/install/stm32_bot:/opt/ros/jazzy DEBUGINFOD_URLS=https://debuginfod.ubuntu.com /usr/bin/cmake --install /home/spinetti/ros2_ws/build/ldlidar_stl_ros2
[1.345s] DEBUG:colcon.colcon_core.event_handler.log_command:Invoking command in '/home/spinetti/ros2_ws/build/tm_imu': CMAKE_PREFIX_PATH=${CMAKE_PREFIX_PATH}:/home/spinetti/ros2_ws/install/stm32_bot:/home/spinetti/ros2_ws/install/spinetti_bringup:/home/spinetti/install/stm32_bot:/opt/ros/jazzy DEBUGINFOD_URLS=https://debuginfod.ubuntu.com /usr/bin/cmake --build /home/spinetti/ros2_ws/build/tm_imu -- -j4 -l4
[1.379s] Level 1:colcon.colcon_core.environment:create_environment_scripts_only(ldlidar_stl_ros2)
[1.382s] DEBUG:colcon.colcon_core.event_handler.log_command:Invoked command in '/home/spinetti/ros2_ws/build/ldlidar_stl_ros2' returned '0': CMAKE_PREFIX_PATH=${CMAKE_PREFIX_PATH}:/home/spinetti/ros2_ws/install/stm32_bot:/home/spinetti/ros2_ws/install/spinetti_bringup:/home/spinetti/install/stm32_bot:/opt/ros/jazzy DEBUGINFOD_URLS=https://debuginfod.ubuntu.com /usr/bin/cmake --install /home/spinetti/ros2_ws/build/ldlidar_stl_ros2
[1.386s] Level 1:colcon.colcon_core.environment:checking '/home/spinetti/ros2_ws/install/ldlidar_stl_ros2' for CMake module files
[1.388s] Level 1:colcon.colcon_core.environment:checking '/home/spinetti/ros2_ws/install/ldlidar_stl_ros2' for CMake config files
[1.391s] Level 1:colcon.colcon_core.shell:create_environment_hook('ldlidar_stl_ros2', 'cmake_prefix_path')
[1.392s] INFO:colcon.colcon_core.shell:Creating environment hook '/home/spinetti/ros2_ws/install/ldlidar_stl_ros2/share/ldlidar_stl_ros2/hook/cmake_prefix_path.ps1'
[1.396s] INFO:colcon.colcon_core.shell:Creating environment descriptor '/home/spinetti/ros2_ws/install/ldlidar_stl_ros2/share/ldlidar_stl_ros2/hook/cmake_prefix_path.dsv'
[1.399s] INFO:colcon.colcon_core.shell:Creating environment hook '/home/spinetti/ros2_ws/install/ldlidar_stl_ros2/share/ldlidar_stl_ros2/hook/cmake_prefix_path.sh'
[1.403s] Level 1:colcon.colcon_core.environment:checking '/home/spinetti/ros2_ws/install/ldlidar_stl_ros2/lib'
[1.404s] Level 1:colcon.colcon_core.environment:checking '/home/spinetti/ros2_ws/install/ldlidar_stl_ros2/bin'
[1.405s] Level 1:colcon.colcon_core.environment:checking '/home/spinetti/ros2_ws/install/ldlidar_stl_ros2/lib/pkgconfig/ldlidar_stl_ros2.pc'
[1.405s] Level 1:colcon.colcon_core.environment:checking '/home/spinetti/ros2_ws/install/ldlidar_stl_ros2/lib/python3.12/site-packages'
[1.406s] Level 1:colcon.colcon_core.environment:checking '/home/spinetti/ros2_ws/install/ldlidar_stl_ros2/bin'
[1.407s] INFO:colcon.colcon_core.shell:Creating package script '/home/spinetti/ros2_ws/install/ldlidar_stl_ros2/share/ldlidar_stl_ros2/package.ps1'
[1.409s] INFO:colcon.colcon_core.shell:Creating package descriptor '/home/spinetti/ros2_ws/install/ldlidar_stl_ros2/share/ldlidar_stl_ros2/package.dsv'
[1.411s] INFO:colcon.colcon_core.shell:Creating package script '/home/spinetti/ros2_ws/install/ldlidar_stl_ros2/share/ldlidar_stl_ros2/package.sh'
[1.412s] INFO:colcon.colcon_core.shell:Creating package script '/home/spinetti/ros2_ws/install/ldlidar_stl_ros2/share/ldlidar_stl_ros2/package.bash'
[1.414s] INFO:colcon.colcon_core.shell:Creating package script '/home/spinetti/ros2_ws/install/ldlidar_stl_ros2/share/ldlidar_stl_ros2/package.zsh'
[1.416s] Level 1:colcon.colcon_core.environment:create_file_with_runtime_dependencies(/home/spinetti/ros2_ws/install/ldlidar_stl_ros2/share/colcon-core/packages/ldlidar_stl_ros2)
[1.418s] Level 1:colcon.colcon_core.environment:create_environment_scripts_only(ldlidar_stl_ros2)
[1.419s] Level 1:colcon.colcon_core.environment:checking '/home/spinetti/ros2_ws/install/ldlidar_stl_ros2' for CMake module files
[1.420s] Level 1:colcon.colcon_core.environment:checking '/home/spinetti/ros2_ws/install/ldlidar_stl_ros2' for CMake config files
[1.420s] Level 1:colcon.colcon_core.shell:create_environment_hook('ldlidar_stl_ros2', 'cmake_prefix_path')
[1.421s] INFO:colcon.colcon_core.shell:Creating environment hook '/home/spinetti/ros2_ws/install/ldlidar_stl_ros2/share/ldlidar_stl_ros2/hook/cmake_prefix_path.ps1'
[1.423s] INFO:colcon.colcon_core.shell:Creating environment descriptor '/home/spinetti/ros2_ws/install/ldlidar_stl_ros2/share/ldlidar_stl_ros2/hook/cmake_prefix_path.dsv'
[1.425s] INFO:colcon.colcon_core.shell:Creating environment hook '/home/spinetti/ros2_ws/install/ldlidar_stl_ros2/share/ldlidar_stl_ros2/hook/cmake_prefix_path.sh'
[1.426s] Level 1:colcon.colcon_core.environment:checking '/home/spinetti/ros2_ws/install/ldlidar_stl_ros2/lib'
[1.427s] Level 1:colcon.colcon_core.environment:checking '/home/spinetti/ros2_ws/install/ldlidar_stl_ros2/bin'
[1.427s] Level 1:colcon.colcon_core.environment:checking '/home/spinetti/ros2_ws/install/ldlidar_stl_ros2/lib/pkgconfig/ldlidar_stl_ros2.pc'
[1.427s] Level 1:colcon.colcon_core.environment:checking '/home/spinetti/ros2_ws/install/ldlidar_stl_ros2/lib/python3.12/site-packages'
[1.428s] Level 1:colcon.colcon_core.environment:checking '/home/spinetti/ros2_ws/install/ldlidar_stl_ros2/bin'
[1.429s] INFO:colcon.colcon_core.shell:Creating package script '/home/spinetti/ros2_ws/install/ldlidar_stl_ros2/share/ldlidar_stl_ros2/package.ps1'
[1.431s] INFO:colcon.colcon_core.shell:Creating package descriptor '/home/spinetti/ros2_ws/install/ldlidar_stl_ros2/share/ldlidar_stl_ros2/package.dsv'
[1.433s] INFO:colcon.colcon_core.shell:Creating package script '/home/spinetti/ros2_ws/install/ldlidar_stl_ros2/share/ldlidar_stl_ros2/package.sh'
[1.434s] INFO:colcon.colcon_core.shell:Creating package script '/home/spinetti/ros2_ws/install/ldlidar_stl_ros2/share/ldlidar_stl_ros2/package.bash'
[1.436s] INFO:colcon.colcon_core.shell:Creating package script '/home/spinetti/ros2_ws/install/ldlidar_stl_ros2/share/ldlidar_stl_ros2/package.zsh'
[1.437s] Level 1:colcon.colcon_core.environment:create_file_with_runtime_dependencies(/home/spinetti/ros2_ws/install/ldlidar_stl_ros2/share/colcon-core/packages/ldlidar_stl_ros2)
[1.651s] DEBUG:colcon.colcon_core.event_handler.log_command:Invoked command in '/home/spinetti/ros2_ws/build/tm_imu' returned '0': CMAKE_PREFIX_PATH=${CMAKE_PREFIX_PATH}:/home/spinetti/ros2_ws/install/stm32_bot:/home/spinetti/ros2_ws/install/spinetti_bringup:/home/spinetti/install/stm32_bot:/opt/ros/jazzy DEBUGINFOD_URLS=https://debuginfod.ubuntu.com /usr/bin/cmake --build /home/spinetti/ros2_ws/build/tm_imu -- -j4 -l4
[1.654s] DEBUG:colcon.colcon_core.event_handler.log_command:Invoking command in '/home/spinetti/ros2_ws/build/tm_imu': CMAKE_PREFIX_PATH=${CMAKE_PREFIX_PATH}:/home/spinetti/ros2_ws/install/stm32_bot:/home/spinetti/ros2_ws/install/spinetti_bringup:/home/spinetti/install/stm32_bot:/opt/ros/jazzy DEBUGINFOD_URLS=https://debuginfod.ubuntu.com /usr/bin/cmake --install /home/spinetti/ros2_ws/build/tm_imu
[1.684s] Level 1:colcon.colcon_core.environment:create_environment_scripts_only(tm_imu)
[1.684s] Level 1:colcon.colcon_core.environment:checking '/home/spinetti/ros2_ws/install/tm_imu' for CMake module files
[1.685s] Level 1:colcon.colcon_core.environment:checking '/home/spinetti/ros2_ws/install/tm_imu' for CMake config files
[1.685s] Level 1:colcon.colcon_core.shell:create_environment_hook('tm_imu', 'cmake_prefix_path')
[1.686s] INFO:colcon.colcon_core.shell:Creating environment hook '/home/spinetti/ros2_ws/install/tm_imu/share/tm_imu/hook/cmake_prefix_path.ps1'
[1.686s] INFO:colcon.colcon_core.shell:Creating environment descriptor '/home/spinetti/ros2_ws/install/tm_imu/share/tm_imu/hook/cmake_prefix_path.dsv'
[1.687s] INFO:colcon.colcon_core.shell:Creating environment hook '/home/spinetti/ros2_ws/install/tm_imu/share/tm_imu/hook/cmake_prefix_path.sh'
[1.687s] DEBUG:colcon.colcon_core.event_handler.log_command:Invoked command in '/home/spinetti/ros2_ws/build/tm_imu' returned '0': CMAKE_PREFIX_PATH=${CMAKE_PREFIX_PATH}:/home/spinetti/ros2_ws/install/stm32_bot:/home/spinetti/ros2_ws/install/spinetti_bringup:/home/spinetti/install/stm32_bot:/opt/ros/jazzy DEBUGINFOD_URLS=https://debuginfod.ubuntu.com /usr/bin/cmake --install /home/spinetti/ros2_ws/build/tm_imu
[1.690s] Level 1:colcon.colcon_core.environment:checking '/home/spinetti/ros2_ws/install/tm_imu/lib'
[1.691s] Level 1:colcon.colcon_core.environment:checking '/home/spinetti/ros2_ws/install/tm_imu/bin'
[1.691s] Level 1:colcon.colcon_core.environment:checking '/home/spinetti/ros2_ws/install/tm_imu/lib/pkgconfig/tm_imu.pc'
[1.692s] Level 1:colcon.colcon_core.environment:checking '/home/spinetti/ros2_ws/install/tm_imu/lib/python3.12/site-packages'
[1.694s] Level 1:colcon.colcon_core.environment:checking '/home/spinetti/ros2_ws/install/tm_imu/bin'
[1.695s] INFO:colcon.colcon_core.shell:Creating package script '/home/spinetti/ros2_ws/install/tm_imu/share/tm_imu/package.ps1'
[1.697s] INFO:colcon.colcon_core.shell:Creating package descriptor '/home/spinetti/ros2_ws/install/tm_imu/share/tm_imu/package.dsv'
[1.700s] INFO:colcon.colcon_core.shell:Creating package script '/home/spinetti/ros2_ws/install/tm_imu/share/tm_imu/package.sh'
[1.703s] INFO:colcon.colcon_core.shell:Creating package script '/home/spinetti/ros2_ws/install/tm_imu/share/tm_imu/package.bash'
[1.704s] INFO:colcon.colcon_core.shell:Creating package script '/home/spinetti/ros2_ws/install/tm_imu/share/tm_imu/package.zsh'
[1.705s] Level 1:colcon.colcon_core.environment:create_file_with_runtime_dependencies(/home/spinetti/ros2_ws/install/tm_imu/share/colcon-core/packages/tm_imu)
[1.707s] Level 1:colcon.colcon_core.environment:create_environment_scripts_only(tm_imu)
[1.707s] Level 1:colcon.colcon_core.environment:checking '/home/spinetti/ros2_ws/install/tm_imu' for CMake module files
[1.708s] Level 1:colcon.colcon_core.environment:checking '/home/spinetti/ros2_ws/install/tm_imu' for CMake config files
[1.709s] Level 1:colcon.colcon_core.shell:create_environment_hook('tm_imu', 'cmake_prefix_path')
[1.710s] INFO:colcon.colcon_core.shell:Creating environment hook '/home/spinetti/ros2_ws/install/tm_imu/share/tm_imu/hook/cmake_prefix_path.ps1'
[1.711s] INFO:colcon.colcon_core.shell:Creating environment descriptor '/home/spinetti/ros2_ws/install/tm_imu/share/tm_imu/hook/cmake_prefix_path.dsv'
[1.712s] INFO:colcon.colcon_core.shell:Creating environment hook '/home/spinetti/ros2_ws/install/tm_imu/share/tm_imu/hook/cmake_prefix_path.sh'
[1.713s] Level 1:colcon.colcon_core.environment:checking '/home/spinetti/ros2_ws/install/tm_imu/lib'
[1.713s] Level 1:colcon.colcon_core.environment:checking '/home/spinetti/ros2_ws/install/tm_imu/bin'
[1.714s] Level 1:colcon.colcon_core.environment:checking '/home/spinetti/ros2_ws/install/tm_imu/lib/pkgconfig/tm_imu.pc'
[1.714s] Level 1:colcon.colcon_core.environment:checking '/home/spinetti/ros2_ws/install/tm_imu/lib/python3.12/site-packages'
[1.714s] Level 1:colcon.colcon_core.environment:checking '/home/spinetti/ros2_ws/install/tm_imu/bin'
[1.715s] INFO:colcon.colcon_core.shell:Creating package script '/home/spinetti/ros2_ws/install/tm_imu/share/tm_imu/package.ps1'
[1.716s] INFO:colcon.colcon_core.shell:Creating package descriptor '/home/spinetti/ros2_ws/install/tm_imu/share/tm_imu/package.dsv'
[1.717s] INFO:colcon.colcon_core.shell:Creating package script '/home/spinetti/ros2_ws/install/tm_imu/share/tm_imu/package.sh'
[1.718s] INFO:colcon.colcon_core.shell:Creating package script '/home/spinetti/ros2_ws/install/tm_imu/share/tm_imu/package.bash'
[1.718s] INFO:colcon.colcon_core.shell:Creating package script '/home/spinetti/ros2_ws/install/tm_imu/share/tm_imu/package.zsh'
[1.719s] Level 1:colcon.colcon_core.environment:create_file_with_runtime_dependencies(/home/spinetti/ros2_ws/install/tm_imu/share/colcon-core/packages/tm_imu)
[2.820s] DEBUG:colcon.colcon_core.event_handler.log_command:Invoking command in '/home/spinetti/ros2_ws/src/spinetti_bringup': DEBUGINFOD_URLS=https://debuginfod.ubuntu.com PYTHONPATH=/home/spinetti/ros2_ws/build/spinetti_bringup/prefix_override:/usr/lib/python3/dist-packages/colcon_core/task/python/colcon_distutils_commands:/home/spinetti/ros2_ws/install/spinetti_bringup/lib/python3.12/site-packages:${PYTHONPATH} /usr/bin/python3 -W ignore:setup.py install is deprecated -W ignore:easy_install command is deprecated setup.py egg_info --egg-base ../../build/spinetti_bringup build --build-base /home/spinetti/ros2_ws/build/spinetti_bringup/build install --record /home/spinetti/ros2_ws/build/spinetti_bringup/install.log --single-version-externally-managed install_data
[2.846s] DEBUG:colcon.colcon_core.event_handler.log_command:Invoking command in '/home/spinetti/ros2_ws/src/stm32_bot': DEBUGINFOD_URLS=https://debuginfod.ubuntu.com PYTHONPATH=/home/spinetti/ros2_ws/build/stm32_bot/prefix_override:/usr/lib/python3/dist-packages/colcon_core/task/python/colcon_distutils_commands:/home/spinetti/ros2_ws/install/stm32_bot/lib/python3.12/site-packages:${PYTHONPATH} /usr/bin/python3 -W ignore:setup.py install is deprecated -W ignore:easy_install command is deprecated setup.py egg_info --egg-base ../../build/stm32_bot build --build-base /home/spinetti/ros2_ws/build/stm32_bot/build install --record /home/spinetti/ros2_ws/build/stm32_bot/install.log --single-version-externally-managed install_data
[4.072s] Level 1:colcon.colcon_core.environment:checking '/home/spinetti/ros2_ws/install/spinetti_bringup' for CMake module files
[4.075s] Level 1:colcon.colcon_core.environment:checking '/home/spinetti/ros2_ws/install/spinetti_bringup' for CMake config files
[4.073s] DEBUG:colcon.colcon_core.event_handler.log_command:Invoked command in '/home/spinetti/ros2_ws/src/spinetti_bringup' returned '0': DEBUGINFOD_URLS=https://debuginfod.ubuntu.com PYTHONPATH=/home/spinetti/ros2_ws/build/spinetti_bringup/prefix_override:/usr/lib/python3/dist-packages/colcon_core/task/python/colcon_distutils_commands:/home/spinetti/ros2_ws/install/spinetti_bringup/lib/python3.12/site-packages:${PYTHONPATH} /usr/bin/python3 -W ignore:setup.py install is deprecated -W ignore:easy_install command is deprecated setup.py egg_info --egg-base ../../build/spinetti_bringup build --build-base /home/spinetti/ros2_ws/build/spinetti_bringup/build install --record /home/spinetti/ros2_ws/build/spinetti_bringup/install.log --single-version-externally-managed install_data
[4.077s] Level 1:colcon.colcon_core.environment:checking '/home/spinetti/ros2_ws/install/spinetti_bringup/lib'
[4.078s] Level 1:colcon.colcon_core.environment:checking '/home/spinetti/ros2_ws/install/spinetti_bringup/bin'
[4.078s] Level 1:colcon.colcon_core.environment:checking '/home/spinetti/ros2_ws/install/spinetti_bringup/lib/pkgconfig/spinetti_bringup.pc'
[4.079s] Level 1:colcon.colcon_core.environment:checking '/home/spinetti/ros2_ws/install/spinetti_bringup/lib/python3.12/site-packages'
[4.080s] Level 1:colcon.colcon_core.shell:create_environment_hook('spinetti_bringup', 'pythonpath')
[4.081s] INFO:colcon.colcon_core.shell:Creating environment hook '/home/spinetti/ros2_ws/install/spinetti_bringup/share/spinetti_bringup/hook/pythonpath.ps1'
[4.082s] INFO:colcon.colcon_core.shell:Creating environment descriptor '/home/spinetti/ros2_ws/install/spinetti_bringup/share/spinetti_bringup/hook/pythonpath.dsv'
[4.084s] INFO:colcon.colcon_core.shell:Creating environment hook '/home/spinetti/ros2_ws/install/spinetti_bringup/share/spinetti_bringup/hook/pythonpath.sh'
[4.086s] Level 1:colcon.colcon_core.environment:checking '/home/spinetti/ros2_ws/install/spinetti_bringup/bin'
[4.087s] Level 1:colcon.colcon_core.environment:create_environment_scripts_only(spinetti_bringup)
[4.088s] INFO:colcon.colcon_core.shell:Creating package script '/home/spinetti/ros2_ws/install/spinetti_bringup/share/spinetti_bringup/package.ps1'
[4.090s] INFO:colcon.colcon_core.shell:Creating package descriptor '/home/spinetti/ros2_ws/install/spinetti_bringup/share/spinetti_bringup/package.dsv'
[4.092s] INFO:colcon.colcon_core.shell:Creating package script '/home/spinetti/ros2_ws/install/spinetti_bringup/share/spinetti_bringup/package.sh'
[4.094s] INFO:colcon.colcon_core.shell:Creating package script '/home/spinetti/ros2_ws/install/spinetti_bringup/share/spinetti_bringup/package.bash'
[4.095s] INFO:colcon.colcon_core.shell:Creating package script '/home/spinetti/ros2_ws/install/spinetti_bringup/share/spinetti_bringup/package.zsh'
[4.097s] Level 1:colcon.colcon_core.environment:create_file_with_runtime_dependencies(/home/spinetti/ros2_ws/install/spinetti_bringup/share/colcon-core/packages/spinetti_bringup)
[4.136s] Level 1:colcon.colcon_core.environment:checking '/home/spinetti/ros2_ws/install/stm32_bot' for CMake module files
[4.136s] DEBUG:colcon.colcon_core.event_handler.log_command:Invoked command in '/home/spinetti/ros2_ws/src/stm32_bot' returned '0': DEBUGINFOD_URLS=https://debuginfod.ubuntu.com PYTHONPATH=/home/spinetti/ros2_ws/build/stm32_bot/prefix_override:/usr/lib/python3/dist-packages/colcon_core/task/python/colcon_distutils_commands:/home/spinetti/ros2_ws/install/stm32_bot/lib/python3.12/site-packages:${PYTHONPATH} /usr/bin/python3 -W ignore:setup.py install is deprecated -W ignore:easy_install command is deprecated setup.py egg_info --egg-base ../../build/stm32_bot build --build-base /home/spinetti/ros2_ws/build/stm32_bot/build install --record /home/spinetti/ros2_ws/build/stm32_bot/install.log --single-version-externally-managed install_data
[4.137s] Level 1:colcon.colcon_core.environment:checking '/home/spinetti/ros2_ws/install/stm32_bot' for CMake config files
[4.138s] Level 1:colcon.colcon_core.environment:checking '/home/spinetti/ros2_ws/install/stm32_bot/lib'
[4.138s] Level 1:colcon.colcon_core.environment:checking '/home/spinetti/ros2_ws/install/stm32_bot/bin'
[4.138s] Level 1:colcon.colcon_core.environment:checking '/home/spinetti/ros2_ws/install/stm32_bot/lib/pkgconfig/stm32_bot.pc'
[4.139s] Level 1:colcon.colcon_core.environment:checking '/home/spinetti/ros2_ws/install/stm32_bot/lib/python3.12/site-packages'
[4.139s] Level 1:colcon.colcon_core.shell:create_environment_hook('stm32_bot', 'pythonpath')
[4.139s] INFO:colcon.colcon_core.shell:Creating environment hook '/home/spinetti/ros2_ws/install/stm32_bot/share/stm32_bot/hook/pythonpath.ps1'
[4.144s] INFO:colcon.colcon_core.shell:Creating environment descriptor '/home/spinetti/ros2_ws/install/stm32_bot/share/stm32_bot/hook/pythonpath.dsv'
[4.145s] INFO:colcon.colcon_core.shell:Creating environment hook '/home/spinetti/ros2_ws/install/stm32_bot/share/stm32_bot/hook/pythonpath.sh'
[4.149s] Level 1:colcon.colcon_core.environment:checking '/home/spinetti/ros2_ws/install/stm32_bot/bin'
[4.150s] Level 1:colcon.colcon_core.environment:create_environment_scripts_only(stm32_bot)
[4.150s] INFO:colcon.colcon_core.shell:Creating package script '/home/spinetti/ros2_ws/install/stm32_bot/share/stm32_bot/package.ps1'
[4.155s] INFO:colcon.colcon_core.shell:Creating package descriptor '/home/spinetti/ros2_ws/install/stm32_bot/share/stm32_bot/package.dsv'
[4.156s] INFO:colcon.colcon_core.shell:Creating package script '/home/spinetti/ros2_ws/install/stm32_bot/share/stm32_bot/package.sh'
[4.158s] INFO:colcon.colcon_core.shell:Creating package script '/home/spinetti/ros2_ws/install/stm32_bot/share/stm32_bot/package.bash'
[4.163s] INFO:colcon.colcon_core.shell:Creating package script '/home/spinetti/ros2_ws/install/stm32_bot/share/stm32_bot/package.zsh'
[4.166s] Level 1:colcon.colcon_core.environment:create_file_with_runtime_dependencies(/home/spinetti/ros2_ws/install/stm32_bot/share/colcon-core/packages/stm32_bot)
[4.169s] DEBUG:colcon.colcon_parallel_executor.executor.parallel:closing loop
[4.173s] DEBUG:colcon.colcon_parallel_executor.executor.parallel:loop closed
[4.173s] DEBUG:colcon.colcon_parallel_executor.executor.parallel:run_until_complete finished with '0'
[4.173s] DEBUG:colcon.colcon_core.event_reactor:joining thread
[4.187s] INFO:colcon.colcon_core.plugin_system:Skipping extension 'colcon_notification.desktop_notification.terminal_notifier': Not used on non-Darwin systems
[4.188s] INFO:colcon.colcon_core.plugin_system:Skipping extension 'colcon_notification.desktop_notification.win32': Not used on non-Windows systems
[4.188s] INFO:colcon.colcon_notification.desktop_notification:Sending desktop notification using 'notify2'
[4.213s] DEBUG:colcon.colcon_core.event_reactor:joined thread
[4.214s] INFO:colcon.colcon_core.shell:Creating prefix script '/home/spinetti/ros2_ws/install/local_setup.ps1'
[4.215s] INFO:colcon.colcon_core.shell:Creating prefix util module '/home/spinetti/ros2_ws/install/_local_setup_util_ps1.py'
[4.218s] INFO:colcon.colcon_core.shell:Creating prefix chain script '/home/spinetti/ros2_ws/install/setup.ps1'
[4.221s] INFO:colcon.colcon_core.shell:Creating prefix script '/home/spinetti/ros2_ws/install/local_setup.sh'
[4.223s] INFO:colcon.colcon_core.shell:Creating prefix util module '/home/spinetti/ros2_ws/install/_local_setup_util_sh.py'
[4.225s] INFO:colcon.colcon_core.shell:Creating prefix chain script '/home/spinetti/ros2_ws/install/setup.sh'
[4.228s] INFO:colcon.colcon_core.shell:Creating prefix script '/home/spinetti/ros2_ws/install/local_setup.bash'
[4.229s] INFO:colcon.colcon_core.shell:Creating prefix chain script '/home/spinetti/ros2_ws/install/setup.bash'
[4.232s] INFO:colcon.colcon_core.shell:Creating prefix script '/home/spinetti/ros2_ws/install/local_setup.zsh'
[4.234s] INFO:colcon.colcon_core.shell:Creating prefix chain script '/home/spinetti/ros2_ws/install/setup.zsh'
