running egg_info
writing ../../build/stm32_bot/stm32_bot.egg-info/PKG-INFO
writing dependency_links to ../../build/stm32_bot/stm32_bot.egg-info/dependency_links.txt
writing entry points to ../../build/stm32_bot/stm32_bot.egg-info/entry_points.txt
writing requirements to ../../build/stm32_bot/stm32_bot.egg-info/requires.txt
writing top-level names to ../../build/stm32_bot/stm32_bot.egg-info/top_level.txt
reading manifest file '../../build/stm32_bot/stm32_bot.egg-info/SOURCES.txt'
writing manifest file '../../build/stm32_bot/stm32_bot.egg-info/SOURCES.txt'
running build
running build_py
copying stm32_bot/stm32_bridge.py -> /home/spinetti/ros2_ws/build/stm32_bot/build/lib/stm32_bot
running install
running install_lib
copying /home/spinetti/ros2_ws/build/stm32_bot/build/lib/stm32_bot/stm32_bridge.py -> /home/spinetti/ros2_ws/install/stm32_bot/lib/python3.12/site-packages/stm32_bot
byte-compiling /home/spinetti/ros2_ws/install/stm32_bot/lib/python3.12/site-packages/stm32_bot/stm32_bridge.py to stm32_bridge.cpython-312.pyc
running install_data
copying launch/robot_bringup.launch.py -> /home/spinetti/ros2_ws/install/stm32_bot/share/stm32_bot/launch
running install_egg_info
removing '/home/spinetti/ros2_ws/install/stm32_bot/lib/python3.12/site-packages/stm32_bot-0.0.0-py3.12.egg-info' (and everything under it)
Copying ../../build/stm32_bot/stm32_bot.egg-info to /home/spinetti/ros2_ws/install/stm32_bot/lib/python3.12/site-packages/stm32_bot-0.0.0-py3.12.egg-info
running install_scripts
Installing imu_visualizer script to /home/spinetti/ros2_ws/install/stm32_bot/lib/stm32_bot
Installing ps3_mapper script to /home/spinetti/ros2_ws/install/stm32_bot/lib/stm32_bot
Installing stm32_bridge script to /home/spinetti/ros2_ws/install/stm32_bot/lib/stm32_bot
Installing stm32_teleop script to /home/spinetti/ros2_ws/install/stm32_bot/lib/stm32_bot
writing list of installed files to '/home/spinetti/ros2_ws/build/stm32_bot/install.log'
