[1.298s] Invoking command in '/home/spinetti/ros2_ws/build/stm32_bot': DEBUGINFOD_URLS=https://debuginfod.ubuntu.com PYTHONPATH=/home/spinetti/ros2_ws/build/stm32_bot/prefix_override:/usr/lib/python3/dist-packages/colcon_core/task/python/colcon_distutils_commands:/home/spinetti/ros2_ws/install/stm32_bot/lib/python3.12/site-packages:${PYTHONPATH} /usr/bin/python3 -W ignore:setup.py install is deprecated -W ignore:easy_install command is deprecated setup.py develop --uninstall --editable --build-directory /home/spinetti/ros2_ws/build/stm32_bot/build
[1.748s] running develop
[2.046s] Removing /home/spinetti/ros2_ws/install/stm32_bot/lib/python3.12/site-packages/stm32-bot.egg-link (link to .)
[2.141s] Invoked command in '/home/spinetti/ros2_ws/build/stm32_bot' returned '0': DEBUGINFOD_URLS=https://debuginfod.ubuntu.com PYTHONPATH=/home/spinetti/ros2_ws/build/stm32_bot/prefix_override:/usr/lib/python3/dist-packages/colcon_core/task/python/colcon_distutils_commands:/home/spinetti/ros2_ws/install/stm32_bot/lib/python3.12/site-packages:${PYTHONPATH} /usr/bin/python3 -W ignore:setup.py install is deprecated -W ignore:easy_install command is deprecated setup.py develop --uninstall --editable --build-directory /home/spinetti/ros2_ws/build/stm32_bot/build
[2.143s] Invoking command in '/home/spinetti/ros2_ws/src/stm32_bot': DEBUGINFOD_URLS=https://debuginfod.ubuntu.com PYTHONPATH=/home/spinetti/ros2_ws/build/stm32_bot/prefix_override:/usr/lib/python3/dist-packages/colcon_core/task/python/colcon_distutils_commands:/home/spinetti/ros2_ws/install/stm32_bot/lib/python3.12/site-packages:${PYTHONPATH} /usr/bin/python3 -W ignore:setup.py install is deprecated -W ignore:easy_install command is deprecated setup.py egg_info --egg-base ../../build/stm32_bot build --build-base /home/spinetti/ros2_ws/build/stm32_bot/build install --record /home/spinetti/ros2_ws/build/stm32_bot/install.log --single-version-externally-managed install_data --force
[2.536s] running egg_info
[2.564s] writing ../../build/stm32_bot/stm32_bot.egg-info/PKG-INFO
[2.564s] writing dependency_links to ../../build/stm32_bot/stm32_bot.egg-info/dependency_links.txt
[2.565s] writing entry points to ../../build/stm32_bot/stm32_bot.egg-info/entry_points.txt
[2.565s] writing requirements to ../../build/stm32_bot/stm32_bot.egg-info/requires.txt
[2.565s] writing top-level names to ../../build/stm32_bot/stm32_bot.egg-info/top_level.txt
[2.623s] reading manifest file '../../build/stm32_bot/stm32_bot.egg-info/SOURCES.txt'
[2.624s] writing manifest file '../../build/stm32_bot/stm32_bot.egg-info/SOURCES.txt'
[2.624s] running build
[2.624s] running build_py
[2.625s] copying stm32_bot/stm32_teleop.py -> /home/spinetti/ros2_ws/build/stm32_bot/build/lib/stm32_bot
[2.625s] running install
[2.635s] running install_lib
[2.662s] creating /home/spinetti/ros2_ws/install/stm32_bot/lib/python3.12/site-packages/stm32_bot
[2.663s] copying /home/spinetti/ros2_ws/build/stm32_bot/build/lib/stm32_bot/__init__.py -> /home/spinetti/ros2_ws/install/stm32_bot/lib/python3.12/site-packages/stm32_bot
[2.663s] copying /home/spinetti/ros2_ws/build/stm32_bot/build/lib/stm32_bot/stm32_bridge.py -> /home/spinetti/ros2_ws/install/stm32_bot/lib/python3.12/site-packages/stm32_bot
[2.663s] copying /home/spinetti/ros2_ws/build/stm32_bot/build/lib/stm32_bot/stm32_teleop.py -> /home/spinetti/ros2_ws/install/stm32_bot/lib/python3.12/site-packages/stm32_bot
[2.664s] byte-compiling /home/spinetti/ros2_ws/install/stm32_bot/lib/python3.12/site-packages/stm32_bot/__init__.py to __init__.cpython-312.pyc
[2.664s] byte-compiling /home/spinetti/ros2_ws/install/stm32_bot/lib/python3.12/site-packages/stm32_bot/stm32_bridge.py to stm32_bridge.cpython-312.pyc
[2.665s] byte-compiling /home/spinetti/ros2_ws/install/stm32_bot/lib/python3.12/site-packages/stm32_bot/stm32_teleop.py to stm32_teleop.cpython-312.pyc
[2.667s] running install_data
[2.667s] copying resource/stm32_bot -> /home/spinetti/ros2_ws/install/stm32_bot/share/ament_index/resource_index/packages
[2.667s] copying package.xml -> /home/spinetti/ros2_ws/install/stm32_bot/share/stm32_bot
[2.667s] running install_egg_info
[2.697s] Copying ../../build/stm32_bot/stm32_bot.egg-info to /home/spinetti/ros2_ws/install/stm32_bot/lib/python3.12/site-packages/stm32_bot-0.0.0-py3.12.egg-info
[2.698s] running install_scripts
[2.894s] Installing stm32_bridge script to /home/spinetti/ros2_ws/install/stm32_bot/lib/stm32_bot
[2.894s] Installing stm32_teleop script to /home/spinetti/ros2_ws/install/stm32_bot/lib/stm32_bot
[2.894s] writing list of installed files to '/home/spinetti/ros2_ws/build/stm32_bot/install.log'
[2.979s] Invoked command in '/home/spinetti/ros2_ws/src/stm32_bot' returned '0': DEBUGINFOD_URLS=https://debuginfod.ubuntu.com PYTHONPATH=/home/spinetti/ros2_ws/build/stm32_bot/prefix_override:/usr/lib/python3/dist-packages/colcon_core/task/python/colcon_distutils_commands:/home/spinetti/ros2_ws/install/stm32_bot/lib/python3.12/site-packages:${PYTHONPATH} /usr/bin/python3 -W ignore:setup.py install is deprecated -W ignore:easy_install command is deprecated setup.py egg_info --egg-base ../../build/stm32_bot build --build-base /home/spinetti/ros2_ws/build/stm32_bot/build install --record /home/spinetti/ros2_ws/build/stm32_bot/install.log --single-version-externally-managed install_data --force
