[2.541s] Invoking command in '/home/spinetti/ros2_ws/src/stm32_bot': DEBUGINFOD_URLS=https://debuginfod.ubuntu.com PYTHONPATH=/home/spinetti/ros2_ws/src/build/stm32_bot/prefix_override:/usr/lib/python3/dist-packages/colcon_core/task/python/colcon_distutils_commands:/home/spinetti/ros2_ws/src/install/stm32_bot/lib/python3.12/site-packages:${PYTHONPATH} /usr/bin/python3 -W ignore:setup.py install is deprecated -W ignore:easy_install command is deprecated setup.py egg_info --egg-base ../build/stm32_bot build --build-base /home/spinetti/ros2_ws/src/build/stm32_bot/build install --record /home/spinetti/ros2_ws/src/build/stm32_bot/install.log --single-version-externally-managed install_data
[3.064s] running egg_info
[3.095s] writing ../build/stm32_bot/stm32_bot.egg-info/PKG-INFO
[3.096s] writing dependency_links to ../build/stm32_bot/stm32_bot.egg-info/dependency_links.txt
[3.096s] writing entry points to ../build/stm32_bot/stm32_bot.egg-info/entry_points.txt
[3.096s] writing requirements to ../build/stm32_bot/stm32_bot.egg-info/requires.txt
[3.096s] writing top-level names to ../build/stm32_bot/stm32_bot.egg-info/top_level.txt
[3.162s] reading manifest file '../build/stm32_bot/stm32_bot.egg-info/SOURCES.txt'
[3.163s] writing manifest file '../build/stm32_bot/stm32_bot.egg-info/SOURCES.txt'
[3.163s] running build
[3.163s] running build_py
[3.163s] copying stm32_bot/stm32_teleop.py -> /home/spinetti/ros2_ws/src/build/stm32_bot/build/lib/stm32_bot
[3.164s] running install
[3.179s] running install_lib
[3.213s] copying /home/spinetti/ros2_ws/src/build/stm32_bot/build/lib/stm32_bot/stm32_teleop.py -> /home/spinetti/ros2_ws/src/install/stm32_bot/lib/python3.12/site-packages/stm32_bot
[3.215s] byte-compiling /home/spinetti/ros2_ws/src/install/stm32_bot/lib/python3.12/site-packages/stm32_bot/stm32_teleop.py to stm32_teleop.cpython-312.pyc
[3.216s] running install_data
[3.217s] running install_egg_info
[3.247s] removing '/home/spinetti/ros2_ws/src/install/stm32_bot/lib/python3.12/site-packages/stm32_bot-0.0.0-py3.12.egg-info' (and everything under it)
[3.247s] Copying ../build/stm32_bot/stm32_bot.egg-info to /home/spinetti/ros2_ws/src/install/stm32_bot/lib/python3.12/site-packages/stm32_bot-0.0.0-py3.12.egg-info
[3.248s] running install_scripts
[3.456s] Installing stm32_bridge script to /home/spinetti/ros2_ws/src/install/stm32_bot/lib/stm32_bot
[3.457s] Installing stm32_teleop script to /home/spinetti/ros2_ws/src/install/stm32_bot/lib/stm32_bot
[3.457s] writing list of installed files to '/home/spinetti/ros2_ws/src/build/stm32_bot/install.log'
[3.559s] Invoked command in '/home/spinetti/ros2_ws/src/stm32_bot' returned '0': DEBUGINFOD_URLS=https://debuginfod.ubuntu.com PYTHONPATH=/home/spinetti/ros2_ws/src/build/stm32_bot/prefix_override:/usr/lib/python3/dist-packages/colcon_core/task/python/colcon_distutils_commands:/home/spinetti/ros2_ws/src/install/stm32_bot/lib/python3.12/site-packages:${PYTHONPATH} /usr/bin/python3 -W ignore:setup.py install is deprecated -W ignore:easy_install command is deprecated setup.py egg_info --egg-base ../build/stm32_bot build --build-base /home/spinetti/ros2_ws/src/build/stm32_bot/build install --record /home/spinetti/ros2_ws/src/build/stm32_bot/install.log --single-version-externally-managed install_data
