Archive member included to satisfy reference by file (symbol)

/opt/st/stm32cubeide_2.0.0/plugins/com.st.stm32cube.ide.mcu.externaltools.gnu-tools-for-stm32.13.3.rel1.linux64_1.0.100.202509120712/tools/bin/../lib/gcc/arm-none-eabi/13.3.1/../../../../arm-none-eabi/lib/thumb/v6-m/nofp/libc_nano.a(libc_a-exit.o)
                              /opt/st/stm32cubeide_2.0.0/plugins/com.st.stm32cube.ide.mcu.externaltools.gnu-tools-for-stm32.13.3.rel1.linux64_1.0.100.202509120712/tools/bin/../lib/gcc/arm-none-eabi/13.3.1/../../../../arm-none-eabi/lib/thumb/v6-m/nofp/crt0.o (exit)
/opt/st/stm32cubeide_2.0.0/plugins/com.st.stm32cube.ide.mcu.externaltools.gnu-tools-for-stm32.13.3.rel1.linux64_1.0.100.202509120712/tools/bin/../lib/gcc/arm-none-eabi/13.3.1/../../../../arm-none-eabi/lib/thumb/v6-m/nofp/libc_nano.a(libc_a-findfp.o)
                              /opt/st/stm32cubeide_2.0.0/plugins/com.st.stm32cube.ide.mcu.externaltools.gnu-tools-for-stm32.13.3.rel1.linux64_1.0.100.202509120712/tools/bin/../lib/gcc/arm-none-eabi/13.3.1/../../../../arm-none-eabi/lib/thumb/v6-m/nofp/libc_nano.a(libc_a-exit.o) (__stdio_exit_handler)
/opt/st/stm32cubeide_2.0.0/plugins/com.st.stm32cube.ide.mcu.externaltools.gnu-tools-for-stm32.13.3.rel1.linux64_1.0.100.202509120712/tools/bin/../lib/gcc/arm-none-eabi/13.3.1/../../../../arm-none-eabi/lib/thumb/v6-m/nofp/libc_nano.a(libc_a-fwalk.o)
                              /opt/st/stm32cubeide_2.0.0/plugins/com.st.stm32cube.ide.mcu.externaltools.gnu-tools-for-stm32.13.3.rel1.linux64_1.0.100.202509120712/tools/bin/../lib/gcc/arm-none-eabi/13.3.1/../../../../arm-none-eabi/lib/thumb/v6-m/nofp/libc_nano.a(libc_a-findfp.o) (_fwalk_sglue)
/opt/st/stm32cubeide_2.0.0/plugins/com.st.stm32cube.ide.mcu.externaltools.gnu-tools-for-stm32.13.3.rel1.linux64_1.0.100.202509120712/tools/bin/../lib/gcc/arm-none-eabi/13.3.1/../../../../arm-none-eabi/lib/thumb/v6-m/nofp/libc_nano.a(libc_a-stdio.o)
                              /opt/st/stm32cubeide_2.0.0/plugins/com.st.stm32cube.ide.mcu.externaltools.gnu-tools-for-stm32.13.3.rel1.linux64_1.0.100.202509120712/tools/bin/../lib/gcc/arm-none-eabi/13.3.1/../../../../arm-none-eabi/lib/thumb/v6-m/nofp/libc_nano.a(libc_a-findfp.o) (__sread)
/opt/st/stm32cubeide_2.0.0/plugins/com.st.stm32cube.ide.mcu.externaltools.gnu-tools-for-stm32.13.3.rel1.linux64_1.0.100.202509120712/tools/bin/../lib/gcc/arm-none-eabi/13.3.1/../../../../arm-none-eabi/lib/thumb/v6-m/nofp/libc_nano.a(libc_a-memset.o)
                              /opt/st/stm32cubeide_2.0.0/plugins/com.st.stm32cube.ide.mcu.externaltools.gnu-tools-for-stm32.13.3.rel1.linux64_1.0.100.202509120712/tools/bin/../lib/gcc/arm-none-eabi/13.3.1/../../../../arm-none-eabi/lib/thumb/v6-m/nofp/crt0.o (memset)
/opt/st/stm32cubeide_2.0.0/plugins/com.st.stm32cube.ide.mcu.externaltools.gnu-tools-for-stm32.13.3.rel1.linux64_1.0.100.202509120712/tools/bin/../lib/gcc/arm-none-eabi/13.3.1/../../../../arm-none-eabi/lib/thumb/v6-m/nofp/libc_nano.a(libc_a-closer.o)
                              /opt/st/stm32cubeide_2.0.0/plugins/com.st.stm32cube.ide.mcu.externaltools.gnu-tools-for-stm32.13.3.rel1.linux64_1.0.100.202509120712/tools/bin/../lib/gcc/arm-none-eabi/13.3.1/../../../../arm-none-eabi/lib/thumb/v6-m/nofp/libc_nano.a(libc_a-stdio.o) (_close_r)
/opt/st/stm32cubeide_2.0.0/plugins/com.st.stm32cube.ide.mcu.externaltools.gnu-tools-for-stm32.13.3.rel1.linux64_1.0.100.202509120712/tools/bin/../lib/gcc/arm-none-eabi/13.3.1/../../../../arm-none-eabi/lib/thumb/v6-m/nofp/libc_nano.a(libc_a-reent.o)
                              /opt/st/stm32cubeide_2.0.0/plugins/com.st.stm32cube.ide.mcu.externaltools.gnu-tools-for-stm32.13.3.rel1.linux64_1.0.100.202509120712/tools/bin/../lib/gcc/arm-none-eabi/13.3.1/../../../../arm-none-eabi/lib/thumb/v6-m/nofp/libc_nano.a(libc_a-closer.o) (errno)
/opt/st/stm32cubeide_2.0.0/plugins/com.st.stm32cube.ide.mcu.externaltools.gnu-tools-for-stm32.13.3.rel1.linux64_1.0.100.202509120712/tools/bin/../lib/gcc/arm-none-eabi/13.3.1/../../../../arm-none-eabi/lib/thumb/v6-m/nofp/libc_nano.a(libc_a-impure.o)
                              /opt/st/stm32cubeide_2.0.0/plugins/com.st.stm32cube.ide.mcu.externaltools.gnu-tools-for-stm32.13.3.rel1.linux64_1.0.100.202509120712/tools/bin/../lib/gcc/arm-none-eabi/13.3.1/../../../../arm-none-eabi/lib/thumb/v6-m/nofp/libc_nano.a(libc_a-reent.o) (_impure_ptr)
/opt/st/stm32cubeide_2.0.0/plugins/com.st.stm32cube.ide.mcu.externaltools.gnu-tools-for-stm32.13.3.rel1.linux64_1.0.100.202509120712/tools/bin/../lib/gcc/arm-none-eabi/13.3.1/../../../../arm-none-eabi/lib/thumb/v6-m/nofp/libc_nano.a(libc_a-lseekr.o)
                              /opt/st/stm32cubeide_2.0.0/plugins/com.st.stm32cube.ide.mcu.externaltools.gnu-tools-for-stm32.13.3.rel1.linux64_1.0.100.202509120712/tools/bin/../lib/gcc/arm-none-eabi/13.3.1/../../../../arm-none-eabi/lib/thumb/v6-m/nofp/libc_nano.a(libc_a-stdio.o) (_lseek_r)
[...]
Memory Configuration

Name             Origin             Length             Attributes
RAM              0x20000000         0x00024000         xrw
FLASH            0x08000000         0x00080000         xr
*default*        0x00000000         0xffffffff

Linker script and memory map

LOAD /opt/st/stm32cubeide_2.0.0/plugins/com.st.stm32cube.ide.mcu.externaltools.gnu-tools-for-stm32.13.3.rel1.linux64_1.0.100.202509120712/tools/bin/../lib/gcc/arm-none-eabi/13.3.1/thumb/v6-m/nofp/crti.o
LOAD /opt/st/stm32cubeide_2.0.0/plugins/com.st.stm32cube.ide.mcu.externaltools.gnu-tools-for-stm32.13.3.rel1.linux64_1.0.100.202509120712/tools/bin/../lib/gcc/arm-none-eabi/13.3.1/thumb/v6-m/nofp/crtbegin.o
LOAD /opt/st/stm32cubeide_2.0.0/plugins/com.st.stm32cube.ide.mcu.externaltools.gnu-tools-for-stm32.13.3.rel1.linux64_1.0.100.202509120712/tools/bin/../lib/gcc/arm-none-eabi/13.3.1/../../../../arm-none-eabi/lib/thumb/v6-m/nofp/crt0.o
LOAD ./Core/Src/app_main.o
LOAD ./Core/Src/dma.o
LOAD ./Core/Src/driver_ins.o
LOAD ./Core/Src/driver_motor.o
LOAD ./Core/Src/driver_servo.o
LOAD ./Core/Src/gpio.o
LOAD ./Core/Src/main.o
LOAD ./Core/Src/serial.o
LOAD ./Core/Src/serial_cmd.o
LOAD ./Core/Src/spi.o
LOAD ./Core/Src/stm32g0xx_hal_msp.o
LOAD ./Core/Src/stm32g0xx_it.o
LOAD ./Core/Src/syscalls.o
LOAD ./Core/Src/sysmem.o
LOAD ./Core/Src/system_stm32g0xx.o
LOAD ./Core/Src/tim.o
LOAD ./Core/Src/usart.o
LOAD ./Core/Startup/startup_stm32g0b1retx.o
LOAD ./Drivers/Bosch/BMI088/bmi088_anymotiona.o
LOAD ./Drivers/Bosch/BMI088/bmi088_mma.o
LOAD ./Drivers/Bosch/BMI088/bmi08a.o
LOAD ./Drivers/Bosch/BMI088/bmi08g.o
LOAD ./Drivers/Bosch/BMI088/bmi08xa.o
LOAD ./Drivers/STM32G0xx_HAL_Driver/Src/stm32g0xx_hal.o
LOAD ./Drivers/STM32G0xx_HAL_Driver/Src/stm32g0xx_hal_cortex.o
LOAD ./Drivers/STM32G0xx_HAL_Driver/Src/stm32g0xx_hal_dma.o
LOAD ./Drivers/STM32G0xx_HAL_Driver/Src/stm32g0xx_hal_dma_ex.o
LOAD ./Drivers/STM32G0xx_HAL_Driver/Src/stm32g0xx_hal_exti.o
LOAD ./Drivers/STM32G0xx_HAL_Driver/Src/stm32g0xx_hal_flash.o
LOAD ./Drivers/STM32G0xx_HAL_Driver/Src/stm32g0xx_hal_flash_ex.o
LOAD ./Drivers/STM32G0xx_HAL_Driver/Src/stm32g0xx_hal_gpio.o
LOAD ./Drivers/STM32G0xx_HAL_Driver/Src/stm32g0xx_hal_pwr.o
LOAD ./Drivers/STM32G0xx_HAL_Driver/Src/stm32g0xx_hal_pwr_ex.o
LOAD ./Drivers/STM32G0xx_HAL_Driver/Src/stm32g0xx_hal_rcc.o
LOAD ./Drivers/STM32G0xx_HAL_Driver/Src/stm32g0xx_hal_rcc_ex.o
LOAD ./Drivers/STM32G0xx_HAL_Driver/Src/stm32g0xx_hal_spi.o
LOAD ./Drivers/STM32G0xx_HAL_Driver/Src/stm32g0xx_hal_spi_ex.o
LOAD ./Drivers/STM32G0xx_HAL_Driver/Src/stm32g0xx_hal_tim.o
LOAD ./Drivers/STM32G0xx_HAL_Driver/Src/stm32g0xx_hal_tim_ex.o
LOAD ./Drivers/STM32G0xx_HAL_Driver/Src/stm32g0xx_hal_uart.o
LOAD ./Drivers/STM32G0xx_HAL_Driver/Src/stm32g0xx_hal_uart_ex.o
LOAD ./Drivers/STM32G0xx_HAL_Driver/Src/stm32g0xx_ll_crs.o
LOAD ./Drivers/STM32G0xx_HAL_Driver/Src/stm32g0xx_ll_dma.o
LOAD ./Drivers/STM32G0xx_HAL_Driver/Src/stm32g0xx_ll_exti.o
LOAD ./Drivers/STM32G0xx_HAL_Driver/Src/stm32g0xx_ll_gpio.o
LOAD ./Drivers/STM32G0xx_HAL_Driver/Src/stm32g0xx_ll_rcc.o
LOAD ./Drivers/STM32G0xx_HAL_Driver/Src/stm32g0xx_ll_tim.o
LOAD ./Drivers/STM32G0xx_HAL_Driver/Src/stm32g0xx_ll_utils.o
START GROUP
LOAD /opt/st/stm32cubeide_2.0.0/plugins/com.st.stm32cube.ide.mcu.externaltools.gnu-tools-for-stm32.13.3.rel1.linux64_1.0.100.202509120712/tools/bin/../lib/gcc/arm-none-eabi/13.3.1/../../../../arm-none-eabi/lib/thumb/v6-m/nofp/libc_nano.a
LOAD /opt/st/stm32cubeide_2.0.0/plugins/com.st.stm32cube.ide.mcu.externaltools.gnu-tools-for-stm32.13.3.rel1.linux64_1.0.100.202509120712/tools/bin/../lib/gcc/arm-none-eabi/13.3.1/../../../../arm-none-eabi/lib/thumb/v6-m/nofp/libm.a
END GROUP
START GROUP
LOAD /opt/st/stm32cubeide_2.0.0/plugins/com.st.stm32cube.ide.mcu.externaltools.gnu-tools-for-stm32.13.3.rel1.linux64_1.0.100.202509120712/tools/bin/../lib/gcc/arm-none-eabi/13.3.1/thumb/v6-m/nofp/libgcc.a
LOAD /opt/st/stm32cubeide_2.0.0/plugins/com.st.stm32cube.ide.mcu.externaltools.gnu-tools-for-stm32.13.3.rel1.linux64_1.0.100.202509120712/tools/bin/../lib/gcc/arm-none-eabi/13.3.1/../../../../arm-none-eabi/lib/thumb/v6-m/nofp/libc_nano.a
END GROUP
START GROUP
LOAD /opt/st/stm32cubeide_2.0.0/plugins/com.st.stm32cube.ide.mcu.externaltools.gnu-tools-for-stm32.13.3.rel1.linux64_1.0.100.202509120712/tools/bin/../lib/gcc/arm-none-eabi/13.3.1/thumb/v6-m/nofp/libgcc.a
LOAD /opt/st/stm32cubeide_2.0.0/plugins/com.st.stm32cube.ide.mcu.externaltools.gnu-tools-for-stm32.13.3.rel1.linux64_1.0.100.202509120712/tools/bin/../lib/gcc/arm-none-eabi/13.3.1/../../../../arm-none-eabi/lib/thumb/v6-m/nofp/libc_nano.a
LOAD /opt/st/stm32cubeide_2.0.0/plugins/com.st.stm32cube.ide.mcu.externaltools.gnu-tools-for-stm32.13.3.rel1.linux64_1.0.100.202509120712/tools/bin/../lib/gcc/arm-none-eabi/13.3.1/../../../../arm-none-eabi/lib/thumb/v6-m/nofp/libnosys.a
END GROUP
START GROUP
LOAD /opt/st/stm32cubeide_2.0.0/plugins/com.st.stm32cube.ide.mcu.externaltools.gnu-tools-for-stm32.13.3.rel1.linux64_1.0.100.202509120712/tools/bin/../lib/gcc/arm-none-eabi/13.3.1/thumb/v6-m/nofp/libgcc.a
LOAD /opt/st/stm32cubeide_2.0.0/plugins/com.st.stm32cube.ide.mcu.externaltools.gnu-tools-for-stm32.13.3.rel1.linux64_1.0.100.202509120712/tools/bin/../lib/gcc/arm-none-eabi/13.3.1/../../../../arm-none-eabi/lib/thumb/v6-m/nofp/libc_nano.a
LOAD /opt/st/stm32cubeide_2.0.0/plugins/com.st.stm32cube.ide.mcu.externaltools.gnu-tools-for-stm32.13.3.rel1.linux64_1.0.100.202509120712/tools/bin/../lib/gcc/arm-none-eabi/13.3.1/../../../../arm-none-eabi/lib/thumb/v6-m/nofp/libnosys.a
END GROUP
LOAD /opt/st/stm32cubeide_2.0.0/plugins/com.st.stm32cube.ide.mcu.externaltools.gnu-tools-for-stm32.13.3.rel1.linux64_1.0.100.202509120712/tools/bin/../lib/gcc/arm-none-eabi/13.3.1/thumb/v6-m/nofp/crtend.o
LOAD /opt/st/stm32cubeide_2.0.0/plugins/com.st.stm32cube.ide.mcu.externaltools.gnu-tools-for-stm32.13.3.rel1.linux64_1.0.100.202509120712/tools/bin/../lib/gcc/arm-none-eabi/13.3.1/thumb/v6-m/nofp/crtn.o
                0x20024000                        _estack = (ORIGIN (RAM) + LENGTH (RAM))
                0x00000200                        _Min_Heap_Size = 0x200
                0x00000400                        _Min_Stack_Size = 0x400

.isr_vector     0x08000000       0xbc
                0x08000000                        . = ALIGN (0x4)
 *(.isr_vector)
 .isr_vector    0x08000000       0xbc ./Core/Startup/startup_stm32g0b1retx.o
                0x08000000                g_pfnVectors
                0x080000bc                        . = ALIGN (0x4)

.text           0x080000bc     0xa050
                0x080000bc                        . = ALIGN (0x4)
 *(.text)
 .text          0x080000bc       0x48 /opt/st/stm32cubeide_2.0.0/plugins/com.st.stm32cube.ide.mcu.externaltools.gnu-tools-for-stm32.13.3.rel1.linux64_1.0.100.202509120712/tools/bin/../lib/gcc/arm-none-eabi/13.3.1/thumb/v6-m/nofp/crtbegin.o
 .text          0x08000104      0x114 /opt/st/stm32cubeide_2.0.0/plugins/com.st.stm32cube.ide.mcu.externaltools.gnu-tools-for-stm32.13.3.rel1.linux64_1.0.100.202509120712/tools/bin/../lib/gcc/arm-none-eabi/13.3.1/thumb/v6-m/nofp/libgcc.a(_udivsi3.o)
                0x08000104                __udivsi3
                0x08000104                __aeabi_uidiv
                0x08000210                __aeabi_uidivmod
 .text          0x08000218      0x1d4 /opt/st/stm32cubeide_2.0.0/plugins/com.st.stm32cube.ide.mcu.externaltools.gnu-tools-for-stm32.13.3.rel1.linux64_1.0.100.202509120712/tools/bin/../lib/gcc/arm-none-eabi/13.3.1/thumb/v6-m/nofp/libgcc.a(_divsi3.o)
                0x08000218                __aeabi_idiv
                0x08000218                __divsi3
                0x080003e4                __aeabi_idivmod
 .text          0x080003ec        0x4 /opt/st/stm32cubeide_2.0.0/plugins/com.st.stm32cube.ide.mcu.externaltools.gnu-tools-for-stm32.13.3.rel1.linux64_1.0.100.202509120712/tools/bin/../lib/gcc/arm-none-eabi/13.3.1/thumb/v6-m/nofp/libgcc.a(_dvmd_tls.o)
                0x080003ec                __aeabi_ldiv0
                0x080003ec                __aeabi_idiv0
 .text          0x080003f0       0x40 /opt/st/stm32cubeide_2.0.0/plugins/com.st.stm32cube.ide.mcu.externaltools.gnu-tools-for-stm32.13.3.rel1.linux64_1.0.100.202509120712/tools/bin/../lib/gcc/arm-none-eabi/13.3.1/thumb/v6-m/nofp/libgcc.a(_aeabi_uldivmod.o)
                0x080003f0                __aeabi_uldivmod
 .text          0x08000430      0x198 /opt/st/stm32cubeide_2.0.0/plugins/com.st.stm32cube.ide.mcu.externaltools.gnu-tools-for-stm32.13.3.rel1.linux64_1.0.100.202509120712/tools/bin/../lib/gcc/arm-none-eabi/13.3.1/thumb/v6-m/nofp/libgcc.a(_udivmoddi4.o)
                0x08000430                __udivmoddi4
 .text          0x080005c8      0x22c /opt/st/stm32cubeide_2.0.0/plugins/com.st.stm32cube.ide.mcu.externaltools.gnu-tools-for-stm32.13.3.rel1.linux64_1.0.100.202509120712/tools/bin/../lib/gcc/arm-none-eabi/13.3.1/thumb/v6-m/nofp/libgcc.a(divsf3.o)
                0x080005c8                __aeabi_fdiv
 .text          0x080007f4      0x2b4 /opt/st/stm32cubeide_2.0.0/plugins/com.st.stm32cube.ide.mcu.externaltools.gnu-tools-for-stm32.13.3.rel1.linux64_1.0.100.202509120712/tools/bin/../lib/gcc/arm-none-eabi/13.3.1/thumb/v6-m/nofp/libgcc.a(mulsf3.o)
                0x080007f4                __aeabi_fmul
 .text          0x08000aa8       0xa0 /opt/st/stm32cubeide_2.0.0/plugins/com.st.stm32cube.ide.mcu.externaltools.gnu-tools-for-stm32.13.3.rel1.linux64_1.0.100.202509120712/tools/bin/../lib/gcc/arm-none-eabi/13.3.1/thumb/v6-m/nofp/libgcc.a(floatsisf.o)
                0x08000aa8                __aeabi_i2f
 .text          0x08000b48       0x3c /opt/st/stm32cubeide_2.0.0/plugins/com.st.stm32cube.ide.mcu.externaltools.gnu-tools-for-stm32.13.3.rel1.linux64_1.0.100.202509120712/tools/bin/../lib/gcc/arm-none-eabi/13.3.1/thumb/v6-m/nofp/libgcc.a(_clzsi2.o)
                0x08000b48                __clzsi2
 .text          0x08000b84       0x18 /opt/st/stm32cubeide_2.0.0/plugins/com.st.stm32cube.ide.mcu.externaltools.gnu-tools-for-stm32.13.3.rel1.linux64_1.0.100.202509120712/tools/bin/../lib/gcc/arm-none-eabi/13.3.1/thumb/v6-m/nofp/libgcc.a(_clzdi2.o)
                0x08000b84                __clzdi2
 *(.text*)
 .text.LL_TIM_EnableCounter
                0x08000b9c       0x1c ./Core/Src/app_main.o
 .text.LL_TIM_GetCounter
                0x08000bb8       0x14 ./Core/Src/app_main.o
 .text.process_incoming_commands
                0x08000bcc       0x70 ./Core/Src/app_main.o
 .text.check_failsafe_security
                0x08000c3c       0x30 ./Core/Src/app_main.o
 .text.task_motor_update
                0x08000c6c       0x48 ./Core/Src/app_main.o
 .text.task_telemetry_update
                0x08000cb4       0x3c ./Core/Src/app_main.o
 .text.app_config
                0x08000cf0       0x80 ./Core/Src/app_main.o
                0x08000cf0                app_config
 .text.app_loop
                0x08000d70       0x40 ./Core/Src/app_main.o
                0x08000d70                app_loop
 .text.MX_DMA_Init
                0x08000db0       0x4c ./Core/Src/dma.o
                0x08000db0                MX_DMA_Init
 .text.bmi088_spi_read
                0x08000dfc      0x250 ./Core/Src/driver_ins.o
 .text.bmi088_spi_write
                0x0800104c       0x78 ./Core/Src/driver_ins.o
 .text.bmi088_delay_us
                0x080010c4       0x34 ./Core/Src/driver_ins.o
 .text.BMI088_Init
                0x080010f8      0x154 ./Core/Src/driver_ins.o
                0x080010f8                BMI088_Init
 .text.BMI088_Read_Accel_Raw
                0x0800124c       0x30 ./Core/Src/driver_ins.o
                0x0800124c                BMI088_Read_Accel_Raw
 .text.BMI088_Read_Gyro_Raw
                0x0800127c       0x30 ./Core/Src/driver_ins.o
                0x0800127c                BMI088_Read_Gyro_Raw
 .text.BMI088_Read_All
                0x080012ac      0x174 ./Core/Src/driver_ins.o
                0x080012ac                BMI088_Read_All
 .text.pwm_pulse
                0x08001420       0x9e ./Core/Src/driver_motor.o
 .text.motor_map_percent
                0x080014be       0x72 ./Core/Src/driver_motor.o
 .text.motor_speed_mms_to_pwm_percent
                0x08001530       0x98 ./Core/Src/driver_motor.o
 .text.time_reached
                0x080015c8       0x1e ./Core/Src/driver_motor.o
 .text.motor_init
                0x080015e6       0x52 ./Core/Src/driver_motor.o
                0x080015e6                motor_init
 .text.motor_pwm_percent
                0x08001638       0x3c ./Core/Src/driver_motor.o
                0x08001638                motor_pwm_percent
 .text.motor_set_speed_mms
                0x08001674       0x5a ./Core/Src/driver_motor.o
                0x08001674                motor_set_speed_mms
 *fill*         0x080016ce        0x2 
 .text.motor_process_1ms
                0x080016d0      0x380 ./Core/Src/driver_motor.o
                0x080016d0                motor_process_1ms
 .text.pwm_pulse
                0x08001a50       0x9e ./Core/Src/driver_servo.o
 .text.servo_map_percent
                0x08001aee       0x84 ./Core/Src/driver_servo.o
 .text.servo_pwm_angle_degree
                0x08001b72       0x7a ./Core/Src/driver_servo.o
                0x08001b72                servo_pwm_angle_degree
 .text.servo_initialisation
                0x08001bec       0x38 ./Core/Src/driver_servo.o
                0x08001bec                servo_initialisation
 .text.MX_GPIO_Init
                0x08001c24      0x1e8 ./Core/Src/gpio.o
                0x08001c24                MX_GPIO_Init
 .text.main     0x08001e0c       0x36 ./Core/Src/main.o
                0x08001e0c                main
 .text.SystemClock_Config
                0x08001e42       0xbc ./Core/Src/main.o
                0x08001e42                SystemClock_Config
 .text.Error_Handler
                0x08001efe        0xc ./Core/Src/main.o
                0x08001efe                Error_Handler
 *fill*         0x08001f0a        0x2 
 .text.ring_push
                0x08001f0c       0x54 ./Core/Src/serial.o
 .text.ring_count
                0x08001f60       0x20 ./Core/Src/serial.o
 .text.tx_count
                0x08001f80       0x20 ./Core/Src/serial.o
 .text.tx_space
                0x08001fa0       0x18 ./Core/Src/serial.o
 .text.serial_kick_tx
                0x08001fb8       0xa0 ./Core/Src/serial.o
 .text.serial_init
                0x08002058       0x38 ./Core/Src/serial.o
                0x08002058                serial_init
 .text.serial_write_all_nb
                0x08002090       0xe4 ./Core/Src/serial.o
                0x08002090                serial_write_all_nb
 .text.serial_read
                0x08002174       0xac ./Core/Src/serial.o
                0x08002174                serial_read
 .text.HAL_UART_TxCpltCallback
                0x08002220       0x50 ./Core/Src/serial.o
                0x08002220                HAL_UART_TxCpltCallback
 .text.HAL_UARTEx_RxEventCallback
                0x08002270      0x10c ./Core/Src/serial.o
                0x08002270                HAL_UARTEx_RxEventCallback
 .text.serial_crc8_atm
                0x0800237c       0xac ./Core/Src/serial.o
                0x0800237c                serial_crc8_atm
 .text.proto_send_frame3
                0x08002428       0x5e ./Core/Src/serial.o
 .text.proto_send_write16
                0x08002486       0x50 ./Core/Src/serial.o
                0x08002486                proto_send_write16
 .text.proto_send_data16
                0x080024d6       0x2e ./Core/Src/serial_cmd.o
 .text.to_u16   0x08002504       0x30 ./Core/Src/serial_cmd.o
 .text.to_i16   0x08002534       0x2e ./Core/Src/serial_cmd.o
 *fill*         0x08002562        0x2 
 .text.read_reg16
                0x08002564       0x48 ./Core/Src/serial_cmd.o
 .text.handle_frame
                0x080025ac      0x140 ./Core/Src/serial_cmd.o
 .text.parse_byte
                0x080026ec       0xc8 ./Core/Src/serial_cmd.o
 .text.serial_cmd_reader
                0x080027b4       0x46 ./Core/Src/serial_cmd.o
                0x080027b4                serial_cmd_reader
 *fill*         0x080027fa        0x2 
 .text.serial_send_imu_frame
                0x080027fc       0x94 ./Core/Src/serial_cmd.o
                0x080027fc                serial_send_imu_frame
 .text.MX_SPI1_Init
                0x08002890       0x7c ./Core/Src/spi.o
                0x08002890                MX_SPI1_Init
 .text.HAL_SPI_MspInit
                0x0800290c       0xa4 ./Core/Src/spi.o
                0x0800290c                HAL_SPI_MspInit
 .text.HAL_MspInit
                0x080029b0       0x50 ./Core/Src/stm32g0xx_hal_msp.o
                0x080029b0                HAL_MspInit
 .text.NMI_Handler
                0x08002a00        0x8 ./Core/Src/stm32g0xx_it.o
                0x08002a00                NMI_Handler
 .text.HardFault_Handler
                0x08002a08        0x8 ./Core/Src/stm32g0xx_it.o
                0x08002a08                HardFault_Handler
 .text.SVC_Handler
                0x08002a10        0xa ./Core/Src/stm32g0xx_it.o
                0x08002a10                SVC_Handler
 .text.PendSV_Handler
                0x08002a1a        0xa ./Core/Src/stm32g0xx_it.o
                0x08002a1a                PendSV_Handler
 .text.SysTick_Handler
                0x08002a24        0xe ./Core/Src/stm32g0xx_it.o
                0x08002a24                SysTick_Handler
 *fill*         0x08002a32        0x2 
 .text.DMA1_Channel1_IRQHandler
                0x08002a34       0x18 ./Core/Src/stm32g0xx_it.o
                0x08002a34                DMA1_Channel1_IRQHandler
 .text.DMA1_Channel2_3_IRQHandler
                0x08002a4c       0x18 ./Core/Src/stm32g0xx_it.o
                0x08002a4c                DMA1_Channel2_3_IRQHandler
 .text.TIM3_TIM4_IRQHandler
                0x08002a64       0x18 ./Core/Src/stm32g0xx_it.o
                0x08002a64                TIM3_TIM4_IRQHandler
 .text.SPI1_IRQHandler
                0x08002a7c       0x18 ./Core/Src/stm32g0xx_it.o
                0x08002a7c                SPI1_IRQHandler
 .text.USART2_LPUART2_IRQHandler
                0x08002a94       0x18 ./Core/Src/stm32g0xx_it.o
                0x08002a94                USART2_LPUART2_IRQHandler
 .text.SystemInit
                0x08002aac        0xa ./Core/Src/system_stm32g0xx.o
                0x08002aac                SystemInit
 *fill*         0x08002ab6        0x2 
 .text.__NVIC_EnableIRQ
                0x08002ab8       0x34 ./Core/Src/tim.o
 .text.__NVIC_SetPriority
                0x08002aec       0xdc ./Core/Src/tim.o
 .text.LL_TIM_DisableARRPreload
                0x08002bc8       0x1e ./Core/Src/tim.o
 *fill*         0x08002be6        0x2 
 .text.LL_TIM_SetClockSource
                0x08002be8       0x28 ./Core/Src/tim.o
 .text.LL_TIM_SetTriggerOutput
                0x08002c10       0x24 ./Core/Src/tim.o
 .text.LL_TIM_DisableMasterSlaveMode
                0x08002c34       0x1e ./Core/Src/tim.o
 *fill*         0x08002c52        0x2 
 .text.LL_APB1_GRP1_EnableClock
                0x08002c54       0x2c ./Core/Src/tim.o
 .text.MX_TIM1_Init
                0x08002c80      0x19c ./Core/Src/tim.o
                0x08002c80                MX_TIM1_Init
 .text.MX_TIM2_Init
                0x08002e1c      0x100 ./Core/Src/tim.o
                0x08002e1c                MX_TIM2_Init
 .text.MX_TIM3_Init
                0x08002f1c       0x80 ./Core/Src/tim.o
                0x08002f1c                MX_TIM3_Init
 .text.MX_TIM4_Init
                0x08002f9c       0xbc ./Core/Src/tim.o
                0x08002f9c                MX_TIM4_Init
 .text.HAL_TIM_Base_MspInit
                0x08003058       0x94 ./Core/Src/tim.o
                0x08003058                HAL_TIM_Base_MspInit
 .text.HAL_TIM_IC_MspInit
                0x080030ec       0xa4 ./Core/Src/tim.o
                0x080030ec                HAL_TIM_IC_MspInit
 .text.HAL_TIM_MspPostInit
                0x08003190       0xd0 ./Core/Src/tim.o
                0x08003190                HAL_TIM_MspPostInit
 .text.MX_USART2_UART_Init
                0x08003260       0x9c ./Core/Src/usart.o
                0x08003260                MX_USART2_UART_Init
 .text.HAL_UART_MspInit
                0x080032fc      0x18c ./Core/Src/usart.o
                0x080032fc                HAL_UART_MspInit
 .text.Reset_Handler
                0x08003488       0x50 ./Core/Startup/startup_stm32g0b1retx.o
                0x08003488                Reset_Handler
 .text.Default_Handler
                0x080034d8        0x2 ./Core/Startup/startup_stm32g0b1retx.o
                0x080034d8                I2C2_3_IRQHandler
                0x080034d8                USART3_4_5_6_LPUART1_IRQHandler
                0x080034d8                TIM1_CC_IRQHandler
                0x080034d8                ADC1_COMP_IRQHandler
                0x080034d8                I2C1_IRQHandler
                0x080034d8                TIM7_LPTIM2_IRQHandler
                0x080034d8                TIM17_FDCAN_IT1_IRQHandler
                0x080034d8                DMA1_Ch4_7_DMA2_Ch1_5_DMAMUX1_OVR_IRQHandler
                0x080034d8                RCC_CRS_IRQHandler
                0x080034d8                RTC_TAMP_IRQHandler
                0x080034d8                USB_UCPD1_2_IRQHandler
                0x080034d8                EXTI2_3_IRQHandler
                0x080034d8                PVD_VDDIO2_IRQHandler
                0x080034d8                EXTI4_15_IRQHandler
                0x080034d8                Default_Handler
                0x080034d8                CEC_IRQHandler
                0x080034d8                TIM14_IRQHandler
                0x080034d8                TIM15_IRQHandler
                0x080034d8                EXTI0_1_IRQHandler
                0x080034d8                SPI2_3_IRQHandler
                0x080034d8                TIM6_DAC_LPTIM1_IRQHandler
                0x080034d8                WWDG_IRQHandler
                0x080034d8                TIM2_IRQHandler
                0x080034d8                FLASH_IRQHandler
                0x080034d8                USART1_IRQHandler
                0x080034d8                TIM16_FDCAN_IT0_IRQHandler
                0x080034d8                TIM1_BRK_UP_TRG_COM_IRQHandler
 .text.bmi08a_init
                0x080034da       0xa4 ./Drivers/Bosch/BMI088/bmi08a.o
                0x080034da                bmi08a_init
 .text.bmi08a_get_set_regs
                0x0800357e       0xe6 ./Drivers/Bosch/BMI088/bmi08a.o
                0x0800357e                bmi08a_get_set_regs
 .text.bmi08a_set_meas_conf
                0x08003664      0x14c ./Drivers/Bosch/BMI088/bmi08a.o
                0x08003664                bmi08a_set_meas_conf
 .text.bmi08a_set_power_mode
                0x080037b0       0xf0 ./Drivers/Bosch/BMI088/bmi08a.o
                0x080037b0                bmi08a_set_power_mode
 .text.bmi08a_get_data
                0x080038a0      0x10c ./Drivers/Bosch/BMI088/bmi08a.o
                0x080038a0                bmi08a_get_data
 .text.dev_null_ptr_check
                0x080039ac       0x46 ./Drivers/Bosch/BMI088/bmi08a.o
 .text.generic_null_ptr_check
                0x080039f2       0x2c ./Drivers/Bosch/BMI088/bmi08a.o
 .text.set_get_regs
                0x08003a1e      0x110 ./Drivers/Bosch/BMI088/bmi08a.o
 .text.bmi08g_init
                0x08003b2e       0x76 ./Drivers/Bosch/BMI088/bmi08g.o
                0x08003b2e                bmi08g_init
 .text.bmi08g_get_regs
                0x08003ba4       0x76 ./Drivers/Bosch/BMI088/bmi08g.o
                0x08003ba4                bmi08g_get_regs
 .text.bmi08g_set_regs
                0x08003c1a       0xb8 ./Drivers/Bosch/BMI088/bmi08g.o
                0x08003c1a                bmi08g_set_regs
 *fill*         0x08003cd2        0x2 
 .text.bmi08g_set_meas_conf
                0x08003cd4      0x178 ./Drivers/Bosch/BMI088/bmi08g.o
                0x08003cd4                bmi08g_set_meas_conf
 .text.bmi08g_set_power_mode
                0x08003e4c       0xdc ./Drivers/Bosch/BMI088/bmi08g.o
                0x08003e4c                bmi08g_set_power_mode
 .text.bmi08g_get_data
                0x08003f28      0x100 ./Drivers/Bosch/BMI088/bmi08g.o
                0x08003f28                bmi08g_get_data
 .text.null_ptr_check
                0x08004028       0x48 ./Drivers/Bosch/BMI088/bmi08g.o
 .text.get_regs
                0x08004070       0x74 ./Drivers/Bosch/BMI088/bmi08g.o
 .text.set_regs
                0x080040e4       0xee ./Drivers/Bosch/BMI088/bmi08g.o
 *fill*         0x080041d2        0x2 
 .text.HAL_Init
                0x080041d4       0x40 ./Drivers/STM32G0xx_HAL_Driver/Src/stm32g0xx_hal.o
                0x080041d4                HAL_Init
 .text.HAL_InitTick
                0x08004214       0x94 ./Drivers/STM32G0xx_HAL_Driver/Src/stm32g0xx_hal.o
                0x08004214                HAL_InitTick
 .text.HAL_IncTick
                0x080042a8       0x24 ./Drivers/STM32G0xx_HAL_Driver/Src/stm32g0xx_hal.o
                0x080042a8                HAL_IncTick
 .text.HAL_GetTick
                0x080042cc       0x14 ./Drivers/STM32G0xx_HAL_Driver/Src/stm32g0xx_hal.o
                0x080042cc                HAL_GetTick
 .text.HAL_Delay
                0x080042e0       0x48 ./Drivers/STM32G0xx_HAL_Driver/Src/stm32g0xx_hal.o
                0x080042e0                HAL_Delay
 .text.HAL_SYSCFG_StrobeDBattpinsConfig
                0x08004328       0x2c ./Drivers/STM32G0xx_HAL_Driver/Src/stm32g0xx_hal.o
                0x08004328                HAL_SYSCFG_StrobeDBattpinsConfig
 .text.__NVIC_EnableIRQ
                0x08004354       0x34 ./Drivers/STM32G0xx_HAL_Driver/Src/stm32g0xx_hal_cortex.o
 .text.__NVIC_SetPriority
                0x08004388       0xdc ./Drivers/STM32G0xx_HAL_Driver/Src/stm32g0xx_hal_cortex.o
 .text.SysTick_Config
                0x08004464       0x48 ./Drivers/STM32G0xx_HAL_Driver/Src/stm32g0xx_hal_cortex.o
 .text.HAL_NVIC_SetPriority
                0x080044ac       0x2a ./Drivers/STM32G0xx_HAL_Driver/Src/stm32g0xx_hal_cortex.o
                0x080044ac                HAL_NVIC_SetPriority
 .text.HAL_NVIC_EnableIRQ
                0x080044d6       0x20 ./Drivers/STM32G0xx_HAL_Driver/Src/stm32g0xx_hal_cortex.o
                0x080044d6                HAL_NVIC_EnableIRQ
 .text.HAL_SYSTICK_Config
                0x080044f6       0x1a ./Drivers/STM32G0xx_HAL_Driver/Src/stm32g0xx_hal_cortex.o
                0x080044f6                HAL_SYSTICK_Config
 .text.HAL_DMA_Init
                0x08004510      0x158 ./Drivers/STM32G0xx_HAL_Driver/Src/stm32g0xx_hal_dma.o
                0x08004510                HAL_DMA_Init
 .text.HAL_DMA_Start_IT
                0x08004668      0x10c ./Drivers/STM32G0xx_HAL_Driver/Src/stm32g0xx_hal_dma.o
                0x08004668                HAL_DMA_Start_IT
 .text.HAL_DMA_Abort
                0x08004774       0xc0 ./Drivers/STM32G0xx_HAL_Driver/Src/stm32g0xx_hal_dma.o
                0x08004774                HAL_DMA_Abort
 .text.HAL_DMA_Abort_IT
                0x08004834       0xd0 ./Drivers/STM32G0xx_HAL_Driver/Src/stm32g0xx_hal_dma.o
                0x08004834                HAL_DMA_Abort_IT
 .text.HAL_DMA_IRQHandler
                0x08004904      0x188 ./Drivers/STM32G0xx_HAL_Driver/Src/stm32g0xx_hal_dma.o
                0x08004904                HAL_DMA_IRQHandler
 .text.DMA_SetConfig
                0x08004a8c       0x78 ./Drivers/STM32G0xx_HAL_Driver/Src/stm32g0xx_hal_dma.o
 .text.DMA_CalcDMAMUXChannelBaseAndMask
                0x08004b04       0x94 ./Drivers/STM32G0xx_HAL_Driver/Src/stm32g0xx_hal_dma.o
 .text.DMA_CalcDMAMUXRequestGenBaseAndMask
                0x08004b98       0x48 ./Drivers/STM32G0xx_HAL_Driver/Src/stm32g0xx_hal_dma.o
 .text.HAL_GPIO_Init
                0x08004be0      0x2d8 ./Drivers/STM32G0xx_HAL_Driver/Src/stm32g0xx_hal_gpio.o
                0x08004be0                HAL_GPIO_Init
 .text.HAL_GPIO_WritePin
                0x08004eb8       0x3a ./Drivers/STM32G0xx_HAL_Driver/Src/stm32g0xx_hal_gpio.o
                0x08004eb8                HAL_GPIO_WritePin
 *fill*         0x08004ef2        0x2 
 .text.HAL_PWREx_ControlVoltageScaling
                0x08004ef4       0x80 ./Drivers/STM32G0xx_HAL_Driver/Src/stm32g0xx_hal_pwr_ex.o
                0x08004ef4                HAL_PWREx_ControlVoltageScaling
 .text.LL_RCC_GetAPB1Prescaler
                0x08004f74       0x18 ./Drivers/STM32G0xx_HAL_Driver/Src/stm32g0xx_hal_rcc.o
 .text.HAL_RCC_OscConfig
                0x08004f8c      0x6c0 ./Drivers/STM32G0xx_HAL_Driver/Src/stm32g0xx_hal_rcc.o
                0x08004f8c                HAL_RCC_OscConfig
 .text.HAL_RCC_ClockConfig
                0x0800564c      0x210 ./Drivers/STM32G0xx_HAL_Driver/Src/stm32g0xx_hal_rcc.o
                0x0800564c                HAL_RCC_ClockConfig
 .text.HAL_RCC_GetSysClockFreq
                0x0800585c      0x104 ./Drivers/STM32G0xx_HAL_Driver/Src/stm32g0xx_hal_rcc.o
                0x0800585c                HAL_RCC_GetSysClockFreq
 .text.HAL_RCC_GetHCLKFreq
                0x08005960       0x14 ./Drivers/STM32G0xx_HAL_Driver/Src/stm32g0xx_hal_rcc.o
                0x08005960                HAL_RCC_GetHCLKFreq
 .text.HAL_RCC_GetPCLK1Freq
                0x08005974       0x2c ./Drivers/STM32G0xx_HAL_Driver/Src/stm32g0xx_hal_rcc.o
                0x08005974                HAL_RCC_GetPCLK1Freq
 .text.HAL_RCCEx_PeriphCLKConfig
                0x080059a0      0x478 ./Drivers/STM32G0xx_HAL_Driver/Src/stm32g0xx_hal_rcc_ex.o
                0x080059a0                HAL_RCCEx_PeriphCLKConfig
 .text.HAL_SPI_Init
                0x08005e18      0x170 ./Drivers/STM32G0xx_HAL_Driver/Src/stm32g0xx_hal_spi.o
                0x08005e18                HAL_SPI_Init
 .text.HAL_SPI_Transmit
                0x08005f88      0x2be ./Drivers/STM32G0xx_HAL_Driver/Src/stm32g0xx_hal_spi.o
                0x08005f88                HAL_SPI_Transmit
 *fill*         0x08006246        0x2 
 .text.HAL_SPI_TransmitReceive
                0x08006248      0x3c4 ./Drivers/STM32G0xx_HAL_Driver/Src/stm32g0xx_hal_spi.o
                0x08006248                HAL_SPI_TransmitReceive
 .text.HAL_SPI_IRQHandler
                0x0800660c      0x1fc ./Drivers/STM32G0xx_HAL_Driver/Src/stm32g0xx_hal_spi.o
                0x0800660c                HAL_SPI_IRQHandler
 .text.HAL_SPI_ErrorCallback
                0x08006808       0x10 ./Drivers/STM32G0xx_HAL_Driver/Src/stm32g0xx_hal_spi.o
                0x08006808                HAL_SPI_ErrorCallback
 .text.SPI_DMAAbortOnError
                0x08006818       0x2c ./Drivers/STM32G0xx_HAL_Driver/Src/stm32g0xx_hal_spi.o
 .text.SPI_WaitFlagStateUntilTimeout
                0x08006844      0x11c ./Drivers/STM32G0xx_HAL_Driver/Src/stm32g0xx_hal_spi.o
 .text.SPI_WaitFifoStateUntilTimeout
                0x08006960      0x144 ./Drivers/STM32G0xx_HAL_Driver/Src/stm32g0xx_hal_spi.o
 .text.SPI_EndRxTxTransaction
                0x08006aa4       0x8c ./Drivers/STM32G0xx_HAL_Driver/Src/stm32g0xx_hal_spi.o
 .text.HAL_TIM_Base_Init
                0x08006b30       0xb0 ./Drivers/STM32G0xx_HAL_Driver/Src/stm32g0xx_hal_tim.o
                0x08006b30                HAL_TIM_Base_Init
 .text.HAL_TIM_PWM_Init
                0x08006be0       0xb0 ./Drivers/STM32G0xx_HAL_Driver/Src/stm32g0xx_hal_tim.o
                0x08006be0                HAL_TIM_PWM_Init
 .text.HAL_TIM_PWM_MspInit
                0x08006c90       0x10 ./Drivers/STM32G0xx_HAL_Driver/Src/stm32g0xx_hal_tim.o
                0x08006c90                HAL_TIM_PWM_MspInit
 .text.HAL_TIM_PWM_Start
                0x08006ca0      0x1e0 ./Drivers/STM32G0xx_HAL_Driver/Src/stm32g0xx_hal_tim.o
                0x08006ca0                HAL_TIM_PWM_Start
 .text.HAL_TIM_IC_Init
                0x08006e80       0xb0 ./Drivers/STM32G0xx_HAL_Driver/Src/stm32g0xx_hal_tim.o
                0x08006e80                HAL_TIM_IC_Init
 .text.HAL_TIM_IRQHandler
                0x08006f30      0x210 ./Drivers/STM32G0xx_HAL_Driver/Src/stm32g0xx_hal_tim.o
                0x08006f30                HAL_TIM_IRQHandler
 .text.HAL_TIM_IC_ConfigChannel
                0x08007140      0x148 ./Drivers/STM32G0xx_HAL_Driver/Src/stm32g0xx_hal_tim.o
                0x08007140                HAL_TIM_IC_ConfigChannel
 .text.HAL_TIM_PWM_ConfigChannel
                0x08007288      0x200 ./Drivers/STM32G0xx_HAL_Driver/Src/stm32g0xx_hal_tim.o
                0x08007288                HAL_TIM_PWM_ConfigChannel
 .text.HAL_TIM_ConfigClockSource
                0x08007488      0x1ac ./Drivers/STM32G0xx_HAL_Driver/Src/stm32g0xx_hal_tim.o
                0x08007488                HAL_TIM_ConfigClockSource
 .text.HAL_TIM_PeriodElapsedCallback
                0x08007634       0x10 ./Drivers/STM32G0xx_HAL_Driver/Src/stm32g0xx_hal_tim.o
                0x08007634                HAL_TIM_PeriodElapsedCallback
 .text.HAL_TIM_OC_DelayElapsedCallback
                0x08007644       0x10 ./Drivers/STM32G0xx_HAL_Driver/Src/stm32g0xx_hal_tim.o
                0x08007644                HAL_TIM_OC_DelayElapsedCallback
 .text.HAL_TIM_IC_CaptureCallback
                0x08007654       0x10 ./Drivers/STM32G0xx_HAL_Driver/Src/stm32g0xx_hal_tim.o
                0x08007654                HAL_TIM_IC_CaptureCallback
 .text.HAL_TIM_PWM_PulseFinishedCallback
                0x08007664       0x10 ./Drivers/STM32G0xx_HAL_Driver/Src/stm32g0xx_hal_tim.o
                0x08007664                HAL_TIM_PWM_PulseFinishedCallback
 .text.HAL_TIM_TriggerCallback
                0x08007674       0x10 ./Drivers/STM32G0xx_HAL_Driver/Src/stm32g0xx_hal_tim.o
                0x08007674                HAL_TIM_TriggerCallback
 .text.TIM_Base_SetConfig
                0x08007684      0x130 ./Drivers/STM32G0xx_HAL_Driver/Src/stm32g0xx_hal_tim.o
                0x08007684                TIM_Base_SetConfig
 .text.TIM_OC1_SetConfig
                0x080077b4      0x114 ./Drivers/STM32G0xx_HAL_Driver/Src/stm32g0xx_hal_tim.o
 .text.TIM_OC2_SetConfig
                0x080078c8      0x108 ./Drivers/STM32G0xx_HAL_Driver/Src/stm32g0xx_hal_tim.o
                0x080078c8                TIM_OC2_SetConfig
 .text.TIM_OC3_SetConfig
                0x080079d0      0x110 ./Drivers/STM32G0xx_HAL_Driver/Src/stm32g0xx_hal_tim.o
 .text.TIM_OC4_SetConfig
                0x08007ae0       0xd4 ./Drivers/STM32G0xx_HAL_Driver/Src/stm32g0xx_hal_tim.o
 .text.TIM_OC5_SetConfig
                0x08007bb4       0xc0 ./Drivers/STM32G0xx_HAL_Driver/Src/stm32g0xx_hal_tim.o
 .text.TIM_OC6_SetConfig
                0x08007c74       0xc8 ./Drivers/STM32G0xx_HAL_Driver/Src/stm32g0xx_hal_tim.o
 .text.TIM_TI1_SetConfig
                0x08007d3c       0xc4 ./Drivers/STM32G0xx_HAL_Driver/Src/stm32g0xx_hal_tim.o
                0x08007d3c                TIM_TI1_SetConfig
 .text.TIM_TI1_ConfigInputStage
                0x08007e00       0x5c ./Drivers/STM32G0xx_HAL_Driver/Src/stm32g0xx_hal_tim.o
 .text.TIM_TI2_SetConfig
                0x08007e5c       0x84 ./Drivers/STM32G0xx_HAL_Driver/Src/stm32g0xx_hal_tim.o
 .text.TIM_TI2_ConfigInputStage
                0x08007ee0       0x64 ./Drivers/STM32G0xx_HAL_Driver/Src/stm32g0xx_hal_tim.o
 .text.TIM_TI3_SetConfig
                0x08007f44       0x80 ./Drivers/STM32G0xx_HAL_Driver/Src/stm32g0xx_hal_tim.o
 .text.TIM_TI4_SetConfig
                0x08007fc4       0x8c ./Drivers/STM32G0xx_HAL_Driver/Src/stm32g0xx_hal_tim.o
 .text.TIM_ITRx_SetConfig
                0x08008050       0x38 ./Drivers/STM32G0xx_HAL_Driver/Src/stm32g0xx_hal_tim.o
 .text.TIM_ETR_SetConfig
                0x08008088       0x40 ./Drivers/STM32G0xx_HAL_Driver/Src/stm32g0xx_hal_tim.o
                0x08008088                TIM_ETR_SetConfig
 .text.TIM_CCxChannelCmd
                0x080080c8       0x46 ./Drivers/STM32G0xx_HAL_Driver/Src/stm32g0xx_hal_tim.o
                0x080080c8                TIM_CCxChannelCmd
 *fill*         0x0800810e        0x2 
 .text.HAL_TIMEx_MasterConfigSynchronization
                0x08008110       0xec ./Drivers/STM32G0xx_HAL_Driver/Src/stm32g0xx_hal_tim_ex.o
                0x08008110                HAL_TIMEx_MasterConfigSynchronization
 .text.HAL_TIMEx_ConfigBreakDeadTime
                0x080081fc      0x138 ./Drivers/STM32G0xx_HAL_Driver/Src/stm32g0xx_hal_tim_ex.o
                0x080081fc                HAL_TIMEx_ConfigBreakDeadTime
 .text.HAL_TIMEx_CommutCallback
                0x08008334       0x10 ./Drivers/STM32G0xx_HAL_Driver/Src/stm32g0xx_hal_tim_ex.o
                0x08008334                HAL_TIMEx_CommutCallback
 .text.HAL_TIMEx_BreakCallback
                0x08008344       0x10 ./Drivers/STM32G0xx_HAL_Driver/Src/stm32g0xx_hal_tim_ex.o
                0x08008344                HAL_TIMEx_BreakCallback
 .text.HAL_TIMEx_Break2Callback
                0x08008354       0x10 ./Drivers/STM32G0xx_HAL_Driver/Src/stm32g0xx_hal_tim_ex.o
                0x08008354                HAL_TIMEx_Break2Callback
 .text.HAL_UART_Init
                0x08008364       0xac ./Drivers/STM32G0xx_HAL_Driver/Src/stm32g0xx_hal_uart.o
                0x08008364                HAL_UART_Init
 .text.HAL_UART_Transmit_DMA
                0x08008410      0x124 ./Drivers/STM32G0xx_HAL_Driver/Src/stm32g0xx_hal_uart.o
                0x08008410                HAL_UART_Transmit_DMA
 .text.HAL_UART_IRQHandler
                0x08008534      0x64c ./Drivers/STM32G0xx_HAL_Driver/Src/stm32g0xx_hal_uart.o
                0x08008534                HAL_UART_IRQHandler
 .text.HAL_UART_TxHalfCpltCallback
                0x08008b80       0x10 ./Drivers/STM32G0xx_HAL_Driver/Src/stm32g0xx_hal_uart.o
                0x08008b80                HAL_UART_TxHalfCpltCallback
 .text.HAL_UART_RxCpltCallback
                0x08008b90       0x10 ./Drivers/STM32G0xx_HAL_Driver/Src/stm32g0xx_hal_uart.o
                0x08008b90                HAL_UART_RxCpltCallback
 .text.HAL_UART_RxHalfCpltCallback
                0x08008ba0       0x10 ./Drivers/STM32G0xx_HAL_Driver/Src/stm32g0xx_hal_uart.o
                0x08008ba0                HAL_UART_RxHalfCpltCallback
 .text.HAL_UART_ErrorCallback
                0x08008bb0       0x10 ./Drivers/STM32G0xx_HAL_Driver/Src/stm32g0xx_hal_uart.o
                0x08008bb0                HAL_UART_ErrorCallback
 .text.UART_SetConfig
                0x08008bc0      0x6ac ./Drivers/STM32G0xx_HAL_Driver/Src/stm32g0xx_hal_uart.o
                0x08008bc0                UART_SetConfig
 .text.UART_AdvFeatureConfig
                0x0800926c      0x168 ./Drivers/STM32G0xx_HAL_Driver/Src/stm32g0xx_hal_uart.o
                0x0800926c                UART_AdvFeatureConfig
 .text.UART_CheckIdleState
                0x080093d4      0x154 ./Drivers/STM32G0xx_HAL_Driver/Src/stm32g0xx_hal_uart.o
                0x080093d4                UART_CheckIdleState
 .text.UART_WaitOnFlagUntilTimeout
                0x08009528       0xde ./Drivers/STM32G0xx_HAL_Driver/Src/stm32g0xx_hal_uart.o
                0x08009528                UART_WaitOnFlagUntilTimeout
 *fill*         0x08009606        0x2 
 .text.UART_Start_Receive_DMA
                0x08009608      0x14c ./Drivers/STM32G0xx_HAL_Driver/Src/stm32g0xx_hal_uart.o
                0x08009608                UART_Start_Receive_DMA
 .text.UART_EndTxTransfer
                0x08009754       0x80 ./Drivers/STM32G0xx_HAL_Driver/Src/stm32g0xx_hal_uart.o
 .text.UART_EndRxTransfer
                0x080097d4       0xcc ./Drivers/STM32G0xx_HAL_Driver/Src/stm32g0xx_hal_uart.o
 .text.UART_DMATransmitCplt
                0x080098a0       0x98 ./Drivers/STM32G0xx_HAL_Driver/Src/stm32g0xx_hal_uart.o
 .text.UART_DMATxHalfCplt
                0x08009938       0x1e ./Drivers/STM32G0xx_HAL_Driver/Src/stm32g0xx_hal_uart.o
 *fill*         0x08009956        0x2 
 .text.UART_DMAReceiveCplt
                0x08009958      0x130 ./Drivers/STM32G0xx_HAL_Driver/Src/stm32g0xx_hal_uart.o
 .text.UART_DMARxHalfCplt
                0x08009a88       0x42 ./Drivers/STM32G0xx_HAL_Driver/Src/stm32g0xx_hal_uart.o
 .text.UART_DMAError
                0x08009aca       0x86 ./Drivers/STM32G0xx_HAL_Driver/Src/stm32g0xx_hal_uart.o
 .text.UART_DMAAbortOnError
                0x08009b50       0x2e ./Drivers/STM32G0xx_HAL_Driver/Src/stm32g0xx_hal_uart.o
 .text.UART_EndTransmit_IT
                0x08009b7e       0x58 ./Drivers/STM32G0xx_HAL_Driver/Src/stm32g0xx_hal_uart.o
 .text.HAL_UARTEx_WakeupCallback
                0x08009bd6       0x10 ./Drivers/STM32G0xx_HAL_Driver/Src/stm32g0xx_hal_uart_ex.o
                0x08009bd6                HAL_UARTEx_WakeupCallback
 .text.HAL_UARTEx_RxFifoFullCallback
                0x08009be6       0x10 ./Drivers/STM32G0xx_HAL_Driver/Src/stm32g0xx_hal_uart_ex.o
                0x08009be6                HAL_UARTEx_RxFifoFullCallback
 .text.HAL_UARTEx_TxFifoEmptyCallback
                0x08009bf6       0x10 ./Drivers/STM32G0xx_HAL_Driver/Src/stm32g0xx_hal_uart_ex.o
                0x08009bf6                HAL_UARTEx_TxFifoEmptyCallback
 *fill*         0x08009c06        0x2 
 .text.HAL_UARTEx_DisableFifoMode
                0x08009c08       0x74 ./Drivers/STM32G0xx_HAL_Driver/Src/stm32g0xx_hal_uart_ex.o
                0x08009c08                HAL_UARTEx_DisableFifoMode
 .text.HAL_UARTEx_SetTxFifoThreshold
                0x08009c7c       0x7e ./Drivers/STM32G0xx_HAL_Driver/Src/stm32g0xx_hal_uart_ex.o
                0x08009c7c                HAL_UARTEx_SetTxFifoThreshold
 *fill*         0x08009cfa        0x2 
 .text.HAL_UARTEx_SetRxFifoThreshold
                0x08009cfc       0x84 ./Drivers/STM32G0xx_HAL_Driver/Src/stm32g0xx_hal_uart_ex.o
                0x08009cfc                HAL_UARTEx_SetRxFifoThreshold
 .text.HAL_UARTEx_ReceiveToIdle_DMA
                0x08009d80       0xd0 ./Drivers/STM32G0xx_HAL_Driver/Src/stm32g0xx_hal_uart_ex.o
                0x08009d80                HAL_UARTEx_ReceiveToIdle_DMA
 .text.UARTEx_SetNbDataToProcess
                0x08009e50       0xbc ./Drivers/STM32G0xx_HAL_Driver/Src/stm32g0xx_hal_uart_ex.o
 .text.LL_TIM_SetPrescaler
                0x08009f0c       0x18 ./Drivers/STM32G0xx_HAL_Driver/Src/stm32g0xx_ll_tim.o
 .text.LL_TIM_SetAutoReload
                0x08009f24       0x18 ./Drivers/STM32G0xx_HAL_Driver/Src/stm32g0xx_ll_tim.o
 .text.LL_TIM_SetRepetitionCounter
                0x08009f3c       0x18 ./Drivers/STM32G0xx_HAL_Driver/Src/stm32g0xx_ll_tim.o
 .text.LL_TIM_GenerateEvent_UPDATE
                0x08009f54       0x1c ./Drivers/STM32G0xx_HAL_Driver/Src/stm32g0xx_ll_tim.o
 .text.LL_TIM_Init
                0x08009f70      0x118 ./Drivers/STM32G0xx_HAL_Driver/Src/stm32g0xx_ll_tim.o
                0x08009f70                LL_TIM_Init
 .text.memset   0x0800a088       0x10 /opt/st/stm32cubeide_2.0.0/plugins/com.st.stm32cube.ide.mcu.externaltools.gnu-tools-for-stm32.13.3.rel1.linux64_1.0.100.202509120712/tools/bin/../lib/gcc/arm-none-eabi/13.3.1/../../../../arm-none-eabi/lib/thumb/v6-m/nofp/libc_nano.a(libc_a-memset.o)
                0x0800a088                memset
 .text.__libc_init_array
                0x0800a098       0x48 /opt/st/stm32cubeide_2.0.0/plugins/com.st.stm32cube.ide.mcu.externaltools.gnu-tools-for-stm32.13.3.rel1.linux64_1.0.100.202509120712/tools/bin/../lib/gcc/arm-none-eabi/13.3.1/../../../../arm-none-eabi/lib/thumb/v6-m/nofp/libc_nano.a(libc_a-init.o)
                0x0800a098                __libc_init_array
 .text.memcpy   0x0800a0e0       0x12 /opt/st/stm32cubeide_2.0.0/plugins/com.st.stm32cube.ide.mcu.externaltools.gnu-tools-for-stm32.13.3.rel1.linux64_1.0.100.202509120712/tools/bin/../lib/gcc/arm-none-eabi/13.3.1/../../../../arm-none-eabi/lib/thumb/v6-m/nofp/libc_nano.a(libc_a-memcpy-stub.o)
                0x0800a0e0                memcpy
 *(.glue_7)
 .glue_7        0x0800a0f2        0x0 linker stubs
 *(.glue_7t)
 .glue_7t       0x0800a0f2        0x0 linker stubs
 *(.eh_frame)
 *fill*         0x0800a0f2        0x2 
 .eh_frame      0x0800a0f4        0x0 /opt/st/stm32cubeide_2.0.0/plugins/com.st.stm32cube.ide.mcu.externaltools.gnu-tools-for-stm32.13.3.rel1.linux64_1.0.100.202509120712/tools/bin/../lib/gcc/arm-none-eabi/13.3.1/thumb/v6-m/nofp/crtbegin.o
 *(.init)
 .init          0x0800a0f4        0x4 /opt/st/stm32cubeide_2.0.0/plugins/com.st.stm32cube.ide.mcu.externaltools.gnu-tools-for-stm32.13.3.rel1.linux64_1.0.100.202509120712/tools/bin/../lib/gcc/arm-none-eabi/13.3.1/thumb/v6-m/nofp/crti.o
                0x0800a0f4                _init
 .init          0x0800a0f8        0x8 /opt/st/stm32cubeide_2.0.0/plugins/com.st.stm32cube.ide.mcu.externaltools.gnu-tools-for-stm32.13.3.rel1.linux64_1.0.100.202509120712/tools/bin/../lib/gcc/arm-none-eabi/13.3.1/thumb/v6-m/nofp/crtn.o
 *(.fini)
 .fini          0x0800a100        0x4 /opt/st/stm32cubeide_2.0.0/plugins/com.st.stm32cube.ide.mcu.externaltools.gnu-tools-for-stm32.13.3.rel1.linux64_1.0.100.202509120712/tools/bin/../lib/gcc/arm-none-eabi/13.3.1/thumb/v6-m/nofp/crti.o
                0x0800a100                _fini
 .fini          0x0800a104        0x8 /opt/st/stm32cubeide_2.0.0/plugins/com.st.stm32cube.ide.mcu.externaltools.gnu-tools-for-stm32.13.3.rel1.linux64_1.0.100.202509120712/tools/bin/../lib/gcc/arm-none-eabi/13.3.1/thumb/v6-m/nofp/crtn.o
                0x0800a10c                        . = ALIGN (0x4)
                0x0800a10c                        _etext = .

.vfp11_veneer   0x0800a10c        0x0
 .vfp11_veneer  0x0800a10c        0x0 linker stubs

.v4_bx          0x0800a10c        0x0
 .v4_bx         0x0800a10c        0x0 linker stubs

.iplt           0x0800a10c        0x0
 .iplt          0x0800a10c        0x0 /opt/st/stm32cubeide_2.0.0/plugins/com.st.stm32cube.ide.mcu.externaltools.gnu-tools-for-stm32.13.3.rel1.linux64_1.0.100.202509120712/tools/bin/../lib/gcc/arm-none-eabi/13.3.1/thumb/v6-m/nofp/crtbegin.o

.rodata         0x0800a10c      0x17c
                0x0800a10c                        . = ALIGN (0x4)
 *(.rodata)
 .rodata        0x0800a10c       0x7c /opt/st/stm32cubeide_2.0.0/plugins/com.st.stm32cube.ide.mcu.externaltools.gnu-tools-for-stm32.13.3.rel1.linux64_1.0.100.202509120712/tools/bin/../lib/gcc/arm-none-eabi/13.3.1/thumb/v6-m/nofp/libgcc.a(divsf3.o)
 *(.rodata*)
 .rodata.motor_process_1ms
                0x0800a188       0x24 ./Core/Src/driver_motor.o
 .rodata.AHBPrescTable
                0x0800a1ac       0x40 ./Core/Src/system_stm32g0xx.o
                0x0800a1ac                AHBPrescTable
 .rodata.APBPrescTable
                0x0800a1ec       0x20 ./Core/Src/system_stm32g0xx.o
                0x0800a1ec                APBPrescTable
 .rodata.HAL_TIM_PWM_ConfigChannel
                0x0800a20c       0x54 ./Drivers/STM32G0xx_HAL_Driver/Src/stm32g0xx_hal_tim.o
 .rodata.UARTPrescTable
                0x0800a260       0x18 ./Drivers/STM32G0xx_HAL_Driver/Src/stm32g0xx_hal_uart.o
                0x0800a260                UARTPrescTable
 .rodata.numerator.1
                0x0800a278        0x8 ./Drivers/STM32G0xx_HAL_Driver/Src/stm32g0xx_hal_uart_ex.o
 .rodata.denominator.0
                0x0800a280        0x8 ./Drivers/STM32G0xx_HAL_Driver/Src/stm32g0xx_hal_uart_ex.o
                0x0800a288                        . = ALIGN (0x4)

.ARM.extab      0x0800a288        0x0
                0x0800a288                        . = ALIGN (0x4)
 *(.ARM.extab* .gnu.linkonce.armextab.*)
                0x0800a288                        . = ALIGN (0x4)

.ARM            0x0800a288        0x8
                0x0800a288                        . = ALIGN (0x4)
                0x0800a288                        __exidx_start = .
 *(.ARM.exidx*)
 .ARM.exidx     0x0800a288        0x8 /opt/st/stm32cubeide_2.0.0/plugins/com.st.stm32cube.ide.mcu.externaltools.gnu-tools-for-stm32.13.3.rel1.linux64_1.0.100.202509120712/tools/bin/../lib/gcc/arm-none-eabi/13.3.1/thumb/v6-m/nofp/libgcc.a(_udivmoddi4.o)
                0x0800a290                        __exidx_end = .
                0x0800a290                        . = ALIGN (0x4)

.preinit_array  0x0800a290        0x0
                0x0800a290                        . = ALIGN (0x4)
                0x0800a290                        PROVIDE (__preinit_array_start = .)
 *(.preinit_array*)
                0x0800a290                        PROVIDE (__preinit_array_end = .)
                0x0800a290                        . = ALIGN (0x4)

.init_array     0x0800a290        0x4
                0x0800a290                        . = ALIGN (0x4)
                0x0800a290                        PROVIDE (__init_array_start = .)
 *(SORT_BY_NAME(.init_array.*))
 *(.init_array*)
 .init_array    0x0800a290        0x4 /opt/st/stm32cubeide_2.0.0/plugins/com.st.stm32cube.ide.mcu.externaltools.gnu-tools-for-stm32.13.3.rel1.linux64_1.0.100.202509120712/tools/bin/../lib/gcc/arm-none-eabi/13.3.1/thumb/v6-m/nofp/crtbegin.o
                0x0800a294                        PROVIDE (__init_array_end = .)
                0x0800a294                        . = ALIGN (0x4)

.fini_array     0x0800a294        0x4
                0x0800a294                        . = ALIGN (0x4)
                [!provide]                        PROVIDE (__fini_array_start = .)
 *(SORT_BY_NAME(.fini_array.*))
 *(.fini_array*)
 .fini_array    0x0800a294        0x4 /opt/st/stm32cubeide_2.0.0/plugins/com.st.stm32cube.ide.mcu.externaltools.gnu-tools-for-stm32.13.3.rel1.linux64_1.0.100.202509120712/tools/bin/../lib/gcc/arm-none-eabi/13.3.1/thumb/v6-m/nofp/crtbegin.o
                [!provide]                        PROVIDE (__fini_array_end = .)
                0x0800a298                        . = ALIGN (0x4)
                0x0800a298                        _sidata = LOADADDR (.data)

.rel.dyn        0x0800a298        0x0
 .rel.iplt      0x0800a298        0x0 /opt/st/stm32cubeide_2.0.0/plugins/com.st.stm32cube.ide.mcu.externaltools.gnu-tools-for-stm32.13.3.rel1.linux64_1.0.100.202509120712/tools/bin/../lib/gcc/arm-none-eabi/13.3.1/thumb/v6-m/nofp/crtbegin.o

.data           0x20000000       0x44 load address 0x0800a298
                0x20000000                        . = ALIGN (0x4)
                0x20000000                        _sdata = .
 *(.data)
 *(.data*)
 .data.hServo1  0x20000000        0xc ./Core/Src/app_main.o
 .data.hMotor1  0x2000000c       0x1c ./Core/Src/app_main.o
 .data.cs_accel
                0x20000028        0x8 ./Core/Src/driver_ins.o
 .data.cs_gyro  0x20000030        0x8 ./Core/Src/driver_ins.o
 .data.SystemCoreClock
                0x20000038        0x4 ./Core/Src/system_stm32g0xx.o
                0x20000038                SystemCoreClock
 .data.uwTickPrio
                0x2000003c        0x4 ./Drivers/STM32G0xx_HAL_Driver/Src/stm32g0xx_hal.o
                0x2000003c                uwTickPrio
 .data.uwTickFreq
                0x20000040        0x1 ./Drivers/STM32G0xx_HAL_Driver/Src/stm32g0xx_hal.o
                0x20000040                uwTickFreq
 *(.RamFunc)
 *(.RamFunc*)
                0x20000044                        . = ALIGN (0x4)
 *fill*         0x20000041        0x3 
                0x20000044                        _edata = .

.igot.plt       0x20000044        0x0 load address 0x0800a2dc
 .igot.plt      0x20000044        0x0 /opt/st/stm32cubeide_2.0.0/plugins/com.st.stm32cube.ide.mcu.externaltools.gnu-tools-for-stm32.13.3.rel1.linux64_1.0.100.202509120712/tools/bin/../lib/gcc/arm-none-eabi/13.3.1/thumb/v6-m/nofp/crtbegin.o
                0x20000044                        . = ALIGN (0x4)

.bss            0x20000044      0xc40 load address 0x0800a2dc
                0x20000044                        _sbss = .
                0x20000044                        __bss_start__ = _sbss
 *(.bss)
 .bss           0x20000044       0x1c /opt/st/stm32cubeide_2.0.0/plugins/com.st.stm32cube.ide.mcu.externaltools.gnu-tools-for-stm32.13.3.rel1.linux64_1.0.100.202509120712/tools/bin/../lib/gcc/arm-none-eabi/13.3.1/thumb/v6-m/nofp/crtbegin.o
 *(.bss*)
 .bss.last_cmd_time_ms
                0x20000060        0x4 ./Core/Src/app_main.o
 .bss.last_motor_us
                0x20000064        0x2 ./Core/Src/app_main.o
 .bss.last_telemetry_us
                0x20000066        0x2 ./Core/Src/app_main.o
 .bss.bmi088_dev
                0x20000068       0x38 ./Core/Src/driver_ins.o
 .bss.bmi088_hspi
                0x200000a0        0x4 ./Core/Src/driver_ins.o
 .bss.rx_chunk  0x200000a4      0x100 ./Core/Src/serial.o
 .bss.rx_ring   0x200001a4      0x400 ./Core/Src/serial.o
 .bss.rx_head   0x200005a4        0x4 ./Core/Src/serial.o
 .bss.rx_tail   0x200005a8        0x4 ./Core/Src/serial.o
 .bss.tx_ring   0x200005ac      0x400 ./Core/Src/serial.o
 .bss.tx_head   0x200009ac        0x4 ./Core/Src/serial.o
 .bss.tx_tail   0x200009b0        0x4 ./Core/Src/serial.o
 .bss.tx_busy   0x200009b4        0x1 ./Core/Src/serial.o
 *fill*         0x200009b5        0x1 
 .bss.old_pos.0
                0x200009b6        0x2 ./Core/Src/serial.o
 .bss.parser_state
                0x200009b8        0x1 ./Core/Src/serial_cmd.o
                0x200009b8                parser_state
 .bss.st        0x200009b9        0x1 ./Core/Src/serial_cmd.o
 .bss.hdr       0x200009ba        0x1 ./Core/Src/serial_cmd.o
 .bss.d0        0x200009bb        0x1 ./Core/Src/serial_cmd.o
 .bss.d1        0x200009bc        0x1 ./Core/Src/serial_cmd.o
 .bss.shadow_servo_cmd
                0x200009bd        0x1 ./Core/Src/serial_cmd.o
                0x200009bd                shadow_servo_cmd
 .bss.shadow_motor_cmd
                0x200009be        0x2 ./Core/Src/serial_cmd.o
                0x200009be                shadow_motor_cmd
 .bss.frame.0   0x200009c0       0x21 ./Core/Src/serial_cmd.o
 *fill*         0x200009e1        0x3 
 .bss.hspi1     0x200009e4       0x64 ./Core/Src/spi.o
                0x200009e4                hspi1
 .bss.htim1     0x20000a48       0x4c ./Core/Src/tim.o
                0x20000a48                htim1
 .bss.htim2     0x20000a94       0x4c ./Core/Src/tim.o
                0x20000a94                htim2
 .bss.htim4     0x20000ae0       0x4c ./Core/Src/tim.o
                0x20000ae0                htim4
 .bss.huart2    0x20000b2c       0x94 ./Core/Src/usart.o
                0x20000b2c                huart2
 .bss.hdma_usart2_rx
                0x20000bc0       0x60 ./Core/Src/usart.o
                0x20000bc0                hdma_usart2_rx
 .bss.hdma_usart2_tx
                0x20000c20       0x60 ./Core/Src/usart.o
                0x20000c20                hdma_usart2_tx
 .bss.uwTick    0x20000c80        0x4 ./Drivers/STM32G0xx_HAL_Driver/Src/stm32g0xx_hal.o
                0x20000c80                uwTick
 *(COMMON)
                0x20000c84                        . = ALIGN (0x4)
                0x20000c84                        _ebss = .
                0x20000c84                        __bss_end__ = _ebss

._user_heap_stack
                0x20000c84      0x604 load address 0x0800a2dc
                0x20000c88                        . = ALIGN (0x8)
 *fill*         0x20000c84        0x4 
                [!provide]                        PROVIDE (end = .)
                0x20000c88                        PROVIDE (_end = .)
                0x20000e88                        . = (. + _Min_Heap_Size)
 *fill*         0x20000c88      0x200 
                0x20001288                        . = (. + _Min_Stack_Size)
 *fill*         0x20000e88      0x400 
                0x20001288                        . = ALIGN (0x8)

/DISCARD/
 libc.a(*)
 libm.a(*)
 libgcc.a(*)

.ARM.attributes
                0x00000000       0x28
 *(.ARM.attributes)
 .ARM.attributes
                0x00000000       0x1e /opt/st/stm32cubeide_2.0.0/plugins/com.st.stm32cube.ide.mcu.externaltools.gnu-tools-for-stm32.13.3.rel1.linux64_1.0.100.202509120712/tools/bin/../lib/gcc/arm-none-eabi/13.3.1/thumb/v6-m/nofp/crti.o
 .ARM.attributes
                0x0000001e       0x2c /opt/st/stm32cubeide_2.0.0/plugins/com.st.stm32cube.ide.mcu.externaltools.gnu-tools-for-stm32.13.3.rel1.linux64_1.0.100.202509120712/tools/bin/../lib/gcc/arm-none-eabi/13.3.1/thumb/v6-m/nofp/crtbegin.o
 .ARM.attributes
                0x0000004a       0x2c ./Core/Src/app_main.o
 .ARM.attributes
                0x00000076       0x2c ./Core/Src/dma.o
 .ARM.attributes
                0x000000a2       0x2c ./Core/Src/driver_ins.o
 .ARM.attributes
                0x000000ce       0x2c ./Core/Src/driver_motor.o
 .ARM.attributes
                0x000000fa       0x2c ./Core/Src/driver_servo.o
 .ARM.attributes
                0x00000126       0x2c ./Core/Src/gpio.o
 .ARM.attributes
                0x00000152       0x2c ./Core/Src/main.o
 .ARM.attributes
                0x0000017e       0x2c ./Core/Src/serial.o
 .ARM.attributes
                0x000001aa       0x2c ./Core/Src/serial_cmd.o
 .ARM.attributes
                0x000001d6       0x2c ./Core/Src/spi.o
 .ARM.attributes
                0x00000202       0x2c ./Core/Src/stm32g0xx_hal_msp.o
 .ARM.attributes
                0x0000022e       0x2c ./Core/Src/stm32g0xx_it.o
 .ARM.attributes
                0x0000025a       0x2c ./Core/Src/system_stm32g0xx.o
 .ARM.attributes
                0x00000286       0x2c ./Core/Src/tim.o
 .ARM.attributes
                0x000002b2       0x2c ./Core/Src/usart.o
 .ARM.attributes
                0x000002de       0x22 ./Core/Startup/startup_stm32g0b1retx.o
 .ARM.attributes
                0x00000300       0x2c ./Drivers/Bosch/BMI088/bmi08a.o
 .ARM.attributes
                0x0000032c       0x2c ./Drivers/Bosch/BMI088/bmi08g.o
 .ARM.attributes
                0x00000358       0x2c ./Drivers/STM32G0xx_HAL_Driver/Src/stm32g0xx_hal.o
 .ARM.attributes
                0x00000384       0x2c ./Drivers/STM32G0xx_HAL_Driver/Src/stm32g0xx_hal_cortex.o
 .ARM.attributes
                0x000003b0       0x2c ./Drivers/STM32G0xx_HAL_Driver/Src/stm32g0xx_hal_dma.o
 .ARM.attributes
                0x000003dc       0x2c ./Drivers/STM32G0xx_HAL_Driver/Src/stm32g0xx_hal_gpio.o
 .ARM.attributes
                0x00000408       0x2c ./Drivers/STM32G0xx_HAL_Driver/Src/stm32g0xx_hal_pwr_ex.o
 .ARM.attributes
                0x00000434       0x2c ./Drivers/STM32G0xx_HAL_Driver/Src/stm32g0xx_hal_rcc.o
 .ARM.attributes
                0x00000460       0x2c ./Drivers/STM32G0xx_HAL_Driver/Src/stm32g0xx_hal_rcc_ex.o
 .ARM.attributes
                0x0000048c       0x2c ./Drivers/STM32G0xx_HAL_Driver/Src/stm32g0xx_hal_spi.o
 .ARM.attributes
                0x000004b8       0x2c ./Drivers/STM32G0xx_HAL_Driver/Src/stm32g0xx_hal_tim.o
 .ARM.attributes
                0x000004e4       0x2c ./Drivers/STM32G0xx_HAL_Driver/Src/stm32g0xx_hal_tim_ex.o
 .ARM.attributes
                0x00000510       0x2c ./Drivers/STM32G0xx_HAL_Driver/Src/stm32g0xx_hal_uart.o
 .ARM.attributes
                0x0000053c       0x2c ./Drivers/STM32G0xx_HAL_Driver/Src/stm32g0xx_hal_uart_ex.o
 .ARM.attributes
                0x00000568       0x2c ./Drivers/STM32G0xx_HAL_Driver/Src/stm32g0xx_ll_tim.o
 .ARM.attributes
                0x00000594       0x2c /opt/st/stm32cubeide_2.0.0/plugins/com.st.stm32cube.ide.mcu.externaltools.gnu-tools-for-stm32.13.3.rel1.linux64_1.0.100.202509120712/tools/bin/../lib/gcc/arm-none-eabi/13.3.1/../../../../arm-none-eabi/lib/thumb/v6-m/nofp/libc_nano.a(libc_a-memset.o)
 .ARM.attributes
                0x000005c0       0x2c /opt/st/stm32cubeide_2.0.0/plugins/com.st.stm32cube.ide.mcu.externaltools.gnu-tools-for-stm32.13.3.rel1.linux64_1.0.100.202509120712/tools/bin/../lib/gcc/arm-none-eabi/13.3.1/../../../../arm-none-eabi/lib/thumb/v6-m/nofp/libc_nano.a(libc_a-init.o)
 .ARM.attributes
                0x000005ec       0x2c /opt/st/stm32cubeide_2.0.0/plugins/com.st.stm32cube.ide.mcu.externaltools.gnu-tools-for-stm32.13.3.rel1.linux64_1.0.100.202509120712/tools/bin/../lib/gcc/arm-none-eabi/13.3.1/../../../../arm-none-eabi/lib/thumb/v6-m/nofp/libc_nano.a(libc_a-memcpy-stub.o)
 .ARM.attributes
                0x00000618       0x1e /opt/st/stm32cubeide_2.0.0/plugins/com.st.stm32cube.ide.mcu.externaltools.gnu-tools-for-stm32.13.3.rel1.linux64_1.0.100.202509120712/tools/bin/../lib/gcc/arm-none-eabi/13.3.1/thumb/v6-m/nofp/libgcc.a(_udivsi3.o)
 .ARM.attributes
                0x00000636       0x1e /opt/st/stm32cubeide_2.0.0/plugins/com.st.stm32cube.ide.mcu.externaltools.gnu-tools-for-stm32.13.3.rel1.linux64_1.0.100.202509120712/tools/bin/../lib/gcc/arm-none-eabi/13.3.1/thumb/v6-m/nofp/libgcc.a(_divsi3.o)
 .ARM.attributes
                0x00000654       0x1e /opt/st/stm32cubeide_2.0.0/plugins/com.st.stm32cube.ide.mcu.externaltools.gnu-tools-for-stm32.13.3.rel1.linux64_1.0.100.202509120712/tools/bin/../lib/gcc/arm-none-eabi/13.3.1/thumb/v6-m/nofp/libgcc.a(_dvmd_tls.o)
 .ARM.attributes
                0x00000672       0x1e /opt/st/stm32cubeide_2.0.0/plugins/com.st.stm32cube.ide.mcu.externaltools.gnu-tools-for-stm32.13.3.rel1.linux64_1.0.100.202509120712/tools/bin/../lib/gcc/arm-none-eabi/13.3.1/thumb/v6-m/nofp/libgcc.a(_aeabi_uldivmod.o)
 .ARM.attributes
                0x00000690       0x2c /opt/st/stm32cubeide_2.0.0/plugins/com.st.stm32cube.ide.mcu.externaltools.gnu-tools-for-stm32.13.3.rel1.linux64_1.0.100.202509120712/tools/bin/../lib/gcc/arm-none-eabi/13.3.1/thumb/v6-m/nofp/libgcc.a(_udivmoddi4.o)
 .ARM.attributes
                0x000006bc       0x2c /opt/st/stm32cubeide_2.0.0/plugins/com.st.stm32cube.ide.mcu.externaltools.gnu-tools-for-stm32.13.3.rel1.linux64_1.0.100.202509120712/tools/bin/../lib/gcc/arm-none-eabi/13.3.1/thumb/v6-m/nofp/libgcc.a(divsf3.o)
 .ARM.attributes
                0x000006e8       0x2c /opt/st/stm32cubeide_2.0.0/plugins/com.st.stm32cube.ide.mcu.externaltools.gnu-tools-for-stm32.13.3.rel1.linux64_1.0.100.202509120712/tools/bin/../lib/gcc/arm-none-eabi/13.3.1/thumb/v6-m/nofp/libgcc.a(mulsf3.o)
 .ARM.attributes
                0x00000714       0x2c /opt/st/stm32cubeide_2.0.0/plugins/com.st.stm32cube.ide.mcu.externaltools.gnu-tools-for-stm32.13.3.rel1.linux64_1.0.100.202509120712/tools/bin/../lib/gcc/arm-none-eabi/13.3.1/thumb/v6-m/nofp/libgcc.a(floatsisf.o)
 .ARM.attributes
                0x00000740       0x1e /opt/st/stm32cubeide_2.0.0/plugins/com.st.stm32cube.ide.mcu.externaltools.gnu-tools-for-stm32.13.3.rel1.linux64_1.0.100.202509120712/tools/bin/../lib/gcc/arm-none-eabi/13.3.1/thumb/v6-m/nofp/libgcc.a(_clzsi2.o)
 .ARM.attributes
                0x0000075e       0x1e /opt/st/stm32cubeide_2.0.0/plugins/com.st.stm32cube.ide.mcu.externaltools.gnu-tools-for-stm32.13.3.rel1.linux64_1.0.100.202509120712/tools/bin/../lib/gcc/arm-none-eabi/13.3.1/thumb/v6-m/nofp/libgcc.a(_clzdi2.o)
 .ARM.attributes
                0x0000077c       0x1e /opt/st/stm32cubeide_2.0.0/plugins/com.st.stm32cube.ide.mcu.externaltools.gnu-tools-for-stm32.13.3.rel1.linux64_1.0.100.202509120712/tools/bin/../lib/gcc/arm-none-eabi/13.3.1/thumb/v6-m/nofp/crtn.o
OUTPUT(main_frame_cachan.elf elf32-littlearm)
LOAD linker stubs
LOAD /opt/st/stm32cubeide_2.0.0/plugins/com.st.stm32cube.ide.mcu.externaltools.gnu-tools-for-stm32.13.3.rel1.linux64_1.0.100.202509120712/tools/bin/../lib/gcc/arm-none-eabi/13.3.1/../../../../arm-none-eabi/lib/thumb/v6-m/nofp/libc.a
LOAD /opt/st/stm32cubeide_2.0.0/plugins/com.st.stm32cube.ide.mcu.externaltools.gnu-tools-for-stm32.13.3.rel1.linux64_1.0.100.202509120712/tools/bin/../lib/gcc/arm-none-eabi/13.3.1/../../../../arm-none-eabi/lib/thumb/v6-m/nofp/libm.a
LOAD /opt/st/stm32cubeide_2.0.0/plugins/com.st.stm32cube.ide.mcu.externaltools.gnu-tools-for-stm32.13.3.rel1.linux64_1.0.100.202509120712/tools/bin/../lib/gcc/arm-none-eabi/13.3.1/thumb/v6-m/nofp/libgcc.a

.debug_info     0x00000000    0x1d0ce
 .debug_info    0x00000000      0xf2a ./Core/Src/app_main.o
 .debug_info    0x00000f2a      0x3d4 ./Core/Src/dma.o
 .debug_info    0x000012fe     0x107b ./Core/Src/driver_ins.o
 .debug_info    0x00002379      0xbb8 ./Core/Src/driver_motor.o
 .debug_info    0x00002f31      0xb30 ./Core/Src/driver_servo.o
 .debug_info    0x00003a61      0x4a0 ./Core/Src/gpio.o
 .debug_info    0x00003f01      0x3bd ./Core/Src/main.o
 .debug_info    0x000042be      0xfa1 ./Core/Src/serial.o
 .debug_info    0x0000525f      0x6c4 ./Core/Src/serial_cmd.o
 .debug_info    0x00005923      0xbf6 ./Core/Src/spi.o
 .debug_info    0x00006519      0x2e7 ./Core/Src/stm32g0xx_hal_msp.o
 .debug_info    0x00006800      0xf85 ./Core/Src/stm32g0xx_it.o
 .debug_info    0x00007785      0x316 ./Core/Src/system_stm32g0xx.o
 .debug_info    0x00007a9b     0x16f0 ./Core/Src/tim.o
 .debug_info    0x0000918b      0xeca ./Core/Src/usart.o
 .debug_info    0x0000a055       0x30 ./Core/Startup/startup_stm32g0b1retx.o
 .debug_info    0x0000a085     0x18aa ./Drivers/Bosch/BMI088/bmi08a.o
 .debug_info    0x0000b92f     0x10dd ./Drivers/Bosch/BMI088/bmi08g.o
 .debug_info    0x0000ca0c      0xafa ./Drivers/STM32G0xx_HAL_Driver/Src/stm32g0xx_hal.o
 .debug_info    0x0000d506      0x8d9 ./Drivers/STM32G0xx_HAL_Driver/Src/stm32g0xx_hal_cortex.o
 .debug_info    0x0000dddf      0x869 ./Drivers/STM32G0xx_HAL_Driver/Src/stm32g0xx_hal_dma.o
 .debug_info    0x0000e648      0x5d9 ./Drivers/STM32G0xx_HAL_Driver/Src/stm32g0xx_hal_gpio.o
 .debug_info    0x0000ec21      0x8b5 ./Drivers/STM32G0xx_HAL_Driver/Src/stm32g0xx_hal_pwr_ex.o
 .debug_info    0x0000f4d6      0xb9b ./Drivers/STM32G0xx_HAL_Driver/Src/stm32g0xx_hal_rcc.o
 .debug_info    0x00010071      0xa41 ./Drivers/STM32G0xx_HAL_Driver/Src/stm32g0xx_hal_rcc_ex.o
 .debug_info    0x00010ab2     0x1767 ./Drivers/STM32G0xx_HAL_Driver/Src/stm32g0xx_hal_spi.o
 .debug_info    0x00012219     0x2c12 ./Drivers/STM32G0xx_HAL_Driver/Src/stm32g0xx_hal_tim.o
 .debug_info    0x00014e2b     0x1923 ./Drivers/STM32G0xx_HAL_Driver/Src/stm32g0xx_hal_tim_ex.o
 .debug_info    0x0001674e     0x48a0 ./Drivers/STM32G0xx_HAL_Driver/Src/stm32g0xx_hal_uart.o
 .debug_info    0x0001afee      0xff0 ./Drivers/STM32G0xx_HAL_Driver/Src/stm32g0xx_hal_uart_ex.o
 .debug_info    0x0001bfde     0x10f0 ./Drivers/STM32G0xx_HAL_Driver/Src/stm32g0xx_ll_tim.o

.debug_abbrev   0x00000000     0x40e0
 .debug_abbrev  0x00000000      0x26f ./Core/Src/app_main.o
 .debug_abbrev  0x0000026f      0x115 ./Core/Src/dma.o
 .debug_abbrev  0x00000384      0x2e1 ./Core/Src/driver_ins.o
 .debug_abbrev  0x00000665      0x1ff ./Core/Src/driver_motor.o
 .debug_abbrev  0x00000864      0x1ee ./Core/Src/driver_servo.o
 .debug_abbrev  0x00000a52      0x158 ./Core/Src/gpio.o
 .debug_abbrev  0x00000baa      0x18d ./Core/Src/main.o
 .debug_abbrev  0x00000d37      0x2ee ./Core/Src/serial.o
 .debug_abbrev  0x00001025      0x1df ./Core/Src/serial_cmd.o
 .debug_abbrev  0x00001204      0x214 ./Core/Src/spi.o
 .debug_abbrev  0x00001418       0xf9 ./Core/Src/stm32g0xx_hal_msp.o
 .debug_abbrev  0x00001511      0x1bd ./Core/Src/stm32g0xx_it.o
 .debug_abbrev  0x000016ce      0x119 ./Core/Src/system_stm32g0xx.o
 .debug_abbrev  0x000017e7      0x2cd ./Core/Src/tim.o
 .debug_abbrev  0x00001ab4      0x240 ./Core/Src/usart.o
 .debug_abbrev  0x00001cf4       0x24 ./Core/Startup/startup_stm32g0b1retx.o
 .debug_abbrev  0x00001d18      0x1fc ./Drivers/Bosch/BMI088/bmi08a.o
 .debug_abbrev  0x00001f14      0x1fd ./Drivers/Bosch/BMI088/bmi08g.o
 .debug_abbrev  0x00002111      0x27f ./Drivers/STM32G0xx_HAL_Driver/Src/stm32g0xx_hal.o
 .debug_abbrev  0x00002390      0x2ab ./Drivers/STM32G0xx_HAL_Driver/Src/stm32g0xx_hal_cortex.o
 .debug_abbrev  0x0000263b      0x214 ./Drivers/STM32G0xx_HAL_Driver/Src/stm32g0xx_hal_dma.o
 .debug_abbrev  0x0000284f      0x1c8 ./Drivers/STM32G0xx_HAL_Driver/Src/stm32g0xx_hal_gpio.o
 .debug_abbrev  0x00002a17      0x23c ./Drivers/STM32G0xx_HAL_Driver/Src/stm32g0xx_hal_pwr_ex.o
 .debug_abbrev  0x00002c53      0x2aa ./Drivers/STM32G0xx_HAL_Driver/Src/stm32g0xx_hal_rcc.o
 .debug_abbrev  0x00002efd      0x244 ./Drivers/STM32G0xx_HAL_Driver/Src/stm32g0xx_hal_rcc_ex.o
 .debug_abbrev  0x00003141      0x290 ./Drivers/STM32G0xx_HAL_Driver/Src/stm32g0xx_hal_spi.o
 .debug_abbrev  0x000033d1      0x287 ./Drivers/STM32G0xx_HAL_Driver/Src/stm32g0xx_hal_tim.o
 .debug_abbrev  0x00003658      0x297 ./Drivers/STM32G0xx_HAL_Driver/Src/stm32g0xx_hal_tim_ex.o
 .debug_abbrev  0x000038ef      0x311 ./Drivers/STM32G0xx_HAL_Driver/Src/stm32g0xx_hal_uart.o
 .debug_abbrev  0x00003c00      0x2d3 ./Drivers/STM32G0xx_HAL_Driver/Src/stm32g0xx_hal_uart_ex.o
 .debug_abbrev  0x00003ed3      0x20d ./Drivers/STM32G0xx_HAL_Driver/Src/stm32g0xx_ll_tim.o

.debug_aranges  0x00000000     0x1820
 .debug_aranges
                0x00000000       0x58 ./Core/Src/app_main.o
 .debug_aranges
                0x00000058       0x20 ./Core/Src/dma.o
 .debug_aranges
                0x00000078       0x70 ./Core/Src/driver_ins.o
 .debug_aranges
                0x000000e8       0x58 ./Core/Src/driver_motor.o
 .debug_aranges
                0x00000140       0x50 ./Core/Src/driver_servo.o
 .debug_aranges
                0x00000190       0x20 ./Core/Src/gpio.o
 .debug_aranges
                0x000001b0       0x30 ./Core/Src/main.o
 .debug_aranges
                0x000001e0       0xb0 ./Core/Src/serial.o
 .debug_aranges
                0x00000290       0x58 ./Core/Src/serial_cmd.o
 .debug_aranges
                0x000002e8       0x30 ./Core/Src/spi.o
 .debug_aranges
                0x00000318       0x20 ./Core/Src/stm32g0xx_hal_msp.o
 .debug_aranges
                0x00000338       0x68 ./Core/Src/stm32g0xx_it.o
 .debug_aranges
                0x000003a0       0x28 ./Core/Src/system_stm32g0xx.o
 .debug_aranges
                0x000003c8       0x98 ./Core/Src/tim.o
 .debug_aranges
                0x00000460       0x30 ./Core/Src/usart.o
 .debug_aranges
                0x00000490       0x28 ./Core/Startup/startup_stm32g0b1retx.o
 .debug_aranges
                0x000004b8      0x178 ./Drivers/Bosch/BMI088/bmi08a.o
 .debug_aranges
                0x00000630      0x110 ./Drivers/Bosch/BMI088/bmi08g.o
 .debug_aranges
                0x00000740      0x130 ./Drivers/STM32G0xx_HAL_Driver/Src/stm32g0xx_hal.o
 .debug_aranges
                0x00000870       0xe8 ./Drivers/STM32G0xx_HAL_Driver/Src/stm32g0xx_hal_cortex.o
 .debug_aranges
                0x00000958       0x90 ./Drivers/STM32G0xx_HAL_Driver/Src/stm32g0xx_hal_dma.o
 .debug_aranges
                0x000009e8       0x60 ./Drivers/STM32G0xx_HAL_Driver/Src/stm32g0xx_hal_gpio.o
 .debug_aranges
                0x00000a48      0x128 ./Drivers/STM32G0xx_HAL_Driver/Src/stm32g0xx_hal_pwr_ex.o
 .debug_aranges
                0x00000b70       0xa0 ./Drivers/STM32G0xx_HAL_Driver/Src/stm32g0xx_hal_rcc.o
 .debug_aranges
                0x00000c10       0x88 ./Drivers/STM32G0xx_HAL_Driver/Src/stm32g0xx_hal_rcc_ex.o
 .debug_aranges
                0x00000c98      0x1d8 ./Drivers/STM32G0xx_HAL_Driver/Src/stm32g0xx_hal_spi.o
 .debug_aranges
                0x00000e70      0x3e0 ./Drivers/STM32G0xx_HAL_Driver/Src/stm32g0xx_hal_tim.o
 .debug_aranges
                0x00001250      0x198 ./Drivers/STM32G0xx_HAL_Driver/Src/stm32g0xx_hal_tim_ex.o
 .debug_aranges
                0x000013e8      0x248 ./Drivers/STM32G0xx_HAL_Driver/Src/stm32g0xx_hal_uart.o
 .debug_aranges
                0x00001630       0xa8 ./Drivers/STM32G0xx_HAL_Driver/Src/stm32g0xx_hal_uart_ex.o
 .debug_aranges
                0x000016d8      0x148 ./Drivers/STM32G0xx_HAL_Driver/Src/stm32g0xx_ll_tim.o

.debug_rnglists
                0x00000000     0x12d9
 .debug_rnglists
                0x00000000       0x3e ./Core/Src/app_main.o
 .debug_rnglists
                0x0000003e       0x13 ./Core/Src/dma.o
 .debug_rnglists
                0x00000051       0x54 ./Core/Src/driver_ins.o
 .debug_rnglists
                0x000000a5       0x40 ./Core/Src/driver_motor.o
 .debug_rnglists
                0x000000e5       0x3a ./Core/Src/driver_servo.o
 .debug_rnglists
                0x0000011f       0x14 ./Core/Src/gpio.o
 .debug_rnglists
                0x00000133       0x20 ./Core/Src/main.o
 .debug_rnglists
                0x00000153       0x86 ./Core/Src/serial.o
 .debug_rnglists
                0x000001d9       0x40 ./Core/Src/serial_cmd.o
 .debug_rnglists
                0x00000219       0x20 ./Core/Src/spi.o
 .debug_rnglists
                0x00000239       0x13 ./Core/Src/stm32g0xx_hal_msp.o
 .debug_rnglists
                0x0000024c       0x49 ./Core/Src/stm32g0xx_it.o
 .debug_rnglists
                0x00000295       0x1a ./Core/Src/system_stm32g0xx.o
 .debug_rnglists
                0x000002af       0x75 ./Core/Src/tim.o
 .debug_rnglists
                0x00000324       0x21 ./Core/Src/usart.o
 .debug_rnglists
                0x00000345       0x19 ./Core/Startup/startup_stm32g0b1retx.o
 .debug_rnglists
                0x0000035e      0x135 ./Drivers/Bosch/BMI088/bmi08a.o
 .debug_rnglists
                0x00000493       0xd6 ./Drivers/Bosch/BMI088/bmi08g.o
 .debug_rnglists
                0x00000569       0xe0 ./Drivers/STM32G0xx_HAL_Driver/Src/stm32g0xx_hal.o
 .debug_rnglists
                0x00000649       0xaa ./Drivers/STM32G0xx_HAL_Driver/Src/stm32g0xx_hal_cortex.o
 .debug_rnglists
                0x000006f3       0x72 ./Drivers/STM32G0xx_HAL_Driver/Src/stm32g0xx_hal_dma.o
 .debug_rnglists
                0x00000765       0x45 ./Drivers/STM32G0xx_HAL_Driver/Src/stm32g0xx_hal_gpio.o
 .debug_rnglists
                0x000007aa       0xe0 ./Drivers/STM32G0xx_HAL_Driver/Src/stm32g0xx_hal_pwr_ex.o
 .debug_rnglists
                0x0000088a       0x79 ./Drivers/STM32G0xx_HAL_Driver/Src/stm32g0xx_hal_rcc.o
 .debug_rnglists
                0x00000903       0x69 ./Drivers/STM32G0xx_HAL_Driver/Src/stm32g0xx_hal_rcc_ex.o
 .debug_rnglists
                0x0000096c      0x17a ./Drivers/STM32G0xx_HAL_Driver/Src/stm32g0xx_hal_spi.o
 .debug_rnglists
                0x00000ae6      0x32a ./Drivers/STM32G0xx_HAL_Driver/Src/stm32g0xx_hal_tim.o
 .debug_rnglists
                0x00000e10      0x14e ./Drivers/STM32G0xx_HAL_Driver/Src/stm32g0xx_hal_tim_ex.o
 .debug_rnglists
                0x00000f5e      0x1fd ./Drivers/STM32G0xx_HAL_Driver/Src/stm32g0xx_hal_uart.o
 .debug_rnglists
                0x0000115b       0x80 ./Drivers/STM32G0xx_HAL_Driver/Src/stm32g0xx_hal_uart_ex.o
 .debug_rnglists
                0x000011db       0xfe ./Drivers/STM32G0xx_HAL_Driver/Src/stm32g0xx_ll_tim.o

.debug_macro    0x00000000    0x21c32
 .debug_macro   0x00000000      0x44b ./Core/Src/app_main.o
 .debug_macro   0x0000044b      0xab4 ./Core/Src/app_main.o
 .debug_macro   0x00000eff      0x130 ./Core/Src/app_main.o
 .debug_macro   0x0000102f       0x2e ./Core/Src/app_main.o
 .debug_macro   0x0000105d       0x28 ./Core/Src/app_main.o
 .debug_macro   0x00001085       0x22 ./Core/Src/app_main.o
 .debug_macro   0x000010a7       0x8e ./Core/Src/app_main.o
 .debug_macro   0x00001135       0x51 ./Core/Src/app_main.o
 .debug_macro   0x00001186      0x103 ./Core/Src/app_main.o
 .debug_macro   0x00001289       0x6a ./Core/Src/app_main.o
 .debug_macro   0x000012f3      0x1df ./Core/Src/app_main.o
 .debug_macro   0x000014d2       0x1c ./Core/Src/app_main.o
 .debug_macro   0x000014ee       0x22 ./Core/Src/app_main.o
 .debug_macro   0x00001510       0xd1 ./Core/Src/app_main.o
 .debug_macro   0x000015e1      0x4da ./Core/Src/app_main.o
 .debug_macro   0x00001abb      0x11f ./Core/Src/app_main.o
 .debug_macro   0x00001bda     0xf3de ./Core/Src/app_main.o
 .debug_macro   0x00010fb8       0x66 ./Core/Src/app_main.o
 .debug_macro   0x0001101e     0x350e ./Core/Src/app_main.o
 .debug_macro   0x0001452c      0x190 ./Core/Src/app_main.o
 .debug_macro   0x000146bc       0x5c ./Core/Src/app_main.o
 .debug_macro   0x00014718      0x73a ./Core/Src/app_main.o
 .debug_macro   0x00014e52     0x1579 ./Core/Src/app_main.o
 .debug_macro   0x000163cb      0x535 ./Core/Src/app_main.o
 .debug_macro   0x00016900      0x1cf ./Core/Src/app_main.o
 .debug_macro   0x00016acf      0x25b ./Core/Src/app_main.o
 .debug_macro   0x00016d2a      0x4f5 ./Core/Src/app_main.o
 .debug_macro   0x0001721f      0x287 ./Core/Src/app_main.o
 .debug_macro   0x000174a6      0x417 ./Core/Src/app_main.o
 .debug_macro   0x000178bd      0x1b2 ./Core/Src/app_main.o
 .debug_macro   0x00017a6f       0x43 ./Core/Src/app_main.o
 .debug_macro   0x00017ab2      0x1f1 ./Core/Src/app_main.o
 .debug_macro   0x00017ca3      0x1e4 ./Core/Src/app_main.o
 .debug_macro   0x00017e87      0x3fa ./Core/Src/app_main.o
 .debug_macro   0x00018281       0x28 ./Core/Src/app_main.o
 .debug_macro   0x000182a9      0x123 ./Core/Src/app_main.o
 .debug_macro   0x000183cc      0x145 ./Core/Src/app_main.o
 .debug_macro   0x00018511      0x30b ./Core/Src/app_main.o
 .debug_macro   0x0001881c      0x2fe ./Core/Src/app_main.o
 .debug_macro   0x00018b1a      0xae5 ./Core/Src/app_main.o
 .debug_macro   0x000195ff      0x239 ./Core/Src/app_main.o
 .debug_macro   0x00019838      0x693 ./Core/Src/app_main.o
 .debug_macro   0x00019ecb       0xa6 ./Core/Src/app_main.o
 .debug_macro   0x00019f71      0x5df ./Core/Src/app_main.o
 .debug_macro   0x0001a550      0x9e1 ./Core/Src/app_main.o
 .debug_macro   0x0001af31      0x171 ./Core/Src/app_main.o
 .debug_macro   0x0001b0a2      0x174 ./Core/Src/app_main.o
 .debug_macro   0x0001b216      0x18e ./Core/Src/app_main.o
 .debug_macro   0x0001b3a4       0x7d ./Core/Src/app_main.o
 .debug_macro   0x0001b421      0x1ef ./Core/Src/app_main.o
 .debug_macro   0x0001b610      0x146 ./Core/Src/app_main.o
 .debug_macro   0x0001b756      0x1f0 ./Core/Src/app_main.o
 .debug_macro   0x0001b946       0x94 ./Core/Src/app_main.o
 .debug_macro   0x0001b9da       0x22 ./Core/Src/app_main.o
 .debug_macro   0x0001b9fc      0xa27 ./Core/Src/app_main.o
 .debug_macro   0x0001c423       0x40 ./Core/Src/app_main.o
 .debug_macro   0x0001c463       0x5e ./Core/Src/app_main.o
 .debug_macro   0x0001c4c1       0x3a ./Core/Src/app_main.o
 .debug_macro   0x0001c4fb       0x16 ./Core/Src/app_main.o
 .debug_macro   0x0001c511       0x61 ./Core/Src/app_main.o
 .debug_macro   0x0001c572       0x24 ./Core/Src/app_main.o
 .debug_macro   0x0001c596       0x43 ./Core/Src/app_main.o
 .debug_macro   0x0001c5d9       0x34 ./Core/Src/app_main.o
 .debug_macro   0x0001c60d       0x16 ./Core/Src/app_main.o
 .debug_macro   0x0001c623       0x3c ./Core/Src/app_main.o
 .debug_macro   0x0001c65f      0x370 ./Core/Src/app_main.o
 .debug_macro   0x0001c9cf       0x10 ./Core/Src/app_main.o
 .debug_macro   0x0001c9df       0x16 ./Core/Src/app_main.o
 .debug_macro   0x0001c9f5       0x4a ./Core/Src/app_main.o
 .debug_macro   0x0001ca3f       0x34 ./Core/Src/app_main.o
 .debug_macro   0x0001ca73       0x10 ./Core/Src/app_main.o
 .debug_macro   0x0001ca83       0x58 ./Core/Src/app_main.o
 .debug_macro   0x0001cadb       0x8e ./Core/Src/app_main.o
 .debug_macro   0x0001cb69       0x1c ./Core/Src/app_main.o
 .debug_macro   0x0001cb85      0x185 ./Core/Src/app_main.o
 .debug_macro   0x0001cd0a       0x16 ./Core/Src/app_main.o
 .debug_macro   0x0001cd20       0x16 ./Core/Src/app_main.o
 .debug_macro   0x0001cd36      0x146 ./Core/Src/app_main.o
 .debug_macro   0x0001ce7c       0x16 ./Core/Src/app_main.o
 .debug_macro   0x0001ce92       0x20 ./Core/Src/app_main.o
 .debug_macro   0x0001ceb2      0x25d ./Core/Src/dma.o
 .debug_macro   0x0001d10f      0x348 ./Core/Src/driver_ins.o
 .debug_macro   0x0001d457      0x292 ./Core/Src/driver_motor.o
 .debug_macro   0x0001d6e9      0x27d ./Core/Src/driver_servo.o
 .debug_macro   0x0001d966      0x25d ./Core/Src/gpio.o
 .debug_macro   0x0001dbc3      0x293 ./Core/Src/main.o
 .debug_macro   0x0001de56      0x3a9 ./Core/Src/serial.o
 .debug_macro   0x0001e1ff       0x10 ./Core/Src/serial.o
 .debug_macro   0x0001e20f       0x1c ./Core/Src/serial.o
 .debug_macro   0x0001e22b       0x1c ./Core/Src/serial.o
 .debug_macro   0x0001e247       0x10 ./Core/Src/serial.o
 .debug_macro   0x0001e257      0x242 ./Core/Src/serial.o
 .debug_macro   0x0001e499      0x3bb ./Core/Src/serial_cmd.o
 .debug_macro   0x0001e854      0x25d ./Core/Src/spi.o
 .debug_macro   0x0001eab1      0x253 ./Core/Src/stm32g0xx_hal_msp.o
 .debug_macro   0x0001ed04      0x25d ./Core/Src/stm32g0xx_it.o
 .debug_macro   0x0001ef61      0x1f4 ./Core/Src/system_stm32g0xx.o
 .debug_macro   0x0001f155      0x25d ./Core/Src/tim.o
 .debug_macro   0x0001f3b2      0x25d ./Core/Src/usart.o
 .debug_macro   0x0001f60f       0x9d ./Drivers/Bosch/BMI088/bmi08a.o
 .debug_macro   0x0001f6ac       0x8e ./Drivers/Bosch/BMI088/bmi08g.o
 .debug_macro   0x0001f73a      0x218 ./Drivers/STM32G0xx_HAL_Driver/Src/stm32g0xx_hal.o
 .debug_macro   0x0001f952      0x1f4 ./Drivers/STM32G0xx_HAL_Driver/Src/stm32g0xx_hal_cortex.o
 .debug_macro   0x0001fb46      0x1f4 ./Drivers/STM32G0xx_HAL_Driver/Src/stm32g0xx_hal_dma.o
 .debug_macro   0x0001fd3a      0x1fb ./Drivers/STM32G0xx_HAL_Driver/Src/stm32g0xx_hal_gpio.o
 .debug_macro   0x0001ff35      0x21e ./Drivers/STM32G0xx_HAL_Driver/Src/stm32g0xx_hal_pwr_ex.o
 .debug_macro   0x00020153      0x23c ./Drivers/STM32G0xx_HAL_Driver/Src/stm32g0xx_hal_rcc.o
 .debug_macro   0x0002038f      0x20c ./Drivers/STM32G0xx_HAL_Driver/Src/stm32g0xx_hal_rcc_ex.o
 .debug_macro   0x0002059b      0x1fc ./Drivers/STM32G0xx_HAL_Driver/Src/stm32g0xx_hal_spi.o
 .debug_macro   0x00020797      0x1fc ./Drivers/STM32G0xx_HAL_Driver/Src/stm32g0xx_hal_tim.o
 .debug_macro   0x00020993      0x1fa ./Drivers/STM32G0xx_HAL_Driver/Src/stm32g0xx_hal_tim_ex.o
 .debug_macro   0x00020b8d      0x21f ./Drivers/STM32G0xx_HAL_Driver/Src/stm32g0xx_hal_uart.o
 .debug_macro   0x00020dac      0x200 ./Drivers/STM32G0xx_HAL_Driver/Src/stm32g0xx_hal_uart_ex.o
 .debug_macro   0x00020fac      0x2ab ./Drivers/STM32G0xx_HAL_Driver/Src/stm32g0xx_ll_tim.o
 .debug_macro   0x00021257      0x9db ./Drivers/STM32G0xx_HAL_Driver/Src/stm32g0xx_ll_tim.o

.debug_line     0x00000000    0x1d96d
 .debug_line    0x00000000      0xb31 ./Core/Src/app_main.o
 .debug_line    0x00000b31      0x7bb ./Core/Src/dma.o
 .debug_line    0x000012ec      0xc1e ./Core/Src/driver_ins.o
 .debug_line    0x00001f0a      0xb4e ./Core/Src/driver_motor.o
 .debug_line    0x00002a58      0x98b ./Core/Src/driver_servo.o
 .debug_line    0x000033e3      0x818 ./Core/Src/gpio.o
 .debug_line    0x00003bfb      0x87e ./Core/Src/main.o
 .debug_line    0x00004479      0xf1d ./Core/Src/serial.o
 .debug_line    0x00005396      0xb6a ./Core/Src/serial_cmd.o
 .debug_line    0x00005f00      0x83d ./Core/Src/spi.o
 .debug_line    0x0000673d      0x7be ./Core/Src/stm32g0xx_hal_msp.o
 .debug_line    0x00006efb      0x892 ./Core/Src/stm32g0xx_it.o
 .debug_line    0x0000778d      0x776 ./Core/Src/system_stm32g0xx.o
 .debug_line    0x00007f03      0xbbf ./Core/Src/tim.o
 .debug_line    0x00008ac2      0x8c7 ./Core/Src/usart.o
 .debug_line    0x00009389       0x7b ./Core/Startup/startup_stm32g0b1retx.o
 .debug_line    0x00009404     0x119f ./Drivers/Bosch/BMI088/bmi08a.o
 .debug_line    0x0000a5a3      0xc3e ./Drivers/Bosch/BMI088/bmi08g.o
 .debug_line    0x0000b1e1      0xaec ./Drivers/STM32G0xx_HAL_Driver/Src/stm32g0xx_hal.o
 .debug_line    0x0000bccd      0xb51 ./Drivers/STM32G0xx_HAL_Driver/Src/stm32g0xx_hal_cortex.o
 .debug_line    0x0000c81e      0xe2e ./Drivers/STM32G0xx_HAL_Driver/Src/stm32g0xx_hal_dma.o
 .debug_line    0x0000d64c      0xb21 ./Drivers/STM32G0xx_HAL_Driver/Src/stm32g0xx_hal_gpio.o
 .debug_line    0x0000e16d      0xb9d ./Drivers/STM32G0xx_HAL_Driver/Src/stm32g0xx_hal_pwr_ex.o
 .debug_line    0x0000ed0a      0xff6 ./Drivers/STM32G0xx_HAL_Driver/Src/stm32g0xx_hal_rcc.o
 .debug_line    0x0000fd00     0x1199 ./Drivers/STM32G0xx_HAL_Driver/Src/stm32g0xx_hal_rcc_ex.o
 .debug_line    0x00010e99     0x1fa1 ./Drivers/STM32G0xx_HAL_Driver/Src/stm32g0xx_hal_spi.o
 .debug_line    0x00012e3a     0x3ce5 ./Drivers/STM32G0xx_HAL_Driver/Src/stm32g0xx_hal_tim.o
 .debug_line    0x00016b1f     0x1bc3 ./Drivers/STM32G0xx_HAL_Driver/Src/stm32g0xx_hal_tim_ex.o
 .debug_line    0x000186e2     0x3758 ./Drivers/STM32G0xx_HAL_Driver/Src/stm32g0xx_hal_uart.o
 .debug_line    0x0001be3a      0xcd5 ./Drivers/STM32G0xx_HAL_Driver/Src/stm32g0xx_hal_uart_ex.o
 .debug_line    0x0001cb0f      0xe5e ./Drivers/STM32G0xx_HAL_Driver/Src/stm32g0xx_ll_tim.o

.debug_str      0x00000000    0xcdc9e
 .debug_str     0x00000000    0xcdc9e ./Core/Src/app_main.o
                              0xc6c98 (size before relaxing)
 .debug_str     0x000cdc9e        0x0 ./Core/Src/dma.o
                              0xbebca (size before relaxing)
 .debug_str     0x000cdc9e        0x0 ./Core/Src/driver_ins.o
                              0xbd9fa (size before relaxing)
 .debug_str     0x000cdc9e        0x0 ./Core/Src/driver_motor.o
                              0xbf263 (size before relaxing)
 .debug_str     0x000cdc9e        0x0 ./Core/Src/driver_servo.o
                              0xbf0af (size before relaxing)
 .debug_str     0x000cdc9e        0x0 ./Core/Src/gpio.o
                              0xbea33 (size before relaxing)
 .debug_str     0x000cdc9e        0x0 ./Core/Src/main.o
                              0xbeb30 (size before relaxing)
 .debug_str     0x000cdc9e        0x0 ./Core/Src/serial.o
                              0xc2efc (size before relaxing)
 .debug_str     0x000cdc9e        0x0 ./Core/Src/serial_cmd.o
                              0xc5c25 (size before relaxing)
 .debug_str     0x000cdc9e        0x0 ./Core/Src/spi.o
                              0xbf1cf (size before relaxing)
 .debug_str     0x000cdc9e        0x0 ./Core/Src/stm32g0xx_hal_msp.o
                              0xbe989 (size before relaxing)
 .debug_str     0x000cdc9e        0x0 ./Core/Src/stm32g0xx_it.o
                              0xbf409 (size before relaxing)
 .debug_str     0x000cdc9e        0x0 ./Core/Src/system_stm32g0xx.o
                              0xb5b7d (size before relaxing)
 .debug_str     0x000cdc9e        0x0 ./Core/Src/tim.o
                              0xbf9db (size before relaxing)
 .debug_str     0x000cdc9e        0x0 ./Core/Src/usart.o
                              0xbf49e (size before relaxing)
 .debug_str     0x000cdc9e        0x0 ./Core/Startup/startup_stm32g0b1retx.o
                                 0x8c (size before relaxing)
 .debug_str     0x000cdc9e        0x0 ./Drivers/Bosch/BMI088/bmi08a.o
                               0x8800 (size before relaxing)
 .debug_str     0x000cdc9e        0x0 ./Drivers/Bosch/BMI088/bmi08g.o
                               0x8278 (size before relaxing)
 .debug_str     0x000cdc9e        0x0 ./Drivers/STM32G0xx_HAL_Driver/Src/stm32g0xx_hal.o
                              0xb6456 (size before relaxing)
 .debug_str     0x000cdc9e        0x0 ./Drivers/STM32G0xx_HAL_Driver/Src/stm32g0xx_hal_cortex.o
                              0xb608e (size before relaxing)
 .debug_str     0x000cdc9e        0x0 ./Drivers/STM32G0xx_HAL_Driver/Src/stm32g0xx_hal_dma.o
                              0xb602d (size before relaxing)
 .debug_str     0x000cdc9e        0x0 ./Drivers/STM32G0xx_HAL_Driver/Src/stm32g0xx_hal_gpio.o
                              0xb5ce0 (size before relaxing)
 .debug_str     0x000cdc9e        0x0 ./Drivers/STM32G0xx_HAL_Driver/Src/stm32g0xx_hal_pwr_ex.o
                              0xb60ff (size before relaxing)
 .debug_str     0x000cdc9e        0x0 ./Drivers/STM32G0xx_HAL_Driver/Src/stm32g0xx_hal_rcc.o
                              0xb6349 (size before relaxing)
 .debug_str     0x000cdc9e        0x0 ./Drivers/STM32G0xx_HAL_Driver/Src/stm32g0xx_hal_rcc_ex.o
                              0xb61d9 (size before relaxing)
 .debug_str     0x000cdc9e        0x0 ./Drivers/STM32G0xx_HAL_Driver/Src/stm32g0xx_hal_spi.o
                              0xb658a (size before relaxing)
 .debug_str     0x000cdc9e        0x0 ./Drivers/STM32G0xx_HAL_Driver/Src/stm32g0xx_hal_tim.o
                              0xb70e6 (size before relaxing)
 .debug_str     0x000cdc9e        0x0 ./Drivers/STM32G0xx_HAL_Driver/Src/stm32g0xx_hal_tim_ex.o
                              0xb6a74 (size before relaxing)
 .debug_str     0x000cdc9e        0x0 ./Drivers/STM32G0xx_HAL_Driver/Src/stm32g0xx_hal_uart.o
                              0xb6b68 (size before relaxing)
 .debug_str     0x000cdc9e        0x0 ./Drivers/STM32G0xx_HAL_Driver/Src/stm32g0xx_hal_uart_ex.o
                              0xb642e (size before relaxing)
 .debug_str     0x000cdc9e        0x0 ./Drivers/STM32G0xx_HAL_Driver/Src/stm32g0xx_ll_tim.o
                              0xbceb9 (size before relaxing)

.comment        0x00000000       0x43
 .comment       0x00000000       0x43 ./Core/Src/app_main.o
                                 0x44 (size before relaxing)
 .comment       0x00000043        0x0 ./Core/Src/dma.o
                                 0x44 (size before relaxing)
 .comment       0x00000043        0x0 ./Core/Src/driver_ins.o
                                 0x44 (size before relaxing)
 .comment       0x00000043        0x0 ./Core/Src/driver_motor.o
                                 0x44 (size before relaxing)
 .comment       0x00000043        0x0 ./Core/Src/driver_servo.o
                                 0x44 (size before relaxing)
 .comment       0x00000043        0x0 ./Core/Src/gpio.o
                                 0x44 (size before relaxing)
 .comment       0x00000043        0x0 ./Core/Src/main.o
                                 0x44 (size before relaxing)
 .comment       0x00000043        0x0 ./Core/Src/serial.o
                                 0x44 (size before relaxing)
 .comment       0x00000043        0x0 ./Core/Src/serial_cmd.o
                                 0x44 (size before relaxing)
 .comment       0x00000043        0x0 ./Core/Src/spi.o
                                 0x44 (size before relaxing)
 .comment       0x00000043        0x0 ./Core/Src/stm32g0xx_hal_msp.o
                                 0x44 (size before relaxing)
 .comment       0x00000043        0x0 ./Core/Src/stm32g0xx_it.o
                                 0x44 (size before relaxing)
 .comment       0x00000043        0x0 ./Core/Src/system_stm32g0xx.o
                                 0x44 (size before relaxing)
 .comment       0x00000043        0x0 ./Core/Src/tim.o
                                 0x44 (size before relaxing)
 .comment       0x00000043        0x0 ./Core/Src/usart.o
                                 0x44 (size before relaxing)
 .comment       0x00000043        0x0 ./Drivers/Bosch/BMI088/bmi08a.o
                                 0x44 (size before relaxing)
 .comment       0x00000043        0x0 ./Drivers/Bosch/BMI088/bmi08g.o
                                 0x44 (size before relaxing)
 .comment       0x00000043        0x0 ./Drivers/STM32G0xx_HAL_Driver/Src/stm32g0xx_hal.o
                                 0x44 (size before relaxing)
 .comment       0x00000043        0x0 ./Drivers/STM32G0xx_HAL_Driver/Src/stm32g0xx_hal_cortex.o
                                 0x44 (size before relaxing)
 .comment       0x00000043        0x0 ./Drivers/STM32G0xx_HAL_Driver/Src/stm32g0xx_hal_dma.o
                                 0x44 (size before relaxing)
 .comment       0x00000043        0x0 ./Drivers/STM32G0xx_HAL_Driver/Src/stm32g0xx_hal_gpio.o
                                 0x44 (size before relaxing)
 .comment       0x00000043        0x0 ./Drivers/STM32G0xx_HAL_Driver/Src/stm32g0xx_hal_pwr_ex.o
                                 0x44 (size before relaxing)
 .comment       0x00000043        0x0 ./Drivers/STM32G0xx_HAL_Driver/Src/stm32g0xx_hal_rcc.o
                                 0x44 (size before relaxing)
 .comment       0x00000043        0x0 ./Drivers/STM32G0xx_HAL_Driver/Src/stm32g0xx_hal_rcc_ex.o
                                 0x44 (size before relaxing)
 .comment       0x00000043        0x0 ./Drivers/STM32G0xx_HAL_Driver/Src/stm32g0xx_hal_spi.o
                                 0x44 (size before relaxing)
 .comment       0x00000043        0x0 ./Drivers/STM32G0xx_HAL_Driver/Src/stm32g0xx_hal_tim.o
                                 0x44 (size before relaxing)
 .comment       0x00000043        0x0 ./Drivers/STM32G0xx_HAL_Driver/Src/stm32g0xx_hal_tim_ex.o
                                 0x44 (size before relaxing)
 .comment       0x00000043        0x0 ./Drivers/STM32G0xx_HAL_Driver/Src/stm32g0xx_hal_uart.o
                                 0x44 (size before relaxing)
 .comment       0x00000043        0x0 ./Drivers/STM32G0xx_HAL_Driver/Src/stm32g0xx_hal_uart_ex.o
                                 0x44 (size before relaxing)
 .comment       0x00000043        0x0 ./Drivers/STM32G0xx_HAL_Driver/Src/stm32g0xx_ll_tim.o
                                 0x44 (size before relaxing)

.debug_frame    0x00000000     0x5800
 .debug_frame   0x00000000      0x104 ./Core/Src/app_main.o
 .debug_frame   0x00000104       0x30 ./Core/Src/dma.o
 .debug_frame   0x00000134      0x180 ./Core/Src/driver_ins.o
 .debug_frame   0x000002b4      0x114 ./Core/Src/driver_motor.o
 .debug_frame   0x000003c8       0xf8 ./Core/Src/driver_servo.o
 .debug_frame   0x000004c0       0x30 ./Core/Src/gpio.o
 .debug_frame   0x000004f0       0x68 ./Core/Src/main.o
 .debug_frame   0x00000558      0x25c ./Core/Src/serial.o
 .debug_frame   0x000007b4      0x118 ./Core/Src/serial_cmd.o
 .debug_frame   0x000008cc       0x6c ./Core/Src/spi.o
 .debug_frame   0x00000938       0x30 ./Core/Src/stm32g0xx_hal_msp.o
 .debug_frame   0x00000968      0x128 ./Core/Src/stm32g0xx_it.o
 .debug_frame   0x00000a90       0x4c ./Core/Src/system_stm32g0xx.o
 .debug_frame   0x00000adc      0x210 ./Core/Src/tim.o
 .debug_frame   0x00000cec       0x6c ./Core/Src/usart.o
 .debug_frame   0x00000d58      0x61c ./Drivers/Bosch/BMI088/bmi08a.o
 .debug_frame   0x00001374      0x450 ./Drivers/Bosch/BMI088/bmi08g.o
 .debug_frame   0x000017c4      0x41c ./Drivers/STM32G0xx_HAL_Driver/Src/stm32g0xx_hal.o
 .debug_frame   0x00001be0      0x33c ./Drivers/STM32G0xx_HAL_Driver/Src/stm32g0xx_hal_cortex.o
 .debug_frame   0x00001f1c      0x1f0 ./Drivers/STM32G0xx_HAL_Driver/Src/stm32g0xx_hal_dma.o
 .debug_frame   0x0000210c      0x130 ./Drivers/STM32G0xx_HAL_Driver/Src/stm32g0xx_hal_gpio.o
 .debug_frame   0x0000223c      0x3f4 ./Drivers/STM32G0xx_HAL_Driver/Src/stm32g0xx_hal_pwr_ex.o
 .debug_frame   0x00002630      0x214 ./Drivers/STM32G0xx_HAL_Driver/Src/stm32g0xx_hal_rcc.o
 .debug_frame   0x00002844      0x1c0 ./Drivers/STM32G0xx_HAL_Driver/Src/stm32g0xx_hal_rcc_ex.o
 .debug_frame   0x00002a04      0x710 ./Drivers/STM32G0xx_HAL_Driver/Src/stm32g0xx_hal_spi.o
 .debug_frame   0x00003114      0xf40 ./Drivers/STM32G0xx_HAL_Driver/Src/stm32g0xx_hal_tim.o
 .debug_frame   0x00004054      0x620 ./Drivers/STM32G0xx_HAL_Driver/Src/stm32g0xx_hal_tim_ex.o
 .debug_frame   0x00004674      0x8d8 ./Drivers/STM32G0xx_HAL_Driver/Src/stm32g0xx_hal_uart.o
 .debug_frame   0x00004f4c      0x258 ./Drivers/STM32G0xx_HAL_Driver/Src/stm32g0xx_hal_uart_ex.o
 .debug_frame   0x000051a4      0x4d0 ./Drivers/STM32G0xx_HAL_Driver/Src/stm32g0xx_ll_tim.o
 .debug_frame   0x00005674       0x20 /opt/st/stm32cubeide_2.0.0/plugins/com.st.stm32cube.ide.mcu.externaltools.gnu-tools-for-stm32.13.3.rel1.linux64_1.0.100.202509120712/tools/bin/../lib/gcc/arm-none-eabi/13.3.1/../../../../arm-none-eabi/lib/thumb/v6-m/nofp/libc_nano.a(libc_a-memset.o)