[0.148s] DEBUG:colcon:Command line arguments: ['/usr/bin/colcon', 'build']
[0.148s] DEBUG:colcon:Parsed command line arguments: Namespace(log_base=None, log_level=None, verb_name='build', build_base='build', install_base='install', merge_install=False, symlink_install=False, test_result_base=None, continue_on_error=False, executor='parallel', parallel_workers=4, event_handlers=None, ignore_user_meta=False, metas=['./colcon.meta'], base_paths=['.'], packages_ignore=None, packages_ignore_regex=None, paths=None, packages_up_to=None, packages_up_to_regex=None, packages_above=None, packages_above_and_dependencies=None, packages_above_depth=None, packages_select_by_dep=None, packages_skip_by_dep=None, packages_skip_up_to=None, packages_select_build_failed=False, packages_skip_build_finished=False, packages_select_test_failures=False, packages_skip_test_passed=False, packages_select=None, packages_skip=None, packages_select_regex=None, packages_skip_regex=None, packages_start=None, packages_end=None, allow_overriding=[], cmake_args=None, cmake_target=None, cmake_target_skip_unavailable=False, cmake_clean_cache=False, cmake_clean_first=False, cmake_force_configure=False, ament_cmake_args=None, catkin_cmake_args=None, catkin_skip_building_tests=False, mixin_files=None, mixin=None, verb_parser=<colcon_mixin.mixin.mixin_argument.MixinArgumentDecorator object at 0xffff9ad95b80>, verb_extension=<colcon_core.verb.build.BuildVerb object at 0xffff9ad1f710>, main=<bound method BuildVerb.main of <colcon_core.verb.build.BuildVerb object at 0xffff9ad1f710>>, mixin_verb=('build',))
[0.204s] Level 1:colcon.colcon_core.package_discovery:discover_packages(colcon_meta) check parameters
[0.204s] Level 1:colcon.colcon_core.package_discovery:discover_packages(recursive) check parameters
[0.204s] Level 1:colcon.colcon_core.package_discovery:discover_packages(ignore) check parameters
[0.204s] Level 1:colcon.colcon_core.package_discovery:discover_packages(path) check parameters
[0.204s] Level 1:colcon.colcon_core.package_discovery:discover_packages(colcon_meta) discover
[0.204s] Level 1:colcon.colcon_core.package_discovery:discover_packages(recursive) discover
[0.204s] INFO:colcon.colcon_core.package_discovery:Crawling recursively for packages in '/home/spinetti/ros2_ws/src'
[0.204s] Level 1:colcon.colcon_core.package_identification:_identify(.) by extensions ['ignore', 'ignore_ament_install']
[0.204s] Level 1:colcon.colcon_core.package_identification:_identify(.) by extension 'ignore'
[0.204s] Level 1:colcon.colcon_core.package_identification:_identify(.) by extension 'ignore_ament_install'
[0.204s] Level 1:colcon.colcon_core.package_identification:_identify(.) by extensions ['colcon_pkg']
[0.204s] Level 1:colcon.colcon_core.package_identification:_identify(.) by extension 'colcon_pkg'
[0.205s] Level 1:colcon.colcon_core.package_identification:_identify(.) by extensions ['colcon_meta']
[0.205s] Level 1:colcon.colcon_core.package_identification:_identify(.) by extension 'colcon_meta'
[0.205s] Level 1:colcon.colcon_core.package_identification:_identify(.) by extensions ['ros']
[0.205s] Level 1:colcon.colcon_core.package_identification:_identify(.) by extension 'ros'
[0.242s] Level 1:colcon.colcon_core.package_identification:_identify(.) by extensions ['cmake', 'python']
[0.242s] Level 1:colcon.colcon_core.package_identification:_identify(.) by extension 'cmake'
[0.242s] Level 1:colcon.colcon_core.package_identification:_identify(.) by extension 'python'
[0.242s] Level 1:colcon.colcon_core.package_identification:_identify(.) by extensions ['python_setup_py']
[0.242s] Level 1:colcon.colcon_core.package_identification:_identify(.) by extension 'python_setup_py'
[0.242s] Level 1:colcon.colcon_core.package_identification:_identify(build) by extensions ['ignore', 'ignore_ament_install']
[0.243s] Level 1:colcon.colcon_core.package_identification:_identify(build) by extension 'ignore'
[0.243s] Level 1:colcon.colcon_core.package_identification:_identify(build) ignored
[0.243s] Level 1:colcon.colcon_core.package_identification:_identify(install) by extensions ['ignore', 'ignore_ament_install']
[0.243s] Level 1:colcon.colcon_core.package_identification:_identify(install) by extension 'ignore'
[0.243s] Level 1:colcon.colcon_core.package_identification:_identify(install) ignored
[0.243s] Level 1:colcon.colcon_core.package_identification:_identify(ldlidar_stl_ros2) by extensions ['ignore', 'ignore_ament_install']
[0.243s] Level 1:colcon.colcon_core.package_identification:_identify(ldlidar_stl_ros2) by extension 'ignore'
[0.243s] Level 1:colcon.colcon_core.package_identification:_identify(ldlidar_stl_ros2) by extension 'ignore_ament_install'
[0.243s] Level 1:colcon.colcon_core.package_identification:_identify(ldlidar_stl_ros2) by extensions ['colcon_pkg']
[0.243s] Level 1:colcon.colcon_core.package_identification:_identify(ldlidar_stl_ros2) by extension 'colcon_pkg'
[0.243s] Level 1:colcon.colcon_core.package_identification:_identify(ldlidar_stl_ros2) by extensions ['colcon_meta']
[0.243s] Level 1:colcon.colcon_core.package_identification:_identify(ldlidar_stl_ros2) by extension 'colcon_meta'
[0.243s] Level 1:colcon.colcon_core.package_identification:_identify(ldlidar_stl_ros2) by extensions ['ros']
[0.244s] Level 1:colcon.colcon_core.package_identification:_identify(ldlidar_stl_ros2) by extension 'ros'
[0.247s] DEBUG:colcon.colcon_core.package_identification:Package 'ldlidar_stl_ros2' with type 'ros.ament_cmake' and name 'ldlidar_stl_ros2'
[0.247s] Level 1:colcon.colcon_core.package_identification:_identify(log) by extensions ['ignore', 'ignore_ament_install']
[0.247s] Level 1:colcon.colcon_core.package_identification:_identify(log) by extension 'ignore'
[0.247s] Level 1:colcon.colcon_core.package_identification:_identify(log) ignored
[0.247s] Level 1:colcon.colcon_core.package_identification:_identify(spinetti_bringup) by extensions ['ignore', 'ignore_ament_install']
[0.247s] Level 1:colcon.colcon_core.package_identification:_identify(spinetti_bringup) by extension 'ignore'
[0.247s] Level 1:colcon.colcon_core.package_identification:_identify(spinetti_bringup) by extension 'ignore_ament_install'
[0.247s] Level 1:colcon.colcon_core.package_identification:_identify(spinetti_bringup) by extensions ['colcon_pkg']
[0.247s] Level 1:colcon.colcon_core.package_identification:_identify(spinetti_bringup) by extension 'colcon_pkg'
[0.247s] Level 1:colcon.colcon_core.package_identification:_identify(spinetti_bringup) by extensions ['colcon_meta']
[0.248s] Level 1:colcon.colcon_core.package_identification:_identify(spinetti_bringup) by extension 'colcon_meta'
[0.248s] Level 1:colcon.colcon_core.package_identification:_identify(spinetti_bringup) by extensions ['ros']
[0.248s] Level 1:colcon.colcon_core.package_identification:_identify(spinetti_bringup) by extension 'ros'
[0.248s] DEBUG:colcon.colcon_core.package_identification:Package 'spinetti_bringup' with type 'ros.ament_python' and name 'spinetti_bringup'
[0.249s] Level 1:colcon.colcon_core.package_identification:_identify(stm32_bot) by extensions ['ignore', 'ignore_ament_install']
[0.249s] Level 1:colcon.colcon_core.package_identification:_identify(stm32_bot) by extension 'ignore'
[0.249s] Level 1:colcon.colcon_core.package_identification:_identify(stm32_bot) by extension 'ignore_ament_install'
[0.249s] Level 1:colcon.colcon_core.package_identification:_identify(stm32_bot) by extensions ['colcon_pkg']
[0.249s] Level 1:colcon.colcon_core.package_identification:_identify(stm32_bot) by extension 'colcon_pkg'
[0.249s] Level 1:colcon.colcon_core.package_identification:_identify(stm32_bot) by extensions ['colcon_meta']
[0.249s] Level 1:colcon.colcon_core.package_identification:_identify(stm32_bot) by extension 'colcon_meta'
[0.249s] Level 1:colcon.colcon_core.package_identification:_identify(stm32_bot) by extensions ['ros']
[0.249s] Level 1:colcon.colcon_core.package_identification:_identify(stm32_bot) by extension 'ros'
[0.250s] DEBUG:colcon.colcon_core.package_identification:Package 'stm32_bot' with type 'ros.ament_python' and name 'stm32_bot'
[0.250s] Level 1:colcon.colcon_core.package_identification:_identify(tm210_driver) by extensions ['ignore', 'ignore_ament_install']
[0.250s] Level 1:colcon.colcon_core.package_identification:_identify(tm210_driver) by extension 'ignore'
[0.250s] Level 1:colcon.colcon_core.package_identification:_identify(tm210_driver) by extension 'ignore_ament_install'
[0.250s] Level 1:colcon.colcon_core.package_identification:_identify(tm210_driver) by extensions ['colcon_pkg']
[0.250s] Level 1:colcon.colcon_core.package_identification:_identify(tm210_driver) by extension 'colcon_pkg'
[0.250s] Level 1:colcon.colcon_core.package_identification:_identify(tm210_driver) by extensions ['colcon_meta']
[0.250s] Level 1:colcon.colcon_core.package_identification:_identify(tm210_driver) by extension 'colcon_meta'
[0.250s] Level 1:colcon.colcon_core.package_identification:_identify(tm210_driver) by extensions ['ros']
[0.250s] Level 1:colcon.colcon_core.package_identification:_identify(tm210_driver) by extension 'ros'
[0.251s] DEBUG:colcon.colcon_core.package_identification:Package 'tm210_driver' with type 'ros.ament_cmake' and name 'tm_imu'
[0.251s] Level 1:colcon.colcon_core.package_discovery:discover_packages(recursive) using defaults
[0.251s] Level 1:colcon.colcon_core.package_discovery:discover_packages(ignore) discover
[0.251s] Level 1:colcon.colcon_core.package_discovery:discover_packages(ignore) using defaults
[0.252s] Level 1:colcon.colcon_core.package_discovery:discover_packages(path) discover
[0.252s] Level 1:colcon.colcon_core.package_discovery:discover_packages(path) using defaults
[0.275s] Level 1:colcon.colcon_core.package_discovery:discover_packages(prefix_path) check parameters
[0.275s] Level 1:colcon.colcon_core.package_discovery:discover_packages(prefix_path) discover
[0.278s] DEBUG:colcon.colcon_installed_package_information.package_discovery:Found 4 installed packages in /home/spinetti/ros2_ws/install
[0.278s] DEBUG:colcon.colcon_installed_package_information.package_discovery:Found 1 installed packages in /home/spinetti/install
[0.281s] DEBUG:colcon.colcon_installed_package_information.package_discovery:Found 388 installed packages in /opt/ros/jazzy
[0.284s] Level 1:colcon.colcon_core.package_discovery:discover_packages(prefix_path) using defaults
[0.358s] Level 5:colcon.colcon_core.verb:set package 'ldlidar_stl_ros2' build argument 'cmake_args' from command line to 'None'
[0.358s] Level 5:colcon.colcon_core.verb:set package 'ldlidar_stl_ros2' build argument 'cmake_target' from command line to 'None'
[0.358s] Level 5:colcon.colcon_core.verb:set package 'ldlidar_stl_ros2' build argument 'cmake_target_skip_unavailable' from command line to 'False'
[0.358s] Level 5:colcon.colcon_core.verb:set package 'ldlidar_stl_ros2' build argument 'cmake_clean_cache' from command line to 'False'
[0.358s] Level 5:colcon.colcon_core.verb:set package 'ldlidar_stl_ros2' build argument 'cmake_clean_first' from command line to 'False'
[0.358s] Level 5:colcon.colcon_core.verb:set package 'ldlidar_stl_ros2' build argument 'cmake_force_configure' from command line to 'False'
[0.358s] Level 5:colcon.colcon_core.verb:set package 'ldlidar_stl_ros2' build argument 'ament_cmake_args' from command line to 'None'
[0.358s] Level 5:colcon.colcon_core.verb:set package 'ldlidar_stl_ros2' build argument 'catkin_cmake_args' from command line to 'None'
[0.358s] Level 5:colcon.colcon_core.verb:set package 'ldlidar_stl_ros2' build argument 'catkin_skip_building_tests' from command line to 'False'
[0.358s] DEBUG:colcon.colcon_core.verb:Building package 'ldlidar_stl_ros2' with the following arguments: {'ament_cmake_args': None, 'build_base': '/home/spinetti/ros2_ws/src/build/ldlidar_stl_ros2', 'catkin_cmake_args': None, 'catkin_skip_building_tests': False, 'cmake_args': None, 'cmake_clean_cache': False, 'cmake_clean_first': False, 'cmake_force_configure': False, 'cmake_target': None, 'cmake_target_skip_unavailable': False, 'install_base': '/home/spinetti/ros2_ws/src/install/ldlidar_stl_ros2', 'merge_install': False, 'path': '/home/spinetti/ros2_ws/src/ldlidar_stl_ros2', 'symlink_install': False, 'test_result_base': None}
[0.359s] Level 5:colcon.colcon_core.verb:set package 'spinetti_bringup' build argument 'cmake_args' from command line to 'None'
[0.359s] Level 5:colcon.colcon_core.verb:set package 'spinetti_bringup' build argument 'cmake_target' from command line to 'None'
[0.359s] Level 5:colcon.colcon_core.verb:set package 'spinetti_bringup' build argument 'cmake_target_skip_unavailable' from command line to 'False'
[0.359s] Level 5:colcon.colcon_core.verb:set package 'spinetti_bringup' build argument 'cmake_clean_cache' from command line to 'False'
[0.359s] Level 5:colcon.colcon_core.verb:set package 'spinetti_bringup' build argument 'cmake_clean_first' from command line to 'False'
[0.359s] Level 5:colcon.colcon_core.verb:set package 'spinetti_bringup' build argument 'cmake_force_configure' from command line to 'False'
[0.359s] Level 5:colcon.colcon_core.verb:set package 'spinetti_bringup' build argument 'ament_cmake_args' from command line to 'None'
[0.359s] Level 5:colcon.colcon_core.verb:set package 'spinetti_bringup' build argument 'catkin_cmake_args' from command line to 'None'
[0.359s] Level 5:colcon.colcon_core.verb:set package 'spinetti_bringup' build argument 'catkin_skip_building_tests' from command line to 'False'
[0.359s] DEBUG:colcon.colcon_core.verb:Building package 'spinetti_bringup' with the following arguments: {'ament_cmake_args': None, 'build_base': '/home/spinetti/ros2_ws/src/build/spinetti_bringup', 'catkin_cmake_args': None, 'catkin_skip_building_tests': False, 'cmake_args': None, 'cmake_clean_cache': False, 'cmake_clean_first': False, 'cmake_force_configure': False, 'cmake_target': None, 'cmake_target_skip_unavailable': False, 'install_base': '/home/spinetti/ros2_ws/src/install/spinetti_bringup', 'merge_install': False, 'path': '/home/spinetti/ros2_ws/src/spinetti_bringup', 'symlink_install': False, 'test_result_base': None}
[0.359s] Level 5:colcon.colcon_core.verb:set package 'stm32_bot' build argument 'cmake_args' from command line to 'None'
[0.359s] Level 5:colcon.colcon_core.verb:set package 'stm32_bot' build argument 'cmake_target' from command line to 'None'
[0.359s] Level 5:colcon.colcon_core.verb:set package 'stm32_bot' build argument 'cmake_target_skip_unavailable' from command line to 'False'
[0.359s] Level 5:colcon.colcon_core.verb:set package 'stm32_bot' build argument 'cmake_clean_cache' from command line to 'False'
[0.359s] Level 5:colcon.colcon_core.verb:set package 'stm32_bot' build argument 'cmake_clean_first' from command line to 'False'
[0.359s] Level 5:colcon.colcon_core.verb:set package 'stm32_bot' build argument 'cmake_force_configure' from command line to 'False'
[0.359s] Level 5:colcon.colcon_core.verb:set package 'stm32_bot' build argument 'ament_cmake_args' from command line to 'None'
[0.359s] Level 5:colcon.colcon_core.verb:set package 'stm32_bot' build argument 'catkin_cmake_args' from command line to 'None'
[0.359s] Level 5:colcon.colcon_core.verb:set package 'stm32_bot' build argument 'catkin_skip_building_tests' from command line to 'False'
[0.359s] DEBUG:colcon.colcon_core.verb:Building package 'stm32_bot' with the following arguments: {'ament_cmake_args': None, 'build_base': '/home/spinetti/ros2_ws/src/build/stm32_bot', 'catkin_cmake_args': None, 'catkin_skip_building_tests': False, 'cmake_args': None, 'cmake_clean_cache': False, 'cmake_clean_first': False, 'cmake_force_configure': False, 'cmake_target': None, 'cmake_target_skip_unavailable': False, 'install_base': '/home/spinetti/ros2_ws/src/install/stm32_bot', 'merge_install': False, 'path': '/home/spinetti/ros2_ws/src/stm32_bot', 'symlink_install': False, 'test_result_base': None}
[0.360s] Level 5:colcon.colcon_core.verb:set package 'tm_imu' build argument 'cmake_args' from command line to 'None'
[0.360s] Level 5:colcon.colcon_core.verb:set package 'tm_imu' build argument 'cmake_target' from command line to 'None'
[0.360s] Level 5:colcon.colcon_core.verb:set package 'tm_imu' build argument 'cmake_target_skip_unavailable' from command line to 'False'
[0.360s] Level 5:colcon.colcon_core.verb:set package 'tm_imu' build argument 'cmake_clean_cache' from command line to 'False'
[0.360s] Level 5:colcon.colcon_core.verb:set package 'tm_imu' build argument 'cmake_clean_first' from command line to 'False'
[0.360s] Level 5:colcon.colcon_core.verb:set package 'tm_imu' build argument 'cmake_force_configure' from command line to 'False'
[0.360s] Level 5:colcon.colcon_core.verb:set package 'tm_imu' build argument 'ament_cmake_args' from command line to 'None'
[0.360s] Level 5:colcon.colcon_core.verb:set package 'tm_imu' build argument 'catkin_cmake_args' from command line to 'None'
[0.360s] Level 5:colcon.colcon_core.verb:set package 'tm_imu' build argument 'catkin_skip_building_tests' from command line to 'False'
[0.360s] DEBUG:colcon.colcon_core.verb:Building package 'tm_imu' with the following arguments: {'ament_cmake_args': None, 'build_base': '/home/spinetti/ros2_ws/src/build/tm_imu', 'catkin_cmake_args': None, 'catkin_skip_building_tests': False, 'cmake_args': None, 'cmake_clean_cache': False, 'cmake_clean_first': False, 'cmake_force_configure': False, 'cmake_target': None, 'cmake_target_skip_unavailable': False, 'install_base': '/home/spinetti/ros2_ws/src/install/tm_imu', 'merge_install': False, 'path': '/home/spinetti/ros2_ws/src/tm210_driver', 'symlink_install': False, 'test_result_base': None}
[0.360s] INFO:colcon.colcon_core.executor:Executing jobs using 'parallel' executor
[0.361s] DEBUG:colcon.colcon_parallel_executor.executor.parallel:run_until_complete
[0.362s] INFO:colcon.colcon_ros.task.ament_cmake.build:Building ROS package in '/home/spinetti/ros2_ws/src/ldlidar_stl_ros2' with build type 'ament_cmake'
[0.362s] INFO:colcon.colcon_cmake.task.cmake.build:Building CMake package in '/home/spinetti/ros2_ws/src/ldlidar_stl_ros2'
[0.366s] INFO:colcon.colcon_core.plugin_system:Skipping extension 'colcon_core.shell.bat': Not used on non-Windows systems
[0.367s] INFO:colcon.colcon_core.shell:Skip shell extension 'powershell' for command environment: Not usable outside of PowerShell
[0.367s] DEBUG:colcon.colcon_core.shell:Skip shell extension 'dsv' for command environment
[0.375s] INFO:colcon.colcon_ros.task.ament_python.build:Building ROS package in '/home/spinetti/ros2_ws/src/spinetti_bringup' with build type 'ament_python'
[0.375s] Level 1:colcon.colcon_core.shell:create_environment_hook('spinetti_bringup', 'ament_prefix_path')
[0.376s] INFO:colcon.colcon_core.shell:Creating environment hook '/home/spinetti/ros2_ws/src/install/spinetti_bringup/share/spinetti_bringup/hook/ament_prefix_path.ps1'
[0.377s] INFO:colcon.colcon_core.shell:Creating environment descriptor '/home/spinetti/ros2_ws/src/install/spinetti_bringup/share/spinetti_bringup/hook/ament_prefix_path.dsv'
[0.378s] INFO:colcon.colcon_core.shell:Creating environment hook '/home/spinetti/ros2_ws/src/install/spinetti_bringup/share/spinetti_bringup/hook/ament_prefix_path.sh'
[0.379s] INFO:colcon.colcon_core.shell:Skip shell extension 'powershell' for command environment: Not usable outside of PowerShell
[0.379s] DEBUG:colcon.colcon_core.shell:Skip shell extension 'dsv' for command environment
[0.385s] INFO:colcon.colcon_ros.task.ament_python.build:Building ROS package in '/home/spinetti/ros2_ws/src/stm32_bot' with build type 'ament_python'
[0.385s] Level 1:colcon.colcon_core.shell:create_environment_hook('stm32_bot', 'ament_prefix_path')
[0.385s] INFO:colcon.colcon_core.shell:Creating environment hook '/home/spinetti/ros2_ws/src/install/stm32_bot/share/stm32_bot/hook/ament_prefix_path.ps1'
[0.387s] INFO:colcon.colcon_core.shell:Creating environment descriptor '/home/spinetti/ros2_ws/src/install/stm32_bot/share/stm32_bot/hook/ament_prefix_path.dsv'
[0.387s] INFO:colcon.colcon_core.shell:Creating environment hook '/home/spinetti/ros2_ws/src/install/stm32_bot/share/stm32_bot/hook/ament_prefix_path.sh'
[0.388s] INFO:colcon.colcon_core.shell:Skip shell extension 'powershell' for command environment: Not usable outside of PowerShell
[0.389s] DEBUG:colcon.colcon_core.shell:Skip shell extension 'dsv' for command environment
[0.398s] INFO:colcon.colcon_ros.task.ament_cmake.build:Building ROS package in '/home/spinetti/ros2_ws/src/tm210_driver' with build type 'ament_cmake'
[0.399s] INFO:colcon.colcon_cmake.task.cmake.build:Building CMake package in '/home/spinetti/ros2_ws/src/tm210_driver'
[0.400s] INFO:colcon.colcon_core.shell:Skip shell extension 'powershell' for command environment: Not usable outside of PowerShell
[0.401s] DEBUG:colcon.colcon_core.shell:Skip shell extension 'dsv' for command environment
[0.424s] DEBUG:colcon.colcon_core.event_handler.log_command:Invoking command in '/home/spinetti/ros2_ws/src/build/ldlidar_stl_ros2': CMAKE_PREFIX_PATH=${CMAKE_PREFIX_PATH}:/home/spinetti/ros2_ws/install/stm32_bot:/home/spinetti/ros2_ws/install/spinetti_bringup:/home/spinetti/install/stm32_bot:/opt/ros/jazzy DEBUGINFOD_URLS=https://debuginfod.ubuntu.com /usr/bin/cmake --build /home/spinetti/ros2_ws/src/build/ldlidar_stl_ros2 -- -j4 -l4
[0.823s] INFO:colcon.colcon_core.task.python.build:Building Python package in '/home/spinetti/ros2_ws/src/spinetti_bringup'
[0.824s] INFO:colcon.colcon_core.shell:Skip shell extension 'powershell' for command environment: Not usable outside of PowerShell
[0.824s] DEBUG:colcon.colcon_core.shell:Skip shell extension 'dsv' for command environment
[1.168s] INFO:colcon.colcon_core.task.python.build:Building Python package in '/home/spinetti/ros2_ws/src/stm32_bot'
[1.169s] INFO:colcon.colcon_core.shell:Skip shell extension 'powershell' for command environment: Not usable outside of PowerShell
[1.170s] DEBUG:colcon.colcon_core.shell:Skip shell extension 'dsv' for command environment
[1.180s] DEBUG:colcon.colcon_core.event_handler.log_command:Invoked command in '/home/spinetti/ros2_ws/src/build/ldlidar_stl_ros2' returned '0': CMAKE_PREFIX_PATH=${CMAKE_PREFIX_PATH}:/home/spinetti/ros2_ws/install/stm32_bot:/home/spinetti/ros2_ws/install/spinetti_bringup:/home/spinetti/install/stm32_bot:/opt/ros/jazzy DEBUGINFOD_URLS=https://debuginfod.ubuntu.com /usr/bin/cmake --build /home/spinetti/ros2_ws/src/build/ldlidar_stl_ros2 -- -j4 -l4
[1.201s] DEBUG:colcon.colcon_core.event_handler.log_command:Invoking command in '/home/spinetti/ros2_ws/src/build/ldlidar_stl_ros2': CMAKE_PREFIX_PATH=${CMAKE_PREFIX_PATH}:/home/spinetti/ros2_ws/install/stm32_bot:/home/spinetti/ros2_ws/install/spinetti_bringup:/home/spinetti/install/stm32_bot:/opt/ros/jazzy DEBUGINFOD_URLS=https://debuginfod.ubuntu.com /usr/bin/cmake --install /home/spinetti/ros2_ws/src/build/ldlidar_stl_ros2
[1.205s] DEBUG:colcon.colcon_core.event_handler.log_command:Invoking command in '/home/spinetti/ros2_ws/src/build/tm_imu': CMAKE_PREFIX_PATH=${CMAKE_PREFIX_PATH}:/home/spinetti/ros2_ws/install/stm32_bot:/home/spinetti/ros2_ws/install/spinetti_bringup:/home/spinetti/install/stm32_bot:/opt/ros/jazzy DEBUGINFOD_URLS=https://debuginfod.ubuntu.com /usr/bin/cmake --build /home/spinetti/ros2_ws/src/build/tm_imu -- -j4 -l4
[1.233s] Level 1:colcon.colcon_core.environment:create_environment_scripts_only(ldlidar_stl_ros2)
[1.234s] DEBUG:colcon.colcon_core.event_handler.log_command:Invoked command in '/home/spinetti/ros2_ws/src/build/ldlidar_stl_ros2' returned '0': CMAKE_PREFIX_PATH=${CMAKE_PREFIX_PATH}:/home/spinetti/ros2_ws/install/stm32_bot:/home/spinetti/ros2_ws/install/spinetti_bringup:/home/spinetti/install/stm32_bot:/opt/ros/jazzy DEBUGINFOD_URLS=https://debuginfod.ubuntu.com /usr/bin/cmake --install /home/spinetti/ros2_ws/src/build/ldlidar_stl_ros2
[1.238s] Level 1:colcon.colcon_core.environment:checking '/home/spinetti/ros2_ws/src/install/ldlidar_stl_ros2' for CMake module files
[1.242s] Level 1:colcon.colcon_core.environment:checking '/home/spinetti/ros2_ws/src/install/ldlidar_stl_ros2' for CMake config files
[1.243s] Level 1:colcon.colcon_core.shell:create_environment_hook('ldlidar_stl_ros2', 'cmake_prefix_path')
[1.243s] INFO:colcon.colcon_core.shell:Creating environment hook '/home/spinetti/ros2_ws/src/install/ldlidar_stl_ros2/share/ldlidar_stl_ros2/hook/cmake_prefix_path.ps1'
[1.244s] INFO:colcon.colcon_core.shell:Creating environment descriptor '/home/spinetti/ros2_ws/src/install/ldlidar_stl_ros2/share/ldlidar_stl_ros2/hook/cmake_prefix_path.dsv'
[1.245s] INFO:colcon.colcon_core.shell:Creating environment hook '/home/spinetti/ros2_ws/src/install/ldlidar_stl_ros2/share/ldlidar_stl_ros2/hook/cmake_prefix_path.sh'
[1.247s] Level 1:colcon.colcon_core.environment:checking '/home/spinetti/ros2_ws/src/install/ldlidar_stl_ros2/lib'
[1.247s] Level 1:colcon.colcon_core.environment:checking '/home/spinetti/ros2_ws/src/install/ldlidar_stl_ros2/bin'
[1.247s] Level 1:colcon.colcon_core.environment:checking '/home/spinetti/ros2_ws/src/install/ldlidar_stl_ros2/lib/pkgconfig/ldlidar_stl_ros2.pc'
[1.248s] Level 1:colcon.colcon_core.environment:checking '/home/spinetti/ros2_ws/src/install/ldlidar_stl_ros2/lib/python3.12/site-packages'
[1.248s] Level 1:colcon.colcon_core.environment:checking '/home/spinetti/ros2_ws/src/install/ldlidar_stl_ros2/bin'
[1.249s] INFO:colcon.colcon_core.shell:Creating package script '/home/spinetti/ros2_ws/src/install/ldlidar_stl_ros2/share/ldlidar_stl_ros2/package.ps1'
[1.250s] INFO:colcon.colcon_core.shell:Creating package descriptor '/home/spinetti/ros2_ws/src/install/ldlidar_stl_ros2/share/ldlidar_stl_ros2/package.dsv'
[1.251s] INFO:colcon.colcon_core.shell:Creating package script '/home/spinetti/ros2_ws/src/install/ldlidar_stl_ros2/share/ldlidar_stl_ros2/package.sh'
[1.252s] INFO:colcon.colcon_core.shell:Creating package script '/home/spinetti/ros2_ws/src/install/ldlidar_stl_ros2/share/ldlidar_stl_ros2/package.bash'
[1.253s] INFO:colcon.colcon_core.shell:Creating package script '/home/spinetti/ros2_ws/src/install/ldlidar_stl_ros2/share/ldlidar_stl_ros2/package.zsh'
[1.255s] Level 1:colcon.colcon_core.environment:create_file_with_runtime_dependencies(/home/spinetti/ros2_ws/src/install/ldlidar_stl_ros2/share/colcon-core/packages/ldlidar_stl_ros2)
[1.256s] Level 1:colcon.colcon_core.environment:create_environment_scripts_only(ldlidar_stl_ros2)
[1.257s] Level 1:colcon.colcon_core.environment:checking '/home/spinetti/ros2_ws/src/install/ldlidar_stl_ros2' for CMake module files
[1.258s] Level 1:colcon.colcon_core.environment:checking '/home/spinetti/ros2_ws/src/install/ldlidar_stl_ros2' for CMake config files
[1.259s] Level 1:colcon.colcon_core.shell:create_environment_hook('ldlidar_stl_ros2', 'cmake_prefix_path')
[1.259s] INFO:colcon.colcon_core.shell:Creating environment hook '/home/spinetti/ros2_ws/src/install/ldlidar_stl_ros2/share/ldlidar_stl_ros2/hook/cmake_prefix_path.ps1'
[1.260s] INFO:colcon.colcon_core.shell:Creating environment descriptor '/home/spinetti/ros2_ws/src/install/ldlidar_stl_ros2/share/ldlidar_stl_ros2/hook/cmake_prefix_path.dsv'
[1.261s] INFO:colcon.colcon_core.shell:Creating environment hook '/home/spinetti/ros2_ws/src/install/ldlidar_stl_ros2/share/ldlidar_stl_ros2/hook/cmake_prefix_path.sh'
[1.262s] Level 1:colcon.colcon_core.environment:checking '/home/spinetti/ros2_ws/src/install/ldlidar_stl_ros2/lib'
[1.262s] Level 1:colcon.colcon_core.environment:checking '/home/spinetti/ros2_ws/src/install/ldlidar_stl_ros2/bin'
[1.262s] Level 1:colcon.colcon_core.environment:checking '/home/spinetti/ros2_ws/src/install/ldlidar_stl_ros2/lib/pkgconfig/ldlidar_stl_ros2.pc'
[1.263s] Level 1:colcon.colcon_core.environment:checking '/home/spinetti/ros2_ws/src/install/ldlidar_stl_ros2/lib/python3.12/site-packages'
[1.263s] Level 1:colcon.colcon_core.environment:checking '/home/spinetti/ros2_ws/src/install/ldlidar_stl_ros2/bin'
[1.264s] INFO:colcon.colcon_core.shell:Creating package script '/home/spinetti/ros2_ws/src/install/ldlidar_stl_ros2/share/ldlidar_stl_ros2/package.ps1'
[1.266s] INFO:colcon.colcon_core.shell:Creating package descriptor '/home/spinetti/ros2_ws/src/install/ldlidar_stl_ros2/share/ldlidar_stl_ros2/package.dsv'
[1.270s] INFO:colcon.colcon_core.shell:Creating package script '/home/spinetti/ros2_ws/src/install/ldlidar_stl_ros2/share/ldlidar_stl_ros2/package.sh'
[1.274s] INFO:colcon.colcon_core.shell:Creating package script '/home/spinetti/ros2_ws/src/install/ldlidar_stl_ros2/share/ldlidar_stl_ros2/package.bash'
[1.278s] INFO:colcon.colcon_core.shell:Creating package script '/home/spinetti/ros2_ws/src/install/ldlidar_stl_ros2/share/ldlidar_stl_ros2/package.zsh'
[1.279s] Level 1:colcon.colcon_core.environment:create_file_with_runtime_dependencies(/home/spinetti/ros2_ws/src/install/ldlidar_stl_ros2/share/colcon-core/packages/ldlidar_stl_ros2)
[1.373s] DEBUG:colcon.colcon_core.event_handler.log_command:Invoked command in '/home/spinetti/ros2_ws/src/build/tm_imu' returned '0': CMAKE_PREFIX_PATH=${CMAKE_PREFIX_PATH}:/home/spinetti/ros2_ws/install/stm32_bot:/home/spinetti/ros2_ws/install/spinetti_bringup:/home/spinetti/install/stm32_bot:/opt/ros/jazzy DEBUGINFOD_URLS=https://debuginfod.ubuntu.com /usr/bin/cmake --build /home/spinetti/ros2_ws/src/build/tm_imu -- -j4 -l4
[1.376s] DEBUG:colcon.colcon_core.event_handler.log_command:Invoking command in '/home/spinetti/ros2_ws/src/build/tm_imu': CMAKE_PREFIX_PATH=${CMAKE_PREFIX_PATH}:/home/spinetti/ros2_ws/install/stm32_bot:/home/spinetti/ros2_ws/install/spinetti_bringup:/home/spinetti/install/stm32_bot:/opt/ros/jazzy DEBUGINFOD_URLS=https://debuginfod.ubuntu.com /usr/bin/cmake --install /home/spinetti/ros2_ws/src/build/tm_imu
[1.404s] Level 1:colcon.colcon_core.environment:create_environment_scripts_only(tm_imu)
[1.405s] Level 1:colcon.colcon_core.environment:checking '/home/spinetti/ros2_ws/src/install/tm_imu' for CMake module files
[1.406s] DEBUG:colcon.colcon_core.event_handler.log_command:Invoked command in '/home/spinetti/ros2_ws/src/build/tm_imu' returned '0': CMAKE_PREFIX_PATH=${CMAKE_PREFIX_PATH}:/home/spinetti/ros2_ws/install/stm32_bot:/home/spinetti/ros2_ws/install/spinetti_bringup:/home/spinetti/install/stm32_bot:/opt/ros/jazzy DEBUGINFOD_URLS=https://debuginfod.ubuntu.com /usr/bin/cmake --install /home/spinetti/ros2_ws/src/build/tm_imu
[1.407s] Level 1:colcon.colcon_core.environment:checking '/home/spinetti/ros2_ws/src/install/tm_imu' for CMake config files
[1.408s] Level 1:colcon.colcon_core.shell:create_environment_hook('tm_imu', 'cmake_prefix_path')
[1.408s] INFO:colcon.colcon_core.shell:Creating environment hook '/home/spinetti/ros2_ws/src/install/tm_imu/share/tm_imu/hook/cmake_prefix_path.ps1'
[1.409s] INFO:colcon.colcon_core.shell:Creating environment descriptor '/home/spinetti/ros2_ws/src/install/tm_imu/share/tm_imu/hook/cmake_prefix_path.dsv'
[1.410s] INFO:colcon.colcon_core.shell:Creating environment hook '/home/spinetti/ros2_ws/src/install/tm_imu/share/tm_imu/hook/cmake_prefix_path.sh'
[1.412s] Level 1:colcon.colcon_core.environment:checking '/home/spinetti/ros2_ws/src/install/tm_imu/lib'
[1.412s] Level 1:colcon.colcon_core.environment:checking '/home/spinetti/ros2_ws/src/install/tm_imu/bin'
[1.412s] Level 1:colcon.colcon_core.environment:checking '/home/spinetti/ros2_ws/src/install/tm_imu/lib/pkgconfig/tm_imu.pc'
[1.413s] Level 1:colcon.colcon_core.environment:checking '/home/spinetti/ros2_ws/src/install/tm_imu/lib/python3.12/site-packages'
[1.413s] Level 1:colcon.colcon_core.environment:checking '/home/spinetti/ros2_ws/src/install/tm_imu/bin'
[1.414s] INFO:colcon.colcon_core.shell:Creating package script '/home/spinetti/ros2_ws/src/install/tm_imu/share/tm_imu/package.ps1'
[1.415s] INFO:colcon.colcon_core.shell:Creating package descriptor '/home/spinetti/ros2_ws/src/install/tm_imu/share/tm_imu/package.dsv'
[1.416s] INFO:colcon.colcon_core.shell:Creating package script '/home/spinetti/ros2_ws/src/install/tm_imu/share/tm_imu/package.sh'
[1.416s] INFO:colcon.colcon_core.shell:Creating package script '/home/spinetti/ros2_ws/src/install/tm_imu/share/tm_imu/package.bash'
[1.417s] INFO:colcon.colcon_core.shell:Creating package script '/home/spinetti/ros2_ws/src/install/tm_imu/share/tm_imu/package.zsh'
[1.418s] Level 1:colcon.colcon_core.environment:create_file_with_runtime_dependencies(/home/spinetti/ros2_ws/src/install/tm_imu/share/colcon-core/packages/tm_imu)
[1.418s] Level 1:colcon.colcon_core.environment:create_environment_scripts_only(tm_imu)
[1.419s] Level 1:colcon.colcon_core.environment:checking '/home/spinetti/ros2_ws/src/install/tm_imu' for CMake module files
[1.419s] Level 1:colcon.colcon_core.environment:checking '/home/spinetti/ros2_ws/src/install/tm_imu' for CMake config files
[1.420s] Level 1:colcon.colcon_core.shell:create_environment_hook('tm_imu', 'cmake_prefix_path')
[1.420s] INFO:colcon.colcon_core.shell:Creating environment hook '/home/spinetti/ros2_ws/src/install/tm_imu/share/tm_imu/hook/cmake_prefix_path.ps1'
[1.421s] INFO:colcon.colcon_core.shell:Creating environment descriptor '/home/spinetti/ros2_ws/src/install/tm_imu/share/tm_imu/hook/cmake_prefix_path.dsv'
[1.421s] INFO:colcon.colcon_core.shell:Creating environment hook '/home/spinetti/ros2_ws/src/install/tm_imu/share/tm_imu/hook/cmake_prefix_path.sh'
[1.422s] Level 1:colcon.colcon_core.environment:checking '/home/spinetti/ros2_ws/src/install/tm_imu/lib'
[1.422s] Level 1:colcon.colcon_core.environment:checking '/home/spinetti/ros2_ws/src/install/tm_imu/bin'
[1.422s] Level 1:colcon.colcon_core.environment:checking '/home/spinetti/ros2_ws/src/install/tm_imu/lib/pkgconfig/tm_imu.pc'
[1.423s] Level 1:colcon.colcon_core.environment:checking '/home/spinetti/ros2_ws/src/install/tm_imu/lib/python3.12/site-packages'
[1.423s] Level 1:colcon.colcon_core.environment:checking '/home/spinetti/ros2_ws/src/install/tm_imu/bin'
[1.424s] INFO:colcon.colcon_core.shell:Creating package script '/home/spinetti/ros2_ws/src/install/tm_imu/share/tm_imu/package.ps1'
[1.424s] INFO:colcon.colcon_core.shell:Creating package descriptor '/home/spinetti/ros2_ws/src/install/tm_imu/share/tm_imu/package.dsv'
[1.425s] INFO:colcon.colcon_core.shell:Creating package script '/home/spinetti/ros2_ws/src/install/tm_imu/share/tm_imu/package.sh'
[1.426s] INFO:colcon.colcon_core.shell:Creating package script '/home/spinetti/ros2_ws/src/install/tm_imu/share/tm_imu/package.bash'
[1.426s] INFO:colcon.colcon_core.shell:Creating package script '/home/spinetti/ros2_ws/src/install/tm_imu/share/tm_imu/package.zsh'
[1.427s] Level 1:colcon.colcon_core.environment:create_file_with_runtime_dependencies(/home/spinetti/ros2_ws/src/install/tm_imu/share/colcon-core/packages/tm_imu)
[2.250s] DEBUG:colcon.colcon_core.event_handler.log_command:Invoking command in '/home/spinetti/ros2_ws/src/stm32_bot': DEBUGINFOD_URLS=https://debuginfod.ubuntu.com PYTHONPATH=/home/spinetti/ros2_ws/src/build/stm32_bot/prefix_override:/usr/lib/python3/dist-packages/colcon_core/task/python/colcon_distutils_commands:/home/spinetti/ros2_ws/src/install/stm32_bot/lib/python3.12/site-packages:${PYTHONPATH} /usr/bin/python3 -W ignore:setup.py install is deprecated -W ignore:easy_install command is deprecated setup.py egg_info --egg-base ../build/stm32_bot build --build-base /home/spinetti/ros2_ws/src/build/stm32_bot/build install --record /home/spinetti/ros2_ws/src/build/stm32_bot/install.log --single-version-externally-managed install_data
[2.268s] DEBUG:colcon.colcon_core.event_handler.log_command:Invoking command in '/home/spinetti/ros2_ws/src/spinetti_bringup': DEBUGINFOD_URLS=https://debuginfod.ubuntu.com PYTHONPATH=/home/spinetti/ros2_ws/src/build/spinetti_bringup/prefix_override:/usr/lib/python3/dist-packages/colcon_core/task/python/colcon_distutils_commands:/home/spinetti/ros2_ws/src/install/spinetti_bringup/lib/python3.12/site-packages:${PYTHONPATH} /usr/bin/python3 -W ignore:setup.py install is deprecated -W ignore:easy_install command is deprecated setup.py egg_info --egg-base ../build/spinetti_bringup build --build-base /home/spinetti/ros2_ws/src/build/spinetti_bringup/build install --record /home/spinetti/ros2_ws/src/build/spinetti_bringup/install.log --single-version-externally-managed install_data
[3.132s] Level 1:colcon.colcon_core.environment:checking '/home/spinetti/ros2_ws/src/install/stm32_bot' for CMake module files
[3.133s] DEBUG:colcon.colcon_core.event_handler.log_command:Invoked command in '/home/spinetti/ros2_ws/src/stm32_bot' returned '0': DEBUGINFOD_URLS=https://debuginfod.ubuntu.com PYTHONPATH=/home/spinetti/ros2_ws/src/build/stm32_bot/prefix_override:/usr/lib/python3/dist-packages/colcon_core/task/python/colcon_distutils_commands:/home/spinetti/ros2_ws/src/install/stm32_bot/lib/python3.12/site-packages:${PYTHONPATH} /usr/bin/python3 -W ignore:setup.py install is deprecated -W ignore:easy_install command is deprecated setup.py egg_info --egg-base ../build/stm32_bot build --build-base /home/spinetti/ros2_ws/src/build/stm32_bot/build install --record /home/spinetti/ros2_ws/src/build/stm32_bot/install.log --single-version-externally-managed install_data
[3.134s] Level 1:colcon.colcon_core.environment:checking '/home/spinetti/ros2_ws/src/install/stm32_bot' for CMake config files
[3.134s] Level 1:colcon.colcon_core.environment:checking '/home/spinetti/ros2_ws/src/install/stm32_bot/lib'
[3.135s] Level 1:colcon.colcon_core.environment:checking '/home/spinetti/ros2_ws/src/install/stm32_bot/bin'
[3.135s] Level 1:colcon.colcon_core.environment:checking '/home/spinetti/ros2_ws/src/install/stm32_bot/lib/pkgconfig/stm32_bot.pc'
[3.135s] Level 1:colcon.colcon_core.environment:checking '/home/spinetti/ros2_ws/src/install/stm32_bot/lib/python3.12/site-packages'
[3.135s] Level 1:colcon.colcon_core.shell:create_environment_hook('stm32_bot', 'pythonpath')
[3.136s] INFO:colcon.colcon_core.shell:Creating environment hook '/home/spinetti/ros2_ws/src/install/stm32_bot/share/stm32_bot/hook/pythonpath.ps1'
[3.136s] INFO:colcon.colcon_core.shell:Creating environment descriptor '/home/spinetti/ros2_ws/src/install/stm32_bot/share/stm32_bot/hook/pythonpath.dsv'
[3.137s] INFO:colcon.colcon_core.shell:Creating environment hook '/home/spinetti/ros2_ws/src/install/stm32_bot/share/stm32_bot/hook/pythonpath.sh'
[3.138s] Level 1:colcon.colcon_core.environment:checking '/home/spinetti/ros2_ws/src/install/stm32_bot/bin'
[3.138s] Level 1:colcon.colcon_core.environment:create_environment_scripts_only(stm32_bot)
[3.138s] INFO:colcon.colcon_core.shell:Creating package script '/home/spinetti/ros2_ws/src/install/stm32_bot/share/stm32_bot/package.ps1'
[3.139s] INFO:colcon.colcon_core.shell:Creating package descriptor '/home/spinetti/ros2_ws/src/install/stm32_bot/share/stm32_bot/package.dsv'
[3.140s] INFO:colcon.colcon_core.shell:Creating package script '/home/spinetti/ros2_ws/src/install/stm32_bot/share/stm32_bot/package.sh'
[3.140s] INFO:colcon.colcon_core.shell:Creating package script '/home/spinetti/ros2_ws/src/install/stm32_bot/share/stm32_bot/package.bash'
[3.141s] INFO:colcon.colcon_core.shell:Creating package script '/home/spinetti/ros2_ws/src/install/stm32_bot/share/stm32_bot/package.zsh'
[3.141s] Level 1:colcon.colcon_core.environment:create_file_with_runtime_dependencies(/home/spinetti/ros2_ws/src/install/stm32_bot/share/colcon-core/packages/stm32_bot)
[3.152s] Level 1:colcon.colcon_core.environment:checking '/home/spinetti/ros2_ws/src/install/spinetti_bringup' for CMake module files
[3.153s] DEBUG:colcon.colcon_core.event_handler.log_command:Invoked command in '/home/spinetti/ros2_ws/src/spinetti_bringup' returned '0': DEBUGINFOD_URLS=https://debuginfod.ubuntu.com PYTHONPATH=/home/spinetti/ros2_ws/src/build/spinetti_bringup/prefix_override:/usr/lib/python3/dist-packages/colcon_core/task/python/colcon_distutils_commands:/home/spinetti/ros2_ws/src/install/spinetti_bringup/lib/python3.12/site-packages:${PYTHONPATH} /usr/bin/python3 -W ignore:setup.py install is deprecated -W ignore:easy_install command is deprecated setup.py egg_info --egg-base ../build/spinetti_bringup build --build-base /home/spinetti/ros2_ws/src/build/spinetti_bringup/build install --record /home/spinetti/ros2_ws/src/build/spinetti_bringup/install.log --single-version-externally-managed install_data
[3.153s] Level 1:colcon.colcon_core.environment:checking '/home/spinetti/ros2_ws/src/install/spinetti_bringup' for CMake config files
[3.154s] Level 1:colcon.colcon_core.environment:checking '/home/spinetti/ros2_ws/src/install/spinetti_bringup/lib'
[3.154s] Level 1:colcon.colcon_core.environment:checking '/home/spinetti/ros2_ws/src/install/spinetti_bringup/bin'
[3.154s] Level 1:colcon.colcon_core.environment:checking '/home/spinetti/ros2_ws/src/install/spinetti_bringup/lib/pkgconfig/spinetti_bringup.pc'
[3.154s] Level 1:colcon.colcon_core.environment:checking '/home/spinetti/ros2_ws/src/install/spinetti_bringup/lib/python3.12/site-packages'
[3.155s] Level 1:colcon.colcon_core.shell:create_environment_hook('spinetti_bringup', 'pythonpath')
[3.155s] INFO:colcon.colcon_core.shell:Creating environment hook '/home/spinetti/ros2_ws/src/install/spinetti_bringup/share/spinetti_bringup/hook/pythonpath.ps1'
[3.156s] INFO:colcon.colcon_core.shell:Creating environment descriptor '/home/spinetti/ros2_ws/src/install/spinetti_bringup/share/spinetti_bringup/hook/pythonpath.dsv'
[3.156s] INFO:colcon.colcon_core.shell:Creating environment hook '/home/spinetti/ros2_ws/src/install/spinetti_bringup/share/spinetti_bringup/hook/pythonpath.sh'
[3.157s] Level 1:colcon.colcon_core.environment:checking '/home/spinetti/ros2_ws/src/install/spinetti_bringup/bin'
[3.157s] Level 1:colcon.colcon_core.environment:create_environment_scripts_only(spinetti_bringup)
[3.157s] INFO:colcon.colcon_core.shell:Creating package script '/home/spinetti/ros2_ws/src/install/spinetti_bringup/share/spinetti_bringup/package.ps1'
[3.158s] INFO:colcon.colcon_core.shell:Creating package descriptor '/home/spinetti/ros2_ws/src/install/spinetti_bringup/share/spinetti_bringup/package.dsv'
[3.158s] INFO:colcon.colcon_core.shell:Creating package script '/home/spinetti/ros2_ws/src/install/spinetti_bringup/share/spinetti_bringup/package.sh'
[3.159s] INFO:colcon.colcon_core.shell:Creating package script '/home/spinetti/ros2_ws/src/install/spinetti_bringup/share/spinetti_bringup/package.bash'
[3.159s] INFO:colcon.colcon_core.shell:Creating package script '/home/spinetti/ros2_ws/src/install/spinetti_bringup/share/spinetti_bringup/package.zsh'
[3.160s] Level 1:colcon.colcon_core.environment:create_file_with_runtime_dependencies(/home/spinetti/ros2_ws/src/install/spinetti_bringup/share/colcon-core/packages/spinetti_bringup)
[3.160s] DEBUG:colcon.colcon_parallel_executor.executor.parallel:closing loop
[3.161s] DEBUG:colcon.colcon_parallel_executor.executor.parallel:loop closed
[3.161s] DEBUG:colcon.colcon_parallel_executor.executor.parallel:run_until_complete finished with '0'
[3.161s] DEBUG:colcon.colcon_core.event_reactor:joining thread
[3.171s] INFO:colcon.colcon_core.plugin_system:Skipping extension 'colcon_notification.desktop_notification.terminal_notifier': Not used on non-Darwin systems
[3.171s] INFO:colcon.colcon_core.plugin_system:Skipping extension 'colcon_notification.desktop_notification.win32': Not used on non-Windows systems
[3.171s] INFO:colcon.colcon_notification.desktop_notification:Sending desktop notification using 'notify2'
[3.198s] DEBUG:colcon.colcon_core.event_reactor:joined thread
[3.199s] INFO:colcon.colcon_core.shell:Creating prefix script '/home/spinetti/ros2_ws/src/install/local_setup.ps1'
[3.202s] INFO:colcon.colcon_core.shell:Creating prefix util module '/home/spinetti/ros2_ws/src/install/_local_setup_util_ps1.py'
[3.204s] INFO:colcon.colcon_core.shell:Creating prefix chain script '/home/spinetti/ros2_ws/src/install/setup.ps1'
[3.206s] INFO:colcon.colcon_core.shell:Creating prefix script '/home/spinetti/ros2_ws/src/install/local_setup.sh'
[3.207s] INFO:colcon.colcon_core.shell:Creating prefix util module '/home/spinetti/ros2_ws/src/install/_local_setup_util_sh.py'
[3.208s] INFO:colcon.colcon_core.shell:Creating prefix chain script '/home/spinetti/ros2_ws/src/install/setup.sh'
[3.210s] INFO:colcon.colcon_core.shell:Creating prefix script '/home/spinetti/ros2_ws/src/install/local_setup.bash'
[3.211s] INFO:colcon.colcon_core.shell:Creating prefix chain script '/home/spinetti/ros2_ws/src/install/setup.bash'
[3.213s] INFO:colcon.colcon_core.shell:Creating prefix script '/home/spinetti/ros2_ws/src/install/local_setup.zsh'
[3.214s] INFO:colcon.colcon_core.shell:Creating prefix chain script '/home/spinetti/ros2_ws/src/install/setup.zsh'
