[2.289s] Invoking command in '/home/spinetti/ros2_ws/build/tm_imu': CMAKE_PREFIX_PATH=${CMAKE_PREFIX_PATH}:/home/spinetti/ros2_ws/install/stm32_bot:/home/spinetti/ros2_ws/install/spinetti_bringup:/home/spinetti/install/stm32_bot:/opt/ros/jazzy DEBUGINFOD_URLS=https://debuginfod.ubuntu.com /usr/bin/cmake --build /home/spinetti/ros2_ws/build/tm_imu -- -j4 -l4
[2.714s] [100%] Built target transducer_m_imu
[2.773s] Invoked command in '/home/spinetti/ros2_ws/build/tm_imu' returned '0': CMAKE_PREFIX_PATH=${CMAKE_PREFIX_PATH}:/home/spinetti/ros2_ws/install/stm32_bot:/home/spinetti/ros2_ws/install/spinetti_bringup:/home/spinetti/install/stm32_bot:/opt/ros/jazzy DEBUGINFOD_URLS=https://debuginfod.ubuntu.com /usr/bin/cmake --build /home/spinetti/ros2_ws/build/tm_imu -- -j4 -l4
[2.780s] Invoking command in '/home/spinetti/ros2_ws/build/tm_imu': CMAKE_PREFIX_PATH=${CMAKE_PREFIX_PATH}:/home/spinetti/ros2_ws/install/stm32_bot:/home/spinetti/ros2_ws/install/spinetti_bringup:/home/spinetti/install/stm32_bot:/opt/ros/jazzy DEBUGINFOD_URLS=https://debuginfod.ubuntu.com /usr/bin/cmake --install /home/spinetti/ros2_ws/build/tm_imu
[2.846s] -- Install configuration: ""
[2.847s] -- Up-to-date: /home/spinetti/ros2_ws/install/tm_imu/lib/tm_imu/transducer_m_imu
[2.848s] -- Up-to-date: /home/spinetti/ros2_ws/install/tm_imu/share/tm_imu//launch
[2.848s] -- Up-to-date: /home/spinetti/ros2_ws/install/tm_imu/share/tm_imu//launch/imu.launch.py
[2.849s] -- Up-to-date: /home/spinetti/ros2_ws/install/tm_imu/share/tm_imu//launch/__pycache__
[2.849s] -- Up-to-date: /home/spinetti/ros2_ws/install/tm_imu/share/tm_imu//launch/__pycache__/imu.launch.cpython-312.pyc
[2.849s] -- Up-to-date: /home/spinetti/ros2_ws/install/tm_imu/share/tm_imu//config
[2.849s] -- Up-to-date: /home/spinetti/ros2_ws/install/tm_imu/share/tm_imu//config/params.yaml
[2.849s] -- Up-to-date: /home/spinetti/ros2_ws/install/tm_imu/share/ament_index/resource_index/package_run_dependencies/tm_imu
[2.849s] -- Up-to-date: /home/spinetti/ros2_ws/install/tm_imu/share/ament_index/resource_index/parent_prefix_path/tm_imu
[2.849s] -- Up-to-date: /home/spinetti/ros2_ws/install/tm_imu/share/tm_imu/environment/ament_prefix_path.sh
[2.849s] -- Up-to-date: /home/spinetti/ros2_ws/install/tm_imu/share/tm_imu/environment/ament_prefix_path.dsv
[2.850s] -- Up-to-date: /home/spinetti/ros2_ws/install/tm_imu/share/tm_imu/environment/path.sh
[2.850s] -- Up-to-date: /home/spinetti/ros2_ws/install/tm_imu/share/tm_imu/environment/path.dsv
[2.856s] -- Up-to-date: /home/spinetti/ros2_ws/install/tm_imu/share/tm_imu/local_setup.bash
[2.856s] -- Up-to-date: /home/spinetti/ros2_ws/install/tm_imu/share/tm_imu/local_setup.sh
[2.856s] -- Up-to-date: /home/spinetti/ros2_ws/install/tm_imu/share/tm_imu/local_setup.zsh
[2.856s] -- Up-to-date: /home/spinetti/ros2_ws/install/tm_imu/share/tm_imu/local_setup.dsv
[2.856s] -- Installing: /home/spinetti/ros2_ws/install/tm_imu/share/tm_imu/package.dsv
[2.856s] -- Up-to-date: /home/spinetti/ros2_ws/install/tm_imu/share/ament_index/resource_index/packages/tm_imu
[2.857s] -- Up-to-date: /home/spinetti/ros2_ws/install/tm_imu/share/tm_imu/cmake/tm_imuConfig.cmake
[2.857s] -- Up-to-date: /home/spinetti/ros2_ws/install/tm_imu/share/tm_imu/cmake/tm_imuConfig-version.cmake
[2.857s] -- Up-to-date: /home/spinetti/ros2_ws/install/tm_imu/share/tm_imu/package.xml
[2.870s] Invoked command in '/home/spinetti/ros2_ws/build/tm_imu' returned '0': CMAKE_PREFIX_PATH=${CMAKE_PREFIX_PATH}:/home/spinetti/ros2_ws/install/stm32_bot:/home/spinetti/ros2_ws/install/spinetti_bringup:/home/spinetti/install/stm32_bot:/opt/ros/jazzy DEBUGINFOD_URLS=https://debuginfod.ubuntu.com /usr/bin/cmake --install /home/spinetti/ros2_ws/build/tm_imu
