[0.169s] DEBUG:colcon:Command line arguments: ['/usr/bin/colcon', 'build']
[0.169s] DEBUG:colcon:Parsed command line arguments: Namespace(log_base=None, log_level=None, verb_name='build', build_base='build', install_base='install', merge_install=False, symlink_install=False, test_result_base=None, continue_on_error=False, executor='parallel', parallel_workers=4, event_handlers=None, ignore_user_meta=False, metas=['./colcon.meta'], base_paths=['.'], packages_ignore=None, packages_ignore_regex=None, paths=None, packages_up_to=None, packages_up_to_regex=None, packages_above=None, packages_above_and_dependencies=None, packages_above_depth=None, packages_select_by_dep=None, packages_skip_by_dep=None, packages_skip_up_to=None, packages_select_build_failed=False, packages_skip_build_finished=False, packages_select_test_failures=False, packages_skip_test_passed=False, packages_select=None, packages_skip=None, packages_select_regex=None, packages_skip_regex=None, packages_start=None, packages_end=None, allow_overriding=[], cmake_args=None, cmake_target=None, cmake_target_skip_unavailable=False, cmake_clean_cache=False, cmake_clean_first=False, cmake_force_configure=False, ament_cmake_args=None, catkin_cmake_args=None, catkin_skip_building_tests=False, mixin_files=None, mixin=None, verb_parser=<colcon_mixin.mixin.mixin_argument.MixinArgumentDecorator object at 0xffff8c2e1a60>, verb_extension=<colcon_core.verb.build.BuildVerb object at 0xffff8c26b770>, main=<bound method BuildVerb.main of <colcon_core.verb.build.BuildVerb object at 0xffff8c26b770>>, mixin_verb=('build',))
[0.232s] Level 1:colcon.colcon_core.package_discovery:discover_packages(colcon_meta) check parameters
[0.232s] Level 1:colcon.colcon_core.package_discovery:discover_packages(recursive) check parameters
[0.233s] Level 1:colcon.colcon_core.package_discovery:discover_packages(ignore) check parameters
[0.233s] Level 1:colcon.colcon_core.package_discovery:discover_packages(path) check parameters
[0.233s] Level 1:colcon.colcon_core.package_discovery:discover_packages(colcon_meta) discover
[0.233s] Level 1:colcon.colcon_core.package_discovery:discover_packages(recursive) discover
[0.233s] INFO:colcon.colcon_core.package_discovery:Crawling recursively for packages in '/home/spinetti/ros2_ws'
[0.233s] Level 1:colcon.colcon_core.package_identification:_identify(.) by extensions ['ignore', 'ignore_ament_install']
[0.233s] Level 1:colcon.colcon_core.package_identification:_identify(.) by extension 'ignore'
[0.233s] Level 1:colcon.colcon_core.package_identification:_identify(.) by extension 'ignore_ament_install'
[0.233s] Level 1:colcon.colcon_core.package_identification:_identify(.) by extensions ['colcon_pkg']
[0.233s] Level 1:colcon.colcon_core.package_identification:_identify(.) by extension 'colcon_pkg'
[0.233s] Level 1:colcon.colcon_core.package_identification:_identify(.) by extensions ['colcon_meta']
[0.233s] Level 1:colcon.colcon_core.package_identification:_identify(.) by extension 'colcon_meta'
[0.234s] Level 1:colcon.colcon_core.package_identification:_identify(.) by extensions ['ros']
[0.234s] Level 1:colcon.colcon_core.package_identification:_identify(.) by extension 'ros'
[0.276s] Level 1:colcon.colcon_core.package_identification:_identify(.) by extensions ['cmake', 'python']
[0.276s] Level 1:colcon.colcon_core.package_identification:_identify(.) by extension 'cmake'
[0.276s] Level 1:colcon.colcon_core.package_identification:_identify(.) by extension 'python'
[0.276s] Level 1:colcon.colcon_core.package_identification:_identify(.) by extensions ['python_setup_py']
[0.277s] Level 1:colcon.colcon_core.package_identification:_identify(.) by extension 'python_setup_py'
[0.277s] Level 1:colcon.colcon_core.package_identification:_identify(build) by extensions ['ignore', 'ignore_ament_install']
[0.277s] Level 1:colcon.colcon_core.package_identification:_identify(build) by extension 'ignore'
[0.277s] Level 1:colcon.colcon_core.package_identification:_identify(build) ignored
[0.277s] Level 1:colcon.colcon_core.package_identification:_identify(install) by extensions ['ignore', 'ignore_ament_install']
[0.277s] Level 1:colcon.colcon_core.package_identification:_identify(install) by extension 'ignore'
[0.277s] Level 1:colcon.colcon_core.package_identification:_identify(install) ignored
[0.277s] Level 1:colcon.colcon_core.package_identification:_identify(log) by extensions ['ignore', 'ignore_ament_install']
[0.278s] Level 1:colcon.colcon_core.package_identification:_identify(log) by extension 'ignore'
[0.278s] Level 1:colcon.colcon_core.package_identification:_identify(log) ignored
[0.278s] Level 1:colcon.colcon_core.package_identification:_identify(src) by extensions ['ignore', 'ignore_ament_install']
[0.278s] Level 1:colcon.colcon_core.package_identification:_identify(src) by extension 'ignore'
[0.278s] Level 1:colcon.colcon_core.package_identification:_identify(src) by extension 'ignore_ament_install'
[0.278s] Level 1:colcon.colcon_core.package_identification:_identify(src) by extensions ['colcon_pkg']
[0.278s] Level 1:colcon.colcon_core.package_identification:_identify(src) by extension 'colcon_pkg'
[0.278s] Level 1:colcon.colcon_core.package_identification:_identify(src) by extensions ['colcon_meta']
[0.278s] Level 1:colcon.colcon_core.package_identification:_identify(src) by extension 'colcon_meta'
[0.278s] Level 1:colcon.colcon_core.package_identification:_identify(src) by extensions ['ros']
[0.278s] Level 1:colcon.colcon_core.package_identification:_identify(src) by extension 'ros'
[0.278s] Level 1:colcon.colcon_core.package_identification:_identify(src) by extensions ['cmake', 'python']
[0.278s] Level 1:colcon.colcon_core.package_identification:_identify(src) by extension 'cmake'
[0.279s] Level 1:colcon.colcon_core.package_identification:_identify(src) by extension 'python'
[0.279s] Level 1:colcon.colcon_core.package_identification:_identify(src) by extensions ['python_setup_py']
[0.279s] Level 1:colcon.colcon_core.package_identification:_identify(src) by extension 'python_setup_py'
[0.279s] Level 1:colcon.colcon_core.package_identification:_identify(src/build) by extensions ['ignore', 'ignore_ament_install']
[0.279s] Level 1:colcon.colcon_core.package_identification:_identify(src/build) by extension 'ignore'
[0.279s] Level 1:colcon.colcon_core.package_identification:_identify(src/build) ignored
[0.279s] Level 1:colcon.colcon_core.package_identification:_identify(src/install) by extensions ['ignore', 'ignore_ament_install']
[0.279s] Level 1:colcon.colcon_core.package_identification:_identify(src/install) by extension 'ignore'
[0.279s] Level 1:colcon.colcon_core.package_identification:_identify(src/install) ignored
[0.280s] Level 1:colcon.colcon_core.package_identification:_identify(src/ldlidar_stl_ros2) by extensions ['ignore', 'ignore_ament_install']
[0.280s] Level 1:colcon.colcon_core.package_identification:_identify(src/ldlidar_stl_ros2) by extension 'ignore'
[0.280s] Level 1:colcon.colcon_core.package_identification:_identify(src/ldlidar_stl_ros2) by extension 'ignore_ament_install'
[0.280s] Level 1:colcon.colcon_core.package_identification:_identify(src/ldlidar_stl_ros2) by extensions ['colcon_pkg']
[0.280s] Level 1:colcon.colcon_core.package_identification:_identify(src/ldlidar_stl_ros2) by extension 'colcon_pkg'
[0.280s] Level 1:colcon.colcon_core.package_identification:_identify(src/ldlidar_stl_ros2) by extensions ['colcon_meta']
[0.280s] Level 1:colcon.colcon_core.package_identification:_identify(src/ldlidar_stl_ros2) by extension 'colcon_meta'
[0.280s] Level 1:colcon.colcon_core.package_identification:_identify(src/ldlidar_stl_ros2) by extensions ['ros']
[0.280s] Level 1:colcon.colcon_core.package_identification:_identify(src/ldlidar_stl_ros2) by extension 'ros'
[0.284s] DEBUG:colcon.colcon_core.package_identification:Package 'src/ldlidar_stl_ros2' with type 'ros.ament_cmake' and name 'ldlidar_stl_ros2'
[0.285s] Level 1:colcon.colcon_core.package_identification:_identify(src/log) by extensions ['ignore', 'ignore_ament_install']
[0.285s] Level 1:colcon.colcon_core.package_identification:_identify(src/log) by extension 'ignore'
[0.285s] Level 1:colcon.colcon_core.package_identification:_identify(src/log) ignored
[0.285s] Level 1:colcon.colcon_core.package_identification:_identify(src/spinetti_bringup) by extensions ['ignore', 'ignore_ament_install']
[0.285s] Level 1:colcon.colcon_core.package_identification:_identify(src/spinetti_bringup) by extension 'ignore'
[0.285s] Level 1:colcon.colcon_core.package_identification:_identify(src/spinetti_bringup) by extension 'ignore_ament_install'
[0.285s] Level 1:colcon.colcon_core.package_identification:_identify(src/spinetti_bringup) by extensions ['colcon_pkg']
[0.285s] Level 1:colcon.colcon_core.package_identification:_identify(src/spinetti_bringup) by extension 'colcon_pkg'
[0.285s] Level 1:colcon.colcon_core.package_identification:_identify(src/spinetti_bringup) by extensions ['colcon_meta']
[0.285s] Level 1:colcon.colcon_core.package_identification:_identify(src/spinetti_bringup) by extension 'colcon_meta'
[0.286s] Level 1:colcon.colcon_core.package_identification:_identify(src/spinetti_bringup) by extensions ['ros']
[0.286s] Level 1:colcon.colcon_core.package_identification:_identify(src/spinetti_bringup) by extension 'ros'
[0.287s] DEBUG:colcon.colcon_core.package_identification:Package 'src/spinetti_bringup' with type 'ros.ament_python' and name 'spinetti_bringup'
[0.287s] Level 1:colcon.colcon_core.package_identification:_identify(src/stm32_bot) by extensions ['ignore', 'ignore_ament_install']
[0.287s] Level 1:colcon.colcon_core.package_identification:_identify(src/stm32_bot) by extension 'ignore'
[0.287s] Level 1:colcon.colcon_core.package_identification:_identify(src/stm32_bot) by extension 'ignore_ament_install'
[0.287s] Level 1:colcon.colcon_core.package_identification:_identify(src/stm32_bot) by extensions ['colcon_pkg']
[0.287s] Level 1:colcon.colcon_core.package_identification:_identify(src/stm32_bot) by extension 'colcon_pkg'
[0.287s] Level 1:colcon.colcon_core.package_identification:_identify(src/stm32_bot) by extensions ['colcon_meta']
[0.287s] Level 1:colcon.colcon_core.package_identification:_identify(src/stm32_bot) by extension 'colcon_meta'
[0.287s] Level 1:colcon.colcon_core.package_identification:_identify(src/stm32_bot) by extensions ['ros']
[0.287s] Level 1:colcon.colcon_core.package_identification:_identify(src/stm32_bot) by extension 'ros'
[0.288s] DEBUG:colcon.colcon_core.package_identification:Package 'src/stm32_bot' with type 'ros.ament_python' and name 'stm32_bot'
[0.288s] Level 1:colcon.colcon_core.package_identification:_identify(src/tm210_driver) by extensions ['ignore', 'ignore_ament_install']
[0.288s] Level 1:colcon.colcon_core.package_identification:_identify(src/tm210_driver) by extension 'ignore'
[0.288s] Level 1:colcon.colcon_core.package_identification:_identify(src/tm210_driver) by extension 'ignore_ament_install'
[0.288s] Level 1:colcon.colcon_core.package_identification:_identify(src/tm210_driver) by extensions ['colcon_pkg']
[0.288s] Level 1:colcon.colcon_core.package_identification:_identify(src/tm210_driver) by extension 'colcon_pkg'
[0.288s] Level 1:colcon.colcon_core.package_identification:_identify(src/tm210_driver) by extensions ['colcon_meta']
[0.288s] Level 1:colcon.colcon_core.package_identification:_identify(src/tm210_driver) by extension 'colcon_meta'
[0.288s] Level 1:colcon.colcon_core.package_identification:_identify(src/tm210_driver) by extensions ['ros']
[0.288s] Level 1:colcon.colcon_core.package_identification:_identify(src/tm210_driver) by extension 'ros'
[0.290s] DEBUG:colcon.colcon_core.package_identification:Package 'src/tm210_driver' with type 'ros.ament_cmake' and name 'tm_imu'
[0.290s] Level 1:colcon.colcon_core.package_discovery:discover_packages(recursive) using defaults
[0.290s] Level 1:colcon.colcon_core.package_discovery:discover_packages(ignore) discover
[0.290s] Level 1:colcon.colcon_core.package_discovery:discover_packages(ignore) using defaults
[0.290s] Level 1:colcon.colcon_core.package_discovery:discover_packages(path) discover
[0.290s] Level 1:colcon.colcon_core.package_discovery:discover_packages(path) using defaults
[0.318s] Level 1:colcon.colcon_core.package_discovery:discover_packages(prefix_path) check parameters
[0.318s] Level 1:colcon.colcon_core.package_discovery:discover_packages(prefix_path) discover
[0.321s] DEBUG:colcon.colcon_installed_package_information.package_discovery:Found 4 installed packages in /home/spinetti/ros2_ws/install
[0.321s] DEBUG:colcon.colcon_installed_package_information.package_discovery:Found 1 installed packages in /home/spinetti/install
[0.324s] DEBUG:colcon.colcon_installed_package_information.package_discovery:Found 388 installed packages in /opt/ros/jazzy
[0.327s] Level 1:colcon.colcon_core.package_discovery:discover_packages(prefix_path) using defaults
[0.408s] Level 5:colcon.colcon_core.verb:set package 'ldlidar_stl_ros2' build argument 'cmake_args' from command line to 'None'
[0.409s] Level 5:colcon.colcon_core.verb:set package 'ldlidar_stl_ros2' build argument 'cmake_target' from command line to 'None'
[0.409s] Level 5:colcon.colcon_core.verb:set package 'ldlidar_stl_ros2' build argument 'cmake_target_skip_unavailable' from command line to 'False'
[0.409s] Level 5:colcon.colcon_core.verb:set package 'ldlidar_stl_ros2' build argument 'cmake_clean_cache' from command line to 'False'
[0.409s] Level 5:colcon.colcon_core.verb:set package 'ldlidar_stl_ros2' build argument 'cmake_clean_first' from command line to 'False'
[0.409s] Level 5:colcon.colcon_core.verb:set package 'ldlidar_stl_ros2' build argument 'cmake_force_configure' from command line to 'False'
[0.409s] Level 5:colcon.colcon_core.verb:set package 'ldlidar_stl_ros2' build argument 'ament_cmake_args' from command line to 'None'
[0.409s] Level 5:colcon.colcon_core.verb:set package 'ldlidar_stl_ros2' build argument 'catkin_cmake_args' from command line to 'None'
[0.409s] Level 5:colcon.colcon_core.verb:set package 'ldlidar_stl_ros2' build argument 'catkin_skip_building_tests' from command line to 'False'
[0.409s] DEBUG:colcon.colcon_core.verb:Building package 'ldlidar_stl_ros2' with the following arguments: {'ament_cmake_args': None, 'build_base': '/home/spinetti/ros2_ws/build/ldlidar_stl_ros2', 'catkin_cmake_args': None, 'catkin_skip_building_tests': False, 'cmake_args': None, 'cmake_clean_cache': False, 'cmake_clean_first': False, 'cmake_force_configure': False, 'cmake_target': None, 'cmake_target_skip_unavailable': False, 'install_base': '/home/spinetti/ros2_ws/install/ldlidar_stl_ros2', 'merge_install': False, 'path': '/home/spinetti/ros2_ws/src/ldlidar_stl_ros2', 'symlink_install': False, 'test_result_base': None}
[0.409s] Level 5:colcon.colcon_core.verb:set package 'spinetti_bringup' build argument 'cmake_args' from command line to 'None'
[0.409s] Level 5:colcon.colcon_core.verb:set package 'spinetti_bringup' build argument 'cmake_target' from command line to 'None'
[0.409s] Level 5:colcon.colcon_core.verb:set package 'spinetti_bringup' build argument 'cmake_target_skip_unavailable' from command line to 'False'
[0.409s] Level 5:colcon.colcon_core.verb:set package 'spinetti_bringup' build argument 'cmake_clean_cache' from command line to 'False'
[0.409s] Level 5:colcon.colcon_core.verb:set package 'spinetti_bringup' build argument 'cmake_clean_first' from command line to 'False'
[0.409s] Level 5:colcon.colcon_core.verb:set package 'spinetti_bringup' build argument 'cmake_force_configure' from command line to 'False'
[0.409s] Level 5:colcon.colcon_core.verb:set package 'spinetti_bringup' build argument 'ament_cmake_args' from command line to 'None'
[0.409s] Level 5:colcon.colcon_core.verb:set package 'spinetti_bringup' build argument 'catkin_cmake_args' from command line to 'None'
[0.409s] Level 5:colcon.colcon_core.verb:set package 'spinetti_bringup' build argument 'catkin_skip_building_tests' from command line to 'False'
[0.409s] DEBUG:colcon.colcon_core.verb:Building package 'spinetti_bringup' with the following arguments: {'ament_cmake_args': None, 'build_base': '/home/spinetti/ros2_ws/build/spinetti_bringup', 'catkin_cmake_args': None, 'catkin_skip_building_tests': False, 'cmake_args': None, 'cmake_clean_cache': False, 'cmake_clean_first': False, 'cmake_force_configure': False, 'cmake_target': None, 'cmake_target_skip_unavailable': False, 'install_base': '/home/spinetti/ros2_ws/install/spinetti_bringup', 'merge_install': False, 'path': '/home/spinetti/ros2_ws/src/spinetti_bringup', 'symlink_install': False, 'test_result_base': None}
[0.410s] Level 5:colcon.colcon_core.verb:set package 'stm32_bot' build argument 'cmake_args' from command line to 'None'
[0.410s] Level 5:colcon.colcon_core.verb:set package 'stm32_bot' build argument 'cmake_target' from command line to 'None'
[0.410s] Level 5:colcon.colcon_core.verb:set package 'stm32_bot' build argument 'cmake_target_skip_unavailable' from command line to 'False'
[0.410s] Level 5:colcon.colcon_core.verb:set package 'stm32_bot' build argument 'cmake_clean_cache' from command line to 'False'
[0.410s] Level 5:colcon.colcon_core.verb:set package 'stm32_bot' build argument 'cmake_clean_first' from command line to 'False'
[0.410s] Level 5:colcon.colcon_core.verb:set package 'stm32_bot' build argument 'cmake_force_configure' from command line to 'False'
[0.410s] Level 5:colcon.colcon_core.verb:set package 'stm32_bot' build argument 'ament_cmake_args' from command line to 'None'
[0.410s] Level 5:colcon.colcon_core.verb:set package 'stm32_bot' build argument 'catkin_cmake_args' from command line to 'None'
[0.410s] Level 5:colcon.colcon_core.verb:set package 'stm32_bot' build argument 'catkin_skip_building_tests' from command line to 'False'
[0.410s] DEBUG:colcon.colcon_core.verb:Building package 'stm32_bot' with the following arguments: {'ament_cmake_args': None, 'build_base': '/home/spinetti/ros2_ws/build/stm32_bot', 'catkin_cmake_args': None, 'catkin_skip_building_tests': False, 'cmake_args': None, 'cmake_clean_cache': False, 'cmake_clean_first': False, 'cmake_force_configure': False, 'cmake_target': None, 'cmake_target_skip_unavailable': False, 'install_base': '/home/spinetti/ros2_ws/install/stm32_bot', 'merge_install': False, 'path': '/home/spinetti/ros2_ws/src/stm32_bot', 'symlink_install': False, 'test_result_base': None}
[0.410s] Level 5:colcon.colcon_core.verb:set package 'tm_imu' build argument 'cmake_args' from command line to 'None'
[0.410s] Level 5:colcon.colcon_core.verb:set package 'tm_imu' build argument 'cmake_target' from command line to 'None'
[0.410s] Level 5:colcon.colcon_core.verb:set package 'tm_imu' build argument 'cmake_target_skip_unavailable' from command line to 'False'
[0.410s] Level 5:colcon.colcon_core.verb:set package 'tm_imu' build argument 'cmake_clean_cache' from command line to 'False'
[0.410s] Level 5:colcon.colcon_core.verb:set package 'tm_imu' build argument 'cmake_clean_first' from command line to 'False'
[0.410s] Level 5:colcon.colcon_core.verb:set package 'tm_imu' build argument 'cmake_force_configure' from command line to 'False'
[0.411s] Level 5:colcon.colcon_core.verb:set package 'tm_imu' build argument 'ament_cmake_args' from command line to 'None'
[0.411s] Level 5:colcon.colcon_core.verb:set package 'tm_imu' build argument 'catkin_cmake_args' from command line to 'None'
[0.411s] Level 5:colcon.colcon_core.verb:set package 'tm_imu' build argument 'catkin_skip_building_tests' from command line to 'False'
[0.411s] DEBUG:colcon.colcon_core.verb:Building package 'tm_imu' with the following arguments: {'ament_cmake_args': None, 'build_base': '/home/spinetti/ros2_ws/build/tm_imu', 'catkin_cmake_args': None, 'catkin_skip_building_tests': False, 'cmake_args': None, 'cmake_clean_cache': False, 'cmake_clean_first': False, 'cmake_force_configure': False, 'cmake_target': None, 'cmake_target_skip_unavailable': False, 'install_base': '/home/spinetti/ros2_ws/install/tm_imu', 'merge_install': False, 'path': '/home/spinetti/ros2_ws/src/tm210_driver', 'symlink_install': False, 'test_result_base': None}
[0.411s] INFO:colcon.colcon_core.executor:Executing jobs using 'parallel' executor
[0.412s] DEBUG:colcon.colcon_parallel_executor.executor.parallel:run_until_complete
[0.413s] INFO:colcon.colcon_ros.task.ament_cmake.build:Building ROS package in '/home/spinetti/ros2_ws/src/ldlidar_stl_ros2' with build type 'ament_cmake'
[0.413s] INFO:colcon.colcon_cmake.task.cmake.build:Building CMake package in '/home/spinetti/ros2_ws/src/ldlidar_stl_ros2'
[0.418s] INFO:colcon.colcon_core.plugin_system:Skipping extension 'colcon_core.shell.bat': Not used on non-Windows systems
[0.418s] INFO:colcon.colcon_core.shell:Skip shell extension 'powershell' for command environment: Not usable outside of PowerShell
[0.418s] DEBUG:colcon.colcon_core.shell:Skip shell extension 'dsv' for command environment
[0.428s] INFO:colcon.colcon_ros.task.ament_python.build:Building ROS package in '/home/spinetti/ros2_ws/src/spinetti_bringup' with build type 'ament_python'
[0.428s] Level 1:colcon.colcon_core.shell:create_environment_hook('spinetti_bringup', 'ament_prefix_path')
[0.429s] INFO:colcon.colcon_core.shell:Creating environment hook '/home/spinetti/ros2_ws/install/spinetti_bringup/share/spinetti_bringup/hook/ament_prefix_path.ps1'
[0.430s] INFO:colcon.colcon_core.shell:Creating environment descriptor '/home/spinetti/ros2_ws/install/spinetti_bringup/share/spinetti_bringup/hook/ament_prefix_path.dsv'
[0.430s] INFO:colcon.colcon_core.shell:Creating environment hook '/home/spinetti/ros2_ws/install/spinetti_bringup/share/spinetti_bringup/hook/ament_prefix_path.sh'
[0.431s] INFO:colcon.colcon_core.shell:Skip shell extension 'powershell' for command environment: Not usable outside of PowerShell
[0.431s] DEBUG:colcon.colcon_core.shell:Skip shell extension 'dsv' for command environment
[0.439s] INFO:colcon.colcon_ros.task.ament_python.build:Building ROS package in '/home/spinetti/ros2_ws/src/stm32_bot' with build type 'ament_python'
[0.440s] Level 1:colcon.colcon_core.shell:create_environment_hook('stm32_bot', 'ament_prefix_path')
[0.440s] INFO:colcon.colcon_core.shell:Creating environment hook '/home/spinetti/ros2_ws/install/stm32_bot/share/stm32_bot/hook/ament_prefix_path.ps1'
[0.443s] INFO:colcon.colcon_core.shell:Creating environment descriptor '/home/spinetti/ros2_ws/install/stm32_bot/share/stm32_bot/hook/ament_prefix_path.dsv'
[0.445s] INFO:colcon.colcon_core.shell:Creating environment hook '/home/spinetti/ros2_ws/install/stm32_bot/share/stm32_bot/hook/ament_prefix_path.sh'
[0.446s] INFO:colcon.colcon_core.shell:Skip shell extension 'powershell' for command environment: Not usable outside of PowerShell
[0.446s] DEBUG:colcon.colcon_core.shell:Skip shell extension 'dsv' for command environment
[0.452s] INFO:colcon.colcon_ros.task.ament_cmake.build:Building ROS package in '/home/spinetti/ros2_ws/src/tm210_driver' with build type 'ament_cmake'
[0.453s] INFO:colcon.colcon_cmake.task.cmake.build:Building CMake package in '/home/spinetti/ros2_ws/src/tm210_driver'
[0.454s] INFO:colcon.colcon_core.shell:Skip shell extension 'powershell' for command environment: Not usable outside of PowerShell
[0.455s] DEBUG:colcon.colcon_core.shell:Skip shell extension 'dsv' for command environment
[0.477s] DEBUG:colcon.colcon_core.event_handler.log_command:Invoking command in '/home/spinetti/ros2_ws/build/ldlidar_stl_ros2': CMAKE_PREFIX_PATH=${CMAKE_PREFIX_PATH}:/home/spinetti/ros2_ws/install/stm32_bot:/home/spinetti/ros2_ws/install/spinetti_bringup:/home/spinetti/install/stm32_bot:/opt/ros/jazzy DEBUGINFOD_URLS=https://debuginfod.ubuntu.com /usr/bin/cmake --build /home/spinetti/ros2_ws/build/ldlidar_stl_ros2 -- -j4 -l4
[0.863s] INFO:colcon.colcon_core.task.python.build:Building Python package in '/home/spinetti/ros2_ws/src/spinetti_bringup'
[0.863s] INFO:colcon.colcon_core.shell:Skip shell extension 'powershell' for command environment: Not usable outside of PowerShell
[0.863s] DEBUG:colcon.colcon_core.shell:Skip shell extension 'dsv' for command environment
[1.204s] INFO:colcon.colcon_core.task.python.build:Building Python package in '/home/spinetti/ros2_ws/src/stm32_bot'
[1.204s] INFO:colcon.colcon_core.shell:Skip shell extension 'powershell' for command environment: Not usable outside of PowerShell
[1.204s] DEBUG:colcon.colcon_core.shell:Skip shell extension 'dsv' for command environment
[1.213s] DEBUG:colcon.colcon_core.event_handler.log_command:Invoked command in '/home/spinetti/ros2_ws/build/ldlidar_stl_ros2' returned '0': CMAKE_PREFIX_PATH=${CMAKE_PREFIX_PATH}:/home/spinetti/ros2_ws/install/stm32_bot:/home/spinetti/ros2_ws/install/spinetti_bringup:/home/spinetti/install/stm32_bot:/opt/ros/jazzy DEBUGINFOD_URLS=https://debuginfod.ubuntu.com /usr/bin/cmake --build /home/spinetti/ros2_ws/build/ldlidar_stl_ros2 -- -j4 -l4
[1.239s] DEBUG:colcon.colcon_core.event_handler.log_command:Invoking command in '/home/spinetti/ros2_ws/build/ldlidar_stl_ros2': CMAKE_PREFIX_PATH=${CMAKE_PREFIX_PATH}:/home/spinetti/ros2_ws/install/stm32_bot:/home/spinetti/ros2_ws/install/spinetti_bringup:/home/spinetti/install/stm32_bot:/opt/ros/jazzy DEBUGINFOD_URLS=https://debuginfod.ubuntu.com /usr/bin/cmake --install /home/spinetti/ros2_ws/build/ldlidar_stl_ros2
[1.243s] DEBUG:colcon.colcon_core.event_handler.log_command:Invoking command in '/home/spinetti/ros2_ws/build/tm_imu': CMAKE_PREFIX_PATH=${CMAKE_PREFIX_PATH}:/home/spinetti/ros2_ws/install/stm32_bot:/home/spinetti/ros2_ws/install/spinetti_bringup:/home/spinetti/install/stm32_bot:/opt/ros/jazzy DEBUGINFOD_URLS=https://debuginfod.ubuntu.com /usr/bin/cmake --build /home/spinetti/ros2_ws/build/tm_imu -- -j4 -l4
[1.271s] Level 1:colcon.colcon_core.environment:create_environment_scripts_only(ldlidar_stl_ros2)
[1.272s] DEBUG:colcon.colcon_core.event_handler.log_command:Invoked command in '/home/spinetti/ros2_ws/build/ldlidar_stl_ros2' returned '0': CMAKE_PREFIX_PATH=${CMAKE_PREFIX_PATH}:/home/spinetti/ros2_ws/install/stm32_bot:/home/spinetti/ros2_ws/install/spinetti_bringup:/home/spinetti/install/stm32_bot:/opt/ros/jazzy DEBUGINFOD_URLS=https://debuginfod.ubuntu.com /usr/bin/cmake --install /home/spinetti/ros2_ws/build/ldlidar_stl_ros2
[1.275s] Level 1:colcon.colcon_core.environment:checking '/home/spinetti/ros2_ws/install/ldlidar_stl_ros2' for CMake module files
[1.276s] Level 1:colcon.colcon_core.environment:checking '/home/spinetti/ros2_ws/install/ldlidar_stl_ros2' for CMake config files
[1.277s] Level 1:colcon.colcon_core.shell:create_environment_hook('ldlidar_stl_ros2', 'cmake_prefix_path')
[1.278s] INFO:colcon.colcon_core.shell:Creating environment hook '/home/spinetti/ros2_ws/install/ldlidar_stl_ros2/share/ldlidar_stl_ros2/hook/cmake_prefix_path.ps1'
[1.278s] INFO:colcon.colcon_core.shell:Creating environment descriptor '/home/spinetti/ros2_ws/install/ldlidar_stl_ros2/share/ldlidar_stl_ros2/hook/cmake_prefix_path.dsv'
[1.279s] INFO:colcon.colcon_core.shell:Creating environment hook '/home/spinetti/ros2_ws/install/ldlidar_stl_ros2/share/ldlidar_stl_ros2/hook/cmake_prefix_path.sh'
[1.280s] Level 1:colcon.colcon_core.environment:checking '/home/spinetti/ros2_ws/install/ldlidar_stl_ros2/lib'
[1.281s] Level 1:colcon.colcon_core.environment:checking '/home/spinetti/ros2_ws/install/ldlidar_stl_ros2/bin'
[1.281s] Level 1:colcon.colcon_core.environment:checking '/home/spinetti/ros2_ws/install/ldlidar_stl_ros2/lib/pkgconfig/ldlidar_stl_ros2.pc'
[1.281s] Level 1:colcon.colcon_core.environment:checking '/home/spinetti/ros2_ws/install/ldlidar_stl_ros2/lib/python3.12/site-packages'
[1.282s] Level 1:colcon.colcon_core.environment:checking '/home/spinetti/ros2_ws/install/ldlidar_stl_ros2/bin'
[1.282s] INFO:colcon.colcon_core.shell:Creating package script '/home/spinetti/ros2_ws/install/ldlidar_stl_ros2/share/ldlidar_stl_ros2/package.ps1'
[1.284s] INFO:colcon.colcon_core.shell:Creating package descriptor '/home/spinetti/ros2_ws/install/ldlidar_stl_ros2/share/ldlidar_stl_ros2/package.dsv'
[1.285s] INFO:colcon.colcon_core.shell:Creating package script '/home/spinetti/ros2_ws/install/ldlidar_stl_ros2/share/ldlidar_stl_ros2/package.sh'
[1.286s] INFO:colcon.colcon_core.shell:Creating package script '/home/spinetti/ros2_ws/install/ldlidar_stl_ros2/share/ldlidar_stl_ros2/package.bash'
[1.287s] INFO:colcon.colcon_core.shell:Creating package script '/home/spinetti/ros2_ws/install/ldlidar_stl_ros2/share/ldlidar_stl_ros2/package.zsh'
[1.288s] Level 1:colcon.colcon_core.environment:create_file_with_runtime_dependencies(/home/spinetti/ros2_ws/install/ldlidar_stl_ros2/share/colcon-core/packages/ldlidar_stl_ros2)
[1.289s] Level 1:colcon.colcon_core.environment:create_environment_scripts_only(ldlidar_stl_ros2)
[1.289s] Level 1:colcon.colcon_core.environment:checking '/home/spinetti/ros2_ws/install/ldlidar_stl_ros2' for CMake module files
[1.290s] Level 1:colcon.colcon_core.environment:checking '/home/spinetti/ros2_ws/install/ldlidar_stl_ros2' for CMake config files
[1.290s] Level 1:colcon.colcon_core.shell:create_environment_hook('ldlidar_stl_ros2', 'cmake_prefix_path')
[1.291s] INFO:colcon.colcon_core.shell:Creating environment hook '/home/spinetti/ros2_ws/install/ldlidar_stl_ros2/share/ldlidar_stl_ros2/hook/cmake_prefix_path.ps1'
[1.292s] INFO:colcon.colcon_core.shell:Creating environment descriptor '/home/spinetti/ros2_ws/install/ldlidar_stl_ros2/share/ldlidar_stl_ros2/hook/cmake_prefix_path.dsv'
[1.293s] INFO:colcon.colcon_core.shell:Creating environment hook '/home/spinetti/ros2_ws/install/ldlidar_stl_ros2/share/ldlidar_stl_ros2/hook/cmake_prefix_path.sh'
[1.294s] Level 1:colcon.colcon_core.environment:checking '/home/spinetti/ros2_ws/install/ldlidar_stl_ros2/lib'
[1.295s] Level 1:colcon.colcon_core.environment:checking '/home/spinetti/ros2_ws/install/ldlidar_stl_ros2/bin'
[1.295s] Level 1:colcon.colcon_core.environment:checking '/home/spinetti/ros2_ws/install/ldlidar_stl_ros2/lib/pkgconfig/ldlidar_stl_ros2.pc'
[1.295s] Level 1:colcon.colcon_core.environment:checking '/home/spinetti/ros2_ws/install/ldlidar_stl_ros2/lib/python3.12/site-packages'
[1.296s] Level 1:colcon.colcon_core.environment:checking '/home/spinetti/ros2_ws/install/ldlidar_stl_ros2/bin'
[1.296s] INFO:colcon.colcon_core.shell:Creating package script '/home/spinetti/ros2_ws/install/ldlidar_stl_ros2/share/ldlidar_stl_ros2/package.ps1'
[1.298s] INFO:colcon.colcon_core.shell:Creating package descriptor '/home/spinetti/ros2_ws/install/ldlidar_stl_ros2/share/ldlidar_stl_ros2/package.dsv'
[1.299s] INFO:colcon.colcon_core.shell:Creating package script '/home/spinetti/ros2_ws/install/ldlidar_stl_ros2/share/ldlidar_stl_ros2/package.sh'
[1.299s] INFO:colcon.colcon_core.shell:Creating package script '/home/spinetti/ros2_ws/install/ldlidar_stl_ros2/share/ldlidar_stl_ros2/package.bash'
[1.300s] INFO:colcon.colcon_core.shell:Creating package script '/home/spinetti/ros2_ws/install/ldlidar_stl_ros2/share/ldlidar_stl_ros2/package.zsh'
[1.301s] Level 1:colcon.colcon_core.environment:create_file_with_runtime_dependencies(/home/spinetti/ros2_ws/install/ldlidar_stl_ros2/share/colcon-core/packages/ldlidar_stl_ros2)
[1.417s] DEBUG:colcon.colcon_core.event_handler.log_command:Invoked command in '/home/spinetti/ros2_ws/build/tm_imu' returned '0': CMAKE_PREFIX_PATH=${CMAKE_PREFIX_PATH}:/home/spinetti/ros2_ws/install/stm32_bot:/home/spinetti/ros2_ws/install/spinetti_bringup:/home/spinetti/install/stm32_bot:/opt/ros/jazzy DEBUGINFOD_URLS=https://debuginfod.ubuntu.com /usr/bin/cmake --build /home/spinetti/ros2_ws/build/tm_imu -- -j4 -l4
[1.419s] DEBUG:colcon.colcon_core.event_handler.log_command:Invoking command in '/home/spinetti/ros2_ws/build/tm_imu': CMAKE_PREFIX_PATH=${CMAKE_PREFIX_PATH}:/home/spinetti/ros2_ws/install/stm32_bot:/home/spinetti/ros2_ws/install/spinetti_bringup:/home/spinetti/install/stm32_bot:/opt/ros/jazzy DEBUGINFOD_URLS=https://debuginfod.ubuntu.com /usr/bin/cmake --install /home/spinetti/ros2_ws/build/tm_imu
[1.455s] Level 1:colcon.colcon_core.environment:create_environment_scripts_only(tm_imu)
[1.456s] Level 1:colcon.colcon_core.environment:checking '/home/spinetti/ros2_ws/install/tm_imu' for CMake module files
[1.457s] Level 1:colcon.colcon_core.environment:checking '/home/spinetti/ros2_ws/install/tm_imu' for CMake config files
[1.458s] Level 1:colcon.colcon_core.shell:create_environment_hook('tm_imu', 'cmake_prefix_path')
[1.460s] INFO:colcon.colcon_core.shell:Creating environment hook '/home/spinetti/ros2_ws/install/tm_imu/share/tm_imu/hook/cmake_prefix_path.ps1'
[1.461s] DEBUG:colcon.colcon_core.event_handler.log_command:Invoked command in '/home/spinetti/ros2_ws/build/tm_imu' returned '0': CMAKE_PREFIX_PATH=${CMAKE_PREFIX_PATH}:/home/spinetti/ros2_ws/install/stm32_bot:/home/spinetti/ros2_ws/install/spinetti_bringup:/home/spinetti/install/stm32_bot:/opt/ros/jazzy DEBUGINFOD_URLS=https://debuginfod.ubuntu.com /usr/bin/cmake --install /home/spinetti/ros2_ws/build/tm_imu
[1.464s] INFO:colcon.colcon_core.shell:Creating environment descriptor '/home/spinetti/ros2_ws/install/tm_imu/share/tm_imu/hook/cmake_prefix_path.dsv'
[1.465s] INFO:colcon.colcon_core.shell:Creating environment hook '/home/spinetti/ros2_ws/install/tm_imu/share/tm_imu/hook/cmake_prefix_path.sh'
[1.468s] Level 1:colcon.colcon_core.environment:checking '/home/spinetti/ros2_ws/install/tm_imu/lib'
[1.468s] Level 1:colcon.colcon_core.environment:checking '/home/spinetti/ros2_ws/install/tm_imu/bin'
[1.468s] Level 1:colcon.colcon_core.environment:checking '/home/spinetti/ros2_ws/install/tm_imu/lib/pkgconfig/tm_imu.pc'
[1.469s] Level 1:colcon.colcon_core.environment:checking '/home/spinetti/ros2_ws/install/tm_imu/lib/python3.12/site-packages'
[1.469s] Level 1:colcon.colcon_core.environment:checking '/home/spinetti/ros2_ws/install/tm_imu/bin'
[1.469s] INFO:colcon.colcon_core.shell:Creating package script '/home/spinetti/ros2_ws/install/tm_imu/share/tm_imu/package.ps1'
[1.470s] INFO:colcon.colcon_core.shell:Creating package descriptor '/home/spinetti/ros2_ws/install/tm_imu/share/tm_imu/package.dsv'
[1.471s] INFO:colcon.colcon_core.shell:Creating package script '/home/spinetti/ros2_ws/install/tm_imu/share/tm_imu/package.sh'
[1.471s] INFO:colcon.colcon_core.shell:Creating package script '/home/spinetti/ros2_ws/install/tm_imu/share/tm_imu/package.bash'
[1.472s] INFO:colcon.colcon_core.shell:Creating package script '/home/spinetti/ros2_ws/install/tm_imu/share/tm_imu/package.zsh'
[1.472s] Level 1:colcon.colcon_core.environment:create_file_with_runtime_dependencies(/home/spinetti/ros2_ws/install/tm_imu/share/colcon-core/packages/tm_imu)
[1.473s] Level 1:colcon.colcon_core.environment:create_environment_scripts_only(tm_imu)
[1.474s] Level 1:colcon.colcon_core.environment:checking '/home/spinetti/ros2_ws/install/tm_imu' for CMake module files
[1.474s] Level 1:colcon.colcon_core.environment:checking '/home/spinetti/ros2_ws/install/tm_imu' for CMake config files
[1.474s] Level 1:colcon.colcon_core.shell:create_environment_hook('tm_imu', 'cmake_prefix_path')
[1.475s] INFO:colcon.colcon_core.shell:Creating environment hook '/home/spinetti/ros2_ws/install/tm_imu/share/tm_imu/hook/cmake_prefix_path.ps1'
[1.475s] INFO:colcon.colcon_core.shell:Creating environment descriptor '/home/spinetti/ros2_ws/install/tm_imu/share/tm_imu/hook/cmake_prefix_path.dsv'
[1.476s] INFO:colcon.colcon_core.shell:Creating environment hook '/home/spinetti/ros2_ws/install/tm_imu/share/tm_imu/hook/cmake_prefix_path.sh'
[1.477s] Level 1:colcon.colcon_core.environment:checking '/home/spinetti/ros2_ws/install/tm_imu/lib'
[1.477s] Level 1:colcon.colcon_core.environment:checking '/home/spinetti/ros2_ws/install/tm_imu/bin'
[1.477s] Level 1:colcon.colcon_core.environment:checking '/home/spinetti/ros2_ws/install/tm_imu/lib/pkgconfig/tm_imu.pc'
[1.477s] Level 1:colcon.colcon_core.environment:checking '/home/spinetti/ros2_ws/install/tm_imu/lib/python3.12/site-packages'
[1.478s] Level 1:colcon.colcon_core.environment:checking '/home/spinetti/ros2_ws/install/tm_imu/bin'
[1.478s] INFO:colcon.colcon_core.shell:Creating package script '/home/spinetti/ros2_ws/install/tm_imu/share/tm_imu/package.ps1'
[1.479s] INFO:colcon.colcon_core.shell:Creating package descriptor '/home/spinetti/ros2_ws/install/tm_imu/share/tm_imu/package.dsv'
[1.480s] INFO:colcon.colcon_core.shell:Creating package script '/home/spinetti/ros2_ws/install/tm_imu/share/tm_imu/package.sh'
[1.480s] INFO:colcon.colcon_core.shell:Creating package script '/home/spinetti/ros2_ws/install/tm_imu/share/tm_imu/package.bash'
[1.481s] INFO:colcon.colcon_core.shell:Creating package script '/home/spinetti/ros2_ws/install/tm_imu/share/tm_imu/package.zsh'
[1.481s] Level 1:colcon.colcon_core.environment:create_file_with_runtime_dependencies(/home/spinetti/ros2_ws/install/tm_imu/share/colcon-core/packages/tm_imu)
[2.286s] DEBUG:colcon.colcon_core.event_handler.log_command:Invoking command in '/home/spinetti/ros2_ws/src/stm32_bot': DEBUGINFOD_URLS=https://debuginfod.ubuntu.com PYTHONPATH=/home/spinetti/ros2_ws/build/stm32_bot/prefix_override:/usr/lib/python3/dist-packages/colcon_core/task/python/colcon_distutils_commands:/home/spinetti/ros2_ws/install/stm32_bot/lib/python3.12/site-packages:${PYTHONPATH} /usr/bin/python3 -W ignore:setup.py install is deprecated -W ignore:easy_install command is deprecated setup.py egg_info --egg-base ../../build/stm32_bot build --build-base /home/spinetti/ros2_ws/build/stm32_bot/build install --record /home/spinetti/ros2_ws/build/stm32_bot/install.log --single-version-externally-managed install_data
[2.294s] DEBUG:colcon.colcon_core.event_handler.log_command:Invoking command in '/home/spinetti/ros2_ws/src/spinetti_bringup': DEBUGINFOD_URLS=https://debuginfod.ubuntu.com PYTHONPATH=/home/spinetti/ros2_ws/build/spinetti_bringup/prefix_override:/usr/lib/python3/dist-packages/colcon_core/task/python/colcon_distutils_commands:/home/spinetti/ros2_ws/install/spinetti_bringup/lib/python3.12/site-packages:${PYTHONPATH} /usr/bin/python3 -W ignore:setup.py install is deprecated -W ignore:easy_install command is deprecated setup.py egg_info --egg-base ../../build/spinetti_bringup build --build-base /home/spinetti/ros2_ws/build/spinetti_bringup/build install --record /home/spinetti/ros2_ws/build/spinetti_bringup/install.log --single-version-externally-managed install_data
[3.171s] Level 1:colcon.colcon_core.environment:checking '/home/spinetti/ros2_ws/install/stm32_bot' for CMake module files
[3.172s] DEBUG:colcon.colcon_core.event_handler.log_command:Invoked command in '/home/spinetti/ros2_ws/src/stm32_bot' returned '0': DEBUGINFOD_URLS=https://debuginfod.ubuntu.com PYTHONPATH=/home/spinetti/ros2_ws/build/stm32_bot/prefix_override:/usr/lib/python3/dist-packages/colcon_core/task/python/colcon_distutils_commands:/home/spinetti/ros2_ws/install/stm32_bot/lib/python3.12/site-packages:${PYTHONPATH} /usr/bin/python3 -W ignore:setup.py install is deprecated -W ignore:easy_install command is deprecated setup.py egg_info --egg-base ../../build/stm32_bot build --build-base /home/spinetti/ros2_ws/build/stm32_bot/build install --record /home/spinetti/ros2_ws/build/stm32_bot/install.log --single-version-externally-managed install_data
[3.172s] Level 1:colcon.colcon_core.environment:checking '/home/spinetti/ros2_ws/install/stm32_bot' for CMake config files
[3.173s] Level 1:colcon.colcon_core.environment:checking '/home/spinetti/ros2_ws/install/stm32_bot/lib'
[3.173s] Level 1:colcon.colcon_core.environment:checking '/home/spinetti/ros2_ws/install/stm32_bot/bin'
[3.173s] Level 1:colcon.colcon_core.environment:checking '/home/spinetti/ros2_ws/install/stm32_bot/lib/pkgconfig/stm32_bot.pc'
[3.173s] Level 1:colcon.colcon_core.environment:checking '/home/spinetti/ros2_ws/install/stm32_bot/lib/python3.12/site-packages'
[3.173s] Level 1:colcon.colcon_core.shell:create_environment_hook('stm32_bot', 'pythonpath')
[3.174s] INFO:colcon.colcon_core.shell:Creating environment hook '/home/spinetti/ros2_ws/install/stm32_bot/share/stm32_bot/hook/pythonpath.ps1'
[3.174s] INFO:colcon.colcon_core.shell:Creating environment descriptor '/home/spinetti/ros2_ws/install/stm32_bot/share/stm32_bot/hook/pythonpath.dsv'
[3.175s] INFO:colcon.colcon_core.shell:Creating environment hook '/home/spinetti/ros2_ws/install/stm32_bot/share/stm32_bot/hook/pythonpath.sh'
[3.176s] Level 1:colcon.colcon_core.environment:checking '/home/spinetti/ros2_ws/install/stm32_bot/bin'
[3.176s] Level 1:colcon.colcon_core.environment:create_environment_scripts_only(stm32_bot)
[3.176s] INFO:colcon.colcon_core.shell:Creating package script '/home/spinetti/ros2_ws/install/stm32_bot/share/stm32_bot/package.ps1'
[3.177s] INFO:colcon.colcon_core.shell:Creating package descriptor '/home/spinetti/ros2_ws/install/stm32_bot/share/stm32_bot/package.dsv'
[3.177s] INFO:colcon.colcon_core.shell:Creating package script '/home/spinetti/ros2_ws/install/stm32_bot/share/stm32_bot/package.sh'
[3.178s] INFO:colcon.colcon_core.shell:Creating package script '/home/spinetti/ros2_ws/install/stm32_bot/share/stm32_bot/package.bash'
[3.178s] INFO:colcon.colcon_core.shell:Creating package script '/home/spinetti/ros2_ws/install/stm32_bot/share/stm32_bot/package.zsh'
[3.179s] Level 1:colcon.colcon_core.environment:create_file_with_runtime_dependencies(/home/spinetti/ros2_ws/install/stm32_bot/share/colcon-core/packages/stm32_bot)
[3.179s] Level 1:colcon.colcon_core.environment:checking '/home/spinetti/ros2_ws/install/spinetti_bringup' for CMake module files
[3.180s] Level 1:colcon.colcon_core.environment:checking '/home/spinetti/ros2_ws/install/spinetti_bringup' for CMake config files
[3.181s] DEBUG:colcon.colcon_core.event_handler.log_command:Invoked command in '/home/spinetti/ros2_ws/src/spinetti_bringup' returned '0': DEBUGINFOD_URLS=https://debuginfod.ubuntu.com PYTHONPATH=/home/spinetti/ros2_ws/build/spinetti_bringup/prefix_override:/usr/lib/python3/dist-packages/colcon_core/task/python/colcon_distutils_commands:/home/spinetti/ros2_ws/install/spinetti_bringup/lib/python3.12/site-packages:${PYTHONPATH} /usr/bin/python3 -W ignore:setup.py install is deprecated -W ignore:easy_install command is deprecated setup.py egg_info --egg-base ../../build/spinetti_bringup build --build-base /home/spinetti/ros2_ws/build/spinetti_bringup/build install --record /home/spinetti/ros2_ws/build/spinetti_bringup/install.log --single-version-externally-managed install_data
[3.182s] Level 1:colcon.colcon_core.environment:checking '/home/spinetti/ros2_ws/install/spinetti_bringup/lib'
[3.182s] Level 1:colcon.colcon_core.environment:checking '/home/spinetti/ros2_ws/install/spinetti_bringup/bin'
[3.183s] Level 1:colcon.colcon_core.environment:checking '/home/spinetti/ros2_ws/install/spinetti_bringup/lib/pkgconfig/spinetti_bringup.pc'
[3.183s] Level 1:colcon.colcon_core.environment:checking '/home/spinetti/ros2_ws/install/spinetti_bringup/lib/python3.12/site-packages'
[3.183s] Level 1:colcon.colcon_core.shell:create_environment_hook('spinetti_bringup', 'pythonpath')
[3.184s] INFO:colcon.colcon_core.shell:Creating environment hook '/home/spinetti/ros2_ws/install/spinetti_bringup/share/spinetti_bringup/hook/pythonpath.ps1'
[3.185s] INFO:colcon.colcon_core.shell:Creating environment descriptor '/home/spinetti/ros2_ws/install/spinetti_bringup/share/spinetti_bringup/hook/pythonpath.dsv'
[3.186s] INFO:colcon.colcon_core.shell:Creating environment hook '/home/spinetti/ros2_ws/install/spinetti_bringup/share/spinetti_bringup/hook/pythonpath.sh'
[3.188s] Level 1:colcon.colcon_core.environment:checking '/home/spinetti/ros2_ws/install/spinetti_bringup/bin'
[3.188s] Level 1:colcon.colcon_core.environment:create_environment_scripts_only(spinetti_bringup)
[3.188s] INFO:colcon.colcon_core.shell:Creating package script '/home/spinetti/ros2_ws/install/spinetti_bringup/share/spinetti_bringup/package.ps1'
[3.189s] INFO:colcon.colcon_core.shell:Creating package descriptor '/home/spinetti/ros2_ws/install/spinetti_bringup/share/spinetti_bringup/package.dsv'
[3.190s] INFO:colcon.colcon_core.shell:Creating package script '/home/spinetti/ros2_ws/install/spinetti_bringup/share/spinetti_bringup/package.sh'
[3.190s] INFO:colcon.colcon_core.shell:Creating package script '/home/spinetti/ros2_ws/install/spinetti_bringup/share/spinetti_bringup/package.bash'
[3.190s] INFO:colcon.colcon_core.shell:Creating package script '/home/spinetti/ros2_ws/install/spinetti_bringup/share/spinetti_bringup/package.zsh'
[3.191s] Level 1:colcon.colcon_core.environment:create_file_with_runtime_dependencies(/home/spinetti/ros2_ws/install/spinetti_bringup/share/colcon-core/packages/spinetti_bringup)
[3.191s] DEBUG:colcon.colcon_parallel_executor.executor.parallel:closing loop
[3.192s] DEBUG:colcon.colcon_parallel_executor.executor.parallel:loop closed
[3.192s] DEBUG:colcon.colcon_parallel_executor.executor.parallel:run_until_complete finished with '0'
[3.192s] DEBUG:colcon.colcon_core.event_reactor:joining thread
[3.201s] INFO:colcon.colcon_core.plugin_system:Skipping extension 'colcon_notification.desktop_notification.terminal_notifier': Not used on non-Darwin systems
[3.201s] INFO:colcon.colcon_core.plugin_system:Skipping extension 'colcon_notification.desktop_notification.win32': Not used on non-Windows systems
[3.201s] INFO:colcon.colcon_notification.desktop_notification:Sending desktop notification using 'notify2'
[3.228s] DEBUG:colcon.colcon_core.event_reactor:joined thread
[3.230s] INFO:colcon.colcon_core.shell:Creating prefix script '/home/spinetti/ros2_ws/install/local_setup.ps1'
[3.232s] INFO:colcon.colcon_core.shell:Creating prefix util module '/home/spinetti/ros2_ws/install/_local_setup_util_ps1.py'
[3.234s] INFO:colcon.colcon_core.shell:Creating prefix chain script '/home/spinetti/ros2_ws/install/setup.ps1'
[3.236s] INFO:colcon.colcon_core.shell:Creating prefix script '/home/spinetti/ros2_ws/install/local_setup.sh'
[3.236s] INFO:colcon.colcon_core.shell:Creating prefix util module '/home/spinetti/ros2_ws/install/_local_setup_util_sh.py'
[3.237s] INFO:colcon.colcon_core.shell:Creating prefix chain script '/home/spinetti/ros2_ws/install/setup.sh'
[3.240s] INFO:colcon.colcon_core.shell:Creating prefix script '/home/spinetti/ros2_ws/install/local_setup.bash'
[3.241s] INFO:colcon.colcon_core.shell:Creating prefix chain script '/home/spinetti/ros2_ws/install/setup.bash'
[3.243s] INFO:colcon.colcon_core.shell:Creating prefix script '/home/spinetti/ros2_ws/install/local_setup.zsh'
[3.244s] INFO:colcon.colcon_core.shell:Creating prefix chain script '/home/spinetti/ros2_ws/install/setup.zsh'
