[1.309s] Invoking command in '/home/spinetti/ros2_ws/src/stm32_bot': DEBUGINFOD_URLS=https://debuginfod.ubuntu.com PYTHONPATH=/home/spinetti/ros2_ws/build/stm32_bot/prefix_override:/usr/lib/python3/dist-packages/colcon_core/task/python/colcon_distutils_commands:/home/spinetti/ros2_ws/install/stm32_bot/lib/python3.12/site-packages:${PYTHONPATH} /usr/bin/python3 -W ignore:setup.py install is deprecated -W ignore:easy_install command is deprecated setup.py egg_info --egg-base ../../build/stm32_bot build --build-base /home/spinetti/ros2_ws/build/stm32_bot/build install --record /home/spinetti/ros2_ws/build/stm32_bot/install.log --single-version-externally-managed install_data
[1.701s] running egg_info
[1.701s] creating ../../build/stm32_bot/stm32_bot.egg-info
[1.731s] writing ../../build/stm32_bot/stm32_bot.egg-info/PKG-INFO
[1.731s] writing dependency_links to ../../build/stm32_bot/stm32_bot.egg-info/dependency_links.txt
[1.732s] writing entry points to ../../build/stm32_bot/stm32_bot.egg-info/entry_points.txt
[1.732s] writing requirements to ../../build/stm32_bot/stm32_bot.egg-info/requires.txt
[1.732s] writing top-level names to ../../build/stm32_bot/stm32_bot.egg-info/top_level.txt
[1.732s] writing manifest file '../../build/stm32_bot/stm32_bot.egg-info/SOURCES.txt'
[1.788s] reading manifest file '../../build/stm32_bot/stm32_bot.egg-info/SOURCES.txt'
[1.788s] writing manifest file '../../build/stm32_bot/stm32_bot.egg-info/SOURCES.txt'
[1.789s] running build
[1.789s] running build_py
[1.789s] creating /home/spinetti/ros2_ws/build/stm32_bot/build
[1.789s] creating /home/spinetti/ros2_ws/build/stm32_bot/build/lib
[1.789s] creating /home/spinetti/ros2_ws/build/stm32_bot/build/lib/stm32_bot
[1.789s] copying stm32_bot/__init__.py -> /home/spinetti/ros2_ws/build/stm32_bot/build/lib/stm32_bot
[1.789s] copying stm32_bot/stm32_bridge.py -> /home/spinetti/ros2_ws/build/stm32_bot/build/lib/stm32_bot
[1.790s] copying stm32_bot/stm32_teleop.py -> /home/spinetti/ros2_ws/build/stm32_bot/build/lib/stm32_bot
[1.790s] running install
[1.799s] running install_lib
[1.831s] creating /home/spinetti/ros2_ws/install/stm32_bot/lib/python3.12/site-packages/stm32_bot
[1.831s] copying /home/spinetti/ros2_ws/build/stm32_bot/build/lib/stm32_bot/__init__.py -> /home/spinetti/ros2_ws/install/stm32_bot/lib/python3.12/site-packages/stm32_bot
[1.831s] copying /home/spinetti/ros2_ws/build/stm32_bot/build/lib/stm32_bot/stm32_bridge.py -> /home/spinetti/ros2_ws/install/stm32_bot/lib/python3.12/site-packages/stm32_bot
[1.831s] copying /home/spinetti/ros2_ws/build/stm32_bot/build/lib/stm32_bot/stm32_teleop.py -> /home/spinetti/ros2_ws/install/stm32_bot/lib/python3.12/site-packages/stm32_bot
[1.832s] byte-compiling /home/spinetti/ros2_ws/install/stm32_bot/lib/python3.12/site-packages/stm32_bot/__init__.py to __init__.cpython-312.pyc
[1.832s] byte-compiling /home/spinetti/ros2_ws/install/stm32_bot/lib/python3.12/site-packages/stm32_bot/stm32_bridge.py to stm32_bridge.cpython-312.pyc
[1.835s] byte-compiling /home/spinetti/ros2_ws/install/stm32_bot/lib/python3.12/site-packages/stm32_bot/stm32_teleop.py to stm32_teleop.cpython-312.pyc
[1.836s] running install_data
[1.836s] creating /home/spinetti/ros2_ws/install/stm32_bot/share/ament_index
[1.837s] creating /home/spinetti/ros2_ws/install/stm32_bot/share/ament_index/resource_index
[1.837s] creating /home/spinetti/ros2_ws/install/stm32_bot/share/ament_index/resource_index/packages
[1.837s] copying resource/stm32_bot -> /home/spinetti/ros2_ws/install/stm32_bot/share/ament_index/resource_index/packages
[1.837s] copying package.xml -> /home/spinetti/ros2_ws/install/stm32_bot/share/stm32_bot
[1.837s] creating /home/spinetti/ros2_ws/install/stm32_bot/share/stm32_bot/launch
[1.837s] copying launch/robot_bringup.launch.py -> /home/spinetti/ros2_ws/install/stm32_bot/share/stm32_bot/launch
[1.837s] creating /home/spinetti/ros2_ws/install/stm32_bot/share/stm32_bot/config
[1.837s] copying config/ekf_config.yaml -> /home/spinetti/ros2_ws/install/stm32_bot/share/stm32_bot/config
[1.838s] running install_egg_info
[1.868s] Copying ../../build/stm32_bot/stm32_bot.egg-info to /home/spinetti/ros2_ws/install/stm32_bot/lib/python3.12/site-packages/stm32_bot-0.0.0-py3.12.egg-info
[1.869s] running install_scripts
[2.067s] Installing stm32_bridge script to /home/spinetti/ros2_ws/install/stm32_bot/lib/stm32_bot
[2.067s] Installing stm32_teleop script to /home/spinetti/ros2_ws/install/stm32_bot/lib/stm32_bot
[2.068s] writing list of installed files to '/home/spinetti/ros2_ws/build/stm32_bot/install.log'
[2.152s] Invoked command in '/home/spinetti/ros2_ws/src/stm32_bot' returned '0': DEBUGINFOD_URLS=https://debuginfod.ubuntu.com PYTHONPATH=/home/spinetti/ros2_ws/build/stm32_bot/prefix_override:/usr/lib/python3/dist-packages/colcon_core/task/python/colcon_distutils_commands:/home/spinetti/ros2_ws/install/stm32_bot/lib/python3.12/site-packages:${PYTHONPATH} /usr/bin/python3 -W ignore:setup.py install is deprecated -W ignore:easy_install command is deprecated setup.py egg_info --egg-base ../../build/stm32_bot build --build-base /home/spinetti/ros2_ws/build/stm32_bot/build install --record /home/spinetti/ros2_ws/build/stm32_bot/install.log --single-version-externally-managed install_data
