[0.914s] Invoking command in '/home/spinetti/ros2_ws/build/tm_imu': CMAKE_PREFIX_PATH=${CMAKE_PREFIX_PATH}:/home/spinetti/ros2_ws/install/stm32_bot:/home/spinetti/ros2_ws/install/spinetti_bringup:/home/spinetti/install/stm32_bot:/opt/ros/jazzy DEBUGINFOD_URLS=https://debuginfod.ubuntu.com /usr/bin/cmake --build /home/spinetti/ros2_ws/build/tm_imu -- -j4 -l4
[1.156s] [ 16%] [32mBuilding CXX object CMakeFiles/transducer_m_imu.dir/src/tm_imu_node.cpp.o[0m
[12.993s] [ 33%] [32m[1mLinking CXX executable transducer_m_imu[0m
[13.733s] [100%] Built target transducer_m_imu
[13.756s] Invoked command in '/home/spinetti/ros2_ws/build/tm_imu' returned '0': CMAKE_PREFIX_PATH=${CMAKE_PREFIX_PATH}:/home/spinetti/ros2_ws/install/stm32_bot:/home/spinetti/ros2_ws/install/spinetti_bringup:/home/spinetti/install/stm32_bot:/opt/ros/jazzy DEBUGINFOD_URLS=https://debuginfod.ubuntu.com /usr/bin/cmake --build /home/spinetti/ros2_ws/build/tm_imu -- -j4 -l4
[13.759s] Invoking command in '/home/spinetti/ros2_ws/build/tm_imu': CMAKE_PREFIX_PATH=${CMAKE_PREFIX_PATH}:/home/spinetti/ros2_ws/install/stm32_bot:/home/spinetti/ros2_ws/install/spinetti_bringup:/home/spinetti/install/stm32_bot:/opt/ros/jazzy DEBUGINFOD_URLS=https://debuginfod.ubuntu.com /usr/bin/cmake --install /home/spinetti/ros2_ws/build/tm_imu
[13.775s] -- Install configuration: ""
[13.775s] -- Installing: /home/spinetti/ros2_ws/install/tm_imu/lib/tm_imu/transducer_m_imu
[13.780s] -- Set non-toolchain portion of runtime path of "/home/spinetti/ros2_ws/install/tm_imu/lib/tm_imu/transducer_m_imu" to ""
[13.780s] -- Up-to-date: /home/spinetti/ros2_ws/install/tm_imu/share/tm_imu//launch
[13.781s] -- Up-to-date: /home/spinetti/ros2_ws/install/tm_imu/share/tm_imu//launch/imu.launch.py
[13.781s] -- Up-to-date: /home/spinetti/ros2_ws/install/tm_imu/share/tm_imu//launch/__pycache__
[13.781s] -- Up-to-date: /home/spinetti/ros2_ws/install/tm_imu/share/tm_imu//launch/__pycache__/imu.launch.cpython-312.pyc
[13.781s] -- Up-to-date: /home/spinetti/ros2_ws/install/tm_imu/share/tm_imu//config
[13.781s] -- Up-to-date: /home/spinetti/ros2_ws/install/tm_imu/share/tm_imu//config/params.yaml
[13.781s] -- Up-to-date: /home/spinetti/ros2_ws/install/tm_imu/share/ament_index/resource_index/package_run_dependencies/tm_imu
[13.781s] -- Up-to-date: /home/spinetti/ros2_ws/install/tm_imu/share/ament_index/resource_index/parent_prefix_path/tm_imu
[13.781s] -- Up-to-date: /home/spinetti/ros2_ws/install/tm_imu/share/tm_imu/environment/ament_prefix_path.sh
[13.781s] -- Up-to-date: /home/spinetti/ros2_ws/install/tm_imu/share/tm_imu/environment/ament_prefix_path.dsv
[13.781s] -- Up-to-date: /home/spinetti/ros2_ws/install/tm_imu/share/tm_imu/environment/path.sh
[13.782s] -- Up-to-date: /home/spinetti/ros2_ws/install/tm_imu/share/tm_imu/environment/path.dsv
[13.782s] -- Up-to-date: /home/spinetti/ros2_ws/install/tm_imu/share/tm_imu/local_setup.bash
[13.782s] -- Up-to-date: /home/spinetti/ros2_ws/install/tm_imu/share/tm_imu/local_setup.sh
[13.782s] -- Up-to-date: /home/spinetti/ros2_ws/install/tm_imu/share/tm_imu/local_setup.zsh
[13.782s] -- Up-to-date: /home/spinetti/ros2_ws/install/tm_imu/share/tm_imu/local_setup.dsv
[13.782s] -- Installing: /home/spinetti/ros2_ws/install/tm_imu/share/tm_imu/package.dsv
[13.782s] -- Up-to-date: /home/spinetti/ros2_ws/install/tm_imu/share/ament_index/resource_index/packages/tm_imu
[13.782s] -- Up-to-date: /home/spinetti/ros2_ws/install/tm_imu/share/tm_imu/cmake/tm_imuConfig.cmake
[13.782s] -- Up-to-date: /home/spinetti/ros2_ws/install/tm_imu/share/tm_imu/cmake/tm_imuConfig-version.cmake
[13.782s] -- Up-to-date: /home/spinetti/ros2_ws/install/tm_imu/share/tm_imu/package.xml
[13.785s] Invoked command in '/home/spinetti/ros2_ws/build/tm_imu' returned '0': CMAKE_PREFIX_PATH=${CMAKE_PREFIX_PATH}:/home/spinetti/ros2_ws/install/stm32_bot:/home/spinetti/ros2_ws/install/spinetti_bringup:/home/spinetti/install/stm32_bot:/opt/ros/jazzy DEBUGINFOD_URLS=https://debuginfod.ubuntu.com /usr/bin/cmake --install /home/spinetti/ros2_ws/build/tm_imu
