running develop
running egg_info
writing spinetti_bringup.egg-info/PKG-INFO
writing dependency_links to spinetti_bringup.egg-info/dependency_links.txt
writing entry points to spinetti_bringup.egg-info/entry_points.txt
writing requirements to spinetti_bringup.egg-info/requires.txt
writing top-level names to spinetti_bringup.egg-info/top_level.txt
reading manifest file 'spinetti_bringup.egg-info/SOURCES.txt'
writing manifest file 'spinetti_bringup.egg-info/SOURCES.txt'
running build_ext
Creating /home/spinetti/ros2_ws/install/spinetti_bringup/lib/python3.12/site-packages/spinetti-bringup.egg-link (link to .)
Installing odom_converter script to /home/spinetti/ros2_ws/install/spinetti_bringup/lib/spinetti_bringup

Installed /home/spinetti/ros2_ws/build/spinetti_bringup
running symlink_data
symbolically linking /home/spinetti/ros2_ws/build/spinetti_bringup/resource/spinetti_bringup -> /home/spinetti/ros2_ws/install/spinetti_bringup/share/ament_index/resource_index/packages
symbolically linking /home/spinetti/ros2_ws/build/spinetti_bringup/package.xml -> /home/spinetti/ros2_ws/install/spinetti_bringup/share/spinetti_bringup
symbolically linking /home/spinetti/ros2_ws/build/spinetti_bringup/launch/mapper.launch.py -> /home/spinetti/ros2_ws/install/spinetti_bringup/share/spinetti_bringup/launch
symbolically linking /home/spinetti/ros2_ws/build/spinetti_bringup/launch/bringup.launch.py -> /home/spinetti/ros2_ws/install/spinetti_bringup/share/spinetti_bringup/launch
symbolically linking /home/spinetti/ros2_ws/build/spinetti_bringup/config/mapper_params.yaml -> /home/spinetti/ros2_ws/install/spinetti_bringup/share/spinetti_bringup/config
symbolically linking /home/spinetti/ros2_ws/build/spinetti_bringup/config/ekf.yaml -> /home/spinetti/ros2_ws/install/spinetti_bringup/share/spinetti_bringup/config
