[5.078s] Invoking command in '/home/spinetti/ros2_ws/build/spinetti_bringup': DEBUGINFOD_URLS=https://debuginfod.ubuntu.com PYTHONPATH=/home/spinetti/ros2_ws/build/spinetti_bringup/prefix_override:/usr/lib/python3/dist-packages/colcon_core/task/python/colcon_distutils_commands:/home/spinetti/ros2_ws/install/spinetti_bringup/lib/python3.12/site-packages:${PYTHONPATH} /usr/bin/python3 -W ignore:setup.py install is deprecated -W ignore:easy_install command is deprecated setup.py develop --editable --build-directory /home/spinetti/ros2_ws/build/spinetti_bringup/build --no-deps symlink_data --force
[7.536s] running develop
[9.233s] running egg_info
[9.453s] writing spinetti_bringup.egg-info/PKG-INFO
[9.457s] writing dependency_links to spinetti_bringup.egg-info/dependency_links.txt
[9.457s] writing entry points to spinetti_bringup.egg-info/entry_points.txt
[9.457s] writing requirements to spinetti_bringup.egg-info/requires.txt
[9.461s] writing top-level names to spinetti_bringup.egg-info/top_level.txt
[9.856s] reading manifest file 'spinetti_bringup.egg-info/SOURCES.txt'
[9.868s] writing manifest file 'spinetti_bringup.egg-info/SOURCES.txt'
[10.102s] running build_ext
[10.106s] Creating /home/spinetti/ros2_ws/install/spinetti_bringup/lib/python3.12/site-packages/spinetti-bringup.egg-link (link to .)
[10.106s] Installing odom_converter script to /home/spinetti/ros2_ws/install/spinetti_bringup/lib/spinetti_bringup
[10.111s] 
[10.111s] Installed /home/spinetti/ros2_ws/build/spinetti_bringup
[10.115s] running symlink_data
[10.115s] symbolically linking /home/spinetti/ros2_ws/build/spinetti_bringup/resource/spinetti_bringup -> /home/spinetti/ros2_ws/install/spinetti_bringup/share/ament_index/resource_index/packages
[10.115s] symbolically linking /home/spinetti/ros2_ws/build/spinetti_bringup/package.xml -> /home/spinetti/ros2_ws/install/spinetti_bringup/share/spinetti_bringup
[10.117s] symbolically linking /home/spinetti/ros2_ws/build/spinetti_bringup/launch/mapper.launch.py -> /home/spinetti/ros2_ws/install/spinetti_bringup/share/spinetti_bringup/launch
[10.117s] symbolically linking /home/spinetti/ros2_ws/build/spinetti_bringup/launch/bringup.launch.py -> /home/spinetti/ros2_ws/install/spinetti_bringup/share/spinetti_bringup/launch
[10.132s] symbolically linking /home/spinetti/ros2_ws/build/spinetti_bringup/config/mapper_params.yaml -> /home/spinetti/ros2_ws/install/spinetti_bringup/share/spinetti_bringup/config
[10.132s] symbolically linking /home/spinetti/ros2_ws/build/spinetti_bringup/config/ekf.yaml -> /home/spinetti/ros2_ws/install/spinetti_bringup/share/spinetti_bringup/config
[10.565s] Invoked command in '/home/spinetti/ros2_ws/build/spinetti_bringup' returned '0': DEBUGINFOD_URLS=https://debuginfod.ubuntu.com PYTHONPATH=/home/spinetti/ros2_ws/build/spinetti_bringup/prefix_override:/usr/lib/python3/dist-packages/colcon_core/task/python/colcon_distutils_commands:/home/spinetti/ros2_ws/install/spinetti_bringup/lib/python3.12/site-packages:${PYTHONPATH} /usr/bin/python3 -W ignore:setup.py install is deprecated -W ignore:easy_install command is deprecated setup.py develop --editable --build-directory /home/spinetti/ros2_ws/build/spinetti_bringup/build --no-deps symlink_data --force
