[2.876s] Invoking command in '/home/spinetti/ros2_ws/src/stm32_bot': DEBUGINFOD_URLS=https://debuginfod.ubuntu.com PYTHONPATH=/home/spinetti/ros2_ws/build/stm32_bot/prefix_override:/usr/lib/python3/dist-packages/colcon_core/task/python/colcon_distutils_commands:/home/spinetti/ros2_ws/install/stm32_bot/lib/python3.12/site-packages:${PYTHONPATH} /usr/bin/python3 -W ignore:setup.py install is deprecated -W ignore:easy_install command is deprecated setup.py egg_info --egg-base ../../build/stm32_bot build --build-base /home/spinetti/ros2_ws/build/stm32_bot/build install --record /home/spinetti/ros2_ws/build/stm32_bot/install.log --single-version-externally-managed install_data
[4.440s] running egg_info
[4.476s] writing ../../build/stm32_bot/stm32_bot.egg-info/PKG-INFO
[4.478s] writing dependency_links to ../../build/stm32_bot/stm32_bot.egg-info/dependency_links.txt
[4.479s] writing entry points to ../../build/stm32_bot/stm32_bot.egg-info/entry_points.txt
[4.479s] writing requirements to ../../build/stm32_bot/stm32_bot.egg-info/requires.txt
[4.479s] writing top-level names to ../../build/stm32_bot/stm32_bot.egg-info/top_level.txt
[4.563s] reading manifest file '../../build/stm32_bot/stm32_bot.egg-info/SOURCES.txt'
[4.564s] writing manifest file '../../build/stm32_bot/stm32_bot.egg-info/SOURCES.txt'
[4.564s] running build
[4.564s] running build_py
[4.565s] running install
[4.579s] running install_lib
[4.633s] byte-compiling /home/spinetti/ros2_ws/install/stm32_bot/lib/python3.12/site-packages/stm32_bot/stm32_bridge.py to stm32_bridge.cpython-312.pyc
[4.636s] running install_data
[4.637s] running install_egg_info
[4.669s] removing '/home/spinetti/ros2_ws/install/stm32_bot/lib/python3.12/site-packages/stm32_bot-0.0.0-py3.12.egg-info' (and everything under it)
[4.669s] Copying ../../build/stm32_bot/stm32_bot.egg-info to /home/spinetti/ros2_ws/install/stm32_bot/lib/python3.12/site-packages/stm32_bot-0.0.0-py3.12.egg-info
[4.671s] running install_scripts
[4.955s] Installing ps3_mapper script to /home/spinetti/ros2_ws/install/stm32_bot/lib/stm32_bot
[4.955s] Installing stm32_bridge script to /home/spinetti/ros2_ws/install/stm32_bot/lib/stm32_bot
[4.955s] Installing stm32_teleop script to /home/spinetti/ros2_ws/install/stm32_bot/lib/stm32_bot
[4.956s] writing list of installed files to '/home/spinetti/ros2_ws/build/stm32_bot/install.log'
[5.070s] Invoked command in '/home/spinetti/ros2_ws/src/stm32_bot' returned '0': DEBUGINFOD_URLS=https://debuginfod.ubuntu.com PYTHONPATH=/home/spinetti/ros2_ws/build/stm32_bot/prefix_override:/usr/lib/python3/dist-packages/colcon_core/task/python/colcon_distutils_commands:/home/spinetti/ros2_ws/install/stm32_bot/lib/python3.12/site-packages:${PYTHONPATH} /usr/bin/python3 -W ignore:setup.py install is deprecated -W ignore:easy_install command is deprecated setup.py egg_info --egg-base ../../build/stm32_bot build --build-base /home/spinetti/ros2_ws/build/stm32_bot/build install --record /home/spinetti/ros2_ws/build/stm32_bot/install.log --single-version-externally-managed install_data
