[1.831s] Invoking command in '/home/spinetti/ros2_ws/src/stm32_bot': DEBUGINFOD_URLS=https://debuginfod.ubuntu.com PYTHONPATH=/home/spinetti/ros2_ws/build/stm32_bot/prefix_override:/usr/lib/python3/dist-packages/colcon_core/task/python/colcon_distutils_commands:/home/spinetti/ros2_ws/install/stm32_bot/lib/python3.12/site-packages:${PYTHONPATH} /usr/bin/python3 -W ignore:setup.py install is deprecated -W ignore:easy_install command is deprecated setup.py egg_info --egg-base ../../build/stm32_bot build --build-base /home/spinetti/ros2_ws/build/stm32_bot/build install --record /home/spinetti/ros2_ws/build/stm32_bot/install.log --single-version-externally-managed install_data
[2.234s] running egg_info
[2.262s] writing ../../build/stm32_bot/stm32_bot.egg-info/PKG-INFO
[2.262s] writing dependency_links to ../../build/stm32_bot/stm32_bot.egg-info/dependency_links.txt
[2.262s] writing entry points to ../../build/stm32_bot/stm32_bot.egg-info/entry_points.txt
[2.262s] writing requirements to ../../build/stm32_bot/stm32_bot.egg-info/requires.txt
[2.263s] writing top-level names to ../../build/stm32_bot/stm32_bot.egg-info/top_level.txt
[2.321s] reading manifest file '../../build/stm32_bot/stm32_bot.egg-info/SOURCES.txt'
[2.323s] writing manifest file '../../build/stm32_bot/stm32_bot.egg-info/SOURCES.txt'
[2.323s] running build
[2.323s] running build_py
[2.323s] copying stm32_bot/stm32_teleop.py -> /home/spinetti/ros2_ws/build/stm32_bot/build/lib/stm32_bot
[2.323s] running install
[2.333s] running install_lib
[2.361s] copying /home/spinetti/ros2_ws/build/stm32_bot/build/lib/stm32_bot/stm32_teleop.py -> /home/spinetti/ros2_ws/install/stm32_bot/lib/python3.12/site-packages/stm32_bot
[2.361s] byte-compiling /home/spinetti/ros2_ws/install/stm32_bot/lib/python3.12/site-packages/stm32_bot/stm32_teleop.py to stm32_teleop.cpython-312.pyc
[2.364s] running install_data
[2.364s] running install_egg_info
[2.395s] removing '/home/spinetti/ros2_ws/install/stm32_bot/lib/python3.12/site-packages/stm32_bot-0.0.0-py3.12.egg-info' (and everything under it)
[2.397s] Copying ../../build/stm32_bot/stm32_bot.egg-info to /home/spinetti/ros2_ws/install/stm32_bot/lib/python3.12/site-packages/stm32_bot-0.0.0-py3.12.egg-info
[2.397s] running install_scripts
[2.595s] Installing stm32_bridge script to /home/spinetti/ros2_ws/install/stm32_bot/lib/stm32_bot
[2.595s] Installing stm32_teleop script to /home/spinetti/ros2_ws/install/stm32_bot/lib/stm32_bot
[2.596s] writing list of installed files to '/home/spinetti/ros2_ws/build/stm32_bot/install.log'
[2.707s] Invoked command in '/home/spinetti/ros2_ws/src/stm32_bot' returned '0': DEBUGINFOD_URLS=https://debuginfod.ubuntu.com PYTHONPATH=/home/spinetti/ros2_ws/build/stm32_bot/prefix_override:/usr/lib/python3/dist-packages/colcon_core/task/python/colcon_distutils_commands:/home/spinetti/ros2_ws/install/stm32_bot/lib/python3.12/site-packages:${PYTHONPATH} /usr/bin/python3 -W ignore:setup.py install is deprecated -W ignore:easy_install command is deprecated setup.py egg_info --egg-base ../../build/stm32_bot build --build-base /home/spinetti/ros2_ws/build/stm32_bot/build install --record /home/spinetti/ros2_ws/build/stm32_bot/install.log --single-version-externally-managed install_data
