[0.212s] DEBUG:colcon:Command line arguments: ['/usr/bin/colcon', 'build', '--packages-select', 'stm32_bot']
[0.213s] DEBUG:colcon:Parsed command line arguments: Namespace(log_base=None, log_level=None, verb_name='build', build_base='build', install_base='install', merge_install=False, symlink_install=False, test_result_base=None, continue_on_error=False, executor='parallel', parallel_workers=4, event_handlers=None, ignore_user_meta=False, metas=['./colcon.meta'], base_paths=['.'], packages_ignore=None, packages_ignore_regex=None, paths=None, packages_up_to=None, packages_up_to_regex=None, packages_above=None, packages_above_and_dependencies=None, packages_above_depth=None, packages_select_by_dep=None, packages_skip_by_dep=None, packages_skip_up_to=None, packages_select_build_failed=False, packages_skip_build_finished=False, packages_select_test_failures=False, packages_skip_test_passed=False, packages_select=['stm32_bot'], packages_skip=None, packages_select_regex=None, packages_skip_regex=None, packages_start=None, packages_end=None, allow_overriding=[], cmake_args=None, cmake_target=None, cmake_target_skip_unavailable=False, cmake_clean_cache=False, cmake_clean_first=False, cmake_force_configure=False, ament_cmake_args=None, catkin_cmake_args=None, catkin_skip_building_tests=False, mixin_files=None, mixin=None, verb_parser=<colcon_mixin.mixin.mixin_argument.MixinArgumentDecorator object at 0xffffaa7e1d30>, verb_extension=<colcon_core.verb.build.BuildVerb object at 0xffffaa767b00>, main=<bound method BuildVerb.main of <colcon_core.verb.build.BuildVerb object at 0xffffaa767b00>>, mixin_verb=('build',))
[0.299s] Level 1:colcon.colcon_core.package_discovery:discover_packages(colcon_meta) check parameters
[0.299s] Level 1:colcon.colcon_core.package_discovery:discover_packages(recursive) check parameters
[0.299s] Level 1:colcon.colcon_core.package_discovery:discover_packages(ignore) check parameters
[0.299s] Level 1:colcon.colcon_core.package_discovery:discover_packages(path) check parameters
[0.299s] Level 1:colcon.colcon_core.package_discovery:discover_packages(colcon_meta) discover
[0.300s] Level 1:colcon.colcon_core.package_discovery:discover_packages(recursive) discover
[0.300s] INFO:colcon.colcon_core.package_discovery:Crawling recursively for packages in '/home/spinetti/ros2_ws'
[0.300s] Level 1:colcon.colcon_core.package_identification:_identify(.) by extensions ['ignore', 'ignore_ament_install']
[0.300s] Level 1:colcon.colcon_core.package_identification:_identify(.) by extension 'ignore'
[0.300s] Level 1:colcon.colcon_core.package_identification:_identify(.) by extension 'ignore_ament_install'
[0.300s] Level 1:colcon.colcon_core.package_identification:_identify(.) by extensions ['colcon_pkg']
[0.300s] Level 1:colcon.colcon_core.package_identification:_identify(.) by extension 'colcon_pkg'
[0.300s] Level 1:colcon.colcon_core.package_identification:_identify(.) by extensions ['colcon_meta']
[0.300s] Level 1:colcon.colcon_core.package_identification:_identify(.) by extension 'colcon_meta'
[0.300s] Level 1:colcon.colcon_core.package_identification:_identify(.) by extensions ['ros']
[0.300s] Level 1:colcon.colcon_core.package_identification:_identify(.) by extension 'ros'
[0.354s] Level 1:colcon.colcon_core.package_identification:_identify(.) by extensions ['cmake', 'python']
[0.354s] Level 1:colcon.colcon_core.package_identification:_identify(.) by extension 'cmake'
[0.354s] Level 1:colcon.colcon_core.package_identification:_identify(.) by extension 'python'
[0.354s] Level 1:colcon.colcon_core.package_identification:_identify(.) by extensions ['python_setup_py']
[0.354s] Level 1:colcon.colcon_core.package_identification:_identify(.) by extension 'python_setup_py'
[0.354s] Level 1:colcon.colcon_core.package_identification:_identify(STM32) by extensions ['ignore', 'ignore_ament_install']
[0.355s] Level 1:colcon.colcon_core.package_identification:_identify(STM32) by extension 'ignore'
[0.355s] Level 1:colcon.colcon_core.package_identification:_identify(STM32) by extension 'ignore_ament_install'
[0.355s] Level 1:colcon.colcon_core.package_identification:_identify(STM32) by extensions ['colcon_pkg']
[0.355s] Level 1:colcon.colcon_core.package_identification:_identify(STM32) by extension 'colcon_pkg'
[0.355s] Level 1:colcon.colcon_core.package_identification:_identify(STM32) by extensions ['colcon_meta']
[0.355s] Level 1:colcon.colcon_core.package_identification:_identify(STM32) by extension 'colcon_meta'
[0.355s] Level 1:colcon.colcon_core.package_identification:_identify(STM32) by extensions ['ros']
[0.355s] Level 1:colcon.colcon_core.package_identification:_identify(STM32) by extension 'ros'
[0.355s] Level 1:colcon.colcon_core.package_identification:_identify(STM32) by extensions ['cmake', 'python']
[0.355s] Level 1:colcon.colcon_core.package_identification:_identify(STM32) by extension 'cmake'
[0.355s] Level 1:colcon.colcon_core.package_identification:_identify(STM32) by extension 'python'
[0.355s] Level 1:colcon.colcon_core.package_identification:_identify(STM32) by extensions ['python_setup_py']
[0.355s] Level 1:colcon.colcon_core.package_identification:_identify(STM32) by extension 'python_setup_py'
[0.355s] Level 1:colcon.colcon_core.package_identification:_identify(STM32/main) by extensions ['ignore', 'ignore_ament_install']
[0.355s] Level 1:colcon.colcon_core.package_identification:_identify(STM32/main) by extension 'ignore'
[0.355s] Level 1:colcon.colcon_core.package_identification:_identify(STM32/main) by extension 'ignore_ament_install'
[0.356s] Level 1:colcon.colcon_core.package_identification:_identify(STM32/main) by extensions ['colcon_pkg']
[0.356s] Level 1:colcon.colcon_core.package_identification:_identify(STM32/main) by extension 'colcon_pkg'
[0.356s] Level 1:colcon.colcon_core.package_identification:_identify(STM32/main) by extensions ['colcon_meta']
[0.356s] Level 1:colcon.colcon_core.package_identification:_identify(STM32/main) by extension 'colcon_meta'
[0.356s] Level 1:colcon.colcon_core.package_identification:_identify(STM32/main) by extensions ['ros']
[0.356s] Level 1:colcon.colcon_core.package_identification:_identify(STM32/main) by extension 'ros'
[0.356s] Level 1:colcon.colcon_core.package_identification:_identify(STM32/main) by extensions ['cmake', 'python']
[0.356s] Level 1:colcon.colcon_core.package_identification:_identify(STM32/main) by extension 'cmake'
[0.356s] Level 1:colcon.colcon_core.package_identification:_identify(STM32/main) by extension 'python'
[0.356s] Level 1:colcon.colcon_core.package_identification:_identify(STM32/main) by extensions ['python_setup_py']
[0.356s] Level 1:colcon.colcon_core.package_identification:_identify(STM32/main) by extension 'python_setup_py'
[0.356s] Level 1:colcon.colcon_core.package_identification:_identify(STM32/main/Core) by extensions ['ignore', 'ignore_ament_install']
[0.356s] Level 1:colcon.colcon_core.package_identification:_identify(STM32/main/Core) by extension 'ignore'
[0.356s] Level 1:colcon.colcon_core.package_identification:_identify(STM32/main/Core) by extension 'ignore_ament_install'
[0.356s] Level 1:colcon.colcon_core.package_identification:_identify(STM32/main/Core) by extensions ['colcon_pkg']
[0.356s] Level 1:colcon.colcon_core.package_identification:_identify(STM32/main/Core) by extension 'colcon_pkg'
[0.356s] Level 1:colcon.colcon_core.package_identification:_identify(STM32/main/Core) by extensions ['colcon_meta']
[0.356s] Level 1:colcon.colcon_core.package_identification:_identify(STM32/main/Core) by extension 'colcon_meta'
[0.356s] Level 1:colcon.colcon_core.package_identification:_identify(STM32/main/Core) by extensions ['ros']
[0.357s] Level 1:colcon.colcon_core.package_identification:_identify(STM32/main/Core) by extension 'ros'
[0.357s] Level 1:colcon.colcon_core.package_identification:_identify(STM32/main/Core) by extensions ['cmake', 'python']
[0.357s] Level 1:colcon.colcon_core.package_identification:_identify(STM32/main/Core) by extension 'cmake'
[0.357s] Level 1:colcon.colcon_core.package_identification:_identify(STM32/main/Core) by extension 'python'
[0.357s] Level 1:colcon.colcon_core.package_identification:_identify(STM32/main/Core) by extensions ['python_setup_py']
[0.357s] Level 1:colcon.colcon_core.package_identification:_identify(STM32/main/Core) by extension 'python_setup_py'
[0.357s] Level 1:colcon.colcon_core.package_identification:_identify(STM32/main/Core/Inc) by extensions ['ignore', 'ignore_ament_install']
[0.357s] Level 1:colcon.colcon_core.package_identification:_identify(STM32/main/Core/Inc) by extension 'ignore'
[0.357s] Level 1:colcon.colcon_core.package_identification:_identify(STM32/main/Core/Inc) by extension 'ignore_ament_install'
[0.357s] Level 1:colcon.colcon_core.package_identification:_identify(STM32/main/Core/Inc) by extensions ['colcon_pkg']
[0.357s] Level 1:colcon.colcon_core.package_identification:_identify(STM32/main/Core/Inc) by extension 'colcon_pkg'
[0.357s] Level 1:colcon.colcon_core.package_identification:_identify(STM32/main/Core/Inc) by extensions ['colcon_meta']
[0.357s] Level 1:colcon.colcon_core.package_identification:_identify(STM32/main/Core/Inc) by extension 'colcon_meta'
[0.357s] Level 1:colcon.colcon_core.package_identification:_identify(STM32/main/Core/Inc) by extensions ['ros']
[0.357s] Level 1:colcon.colcon_core.package_identification:_identify(STM32/main/Core/Inc) by extension 'ros'
[0.357s] Level 1:colcon.colcon_core.package_identification:_identify(STM32/main/Core/Inc) by extensions ['cmake', 'python']
[0.357s] Level 1:colcon.colcon_core.package_identification:_identify(STM32/main/Core/Inc) by extension 'cmake'
[0.358s] Level 1:colcon.colcon_core.package_identification:_identify(STM32/main/Core/Inc) by extension 'python'
[0.358s] Level 1:colcon.colcon_core.package_identification:_identify(STM32/main/Core/Inc) by extensions ['python_setup_py']
[0.358s] Level 1:colcon.colcon_core.package_identification:_identify(STM32/main/Core/Inc) by extension 'python_setup_py'
[0.358s] Level 1:colcon.colcon_core.package_identification:_identify(STM32/main/Core/Src) by extensions ['ignore', 'ignore_ament_install']
[0.358s] Level 1:colcon.colcon_core.package_identification:_identify(STM32/main/Core/Src) by extension 'ignore'
[0.358s] Level 1:colcon.colcon_core.package_identification:_identify(STM32/main/Core/Src) by extension 'ignore_ament_install'
[0.358s] Level 1:colcon.colcon_core.package_identification:_identify(STM32/main/Core/Src) by extensions ['colcon_pkg']
[0.358s] Level 1:colcon.colcon_core.package_identification:_identify(STM32/main/Core/Src) by extension 'colcon_pkg'
[0.358s] Level 1:colcon.colcon_core.package_identification:_identify(STM32/main/Core/Src) by extensions ['colcon_meta']
[0.358s] Level 1:colcon.colcon_core.package_identification:_identify(STM32/main/Core/Src) by extension 'colcon_meta'
[0.358s] Level 1:colcon.colcon_core.package_identification:_identify(STM32/main/Core/Src) by extensions ['ros']
[0.358s] Level 1:colcon.colcon_core.package_identification:_identify(STM32/main/Core/Src) by extension 'ros'
[0.358s] Level 1:colcon.colcon_core.package_identification:_identify(STM32/main/Core/Src) by extensions ['cmake', 'python']
[0.358s] Level 1:colcon.colcon_core.package_identification:_identify(STM32/main/Core/Src) by extension 'cmake'
[0.358s] Level 1:colcon.colcon_core.package_identification:_identify(STM32/main/Core/Src) by extension 'python'
[0.358s] Level 1:colcon.colcon_core.package_identification:_identify(STM32/main/Core/Src) by extensions ['python_setup_py']
[0.358s] Level 1:colcon.colcon_core.package_identification:_identify(STM32/main/Core/Src) by extension 'python_setup_py'
[0.358s] Level 1:colcon.colcon_core.package_identification:_identify(STM32/main/Core/Startup) by extensions ['ignore', 'ignore_ament_install']
[0.359s] Level 1:colcon.colcon_core.package_identification:_identify(STM32/main/Core/Startup) by extension 'ignore'
[0.359s] Level 1:colcon.colcon_core.package_identification:_identify(STM32/main/Core/Startup) by extension 'ignore_ament_install'
[0.359s] Level 1:colcon.colcon_core.package_identification:_identify(STM32/main/Core/Startup) by extensions ['colcon_pkg']
[0.359s] Level 1:colcon.colcon_core.package_identification:_identify(STM32/main/Core/Startup) by extension 'colcon_pkg'
[0.359s] Level 1:colcon.colcon_core.package_identification:_identify(STM32/main/Core/Startup) by extensions ['colcon_meta']
[0.359s] Level 1:colcon.colcon_core.package_identification:_identify(STM32/main/Core/Startup) by extension 'colcon_meta'
[0.359s] Level 1:colcon.colcon_core.package_identification:_identify(STM32/main/Core/Startup) by extensions ['ros']
[0.359s] Level 1:colcon.colcon_core.package_identification:_identify(STM32/main/Core/Startup) by extension 'ros'
[0.359s] Level 1:colcon.colcon_core.package_identification:_identify(STM32/main/Core/Startup) by extensions ['cmake', 'python']
[0.359s] Level 1:colcon.colcon_core.package_identification:_identify(STM32/main/Core/Startup) by extension 'cmake'
[0.359s] Level 1:colcon.colcon_core.package_identification:_identify(STM32/main/Core/Startup) by extension 'python'
[0.359s] Level 1:colcon.colcon_core.package_identification:_identify(STM32/main/Core/Startup) by extensions ['python_setup_py']
[0.359s] Level 1:colcon.colcon_core.package_identification:_identify(STM32/main/Core/Startup) by extension 'python_setup_py'
[0.359s] Level 1:colcon.colcon_core.package_identification:_identify(STM32/main/Debug) by extensions ['ignore', 'ignore_ament_install']
[0.359s] Level 1:colcon.colcon_core.package_identification:_identify(STM32/main/Debug) by extension 'ignore'
[0.359s] Level 1:colcon.colcon_core.package_identification:_identify(STM32/main/Debug) by extension 'ignore_ament_install'
[0.359s] Level 1:colcon.colcon_core.package_identification:_identify(STM32/main/Debug) by extensions ['colcon_pkg']
[0.359s] Level 1:colcon.colcon_core.package_identification:_identify(STM32/main/Debug) by extension 'colcon_pkg'
[0.360s] Level 1:colcon.colcon_core.package_identification:_identify(STM32/main/Debug) by extensions ['colcon_meta']
[0.360s] Level 1:colcon.colcon_core.package_identification:_identify(STM32/main/Debug) by extension 'colcon_meta'
[0.360s] Level 1:colcon.colcon_core.package_identification:_identify(STM32/main/Debug) by extensions ['ros']
[0.360s] Level 1:colcon.colcon_core.package_identification:_identify(STM32/main/Debug) by extension 'ros'
[0.360s] Level 1:colcon.colcon_core.package_identification:_identify(STM32/main/Debug) by extensions ['cmake', 'python']
[0.360s] Level 1:colcon.colcon_core.package_identification:_identify(STM32/main/Debug) by extension 'cmake'
[0.360s] Level 1:colcon.colcon_core.package_identification:_identify(STM32/main/Debug) by extension 'python'
[0.360s] Level 1:colcon.colcon_core.package_identification:_identify(STM32/main/Debug) by extensions ['python_setup_py']
[0.360s] Level 1:colcon.colcon_core.package_identification:_identify(STM32/main/Debug) by extension 'python_setup_py'
[0.360s] Level 1:colcon.colcon_core.package_identification:_identify(STM32/main/Debug/Core) by extensions ['ignore', 'ignore_ament_install']
[0.360s] Level 1:colcon.colcon_core.package_identification:_identify(STM32/main/Debug/Core) by extension 'ignore'
[0.360s] Level 1:colcon.colcon_core.package_identification:_identify(STM32/main/Debug/Core) by extension 'ignore_ament_install'
[0.360s] Level 1:colcon.colcon_core.package_identification:_identify(STM32/main/Debug/Core) by extensions ['colcon_pkg']
[0.360s] Level 1:colcon.colcon_core.package_identification:_identify(STM32/main/Debug/Core) by extension 'colcon_pkg'
[0.360s] Level 1:colcon.colcon_core.package_identification:_identify(STM32/main/Debug/Core) by extensions ['colcon_meta']
[0.360s] Level 1:colcon.colcon_core.package_identification:_identify(STM32/main/Debug/Core) by extension 'colcon_meta'
[0.360s] Level 1:colcon.colcon_core.package_identification:_identify(STM32/main/Debug/Core) by extensions ['ros']
[0.360s] Level 1:colcon.colcon_core.package_identification:_identify(STM32/main/Debug/Core) by extension 'ros'
[0.360s] Level 1:colcon.colcon_core.package_identification:_identify(STM32/main/Debug/Core) by extensions ['cmake', 'python']
[0.360s] Level 1:colcon.colcon_core.package_identification:_identify(STM32/main/Debug/Core) by extension 'cmake'
[0.361s] Level 1:colcon.colcon_core.package_identification:_identify(STM32/main/Debug/Core) by extension 'python'
[0.361s] Level 1:colcon.colcon_core.package_identification:_identify(STM32/main/Debug/Core) by extensions ['python_setup_py']
[0.361s] Level 1:colcon.colcon_core.package_identification:_identify(STM32/main/Debug/Core) by extension 'python_setup_py'
[0.361s] Level 1:colcon.colcon_core.package_identification:_identify(STM32/main/Debug/Core/Src) by extensions ['ignore', 'ignore_ament_install']
[0.361s] Level 1:colcon.colcon_core.package_identification:_identify(STM32/main/Debug/Core/Src) by extension 'ignore'
[0.361s] Level 1:colcon.colcon_core.package_identification:_identify(STM32/main/Debug/Core/Src) by extension 'ignore_ament_install'
[0.361s] Level 1:colcon.colcon_core.package_identification:_identify(STM32/main/Debug/Core/Src) by extensions ['colcon_pkg']
[0.361s] Level 1:colcon.colcon_core.package_identification:_identify(STM32/main/Debug/Core/Src) by extension 'colcon_pkg'
[0.361s] Level 1:colcon.colcon_core.package_identification:_identify(STM32/main/Debug/Core/Src) by extensions ['colcon_meta']
[0.361s] Level 1:colcon.colcon_core.package_identification:_identify(STM32/main/Debug/Core/Src) by extension 'colcon_meta'
[0.361s] Level 1:colcon.colcon_core.package_identification:_identify(STM32/main/Debug/Core/Src) by extensions ['ros']
[0.361s] Level 1:colcon.colcon_core.package_identification:_identify(STM32/main/Debug/Core/Src) by extension 'ros'
[0.361s] Level 1:colcon.colcon_core.package_identification:_identify(STM32/main/Debug/Core/Src) by extensions ['cmake', 'python']
[0.361s] Level 1:colcon.colcon_core.package_identification:_identify(STM32/main/Debug/Core/Src) by extension 'cmake'
[0.362s] Level 1:colcon.colcon_core.package_identification:_identify(STM32/main/Debug/Core/Src) by extension 'python'
[0.362s] Level 1:colcon.colcon_core.package_identification:_identify(STM32/main/Debug/Core/Src) by extensions ['python_setup_py']
[0.362s] Level 1:colcon.colcon_core.package_identification:_identify(STM32/main/Debug/Core/Src) by extension 'python_setup_py'
[0.362s] Level 1:colcon.colcon_core.package_identification:_identify(STM32/main/Debug/Core/Startup) by extensions ['ignore', 'ignore_ament_install']
[0.362s] Level 1:colcon.colcon_core.package_identification:_identify(STM32/main/Debug/Core/Startup) by extension 'ignore'
[0.362s] Level 1:colcon.colcon_core.package_identification:_identify(STM32/main/Debug/Core/Startup) by extension 'ignore_ament_install'
[0.362s] Level 1:colcon.colcon_core.package_identification:_identify(STM32/main/Debug/Core/Startup) by extensions ['colcon_pkg']
[0.362s] Level 1:colcon.colcon_core.package_identification:_identify(STM32/main/Debug/Core/Startup) by extension 'colcon_pkg'
[0.362s] Level 1:colcon.colcon_core.package_identification:_identify(STM32/main/Debug/Core/Startup) by extensions ['colcon_meta']
[0.362s] Level 1:colcon.colcon_core.package_identification:_identify(STM32/main/Debug/Core/Startup) by extension 'colcon_meta'
[0.362s] Level 1:colcon.colcon_core.package_identification:_identify(STM32/main/Debug/Core/Startup) by extensions ['ros']
[0.362s] Level 1:colcon.colcon_core.package_identification:_identify(STM32/main/Debug/Core/Startup) by extension 'ros'
[0.362s] Level 1:colcon.colcon_core.package_identification:_identify(STM32/main/Debug/Core/Startup) by extensions ['cmake', 'python']
[0.362s] Level 1:colcon.colcon_core.package_identification:_identify(STM32/main/Debug/Core/Startup) by extension 'cmake'
[0.362s] Level 1:colcon.colcon_core.package_identification:_identify(STM32/main/Debug/Core/Startup) by extension 'python'
[0.362s] Level 1:colcon.colcon_core.package_identification:_identify(STM32/main/Debug/Core/Startup) by extensions ['python_setup_py']
[0.362s] Level 1:colcon.colcon_core.package_identification:_identify(STM32/main/Debug/Core/Startup) by extension 'python_setup_py'
[0.363s] Level 1:colcon.colcon_core.package_identification:_identify(STM32/main/Debug/Drivers) by extensions ['ignore', 'ignore_ament_install']
[0.363s] Level 1:colcon.colcon_core.package_identification:_identify(STM32/main/Debug/Drivers) by extension 'ignore'
[0.363s] Level 1:colcon.colcon_core.package_identification:_identify(STM32/main/Debug/Drivers) by extension 'ignore_ament_install'
[0.363s] Level 1:colcon.colcon_core.package_identification:_identify(STM32/main/Debug/Drivers) by extensions ['colcon_pkg']
[0.363s] Level 1:colcon.colcon_core.package_identification:_identify(STM32/main/Debug/Drivers) by extension 'colcon_pkg'
[0.363s] Level 1:colcon.colcon_core.package_identification:_identify(STM32/main/Debug/Drivers) by extensions ['colcon_meta']
[0.363s] Level 1:colcon.colcon_core.package_identification:_identify(STM32/main/Debug/Drivers) by extension 'colcon_meta'
[0.363s] Level 1:colcon.colcon_core.package_identification:_identify(STM32/main/Debug/Drivers) by extensions ['ros']
[0.363s] Level 1:colcon.colcon_core.package_identification:_identify(STM32/main/Debug/Drivers) by extension 'ros'
[0.363s] Level 1:colcon.colcon_core.package_identification:_identify(STM32/main/Debug/Drivers) by extensions ['cmake', 'python']
[0.363s] Level 1:colcon.colcon_core.package_identification:_identify(STM32/main/Debug/Drivers) by extension 'cmake'
[0.363s] Level 1:colcon.colcon_core.package_identification:_identify(STM32/main/Debug/Drivers) by extension 'python'
[0.363s] Level 1:colcon.colcon_core.package_identification:_identify(STM32/main/Debug/Drivers) by extensions ['python_setup_py']
[0.363s] Level 1:colcon.colcon_core.package_identification:_identify(STM32/main/Debug/Drivers) by extension 'python_setup_py'
[0.363s] Level 1:colcon.colcon_core.package_identification:_identify(STM32/main/Debug/Drivers/Bosch) by extensions ['ignore', 'ignore_ament_install']
[0.364s] Level 1:colcon.colcon_core.package_identification:_identify(STM32/main/Debug/Drivers/Bosch) by extension 'ignore'
[0.364s] Level 1:colcon.colcon_core.package_identification:_identify(STM32/main/Debug/Drivers/Bosch) by extension 'ignore_ament_install'
[0.364s] Level 1:colcon.colcon_core.package_identification:_identify(STM32/main/Debug/Drivers/Bosch) by extensions ['colcon_pkg']
[0.364s] Level 1:colcon.colcon_core.package_identification:_identify(STM32/main/Debug/Drivers/Bosch) by extension 'colcon_pkg'
[0.364s] Level 1:colcon.colcon_core.package_identification:_identify(STM32/main/Debug/Drivers/Bosch) by extensions ['colcon_meta']
[0.364s] Level 1:colcon.colcon_core.package_identification:_identify(STM32/main/Debug/Drivers/Bosch) by extension 'colcon_meta'
[0.364s] Level 1:colcon.colcon_core.package_identification:_identify(STM32/main/Debug/Drivers/Bosch) by extensions ['ros']
[0.364s] Level 1:colcon.colcon_core.package_identification:_identify(STM32/main/Debug/Drivers/Bosch) by extension 'ros'
[0.364s] Level 1:colcon.colcon_core.package_identification:_identify(STM32/main/Debug/Drivers/Bosch) by extensions ['cmake', 'python']
[0.364s] Level 1:colcon.colcon_core.package_identification:_identify(STM32/main/Debug/Drivers/Bosch) by extension 'cmake'
[0.364s] Level 1:colcon.colcon_core.package_identification:_identify(STM32/main/Debug/Drivers/Bosch) by extension 'python'
[0.364s] Level 1:colcon.colcon_core.package_identification:_identify(STM32/main/Debug/Drivers/Bosch) by extensions ['python_setup_py']
[0.364s] Level 1:colcon.colcon_core.package_identification:_identify(STM32/main/Debug/Drivers/Bosch) by extension 'python_setup_py'
[0.364s] Level 1:colcon.colcon_core.package_identification:_identify(STM32/main/Debug/Drivers/Bosch/BMI088) by extensions ['ignore', 'ignore_ament_install']
[0.365s] Level 1:colcon.colcon_core.package_identification:_identify(STM32/main/Debug/Drivers/Bosch/BMI088) by extension 'ignore'
[0.365s] Level 1:colcon.colcon_core.package_identification:_identify(STM32/main/Debug/Drivers/Bosch/BMI088) by extension 'ignore_ament_install'
[0.365s] Level 1:colcon.colcon_core.package_identification:_identify(STM32/main/Debug/Drivers/Bosch/BMI088) by extensions ['colcon_pkg']
[0.365s] Level 1:colcon.colcon_core.package_identification:_identify(STM32/main/Debug/Drivers/Bosch/BMI088) by extension 'colcon_pkg'
[0.365s] Level 1:colcon.colcon_core.package_identification:_identify(STM32/main/Debug/Drivers/Bosch/BMI088) by extensions ['colcon_meta']
[0.365s] Level 1:colcon.colcon_core.package_identification:_identify(STM32/main/Debug/Drivers/Bosch/BMI088) by extension 'colcon_meta'
[0.365s] Level 1:colcon.colcon_core.package_identification:_identify(STM32/main/Debug/Drivers/Bosch/BMI088) by extensions ['ros']
[0.365s] Level 1:colcon.colcon_core.package_identification:_identify(STM32/main/Debug/Drivers/Bosch/BMI088) by extension 'ros'
[0.365s] Level 1:colcon.colcon_core.package_identification:_identify(STM32/main/Debug/Drivers/Bosch/BMI088) by extensions ['cmake', 'python']
[0.365s] Level 1:colcon.colcon_core.package_identification:_identify(STM32/main/Debug/Drivers/Bosch/BMI088) by extension 'cmake'
[0.365s] Level 1:colcon.colcon_core.package_identification:_identify(STM32/main/Debug/Drivers/Bosch/BMI088) by extension 'python'
[0.365s] Level 1:colcon.colcon_core.package_identification:_identify(STM32/main/Debug/Drivers/Bosch/BMI088) by extensions ['python_setup_py']
[0.365s] Level 1:colcon.colcon_core.package_identification:_identify(STM32/main/Debug/Drivers/Bosch/BMI088) by extension 'python_setup_py'
[0.365s] Level 1:colcon.colcon_core.package_identification:_identify(STM32/main/Debug/Drivers/STM32G0xx_HAL_Driver) by extensions ['ignore', 'ignore_ament_install']
[0.365s] Level 1:colcon.colcon_core.package_identification:_identify(STM32/main/Debug/Drivers/STM32G0xx_HAL_Driver) by extension 'ignore'
[0.366s] Level 1:colcon.colcon_core.package_identification:_identify(STM32/main/Debug/Drivers/STM32G0xx_HAL_Driver) by extension 'ignore_ament_install'
[0.366s] Level 1:colcon.colcon_core.package_identification:_identify(STM32/main/Debug/Drivers/STM32G0xx_HAL_Driver) by extensions ['colcon_pkg']
[0.366s] Level 1:colcon.colcon_core.package_identification:_identify(STM32/main/Debug/Drivers/STM32G0xx_HAL_Driver) by extension 'colcon_pkg'
[0.366s] Level 1:colcon.colcon_core.package_identification:_identify(STM32/main/Debug/Drivers/STM32G0xx_HAL_Driver) by extensions ['colcon_meta']
[0.366s] Level 1:colcon.colcon_core.package_identification:_identify(STM32/main/Debug/Drivers/STM32G0xx_HAL_Driver) by extension 'colcon_meta'
[0.366s] Level 1:colcon.colcon_core.package_identification:_identify(STM32/main/Debug/Drivers/STM32G0xx_HAL_Driver) by extensions ['ros']
[0.366s] Level 1:colcon.colcon_core.package_identification:_identify(STM32/main/Debug/Drivers/STM32G0xx_HAL_Driver) by extension 'ros'
[0.366s] Level 1:colcon.colcon_core.package_identification:_identify(STM32/main/Debug/Drivers/STM32G0xx_HAL_Driver) by extensions ['cmake', 'python']
[0.366s] Level 1:colcon.colcon_core.package_identification:_identify(STM32/main/Debug/Drivers/STM32G0xx_HAL_Driver) by extension 'cmake'
[0.366s] Level 1:colcon.colcon_core.package_identification:_identify(STM32/main/Debug/Drivers/STM32G0xx_HAL_Driver) by extension 'python'
[0.366s] Level 1:colcon.colcon_core.package_identification:_identify(STM32/main/Debug/Drivers/STM32G0xx_HAL_Driver) by extensions ['python_setup_py']
[0.366s] Level 1:colcon.colcon_core.package_identification:_identify(STM32/main/Debug/Drivers/STM32G0xx_HAL_Driver) by extension 'python_setup_py'
[0.366s] Level 1:colcon.colcon_core.package_identification:_identify(STM32/main/Debug/Drivers/STM32G0xx_HAL_Driver/Src) by extensions ['ignore', 'ignore_ament_install']
[0.367s] Level 1:colcon.colcon_core.package_identification:_identify(STM32/main/Debug/Drivers/STM32G0xx_HAL_Driver/Src) by extension 'ignore'
[0.367s] Level 1:colcon.colcon_core.package_identification:_identify(STM32/main/Debug/Drivers/STM32G0xx_HAL_Driver/Src) by extension 'ignore_ament_install'
[0.367s] Level 1:colcon.colcon_core.package_identification:_identify(STM32/main/Debug/Drivers/STM32G0xx_HAL_Driver/Src) by extensions ['colcon_pkg']
[0.367s] Level 1:colcon.colcon_core.package_identification:_identify(STM32/main/Debug/Drivers/STM32G0xx_HAL_Driver/Src) by extension 'colcon_pkg'
[0.367s] Level 1:colcon.colcon_core.package_identification:_identify(STM32/main/Debug/Drivers/STM32G0xx_HAL_Driver/Src) by extensions ['colcon_meta']
[0.367s] Level 1:colcon.colcon_core.package_identification:_identify(STM32/main/Debug/Drivers/STM32G0xx_HAL_Driver/Src) by extension 'colcon_meta'
[0.367s] Level 1:colcon.colcon_core.package_identification:_identify(STM32/main/Debug/Drivers/STM32G0xx_HAL_Driver/Src) by extensions ['ros']
[0.367s] Level 1:colcon.colcon_core.package_identification:_identify(STM32/main/Debug/Drivers/STM32G0xx_HAL_Driver/Src) by extension 'ros'
[0.367s] Level 1:colcon.colcon_core.package_identification:_identify(STM32/main/Debug/Drivers/STM32G0xx_HAL_Driver/Src) by extensions ['cmake', 'python']
[0.367s] Level 1:colcon.colcon_core.package_identification:_identify(STM32/main/Debug/Drivers/STM32G0xx_HAL_Driver/Src) by extension 'cmake'
[0.367s] Level 1:colcon.colcon_core.package_identification:_identify(STM32/main/Debug/Drivers/STM32G0xx_HAL_Driver/Src) by extension 'python'
[0.368s] Level 1:colcon.colcon_core.package_identification:_identify(STM32/main/Debug/Drivers/STM32G0xx_HAL_Driver/Src) by extensions ['python_setup_py']
[0.368s] Level 1:colcon.colcon_core.package_identification:_identify(STM32/main/Debug/Drivers/STM32G0xx_HAL_Driver/Src) by extension 'python_setup_py'
[0.368s] Level 1:colcon.colcon_core.package_identification:_identify(STM32/main/Drivers) by extensions ['ignore', 'ignore_ament_install']
[0.368s] Level 1:colcon.colcon_core.package_identification:_identify(STM32/main/Drivers) by extension 'ignore'
[0.368s] Level 1:colcon.colcon_core.package_identification:_identify(STM32/main/Drivers) by extension 'ignore_ament_install'
[0.368s] Level 1:colcon.colcon_core.package_identification:_identify(STM32/main/Drivers) by extensions ['colcon_pkg']
[0.368s] Level 1:colcon.colcon_core.package_identification:_identify(STM32/main/Drivers) by extension 'colcon_pkg'
[0.368s] Level 1:colcon.colcon_core.package_identification:_identify(STM32/main/Drivers) by extensions ['colcon_meta']
[0.368s] Level 1:colcon.colcon_core.package_identification:_identify(STM32/main/Drivers) by extension 'colcon_meta'
[0.368s] Level 1:colcon.colcon_core.package_identification:_identify(STM32/main/Drivers) by extensions ['ros']
[0.368s] Level 1:colcon.colcon_core.package_identification:_identify(STM32/main/Drivers) by extension 'ros'
[0.368s] Level 1:colcon.colcon_core.package_identification:_identify(STM32/main/Drivers) by extensions ['cmake', 'python']
[0.368s] Level 1:colcon.colcon_core.package_identification:_identify(STM32/main/Drivers) by extension 'cmake'
[0.369s] Level 1:colcon.colcon_core.package_identification:_identify(STM32/main/Drivers) by extension 'python'
[0.369s] Level 1:colcon.colcon_core.package_identification:_identify(STM32/main/Drivers) by extensions ['python_setup_py']
[0.369s] Level 1:colcon.colcon_core.package_identification:_identify(STM32/main/Drivers) by extension 'python_setup_py'
[0.369s] Level 1:colcon.colcon_core.package_identification:_identify(STM32/main/Drivers/Bosch) by extensions ['ignore', 'ignore_ament_install']
[0.369s] Level 1:colcon.colcon_core.package_identification:_identify(STM32/main/Drivers/Bosch) by extension 'ignore'
[0.369s] Level 1:colcon.colcon_core.package_identification:_identify(STM32/main/Drivers/Bosch) by extension 'ignore_ament_install'
[0.369s] Level 1:colcon.colcon_core.package_identification:_identify(STM32/main/Drivers/Bosch) by extensions ['colcon_pkg']
[0.369s] Level 1:colcon.colcon_core.package_identification:_identify(STM32/main/Drivers/Bosch) by extension 'colcon_pkg'
[0.369s] Level 1:colcon.colcon_core.package_identification:_identify(STM32/main/Drivers/Bosch) by extensions ['colcon_meta']
[0.369s] Level 1:colcon.colcon_core.package_identification:_identify(STM32/main/Drivers/Bosch) by extension 'colcon_meta'
[0.369s] Level 1:colcon.colcon_core.package_identification:_identify(STM32/main/Drivers/Bosch) by extensions ['ros']
[0.369s] Level 1:colcon.colcon_core.package_identification:_identify(STM32/main/Drivers/Bosch) by extension 'ros'
[0.369s] Level 1:colcon.colcon_core.package_identification:_identify(STM32/main/Drivers/Bosch) by extensions ['cmake', 'python']
[0.369s] Level 1:colcon.colcon_core.package_identification:_identify(STM32/main/Drivers/Bosch) by extension 'cmake'
[0.369s] Level 1:colcon.colcon_core.package_identification:_identify(STM32/main/Drivers/Bosch) by extension 'python'
[0.369s] Level 1:colcon.colcon_core.package_identification:_identify(STM32/main/Drivers/Bosch) by extensions ['python_setup_py']
[0.370s] Level 1:colcon.colcon_core.package_identification:_identify(STM32/main/Drivers/Bosch) by extension 'python_setup_py'
[0.370s] Level 1:colcon.colcon_core.package_identification:_identify(STM32/main/Drivers/Bosch/BMI088) by extensions ['ignore', 'ignore_ament_install']
[0.370s] Level 1:colcon.colcon_core.package_identification:_identify(STM32/main/Drivers/Bosch/BMI088) by extension 'ignore'
[0.370s] Level 1:colcon.colcon_core.package_identification:_identify(STM32/main/Drivers/Bosch/BMI088) by extension 'ignore_ament_install'
[0.370s] Level 1:colcon.colcon_core.package_identification:_identify(STM32/main/Drivers/Bosch/BMI088) by extensions ['colcon_pkg']
[0.370s] Level 1:colcon.colcon_core.package_identification:_identify(STM32/main/Drivers/Bosch/BMI088) by extension 'colcon_pkg'
[0.370s] Level 1:colcon.colcon_core.package_identification:_identify(STM32/main/Drivers/Bosch/BMI088) by extensions ['colcon_meta']
[0.370s] Level 1:colcon.colcon_core.package_identification:_identify(STM32/main/Drivers/Bosch/BMI088) by extension 'colcon_meta'
[0.370s] Level 1:colcon.colcon_core.package_identification:_identify(STM32/main/Drivers/Bosch/BMI088) by extensions ['ros']
[0.370s] Level 1:colcon.colcon_core.package_identification:_identify(STM32/main/Drivers/Bosch/BMI088) by extension 'ros'
[0.370s] Level 1:colcon.colcon_core.package_identification:_identify(STM32/main/Drivers/Bosch/BMI088) by extensions ['cmake', 'python']
[0.370s] Level 1:colcon.colcon_core.package_identification:_identify(STM32/main/Drivers/Bosch/BMI088) by extension 'cmake'
[0.370s] Level 1:colcon.colcon_core.package_identification:_identify(STM32/main/Drivers/Bosch/BMI088) by extension 'python'
[0.370s] Level 1:colcon.colcon_core.package_identification:_identify(STM32/main/Drivers/Bosch/BMI088) by extensions ['python_setup_py']
[0.370s] Level 1:colcon.colcon_core.package_identification:_identify(STM32/main/Drivers/Bosch/BMI088) by extension 'python_setup_py'
[0.370s] Level 1:colcon.colcon_core.package_identification:_identify(STM32/main/Drivers/CMSIS) by extensions ['ignore', 'ignore_ament_install']
[0.370s] Level 1:colcon.colcon_core.package_identification:_identify(STM32/main/Drivers/CMSIS) by extension 'ignore'
[0.371s] Level 1:colcon.colcon_core.package_identification:_identify(STM32/main/Drivers/CMSIS) by extension 'ignore_ament_install'
[0.371s] Level 1:colcon.colcon_core.package_identification:_identify(STM32/main/Drivers/CMSIS) by extensions ['colcon_pkg']
[0.371s] Level 1:colcon.colcon_core.package_identification:_identify(STM32/main/Drivers/CMSIS) by extension 'colcon_pkg'
[0.371s] Level 1:colcon.colcon_core.package_identification:_identify(STM32/main/Drivers/CMSIS) by extensions ['colcon_meta']
[0.371s] Level 1:colcon.colcon_core.package_identification:_identify(STM32/main/Drivers/CMSIS) by extension 'colcon_meta'
[0.371s] Level 1:colcon.colcon_core.package_identification:_identify(STM32/main/Drivers/CMSIS) by extensions ['ros']
[0.371s] Level 1:colcon.colcon_core.package_identification:_identify(STM32/main/Drivers/CMSIS) by extension 'ros'
[0.371s] Level 1:colcon.colcon_core.package_identification:_identify(STM32/main/Drivers/CMSIS) by extensions ['cmake', 'python']
[0.371s] Level 1:colcon.colcon_core.package_identification:_identify(STM32/main/Drivers/CMSIS) by extension 'cmake'
[0.371s] Level 1:colcon.colcon_core.package_identification:_identify(STM32/main/Drivers/CMSIS) by extension 'python'
[0.371s] Level 1:colcon.colcon_core.package_identification:_identify(STM32/main/Drivers/CMSIS) by extensions ['python_setup_py']
[0.371s] Level 1:colcon.colcon_core.package_identification:_identify(STM32/main/Drivers/CMSIS) by extension 'python_setup_py'
[0.371s] Level 1:colcon.colcon_core.package_identification:_identify(STM32/main/Drivers/CMSIS/Device) by extensions ['ignore', 'ignore_ament_install']
[0.371s] Level 1:colcon.colcon_core.package_identification:_identify(STM32/main/Drivers/CMSIS/Device) by extension 'ignore'
[0.371s] Level 1:colcon.colcon_core.package_identification:_identify(STM32/main/Drivers/CMSIS/Device) by extension 'ignore_ament_install'
[0.371s] Level 1:colcon.colcon_core.package_identification:_identify(STM32/main/Drivers/CMSIS/Device) by extensions ['colcon_pkg']
[0.371s] Level 1:colcon.colcon_core.package_identification:_identify(STM32/main/Drivers/CMSIS/Device) by extension 'colcon_pkg'
[0.371s] Level 1:colcon.colcon_core.package_identification:_identify(STM32/main/Drivers/CMSIS/Device) by extensions ['colcon_meta']
[0.371s] Level 1:colcon.colcon_core.package_identification:_identify(STM32/main/Drivers/CMSIS/Device) by extension 'colcon_meta'
[0.372s] Level 1:colcon.colcon_core.package_identification:_identify(STM32/main/Drivers/CMSIS/Device) by extensions ['ros']
[0.372s] Level 1:colcon.colcon_core.package_identification:_identify(STM32/main/Drivers/CMSIS/Device) by extension 'ros'
[0.372s] Level 1:colcon.colcon_core.package_identification:_identify(STM32/main/Drivers/CMSIS/Device) by extensions ['cmake', 'python']
[0.372s] Level 1:colcon.colcon_core.package_identification:_identify(STM32/main/Drivers/CMSIS/Device) by extension 'cmake'
[0.372s] Level 1:colcon.colcon_core.package_identification:_identify(STM32/main/Drivers/CMSIS/Device) by extension 'python'
[0.372s] Level 1:colcon.colcon_core.package_identification:_identify(STM32/main/Drivers/CMSIS/Device) by extensions ['python_setup_py']
[0.372s] Level 1:colcon.colcon_core.package_identification:_identify(STM32/main/Drivers/CMSIS/Device) by extension 'python_setup_py'
[0.372s] Level 1:colcon.colcon_core.package_identification:_identify(STM32/main/Drivers/CMSIS/Device/ST) by extensions ['ignore', 'ignore_ament_install']
[0.372s] Level 1:colcon.colcon_core.package_identification:_identify(STM32/main/Drivers/CMSIS/Device/ST) by extension 'ignore'
[0.372s] Level 1:colcon.colcon_core.package_identification:_identify(STM32/main/Drivers/CMSIS/Device/ST) by extension 'ignore_ament_install'
[0.372s] Level 1:colcon.colcon_core.package_identification:_identify(STM32/main/Drivers/CMSIS/Device/ST) by extensions ['colcon_pkg']
[0.372s] Level 1:colcon.colcon_core.package_identification:_identify(STM32/main/Drivers/CMSIS/Device/ST) by extension 'colcon_pkg'
[0.372s] Level 1:colcon.colcon_core.package_identification:_identify(STM32/main/Drivers/CMSIS/Device/ST) by extensions ['colcon_meta']
[0.372s] Level 1:colcon.colcon_core.package_identification:_identify(STM32/main/Drivers/CMSIS/Device/ST) by extension 'colcon_meta'
[0.372s] Level 1:colcon.colcon_core.package_identification:_identify(STM32/main/Drivers/CMSIS/Device/ST) by extensions ['ros']
[0.372s] Level 1:colcon.colcon_core.package_identification:_identify(STM32/main/Drivers/CMSIS/Device/ST) by extension 'ros'
[0.372s] Level 1:colcon.colcon_core.package_identification:_identify(STM32/main/Drivers/CMSIS/Device/ST) by extensions ['cmake', 'python']
[0.372s] Level 1:colcon.colcon_core.package_identification:_identify(STM32/main/Drivers/CMSIS/Device/ST) by extension 'cmake'
[0.372s] Level 1:colcon.colcon_core.package_identification:_identify(STM32/main/Drivers/CMSIS/Device/ST) by extension 'python'
[0.373s] Level 1:colcon.colcon_core.package_identification:_identify(STM32/main/Drivers/CMSIS/Device/ST) by extensions ['python_setup_py']
[0.373s] Level 1:colcon.colcon_core.package_identification:_identify(STM32/main/Drivers/CMSIS/Device/ST) by extension 'python_setup_py'
[0.373s] Level 1:colcon.colcon_core.package_identification:_identify(STM32/main/Drivers/CMSIS/Device/ST/STM32G0xx) by extensions ['ignore', 'ignore_ament_install']
[0.373s] Level 1:colcon.colcon_core.package_identification:_identify(STM32/main/Drivers/CMSIS/Device/ST/STM32G0xx) by extension 'ignore'
[0.373s] Level 1:colcon.colcon_core.package_identification:_identify(STM32/main/Drivers/CMSIS/Device/ST/STM32G0xx) by extension 'ignore_ament_install'
[0.373s] Level 1:colcon.colcon_core.package_identification:_identify(STM32/main/Drivers/CMSIS/Device/ST/STM32G0xx) by extensions ['colcon_pkg']
[0.373s] Level 1:colcon.colcon_core.package_identification:_identify(STM32/main/Drivers/CMSIS/Device/ST/STM32G0xx) by extension 'colcon_pkg'
[0.373s] Level 1:colcon.colcon_core.package_identification:_identify(STM32/main/Drivers/CMSIS/Device/ST/STM32G0xx) by extensions ['colcon_meta']
[0.373s] Level 1:colcon.colcon_core.package_identification:_identify(STM32/main/Drivers/CMSIS/Device/ST/STM32G0xx) by extension 'colcon_meta'
[0.373s] Level 1:colcon.colcon_core.package_identification:_identify(STM32/main/Drivers/CMSIS/Device/ST/STM32G0xx) by extensions ['ros']
[0.373s] Level 1:colcon.colcon_core.package_identification:_identify(STM32/main/Drivers/CMSIS/Device/ST/STM32G0xx) by extension 'ros'
[0.373s] Level 1:colcon.colcon_core.package_identification:_identify(STM32/main/Drivers/CMSIS/Device/ST/STM32G0xx) by extensions ['cmake', 'python']
[0.373s] Level 1:colcon.colcon_core.package_identification:_identify(STM32/main/Drivers/CMSIS/Device/ST/STM32G0xx) by extension 'cmake'
[0.373s] Level 1:colcon.colcon_core.package_identification:_identify(STM32/main/Drivers/CMSIS/Device/ST/STM32G0xx) by extension 'python'
[0.373s] Level 1:colcon.colcon_core.package_identification:_identify(STM32/main/Drivers/CMSIS/Device/ST/STM32G0xx) by extensions ['python_setup_py']
[0.373s] Level 1:colcon.colcon_core.package_identification:_identify(STM32/main/Drivers/CMSIS/Device/ST/STM32G0xx) by extension 'python_setup_py'
[0.373s] Level 1:colcon.colcon_core.package_identification:_identify(STM32/main/Drivers/CMSIS/Device/ST/STM32G0xx/Include) by extensions ['ignore', 'ignore_ament_install']
[0.374s] Level 1:colcon.colcon_core.package_identification:_identify(STM32/main/Drivers/CMSIS/Device/ST/STM32G0xx/Include) by extension 'ignore'
[0.374s] Level 1:colcon.colcon_core.package_identification:_identify(STM32/main/Drivers/CMSIS/Device/ST/STM32G0xx/Include) by extension 'ignore_ament_install'
[0.374s] Level 1:colcon.colcon_core.package_identification:_identify(STM32/main/Drivers/CMSIS/Device/ST/STM32G0xx/Include) by extensions ['colcon_pkg']
[0.374s] Level 1:colcon.colcon_core.package_identification:_identify(STM32/main/Drivers/CMSIS/Device/ST/STM32G0xx/Include) by extension 'colcon_pkg'
[0.374s] Level 1:colcon.colcon_core.package_identification:_identify(STM32/main/Drivers/CMSIS/Device/ST/STM32G0xx/Include) by extensions ['colcon_meta']
[0.374s] Level 1:colcon.colcon_core.package_identification:_identify(STM32/main/Drivers/CMSIS/Device/ST/STM32G0xx/Include) by extension 'colcon_meta'
[0.374s] Level 1:colcon.colcon_core.package_identification:_identify(STM32/main/Drivers/CMSIS/Device/ST/STM32G0xx/Include) by extensions ['ros']
[0.374s] Level 1:colcon.colcon_core.package_identification:_identify(STM32/main/Drivers/CMSIS/Device/ST/STM32G0xx/Include) by extension 'ros'
[0.374s] Level 1:colcon.colcon_core.package_identification:_identify(STM32/main/Drivers/CMSIS/Device/ST/STM32G0xx/Include) by extensions ['cmake', 'python']
[0.374s] Level 1:colcon.colcon_core.package_identification:_identify(STM32/main/Drivers/CMSIS/Device/ST/STM32G0xx/Include) by extension 'cmake'
[0.374s] Level 1:colcon.colcon_core.package_identification:_identify(STM32/main/Drivers/CMSIS/Device/ST/STM32G0xx/Include) by extension 'python'
[0.374s] Level 1:colcon.colcon_core.package_identification:_identify(STM32/main/Drivers/CMSIS/Device/ST/STM32G0xx/Include) by extensions ['python_setup_py']
[0.374s] Level 1:colcon.colcon_core.package_identification:_identify(STM32/main/Drivers/CMSIS/Device/ST/STM32G0xx/Include) by extension 'python_setup_py'
[0.374s] Level 1:colcon.colcon_core.package_identification:_identify(STM32/main/Drivers/CMSIS/Include) by extensions ['ignore', 'ignore_ament_install']
[0.374s] Level 1:colcon.colcon_core.package_identification:_identify(STM32/main/Drivers/CMSIS/Include) by extension 'ignore'
[0.374s] Level 1:colcon.colcon_core.package_identification:_identify(STM32/main/Drivers/CMSIS/Include) by extension 'ignore_ament_install'
[0.375s] Level 1:colcon.colcon_core.package_identification:_identify(STM32/main/Drivers/CMSIS/Include) by extensions ['colcon_pkg']
[0.375s] Level 1:colcon.colcon_core.package_identification:_identify(STM32/main/Drivers/CMSIS/Include) by extension 'colcon_pkg'
[0.375s] Level 1:colcon.colcon_core.package_identification:_identify(STM32/main/Drivers/CMSIS/Include) by extensions ['colcon_meta']
[0.375s] Level 1:colcon.colcon_core.package_identification:_identify(STM32/main/Drivers/CMSIS/Include) by extension 'colcon_meta'
[0.375s] Level 1:colcon.colcon_core.package_identification:_identify(STM32/main/Drivers/CMSIS/Include) by extensions ['ros']
[0.375s] Level 1:colcon.colcon_core.package_identification:_identify(STM32/main/Drivers/CMSIS/Include) by extension 'ros'
[0.375s] Level 1:colcon.colcon_core.package_identification:_identify(STM32/main/Drivers/CMSIS/Include) by extensions ['cmake', 'python']
[0.375s] Level 1:colcon.colcon_core.package_identification:_identify(STM32/main/Drivers/CMSIS/Include) by extension 'cmake'
[0.375s] Level 1:colcon.colcon_core.package_identification:_identify(STM32/main/Drivers/CMSIS/Include) by extension 'python'
[0.375s] Level 1:colcon.colcon_core.package_identification:_identify(STM32/main/Drivers/CMSIS/Include) by extensions ['python_setup_py']
[0.375s] Level 1:colcon.colcon_core.package_identification:_identify(STM32/main/Drivers/CMSIS/Include) by extension 'python_setup_py'
[0.375s] Level 1:colcon.colcon_core.package_identification:_identify(STM32/main/Drivers/STM32G0xx_HAL_Driver) by extensions ['ignore', 'ignore_ament_install']
[0.375s] Level 1:colcon.colcon_core.package_identification:_identify(STM32/main/Drivers/STM32G0xx_HAL_Driver) by extension 'ignore'
[0.375s] Level 1:colcon.colcon_core.package_identification:_identify(STM32/main/Drivers/STM32G0xx_HAL_Driver) by extension 'ignore_ament_install'
[0.375s] Level 1:colcon.colcon_core.package_identification:_identify(STM32/main/Drivers/STM32G0xx_HAL_Driver) by extensions ['colcon_pkg']
[0.375s] Level 1:colcon.colcon_core.package_identification:_identify(STM32/main/Drivers/STM32G0xx_HAL_Driver) by extension 'colcon_pkg'
[0.375s] Level 1:colcon.colcon_core.package_identification:_identify(STM32/main/Drivers/STM32G0xx_HAL_Driver) by extensions ['colcon_meta']
[0.375s] Level 1:colcon.colcon_core.package_identification:_identify(STM32/main/Drivers/STM32G0xx_HAL_Driver) by extension 'colcon_meta'
[0.375s] Level 1:colcon.colcon_core.package_identification:_identify(STM32/main/Drivers/STM32G0xx_HAL_Driver) by extensions ['ros']
[0.375s] Level 1:colcon.colcon_core.package_identification:_identify(STM32/main/Drivers/STM32G0xx_HAL_Driver) by extension 'ros'
[0.376s] Level 1:colcon.colcon_core.package_identification:_identify(STM32/main/Drivers/STM32G0xx_HAL_Driver) by extensions ['cmake', 'python']
[0.376s] Level 1:colcon.colcon_core.package_identification:_identify(STM32/main/Drivers/STM32G0xx_HAL_Driver) by extension 'cmake'
[0.376s] Level 1:colcon.colcon_core.package_identification:_identify(STM32/main/Drivers/STM32G0xx_HAL_Driver) by extension 'python'
[0.376s] Level 1:colcon.colcon_core.package_identification:_identify(STM32/main/Drivers/STM32G0xx_HAL_Driver) by extensions ['python_setup_py']
[0.376s] Level 1:colcon.colcon_core.package_identification:_identify(STM32/main/Drivers/STM32G0xx_HAL_Driver) by extension 'python_setup_py'
[0.376s] Level 1:colcon.colcon_core.package_identification:_identify(STM32/main/Drivers/STM32G0xx_HAL_Driver/Inc) by extensions ['ignore', 'ignore_ament_install']
[0.376s] Level 1:colcon.colcon_core.package_identification:_identify(STM32/main/Drivers/STM32G0xx_HAL_Driver/Inc) by extension 'ignore'
[0.376s] Level 1:colcon.colcon_core.package_identification:_identify(STM32/main/Drivers/STM32G0xx_HAL_Driver/Inc) by extension 'ignore_ament_install'
[0.376s] Level 1:colcon.colcon_core.package_identification:_identify(STM32/main/Drivers/STM32G0xx_HAL_Driver/Inc) by extensions ['colcon_pkg']
[0.376s] Level 1:colcon.colcon_core.package_identification:_identify(STM32/main/Drivers/STM32G0xx_HAL_Driver/Inc) by extension 'colcon_pkg'
[0.376s] Level 1:colcon.colcon_core.package_identification:_identify(STM32/main/Drivers/STM32G0xx_HAL_Driver/Inc) by extensions ['colcon_meta']
[0.376s] Level 1:colcon.colcon_core.package_identification:_identify(STM32/main/Drivers/STM32G0xx_HAL_Driver/Inc) by extension 'colcon_meta'
[0.376s] Level 1:colcon.colcon_core.package_identification:_identify(STM32/main/Drivers/STM32G0xx_HAL_Driver/Inc) by extensions ['ros']
[0.376s] Level 1:colcon.colcon_core.package_identification:_identify(STM32/main/Drivers/STM32G0xx_HAL_Driver/Inc) by extension 'ros'
[0.376s] Level 1:colcon.colcon_core.package_identification:_identify(STM32/main/Drivers/STM32G0xx_HAL_Driver/Inc) by extensions ['cmake', 'python']
[0.376s] Level 1:colcon.colcon_core.package_identification:_identify(STM32/main/Drivers/STM32G0xx_HAL_Driver/Inc) by extension 'cmake'
[0.376s] Level 1:colcon.colcon_core.package_identification:_identify(STM32/main/Drivers/STM32G0xx_HAL_Driver/Inc) by extension 'python'
[0.377s] Level 1:colcon.colcon_core.package_identification:_identify(STM32/main/Drivers/STM32G0xx_HAL_Driver/Inc) by extensions ['python_setup_py']
[0.377s] Level 1:colcon.colcon_core.package_identification:_identify(STM32/main/Drivers/STM32G0xx_HAL_Driver/Inc) by extension 'python_setup_py'
[0.377s] Level 1:colcon.colcon_core.package_identification:_identify(STM32/main/Drivers/STM32G0xx_HAL_Driver/Inc/Legacy) by extensions ['ignore', 'ignore_ament_install']
[0.377s] Level 1:colcon.colcon_core.package_identification:_identify(STM32/main/Drivers/STM32G0xx_HAL_Driver/Inc/Legacy) by extension 'ignore'
[0.377s] Level 1:colcon.colcon_core.package_identification:_identify(STM32/main/Drivers/STM32G0xx_HAL_Driver/Inc/Legacy) by extension 'ignore_ament_install'
[0.377s] Level 1:colcon.colcon_core.package_identification:_identify(STM32/main/Drivers/STM32G0xx_HAL_Driver/Inc/Legacy) by extensions ['colcon_pkg']
[0.377s] Level 1:colcon.colcon_core.package_identification:_identify(STM32/main/Drivers/STM32G0xx_HAL_Driver/Inc/Legacy) by extension 'colcon_pkg'
[0.377s] Level 1:colcon.colcon_core.package_identification:_identify(STM32/main/Drivers/STM32G0xx_HAL_Driver/Inc/Legacy) by extensions ['colcon_meta']
[0.377s] Level 1:colcon.colcon_core.package_identification:_identify(STM32/main/Drivers/STM32G0xx_HAL_Driver/Inc/Legacy) by extension 'colcon_meta'
[0.377s] Level 1:colcon.colcon_core.package_identification:_identify(STM32/main/Drivers/STM32G0xx_HAL_Driver/Inc/Legacy) by extensions ['ros']
[0.377s] Level 1:colcon.colcon_core.package_identification:_identify(STM32/main/Drivers/STM32G0xx_HAL_Driver/Inc/Legacy) by extension 'ros'
[0.377s] Level 1:colcon.colcon_core.package_identification:_identify(STM32/main/Drivers/STM32G0xx_HAL_Driver/Inc/Legacy) by extensions ['cmake', 'python']
[0.377s] Level 1:colcon.colcon_core.package_identification:_identify(STM32/main/Drivers/STM32G0xx_HAL_Driver/Inc/Legacy) by extension 'cmake'
[0.378s] Level 1:colcon.colcon_core.package_identification:_identify(STM32/main/Drivers/STM32G0xx_HAL_Driver/Inc/Legacy) by extension 'python'
[0.378s] Level 1:colcon.colcon_core.package_identification:_identify(STM32/main/Drivers/STM32G0xx_HAL_Driver/Inc/Legacy) by extensions ['python_setup_py']
[0.378s] Level 1:colcon.colcon_core.package_identification:_identify(STM32/main/Drivers/STM32G0xx_HAL_Driver/Inc/Legacy) by extension 'python_setup_py'
[0.378s] Level 1:colcon.colcon_core.package_identification:_identify(STM32/main/Drivers/STM32G0xx_HAL_Driver/Src) by extensions ['ignore', 'ignore_ament_install']
[0.378s] Level 1:colcon.colcon_core.package_identification:_identify(STM32/main/Drivers/STM32G0xx_HAL_Driver/Src) by extension 'ignore'
[0.378s] Level 1:colcon.colcon_core.package_identification:_identify(STM32/main/Drivers/STM32G0xx_HAL_Driver/Src) by extension 'ignore_ament_install'
[0.378s] Level 1:colcon.colcon_core.package_identification:_identify(STM32/main/Drivers/STM32G0xx_HAL_Driver/Src) by extensions ['colcon_pkg']
[0.378s] Level 1:colcon.colcon_core.package_identification:_identify(STM32/main/Drivers/STM32G0xx_HAL_Driver/Src) by extension 'colcon_pkg'
[0.378s] Level 1:colcon.colcon_core.package_identification:_identify(STM32/main/Drivers/STM32G0xx_HAL_Driver/Src) by extensions ['colcon_meta']
[0.379s] Level 1:colcon.colcon_core.package_identification:_identify(STM32/main/Drivers/STM32G0xx_HAL_Driver/Src) by extension 'colcon_meta'
[0.379s] Level 1:colcon.colcon_core.package_identification:_identify(STM32/main/Drivers/STM32G0xx_HAL_Driver/Src) by extensions ['ros']
[0.379s] Level 1:colcon.colcon_core.package_identification:_identify(STM32/main/Drivers/STM32G0xx_HAL_Driver/Src) by extension 'ros'
[0.379s] Level 1:colcon.colcon_core.package_identification:_identify(STM32/main/Drivers/STM32G0xx_HAL_Driver/Src) by extensions ['cmake', 'python']
[0.379s] Level 1:colcon.colcon_core.package_identification:_identify(STM32/main/Drivers/STM32G0xx_HAL_Driver/Src) by extension 'cmake'
[0.379s] Level 1:colcon.colcon_core.package_identification:_identify(STM32/main/Drivers/STM32G0xx_HAL_Driver/Src) by extension 'python'
[0.379s] Level 1:colcon.colcon_core.package_identification:_identify(STM32/main/Drivers/STM32G0xx_HAL_Driver/Src) by extensions ['python_setup_py']
[0.379s] Level 1:colcon.colcon_core.package_identification:_identify(STM32/main/Drivers/STM32G0xx_HAL_Driver/Src) by extension 'python_setup_py'
[0.379s] Level 1:colcon.colcon_core.package_identification:_identify(build) by extensions ['ignore', 'ignore_ament_install']
[0.379s] Level 1:colcon.colcon_core.package_identification:_identify(build) by extension 'ignore'
[0.379s] Level 1:colcon.colcon_core.package_identification:_identify(build) ignored
[0.380s] Level 1:colcon.colcon_core.package_identification:_identify(install) by extensions ['ignore', 'ignore_ament_install']
[0.380s] Level 1:colcon.colcon_core.package_identification:_identify(install) by extension 'ignore'
[0.380s] Level 1:colcon.colcon_core.package_identification:_identify(install) ignored
[0.380s] Level 1:colcon.colcon_core.package_identification:_identify(log) by extensions ['ignore', 'ignore_ament_install']
[0.380s] Level 1:colcon.colcon_core.package_identification:_identify(log) by extension 'ignore'
[0.380s] Level 1:colcon.colcon_core.package_identification:_identify(log) ignored
[0.380s] Level 1:colcon.colcon_core.package_identification:_identify(src) by extensions ['ignore', 'ignore_ament_install']
[0.380s] Level 1:colcon.colcon_core.package_identification:_identify(src) by extension 'ignore'
[0.380s] Level 1:colcon.colcon_core.package_identification:_identify(src) by extension 'ignore_ament_install'
[0.380s] Level 1:colcon.colcon_core.package_identification:_identify(src) by extensions ['colcon_pkg']
[0.381s] Level 1:colcon.colcon_core.package_identification:_identify(src) by extension 'colcon_pkg'
[0.381s] Level 1:colcon.colcon_core.package_identification:_identify(src) by extensions ['colcon_meta']
[0.381s] Level 1:colcon.colcon_core.package_identification:_identify(src) by extension 'colcon_meta'
[0.381s] Level 1:colcon.colcon_core.package_identification:_identify(src) by extensions ['ros']
[0.381s] Level 1:colcon.colcon_core.package_identification:_identify(src) by extension 'ros'
[0.381s] Level 1:colcon.colcon_core.package_identification:_identify(src) by extensions ['cmake', 'python']
[0.381s] Level 1:colcon.colcon_core.package_identification:_identify(src) by extension 'cmake'
[0.381s] Level 1:colcon.colcon_core.package_identification:_identify(src) by extension 'python'
[0.381s] Level 1:colcon.colcon_core.package_identification:_identify(src) by extensions ['python_setup_py']
[0.381s] Level 1:colcon.colcon_core.package_identification:_identify(src) by extension 'python_setup_py'
[0.381s] Level 1:colcon.colcon_core.package_identification:_identify(src/build) by extensions ['ignore', 'ignore_ament_install']
[0.381s] Level 1:colcon.colcon_core.package_identification:_identify(src/build) by extension 'ignore'
[0.381s] Level 1:colcon.colcon_core.package_identification:_identify(src/build) ignored
[0.381s] Level 1:colcon.colcon_core.package_identification:_identify(src/install) by extensions ['ignore', 'ignore_ament_install']
[0.381s] Level 1:colcon.colcon_core.package_identification:_identify(src/install) by extension 'ignore'
[0.381s] Level 1:colcon.colcon_core.package_identification:_identify(src/install) ignored
[0.382s] Level 1:colcon.colcon_core.package_identification:_identify(src/ldlidar_stl_ros2) by extensions ['ignore', 'ignore_ament_install']
[0.382s] Level 1:colcon.colcon_core.package_identification:_identify(src/ldlidar_stl_ros2) by extension 'ignore'
[0.382s] Level 1:colcon.colcon_core.package_identification:_identify(src/ldlidar_stl_ros2) by extension 'ignore_ament_install'
[0.382s] Level 1:colcon.colcon_core.package_identification:_identify(src/ldlidar_stl_ros2) by extensions ['colcon_pkg']
[0.382s] Level 1:colcon.colcon_core.package_identification:_identify(src/ldlidar_stl_ros2) by extension 'colcon_pkg'
[0.382s] Level 1:colcon.colcon_core.package_identification:_identify(src/ldlidar_stl_ros2) by extensions ['colcon_meta']
[0.382s] Level 1:colcon.colcon_core.package_identification:_identify(src/ldlidar_stl_ros2) by extension 'colcon_meta'
[0.382s] Level 1:colcon.colcon_core.package_identification:_identify(src/ldlidar_stl_ros2) by extensions ['ros']
[0.382s] Level 1:colcon.colcon_core.package_identification:_identify(src/ldlidar_stl_ros2) by extension 'ros'
[0.388s] DEBUG:colcon.colcon_core.package_identification:Package 'src/ldlidar_stl_ros2' with type 'ros.ament_cmake' and name 'ldlidar_stl_ros2'
[0.388s] Level 1:colcon.colcon_core.package_identification:_identify(src/log) by extensions ['ignore', 'ignore_ament_install']
[0.388s] Level 1:colcon.colcon_core.package_identification:_identify(src/log) by extension 'ignore'
[0.388s] Level 1:colcon.colcon_core.package_identification:_identify(src/log) ignored
[0.388s] Level 1:colcon.colcon_core.package_identification:_identify(src/stm32_bot) by extensions ['ignore', 'ignore_ament_install']
[0.389s] Level 1:colcon.colcon_core.package_identification:_identify(src/stm32_bot) by extension 'ignore'
[0.389s] Level 1:colcon.colcon_core.package_identification:_identify(src/stm32_bot) by extension 'ignore_ament_install'
[0.389s] Level 1:colcon.colcon_core.package_identification:_identify(src/stm32_bot) by extensions ['colcon_pkg']
[0.389s] Level 1:colcon.colcon_core.package_identification:_identify(src/stm32_bot) by extension 'colcon_pkg'
[0.389s] Level 1:colcon.colcon_core.package_identification:_identify(src/stm32_bot) by extensions ['colcon_meta']
[0.389s] Level 1:colcon.colcon_core.package_identification:_identify(src/stm32_bot) by extension 'colcon_meta'
[0.389s] Level 1:colcon.colcon_core.package_identification:_identify(src/stm32_bot) by extensions ['ros']
[0.389s] Level 1:colcon.colcon_core.package_identification:_identify(src/stm32_bot) by extension 'ros'
[0.390s] DEBUG:colcon.colcon_core.package_identification:Package 'src/stm32_bot' with type 'ros.ament_python' and name 'stm32_bot'
[0.390s] Level 1:colcon.colcon_core.package_identification:_identify(src/tm210_driver) by extensions ['ignore', 'ignore_ament_install']
[0.390s] Level 1:colcon.colcon_core.package_identification:_identify(src/tm210_driver) by extension 'ignore'
[0.390s] Level 1:colcon.colcon_core.package_identification:_identify(src/tm210_driver) by extension 'ignore_ament_install'
[0.391s] Level 1:colcon.colcon_core.package_identification:_identify(src/tm210_driver) by extensions ['colcon_pkg']
[0.391s] Level 1:colcon.colcon_core.package_identification:_identify(src/tm210_driver) by extension 'colcon_pkg'
[0.391s] Level 1:colcon.colcon_core.package_identification:_identify(src/tm210_driver) by extensions ['colcon_meta']
[0.391s] Level 1:colcon.colcon_core.package_identification:_identify(src/tm210_driver) by extension 'colcon_meta'
[0.391s] Level 1:colcon.colcon_core.package_identification:_identify(src/tm210_driver) by extensions ['ros']
[0.391s] Level 1:colcon.colcon_core.package_identification:_identify(src/tm210_driver) by extension 'ros'
[0.392s] DEBUG:colcon.colcon_core.package_identification:Package 'src/tm210_driver' with type 'ros.ament_cmake' and name 'tm_imu'
[0.392s] Level 1:colcon.colcon_core.package_discovery:discover_packages(recursive) using defaults
[0.392s] Level 1:colcon.colcon_core.package_discovery:discover_packages(ignore) discover
[0.392s] Level 1:colcon.colcon_core.package_discovery:discover_packages(ignore) using defaults
[0.392s] Level 1:colcon.colcon_core.package_discovery:discover_packages(path) discover
[0.392s] Level 1:colcon.colcon_core.package_discovery:discover_packages(path) using defaults
[0.432s] INFO:colcon.colcon_core.package_selection:Skipping not selected package 'ldlidar_stl_ros2' in 'src/ldlidar_stl_ros2'
[0.433s] INFO:colcon.colcon_core.package_selection:Skipping not selected package 'tm_imu' in 'src/tm210_driver'
[0.434s] Level 1:colcon.colcon_core.package_discovery:discover_packages(prefix_path) check parameters
[0.434s] Level 1:colcon.colcon_core.package_discovery:discover_packages(prefix_path) discover
[0.437s] DEBUG:colcon.colcon_installed_package_information.package_discovery:Found 5 installed packages in /home/spinetti/ros2_ws/install
[0.438s] DEBUG:colcon.colcon_installed_package_information.package_discovery:Found 1 installed packages in /home/spinetti/install
[0.441s] DEBUG:colcon.colcon_installed_package_information.package_discovery:Found 389 installed packages in /opt/ros/jazzy
[0.449s] Level 1:colcon.colcon_core.package_discovery:discover_packages(prefix_path) using defaults
[0.544s] Level 5:colcon.colcon_core.verb:set package 'stm32_bot' build argument 'cmake_args' from command line to 'None'
[0.544s] Level 5:colcon.colcon_core.verb:set package 'stm32_bot' build argument 'cmake_target' from command line to 'None'
[0.544s] Level 5:colcon.colcon_core.verb:set package 'stm32_bot' build argument 'cmake_target_skip_unavailable' from command line to 'False'
[0.544s] Level 5:colcon.colcon_core.verb:set package 'stm32_bot' build argument 'cmake_clean_cache' from command line to 'False'
[0.544s] Level 5:colcon.colcon_core.verb:set package 'stm32_bot' build argument 'cmake_clean_first' from command line to 'False'
[0.544s] Level 5:colcon.colcon_core.verb:set package 'stm32_bot' build argument 'cmake_force_configure' from command line to 'False'
[0.544s] Level 5:colcon.colcon_core.verb:set package 'stm32_bot' build argument 'ament_cmake_args' from command line to 'None'
[0.544s] Level 5:colcon.colcon_core.verb:set package 'stm32_bot' build argument 'catkin_cmake_args' from command line to 'None'
[0.544s] Level 5:colcon.colcon_core.verb:set package 'stm32_bot' build argument 'catkin_skip_building_tests' from command line to 'False'
[0.544s] DEBUG:colcon.colcon_core.verb:Building package 'stm32_bot' with the following arguments: {'ament_cmake_args': None, 'build_base': '/home/spinetti/ros2_ws/build/stm32_bot', 'catkin_cmake_args': None, 'catkin_skip_building_tests': False, 'cmake_args': None, 'cmake_clean_cache': False, 'cmake_clean_first': False, 'cmake_force_configure': False, 'cmake_target': None, 'cmake_target_skip_unavailable': False, 'install_base': '/home/spinetti/ros2_ws/install/stm32_bot', 'merge_install': False, 'path': '/home/spinetti/ros2_ws/src/stm32_bot', 'symlink_install': False, 'test_result_base': None}
[0.545s] INFO:colcon.colcon_core.executor:Executing jobs using 'parallel' executor
[0.546s] DEBUG:colcon.colcon_parallel_executor.executor.parallel:run_until_complete
[0.547s] INFO:colcon.colcon_ros.task.ament_python.build:Building ROS package in '/home/spinetti/ros2_ws/src/stm32_bot' with build type 'ament_python'
[0.547s] Level 1:colcon.colcon_core.shell:create_environment_hook('stm32_bot', 'ament_prefix_path')
[0.550s] INFO:colcon.colcon_core.plugin_system:Skipping extension 'colcon_core.shell.bat': Not used on non-Windows systems
[0.550s] INFO:colcon.colcon_core.shell:Creating environment hook '/home/spinetti/ros2_ws/install/stm32_bot/share/stm32_bot/hook/ament_prefix_path.ps1'
[0.551s] INFO:colcon.colcon_core.shell:Creating environment descriptor '/home/spinetti/ros2_ws/install/stm32_bot/share/stm32_bot/hook/ament_prefix_path.dsv'
[0.552s] INFO:colcon.colcon_core.shell:Creating environment hook '/home/spinetti/ros2_ws/install/stm32_bot/share/stm32_bot/hook/ament_prefix_path.sh'
[0.553s] INFO:colcon.colcon_core.shell:Skip shell extension 'powershell' for command environment: Not usable outside of PowerShell
[0.553s] DEBUG:colcon.colcon_core.shell:Skip shell extension 'dsv' for command environment
[1.097s] INFO:colcon.colcon_core.task.python.build:Building Python package in '/home/spinetti/ros2_ws/src/stm32_bot'
[1.098s] INFO:colcon.colcon_core.shell:Skip shell extension 'powershell' for command environment: Not usable outside of PowerShell
[1.098s] DEBUG:colcon.colcon_core.shell:Skip shell extension 'dsv' for command environment
[2.399s] DEBUG:colcon.colcon_core.event_handler.log_command:Invoking command in '/home/spinetti/ros2_ws/src/stm32_bot': DEBUGINFOD_URLS=https://debuginfod.ubuntu.com PYTHONPATH=/home/spinetti/ros2_ws/build/stm32_bot/prefix_override:/usr/lib/python3/dist-packages/colcon_core/task/python/colcon_distutils_commands:/home/spinetti/ros2_ws/install/stm32_bot/lib/python3.12/site-packages:${PYTHONPATH} /usr/bin/python3 -W ignore:setup.py install is deprecated -W ignore:easy_install command is deprecated setup.py egg_info --egg-base ../../build/stm32_bot build --build-base /home/spinetti/ros2_ws/build/stm32_bot/build install --record /home/spinetti/ros2_ws/build/stm32_bot/install.log --single-version-externally-managed install_data
[3.522s] DEBUG:colcon.colcon_core.event_handler.log_command:Invoked command in '/home/spinetti/ros2_ws/src/stm32_bot' returned '0': DEBUGINFOD_URLS=https://debuginfod.ubuntu.com PYTHONPATH=/home/spinetti/ros2_ws/build/stm32_bot/prefix_override:/usr/lib/python3/dist-packages/colcon_core/task/python/colcon_distutils_commands:/home/spinetti/ros2_ws/install/stm32_bot/lib/python3.12/site-packages:${PYTHONPATH} /usr/bin/python3 -W ignore:setup.py install is deprecated -W ignore:easy_install command is deprecated setup.py egg_info --egg-base ../../build/stm32_bot build --build-base /home/spinetti/ros2_ws/build/stm32_bot/build install --record /home/spinetti/ros2_ws/build/stm32_bot/install.log --single-version-externally-managed install_data
[3.525s] Level 1:colcon.colcon_core.environment:checking '/home/spinetti/ros2_ws/install/stm32_bot' for CMake module files
[3.526s] Level 1:colcon.colcon_core.environment:checking '/home/spinetti/ros2_ws/install/stm32_bot' for CMake config files
[3.528s] Level 1:colcon.colcon_core.environment:checking '/home/spinetti/ros2_ws/install/stm32_bot/lib'
[3.529s] Level 1:colcon.colcon_core.environment:checking '/home/spinetti/ros2_ws/install/stm32_bot/bin'
[3.529s] Level 1:colcon.colcon_core.environment:checking '/home/spinetti/ros2_ws/install/stm32_bot/lib/pkgconfig/stm32_bot.pc'
[3.529s] Level 1:colcon.colcon_core.environment:checking '/home/spinetti/ros2_ws/install/stm32_bot/lib/python3.12/site-packages'
[3.529s] Level 1:colcon.colcon_core.shell:create_environment_hook('stm32_bot', 'pythonpath')
[3.530s] INFO:colcon.colcon_core.shell:Creating environment hook '/home/spinetti/ros2_ws/install/stm32_bot/share/stm32_bot/hook/pythonpath.ps1'
[3.531s] INFO:colcon.colcon_core.shell:Creating environment descriptor '/home/spinetti/ros2_ws/install/stm32_bot/share/stm32_bot/hook/pythonpath.dsv'
[3.532s] INFO:colcon.colcon_core.shell:Creating environment hook '/home/spinetti/ros2_ws/install/stm32_bot/share/stm32_bot/hook/pythonpath.sh'
[3.533s] Level 1:colcon.colcon_core.environment:checking '/home/spinetti/ros2_ws/install/stm32_bot/bin'
[3.533s] Level 1:colcon.colcon_core.environment:create_environment_scripts_only(stm32_bot)
[3.534s] INFO:colcon.colcon_core.shell:Creating package script '/home/spinetti/ros2_ws/install/stm32_bot/share/stm32_bot/package.ps1'
[3.536s] INFO:colcon.colcon_core.shell:Creating package descriptor '/home/spinetti/ros2_ws/install/stm32_bot/share/stm32_bot/package.dsv'
[3.537s] INFO:colcon.colcon_core.shell:Creating package script '/home/spinetti/ros2_ws/install/stm32_bot/share/stm32_bot/package.sh'
[3.538s] INFO:colcon.colcon_core.shell:Creating package script '/home/spinetti/ros2_ws/install/stm32_bot/share/stm32_bot/package.bash'
[3.539s] INFO:colcon.colcon_core.shell:Creating package script '/home/spinetti/ros2_ws/install/stm32_bot/share/stm32_bot/package.zsh'
[3.540s] Level 1:colcon.colcon_core.environment:create_file_with_runtime_dependencies(/home/spinetti/ros2_ws/install/stm32_bot/share/colcon-core/packages/stm32_bot)
[3.541s] DEBUG:colcon.colcon_parallel_executor.executor.parallel:closing loop
[3.541s] DEBUG:colcon.colcon_parallel_executor.executor.parallel:loop closed
[3.541s] DEBUG:colcon.colcon_parallel_executor.executor.parallel:run_until_complete finished with '0'
[3.542s] DEBUG:colcon.colcon_core.event_reactor:joining thread
[3.553s] INFO:colcon.colcon_core.plugin_system:Skipping extension 'colcon_notification.desktop_notification.terminal_notifier': Not used on non-Darwin systems
[3.553s] INFO:colcon.colcon_core.plugin_system:Skipping extension 'colcon_notification.desktop_notification.win32': Not used on non-Windows systems
[3.553s] INFO:colcon.colcon_notification.desktop_notification:Sending desktop notification using 'notify2'
[3.595s] DEBUG:colcon.colcon_core.event_reactor:joined thread
[3.596s] INFO:colcon.colcon_core.shell:Creating prefix script '/home/spinetti/ros2_ws/install/local_setup.ps1'
[3.598s] INFO:colcon.colcon_core.shell:Creating prefix util module '/home/spinetti/ros2_ws/install/_local_setup_util_ps1.py'
[3.600s] INFO:colcon.colcon_core.shell:Creating prefix chain script '/home/spinetti/ros2_ws/install/setup.ps1'
[3.603s] INFO:colcon.colcon_core.shell:Creating prefix script '/home/spinetti/ros2_ws/install/local_setup.sh'
[3.604s] INFO:colcon.colcon_core.shell:Creating prefix util module '/home/spinetti/ros2_ws/install/_local_setup_util_sh.py'
[3.606s] INFO:colcon.colcon_core.shell:Creating prefix chain script '/home/spinetti/ros2_ws/install/setup.sh'
[3.608s] INFO:colcon.colcon_core.shell:Creating prefix script '/home/spinetti/ros2_ws/install/local_setup.bash'
[3.609s] INFO:colcon.colcon_core.shell:Creating prefix chain script '/home/spinetti/ros2_ws/install/setup.bash'
[3.612s] INFO:colcon.colcon_core.shell:Creating prefix script '/home/spinetti/ros2_ws/install/local_setup.zsh'
[3.614s] INFO:colcon.colcon_core.shell:Creating prefix chain script '/home/spinetti/ros2_ws/install/setup.zsh'
