[0.822s] Invoking command in '/home/spinetti/ros2_ws/build/tm_imu': CMAKE_PREFIX_PATH=${CMAKE_PREFIX_PATH}:/home/spinetti/ros2_ws/install/stm32_bot:/home/spinetti/ros2_ws/install/spinetti_bringup:/home/spinetti/install/stm32_bot:/opt/ros/jazzy DEBUGINFOD_URLS=https://debuginfod.ubuntu.com /usr/bin/cmake /home/spinetti/ros2_ws/src/tm210_driver -DCMAKE_INSTALL_PREFIX=/home/spinetti/ros2_ws/install/tm_imu
[0.979s] -- The C compiler identification is GNU 13.3.0
[1.240s] -- The CXX compiler identification is GNU 13.3.0
[1.287s] -- Detecting C compiler ABI info
[1.545s] -- Detecting C compiler ABI info - done
[1.585s] -- Check for working C compiler: /usr/bin/cc - skipped
[1.586s] -- Detecting C compile features
[1.587s] -- Detecting C compile features - done
[1.609s] -- Detecting CXX compiler ABI info
[2.164s] -- Detecting CXX compiler ABI info - done
[2.211s] -- Check for working CXX compiler: /usr/bin/c++ - skipped
[2.212s] -- Detecting CXX compile features
[2.215s] -- Detecting CXX compile features - done
[2.224s] -- Found ament_cmake: 2.5.5 (/opt/ros/jazzy/share/ament_cmake/cmake)
[2.709s] -- Found Python3: /usr/bin/python3 (found version "3.12.3") found components: Interpreter 
[3.303s] -- Found rclcpp: 28.1.16 (/opt/ros/jazzy/share/rclcpp/cmake)
[3.430s] -- Found rosidl_generator_c: 4.6.7 (/opt/ros/jazzy/share/rosidl_generator_c/cmake)
[3.471s] -- Found rosidl_generator_cpp: 4.6.7 (/opt/ros/jazzy/share/rosidl_generator_cpp/cmake)
[3.509s] -- Using all available rosidl_typesupport_c: rosidl_typesupport_fastrtps_c;rosidl_typesupport_introspection_c
[3.558s] -- Using all available rosidl_typesupport_cpp: rosidl_typesupport_fastrtps_cpp;rosidl_typesupport_introspection_cpp
[3.740s] -- Found rmw_implementation_cmake: 7.3.3 (/opt/ros/jazzy/share/rmw_implementation_cmake/cmake)
[3.757s] -- Found rmw_fastrtps_cpp: 8.4.3 (/opt/ros/jazzy/share/rmw_fastrtps_cpp/cmake)
[3.972s] -- Found OpenSSL: /usr/lib/aarch64-linux-gnu/libcrypto.so (found version "3.0.13")  
[4.176s] -- Found FastRTPS: /opt/ros/jazzy/include (Required is at least version "2.13") 
[4.407s] -- Using RMW implementation 'rmw_fastrtps_cpp' as default
[4.689s] -- Found std_msgs: 5.3.6 (/opt/ros/jazzy/share/std_msgs/cmake)
[4.722s] -- Found sensor_msgs: 5.3.6 (/opt/ros/jazzy/share/sensor_msgs/cmake)
[4.794s] -- Found tf2: 0.36.19 (/opt/ros/jazzy/share/tf2/cmake)
[4.806s] -- Found tf2_ros: 0.36.19 (/opt/ros/jazzy/share/tf2_ros/cmake)
[5.475s] -- Configuring done (4.6s)
[5.545s] -- Generating done (0.0s)
[5.567s] -- Build files have been written to: /home/spinetti/ros2_ws/build/tm_imu
[5.652s] Invoked command in '/home/spinetti/ros2_ws/build/tm_imu' returned '0': CMAKE_PREFIX_PATH=${CMAKE_PREFIX_PATH}:/home/spinetti/ros2_ws/install/stm32_bot:/home/spinetti/ros2_ws/install/spinetti_bringup:/home/spinetti/install/stm32_bot:/opt/ros/jazzy DEBUGINFOD_URLS=https://debuginfod.ubuntu.com /usr/bin/cmake /home/spinetti/ros2_ws/src/tm210_driver -DCMAKE_INSTALL_PREFIX=/home/spinetti/ros2_ws/install/tm_imu
[5.653s] Invoking command in '/home/spinetti/ros2_ws/build/tm_imu': CMAKE_PREFIX_PATH=${CMAKE_PREFIX_PATH}:/home/spinetti/ros2_ws/install/stm32_bot:/home/spinetti/ros2_ws/install/spinetti_bringup:/home/spinetti/install/stm32_bot:/opt/ros/jazzy DEBUGINFOD_URLS=https://debuginfod.ubuntu.com /usr/bin/cmake --build /home/spinetti/ros2_ws/build/tm_imu -- -j4 -l4
[5.899s] [ 16%] [32mBuilding CXX object CMakeFiles/transducer_m_imu.dir/src/tm_imu_node.cpp.o[0m
[5.910s] [ 33%] [32mBuilding CXX object CMakeFiles/transducer_m_imu.dir/external/serialib/serialib.cpp.o[0m
[5.912s] [ 50%] [32mBuilding CXX object CMakeFiles/transducer_m_imu.dir/external/EasyProfile/EasyObjectDictionary.cpp.o[0m
[5.925s] [ 66%] [32mBuilding CXX object CMakeFiles/transducer_m_imu.dir/external/EasyProfile/EasyProfile.cpp.o[0m
[6.179s] [ 83%] [32mBuilding CXX object CMakeFiles/transducer_m_imu.dir/external/EasyProfile/EasyProtocol.cpp.o[0m
[7.231s] [01m[K/home/spinetti/ros2_ws/src/tm210_driver/external/serialib/serialib.cpp:[m[K In member function ‘[01m[Kint serialib::[01;32m[KreadStringNoTimeOut[m[K(char*, char, unsigned int)[m[K’:
[7.232s] [01m[K/home/spinetti/ros2_ws/src/tm210_driver/external/serialib/serialib.cpp:576:21:[m[K [01;35m[Kwarning: [m[Kcomparison is always false due to limited range of data type [[01;35m[K]8;;https://gcc.gnu.org/onlinedocs/gcc/Warning-Options.html#index-Wtype-limits-Wtype-limits]8;;[m[K]
[7.232s]   576 |         if ([01;35m[KcharRead<0[m[K) return charRead;
[7.232s]       |             [01;35m[K~~~~~~~~^~[m[K
[7.232s] [01m[K/home/spinetti/ros2_ws/src/tm210_driver/external/serialib/serialib.cpp:[m[K In member function ‘[01m[Kint serialib::[01;32m[KreadString[m[K(char*, char, unsigned int, unsigned int)[m[K’:
[7.233s] [01m[K/home/spinetti/ros2_ws/src/tm210_driver/external/serialib/serialib.cpp:639:25:[m[K [01;35m[Kwarning: [m[Kcomparison is always false due to limited range of data type [[01;35m[K]8;;https://gcc.gnu.org/onlinedocs/gcc/Warning-Options.html#index-Wtype-limits-Wtype-limits]8;;[m[K]
[7.233s]   639 |             if ([01;35m[KcharRead<0[m[K) return charRead;
[7.233s]       |                 [01;35m[K~~~~~~~~^~[m[K
[18.721s] [100%] [32m[1mLinking CXX executable transducer_m_imu[0m
[19.302s] [100%] Built target transducer_m_imu
[19.325s] Invoked command in '/home/spinetti/ros2_ws/build/tm_imu' returned '0': CMAKE_PREFIX_PATH=${CMAKE_PREFIX_PATH}:/home/spinetti/ros2_ws/install/stm32_bot:/home/spinetti/ros2_ws/install/spinetti_bringup:/home/spinetti/install/stm32_bot:/opt/ros/jazzy DEBUGINFOD_URLS=https://debuginfod.ubuntu.com /usr/bin/cmake --build /home/spinetti/ros2_ws/build/tm_imu -- -j4 -l4
[19.327s] Invoking command in '/home/spinetti/ros2_ws/build/tm_imu': CMAKE_PREFIX_PATH=${CMAKE_PREFIX_PATH}:/home/spinetti/ros2_ws/install/stm32_bot:/home/spinetti/ros2_ws/install/spinetti_bringup:/home/spinetti/install/stm32_bot:/opt/ros/jazzy DEBUGINFOD_URLS=https://debuginfod.ubuntu.com /usr/bin/cmake --install /home/spinetti/ros2_ws/build/tm_imu
[19.344s] -- Install configuration: ""
[19.344s] -- Installing: /home/spinetti/ros2_ws/install/tm_imu/lib/tm_imu/transducer_m_imu
[19.348s] -- Set non-toolchain portion of runtime path of "/home/spinetti/ros2_ws/install/tm_imu/lib/tm_imu/transducer_m_imu" to ""
[19.349s] -- Installing: /home/spinetti/ros2_ws/install/tm_imu/share/tm_imu//launch
[19.349s] -- Installing: /home/spinetti/ros2_ws/install/tm_imu/share/tm_imu//launch/imu.launch.py
[19.349s] -- Installing: /home/spinetti/ros2_ws/install/tm_imu/share/tm_imu//launch/__pycache__
[19.349s] -- Installing: /home/spinetti/ros2_ws/install/tm_imu/share/tm_imu//launch/__pycache__/imu.launch.cpython-312.pyc
[19.349s] -- Installing: /home/spinetti/ros2_ws/install/tm_imu/share/tm_imu//config
[19.349s] -- Installing: /home/spinetti/ros2_ws/install/tm_imu/share/tm_imu//config/params.yaml
[19.349s] -- Installing: /home/spinetti/ros2_ws/install/tm_imu/share/ament_index/resource_index/package_run_dependencies/tm_imu
[19.350s] -- Installing: /home/spinetti/ros2_ws/install/tm_imu/share/ament_index/resource_index/parent_prefix_path/tm_imu
[19.350s] -- Installing: /home/spinetti/ros2_ws/install/tm_imu/share/tm_imu/environment/ament_prefix_path.sh
[19.350s] -- Installing: /home/spinetti/ros2_ws/install/tm_imu/share/tm_imu/environment/ament_prefix_path.dsv
[19.350s] -- Installing: /home/spinetti/ros2_ws/install/tm_imu/share/tm_imu/environment/path.sh
[19.350s] -- Installing: /home/spinetti/ros2_ws/install/tm_imu/share/tm_imu/environment/path.dsv
[19.351s] -- Installing: /home/spinetti/ros2_ws/install/tm_imu/share/tm_imu/local_setup.bash
[19.351s] -- Installing: /home/spinetti/ros2_ws/install/tm_imu/share/tm_imu/local_setup.sh
[19.351s] -- Installing: /home/spinetti/ros2_ws/install/tm_imu/share/tm_imu/local_setup.zsh
[19.351s] -- Installing: /home/spinetti/ros2_ws/install/tm_imu/share/tm_imu/local_setup.dsv
[19.351s] -- Installing: /home/spinetti/ros2_ws/install/tm_imu/share/tm_imu/package.dsv
[19.351s] -- Installing: /home/spinetti/ros2_ws/install/tm_imu/share/ament_index/resource_index/packages/tm_imu
[19.352s] -- Installing: /home/spinetti/ros2_ws/install/tm_imu/share/tm_imu/cmake/tm_imuConfig.cmake
[19.352s] -- Installing: /home/spinetti/ros2_ws/install/tm_imu/share/tm_imu/cmake/tm_imuConfig-version.cmake
[19.352s] -- Installing: /home/spinetti/ros2_ws/install/tm_imu/share/tm_imu/package.xml
[19.355s] Invoked command in '/home/spinetti/ros2_ws/build/tm_imu' returned '0': CMAKE_PREFIX_PATH=${CMAKE_PREFIX_PATH}:/home/spinetti/ros2_ws/install/stm32_bot:/home/spinetti/ros2_ws/install/spinetti_bringup:/home/spinetti/install/stm32_bot:/opt/ros/jazzy DEBUGINFOD_URLS=https://debuginfod.ubuntu.com /usr/bin/cmake --install /home/spinetti/ros2_ws/build/tm_imu
