[100%] Built target ldlidar_stl_ros2_node
-- Install configuration: ""
-- Installing: /home/spinetti/ros2_ws/install/ldlidar_stl_ros2/lib/ldlidar_stl_ros2/ldlidar_stl_ros2_node
-- Set non-toolchain portion of runtime path of "/home/spinetti/ros2_ws/install/ldlidar_stl_ros2/lib/ldlidar_stl_ros2/ldlidar_stl_ros2_node" to ""
-- Up-to-date: /home/spinetti/ros2_ws/install/ldlidar_stl_ros2/share/ldlidar_stl_ros2//launch
-- Installing: /home/spinetti/ros2_ws/install/ldlidar_stl_ros2/share/ldlidar_stl_ros2//launch/stl27l.launch.py
-- Installing: /home/spinetti/ros2_ws/install/ldlidar_stl_ros2/share/ldlidar_stl_ros2//launch/viewer_ld06.launch.py
-- Installing: /home/spinetti/ros2_ws/install/ldlidar_stl_ros2/share/ldlidar_stl_ros2//launch/ld06.launch.py
-- Installing: /home/spinetti/ros2_ws/install/ldlidar_stl_ros2/share/ldlidar_stl_ros2//launch/ld19.launch.py
-- Installing: /home/spinetti/ros2_ws/install/ldlidar_stl_ros2/share/ldlidar_stl_ros2//launch/viewer_ld19.launch.py
-- Installing: /home/spinetti/ros2_ws/install/ldlidar_stl_ros2/share/ldlidar_stl_ros2//launch/viewer_stl27l.launch.py
-- Up-to-date: /home/spinetti/ros2_ws/install/ldlidar_stl_ros2/share/ldlidar_stl_ros2//rviz2
-- Installing: /home/spinetti/ros2_ws/install/ldlidar_stl_ros2/share/ldlidar_stl_ros2//rviz2/ldlidar.rviz
-- Installing: /home/spinetti/ros2_ws/install/ldlidar_stl_ros2/share/ament_index/resource_index/package_run_dependencies/ldlidar_stl_ros2
-- Installing: /home/spinetti/ros2_ws/install/ldlidar_stl_ros2/share/ament_index/resource_index/parent_prefix_path/ldlidar_stl_ros2
-- Installing: /home/spinetti/ros2_ws/install/ldlidar_stl_ros2/share/ldlidar_stl_ros2/environment/ament_prefix_path.sh
-- Installing: /home/spinetti/ros2_ws/install/ldlidar_stl_ros2/share/ldlidar_stl_ros2/environment/ament_prefix_path.dsv
-- Installing: /home/spinetti/ros2_ws/install/ldlidar_stl_ros2/share/ldlidar_stl_ros2/environment/path.sh
-- Installing: /home/spinetti/ros2_ws/install/ldlidar_stl_ros2/share/ldlidar_stl_ros2/environment/path.dsv
-- Installing: /home/spinetti/ros2_ws/install/ldlidar_stl_ros2/share/ldlidar_stl_ros2/local_setup.bash
-- Installing: /home/spinetti/ros2_ws/install/ldlidar_stl_ros2/share/ldlidar_stl_ros2/local_setup.sh
-- Installing: /home/spinetti/ros2_ws/install/ldlidar_stl_ros2/share/ldlidar_stl_ros2/local_setup.zsh
-- Installing: /home/spinetti/ros2_ws/install/ldlidar_stl_ros2/share/ldlidar_stl_ros2/local_setup.dsv
-- Installing: /home/spinetti/ros2_ws/install/ldlidar_stl_ros2/share/ldlidar_stl_ros2/package.dsv
-- Installing: /home/spinetti/ros2_ws/install/ldlidar_stl_ros2/share/ament_index/resource_index/packages/ldlidar_stl_ros2
-- Installing: /home/spinetti/ros2_ws/install/ldlidar_stl_ros2/share/ldlidar_stl_ros2/cmake/ldlidar_stl_ros2Config.cmake
-- Installing: /home/spinetti/ros2_ws/install/ldlidar_stl_ros2/share/ldlidar_stl_ros2/cmake/ldlidar_stl_ros2Config-version.cmake
-- Installing: /home/spinetti/ros2_ws/install/ldlidar_stl_ros2/share/ldlidar_stl_ros2/package.xml
