[0.083s] Invoking command in '/home/spinetti/ros2_ws/build/ldlidar_stl_ros2': CMAKE_PREFIX_PATH=${CMAKE_PREFIX_PATH}:/home/spinetti/ros2_ws/install/stm32_bot:/home/spinetti/ros2_ws/install/spinetti_bringup:/home/spinetti/install/stm32_bot:/opt/ros/jazzy DEBUGINFOD_URLS=https://debuginfod.ubuntu.com /usr/bin/cmake --build /home/spinetti/ros2_ws/build/ldlidar_stl_ros2 -- -j4 -l4
[0.851s] [100%] Built target ldlidar_stl_ros2_node
[0.852s] Invoked command in '/home/spinetti/ros2_ws/build/ldlidar_stl_ros2' returned '0': CMAKE_PREFIX_PATH=${CMAKE_PREFIX_PATH}:/home/spinetti/ros2_ws/install/stm32_bot:/home/spinetti/ros2_ws/install/spinetti_bringup:/home/spinetti/install/stm32_bot:/opt/ros/jazzy DEBUGINFOD_URLS=https://debuginfod.ubuntu.com /usr/bin/cmake --build /home/spinetti/ros2_ws/build/ldlidar_stl_ros2 -- -j4 -l4
[0.872s] Invoking command in '/home/spinetti/ros2_ws/build/ldlidar_stl_ros2': CMAKE_PREFIX_PATH=${CMAKE_PREFIX_PATH}:/home/spinetti/ros2_ws/install/stm32_bot:/home/spinetti/ros2_ws/install/spinetti_bringup:/home/spinetti/install/stm32_bot:/opt/ros/jazzy DEBUGINFOD_URLS=https://debuginfod.ubuntu.com /usr/bin/cmake --install /home/spinetti/ros2_ws/build/ldlidar_stl_ros2
[0.892s] -- Install configuration: ""
[0.892s] -- Installing: /home/spinetti/ros2_ws/install/ldlidar_stl_ros2/lib/ldlidar_stl_ros2/ldlidar_stl_ros2_node
[0.897s] -- Set non-toolchain portion of runtime path of "/home/spinetti/ros2_ws/install/ldlidar_stl_ros2/lib/ldlidar_stl_ros2/ldlidar_stl_ros2_node" to ""
[0.899s] -- Up-to-date: /home/spinetti/ros2_ws/install/ldlidar_stl_ros2/share/ldlidar_stl_ros2//launch
[0.899s] -- Installing: /home/spinetti/ros2_ws/install/ldlidar_stl_ros2/share/ldlidar_stl_ros2//launch/stl27l.launch.py
[0.899s] -- Installing: /home/spinetti/ros2_ws/install/ldlidar_stl_ros2/share/ldlidar_stl_ros2//launch/viewer_ld06.launch.py
[0.900s] -- Installing: /home/spinetti/ros2_ws/install/ldlidar_stl_ros2/share/ldlidar_stl_ros2//launch/ld06.launch.py
[0.900s] -- Installing: /home/spinetti/ros2_ws/install/ldlidar_stl_ros2/share/ldlidar_stl_ros2//launch/ld19.launch.py
[0.900s] -- Installing: /home/spinetti/ros2_ws/install/ldlidar_stl_ros2/share/ldlidar_stl_ros2//launch/viewer_ld19.launch.py
[0.900s] -- Installing: /home/spinetti/ros2_ws/install/ldlidar_stl_ros2/share/ldlidar_stl_ros2//launch/viewer_stl27l.launch.py
[0.904s] -- Up-to-date: /home/spinetti/ros2_ws/install/ldlidar_stl_ros2/share/ldlidar_stl_ros2//rviz2
[0.908s] -- Installing: /home/spinetti/ros2_ws/install/ldlidar_stl_ros2/share/ldlidar_stl_ros2//rviz2/ldlidar.rviz
[0.910s] -- Installing: /home/spinetti/ros2_ws/install/ldlidar_stl_ros2/share/ament_index/resource_index/package_run_dependencies/ldlidar_stl_ros2
[0.911s] -- Installing: /home/spinetti/ros2_ws/install/ldlidar_stl_ros2/share/ament_index/resource_index/parent_prefix_path/ldlidar_stl_ros2
[0.913s] -- Installing: /home/spinetti/ros2_ws/install/ldlidar_stl_ros2/share/ldlidar_stl_ros2/environment/ament_prefix_path.sh
[0.916s] -- Installing: /home/spinetti/ros2_ws/install/ldlidar_stl_ros2/share/ldlidar_stl_ros2/environment/ament_prefix_path.dsv
[0.918s] -- Installing: /home/spinetti/ros2_ws/install/ldlidar_stl_ros2/share/ldlidar_stl_ros2/environment/path.sh
[0.919s] -- Installing: /home/spinetti/ros2_ws/install/ldlidar_stl_ros2/share/ldlidar_stl_ros2/environment/path.dsv
[0.919s] -- Installing: /home/spinetti/ros2_ws/install/ldlidar_stl_ros2/share/ldlidar_stl_ros2/local_setup.bash
[0.919s] -- Installing: /home/spinetti/ros2_ws/install/ldlidar_stl_ros2/share/ldlidar_stl_ros2/local_setup.sh
[0.919s] -- Installing: /home/spinetti/ros2_ws/install/ldlidar_stl_ros2/share/ldlidar_stl_ros2/local_setup.zsh
[0.919s] -- Installing: /home/spinetti/ros2_ws/install/ldlidar_stl_ros2/share/ldlidar_stl_ros2/local_setup.dsv
[0.922s] -- Installing: /home/spinetti/ros2_ws/install/ldlidar_stl_ros2/share/ldlidar_stl_ros2/package.dsv
[0.922s] -- Installing: /home/spinetti/ros2_ws/install/ldlidar_stl_ros2/share/ament_index/resource_index/packages/ldlidar_stl_ros2
[0.922s] -- Installing: /home/spinetti/ros2_ws/install/ldlidar_stl_ros2/share/ldlidar_stl_ros2/cmake/ldlidar_stl_ros2Config.cmake
[0.923s] -- Installing: /home/spinetti/ros2_ws/install/ldlidar_stl_ros2/share/ldlidar_stl_ros2/cmake/ldlidar_stl_ros2Config-version.cmake
[0.924s] -- Installing: /home/spinetti/ros2_ws/install/ldlidar_stl_ros2/share/ldlidar_stl_ros2/package.xml
[0.929s] Invoked command in '/home/spinetti/ros2_ws/build/ldlidar_stl_ros2' returned '0': CMAKE_PREFIX_PATH=${CMAKE_PREFIX_PATH}:/home/spinetti/ros2_ws/install/stm32_bot:/home/spinetti/ros2_ws/install/spinetti_bringup:/home/spinetti/install/stm32_bot:/opt/ros/jazzy DEBUGINFOD_URLS=https://debuginfod.ubuntu.com /usr/bin/cmake --install /home/spinetti/ros2_ws/build/ldlidar_stl_ros2
