[1.720s] Invoking command in '/home/spinetti/ros2_ws/src/stm32_bot': DEBUGINFOD_URLS=https://debuginfod.ubuntu.com PYTHONPATH=/home/spinetti/ros2_ws/build/stm32_bot/prefix_override:/usr/lib/python3/dist-packages/colcon_core/task/python/colcon_distutils_commands:/home/spinetti/ros2_ws/install/stm32_bot/lib/python3.12/site-packages:${PYTHONPATH} /usr/bin/python3 -W ignore:setup.py install is deprecated -W ignore:easy_install command is deprecated setup.py egg_info --egg-base ../../build/stm32_bot build --build-base /home/spinetti/ros2_ws/build/stm32_bot/build install --record /home/spinetti/ros2_ws/build/stm32_bot/install.log --single-version-externally-managed install_data
[2.115s] running egg_info
[2.144s] writing ../../build/stm32_bot/stm32_bot.egg-info/PKG-INFO
[2.145s] writing dependency_links to ../../build/stm32_bot/stm32_bot.egg-info/dependency_links.txt
[2.146s] writing entry points to ../../build/stm32_bot/stm32_bot.egg-info/entry_points.txt
[2.146s] writing requirements to ../../build/stm32_bot/stm32_bot.egg-info/requires.txt
[2.147s] writing top-level names to ../../build/stm32_bot/stm32_bot.egg-info/top_level.txt
[2.200s] reading manifest file '../../build/stm32_bot/stm32_bot.egg-info/SOURCES.txt'
[2.202s] writing manifest file '../../build/stm32_bot/stm32_bot.egg-info/SOURCES.txt'
[2.202s] running build
[2.202s] running build_py
[2.204s] running install
[2.212s] running install_lib
[2.240s] running install_data
[2.241s] running install_egg_info
[2.274s] removing '/home/spinetti/ros2_ws/install/stm32_bot/lib/python3.12/site-packages/stm32_bot-0.0.0-py3.12.egg-info' (and everything under it)
[2.277s] Copying ../../build/stm32_bot/stm32_bot.egg-info to /home/spinetti/ros2_ws/install/stm32_bot/lib/python3.12/site-packages/stm32_bot-0.0.0-py3.12.egg-info
[2.277s] running install_scripts
[2.475s] Installing ps3_mapper script to /home/spinetti/ros2_ws/install/stm32_bot/lib/stm32_bot
[2.477s] Installing stm32_bridge script to /home/spinetti/ros2_ws/install/stm32_bot/lib/stm32_bot
[2.478s] Installing stm32_teleop script to /home/spinetti/ros2_ws/install/stm32_bot/lib/stm32_bot
[2.478s] writing list of installed files to '/home/spinetti/ros2_ws/build/stm32_bot/install.log'
[2.577s] Invoked command in '/home/spinetti/ros2_ws/src/stm32_bot' returned '0': DEBUGINFOD_URLS=https://debuginfod.ubuntu.com PYTHONPATH=/home/spinetti/ros2_ws/build/stm32_bot/prefix_override:/usr/lib/python3/dist-packages/colcon_core/task/python/colcon_distutils_commands:/home/spinetti/ros2_ws/install/stm32_bot/lib/python3.12/site-packages:${PYTHONPATH} /usr/bin/python3 -W ignore:setup.py install is deprecated -W ignore:easy_install command is deprecated setup.py egg_info --egg-base ../../build/stm32_bot build --build-base /home/spinetti/ros2_ws/build/stm32_bot/build install --record /home/spinetti/ros2_ws/build/stm32_bot/install.log --single-version-externally-managed install_data
