[0.820s] Invoking command in '/home/spinetti/ros2_ws/build/tm_imu': CMAKE_PREFIX_PATH=${CMAKE_PREFIX_PATH}:/home/spinetti/ros2_ws/install/stm32_bot:/home/spinetti/ros2_ws/install/spinetti_bringup:/home/spinetti/install/stm32_bot:/opt/ros/jazzy DEBUGINFOD_URLS=https://debuginfod.ubuntu.com /usr/bin/cmake --build /home/spinetti/ros2_ws/build/tm_imu -- -j4 -l4
[0.976s] [ 16%] [32mBuilding CXX object CMakeFiles/transducer_m_imu.dir/src/tm_imu_node.cpp.o[0m
[10.933s] [ 33%] [32m[1mLinking CXX executable transducer_m_imu[0m
[11.483s] [100%] Built target transducer_m_imu
[11.506s] Invoked command in '/home/spinetti/ros2_ws/build/tm_imu' returned '0': CMAKE_PREFIX_PATH=${CMAKE_PREFIX_PATH}:/home/spinetti/ros2_ws/install/stm32_bot:/home/spinetti/ros2_ws/install/spinetti_bringup:/home/spinetti/install/stm32_bot:/opt/ros/jazzy DEBUGINFOD_URLS=https://debuginfod.ubuntu.com /usr/bin/cmake --build /home/spinetti/ros2_ws/build/tm_imu -- -j4 -l4
[11.509s] Invoking command in '/home/spinetti/ros2_ws/build/tm_imu': CMAKE_PREFIX_PATH=${CMAKE_PREFIX_PATH}:/home/spinetti/ros2_ws/install/stm32_bot:/home/spinetti/ros2_ws/install/spinetti_bringup:/home/spinetti/install/stm32_bot:/opt/ros/jazzy DEBUGINFOD_URLS=https://debuginfod.ubuntu.com /usr/bin/cmake --install /home/spinetti/ros2_ws/build/tm_imu
[11.526s] -- Install configuration: ""
[11.527s] -- Installing: /home/spinetti/ros2_ws/install/tm_imu/lib/tm_imu/transducer_m_imu
[11.534s] -- Set non-toolchain portion of runtime path of "/home/spinetti/ros2_ws/install/tm_imu/lib/tm_imu/transducer_m_imu" to ""
[11.534s] -- Up-to-date: /home/spinetti/ros2_ws/install/tm_imu/share/tm_imu//launch
[11.534s] -- Up-to-date: /home/spinetti/ros2_ws/install/tm_imu/share/tm_imu//launch/imu.launch.py
[11.534s] -- Up-to-date: /home/spinetti/ros2_ws/install/tm_imu/share/tm_imu//launch/__pycache__
[11.534s] -- Up-to-date: /home/spinetti/ros2_ws/install/tm_imu/share/tm_imu//launch/__pycache__/imu.launch.cpython-312.pyc
[11.534s] -- Up-to-date: /home/spinetti/ros2_ws/install/tm_imu/share/tm_imu//config
[11.535s] -- Installing: /home/spinetti/ros2_ws/install/tm_imu/share/tm_imu//config/params.yaml
[11.535s] -- Up-to-date: /home/spinetti/ros2_ws/install/tm_imu/share/ament_index/resource_index/package_run_dependencies/tm_imu
[11.535s] -- Up-to-date: /home/spinetti/ros2_ws/install/tm_imu/share/ament_index/resource_index/parent_prefix_path/tm_imu
[11.535s] -- Up-to-date: /home/spinetti/ros2_ws/install/tm_imu/share/tm_imu/environment/ament_prefix_path.sh
[11.535s] -- Up-to-date: /home/spinetti/ros2_ws/install/tm_imu/share/tm_imu/environment/ament_prefix_path.dsv
[11.535s] -- Up-to-date: /home/spinetti/ros2_ws/install/tm_imu/share/tm_imu/environment/path.sh
[11.535s] -- Up-to-date: /home/spinetti/ros2_ws/install/tm_imu/share/tm_imu/environment/path.dsv
[11.535s] -- Up-to-date: /home/spinetti/ros2_ws/install/tm_imu/share/tm_imu/local_setup.bash
[11.535s] -- Up-to-date: /home/spinetti/ros2_ws/install/tm_imu/share/tm_imu/local_setup.sh
[11.536s] -- Up-to-date: /home/spinetti/ros2_ws/install/tm_imu/share/tm_imu/local_setup.zsh
[11.536s] -- Up-to-date: /home/spinetti/ros2_ws/install/tm_imu/share/tm_imu/local_setup.dsv
[11.536s] -- Installing: /home/spinetti/ros2_ws/install/tm_imu/share/tm_imu/package.dsv
[11.536s] -- Up-to-date: /home/spinetti/ros2_ws/install/tm_imu/share/ament_index/resource_index/packages/tm_imu
[11.536s] -- Up-to-date: /home/spinetti/ros2_ws/install/tm_imu/share/tm_imu/cmake/tm_imuConfig.cmake
[11.536s] -- Up-to-date: /home/spinetti/ros2_ws/install/tm_imu/share/tm_imu/cmake/tm_imuConfig-version.cmake
[11.536s] -- Up-to-date: /home/spinetti/ros2_ws/install/tm_imu/share/tm_imu/package.xml
[11.539s] Invoked command in '/home/spinetti/ros2_ws/build/tm_imu' returned '0': CMAKE_PREFIX_PATH=${CMAKE_PREFIX_PATH}:/home/spinetti/ros2_ws/install/stm32_bot:/home/spinetti/ros2_ws/install/spinetti_bringup:/home/spinetti/install/stm32_bot:/opt/ros/jazzy DEBUGINFOD_URLS=https://debuginfod.ubuntu.com /usr/bin/cmake --install /home/spinetti/ros2_ws/build/tm_imu
