[2.509s] Invoking command in '/home/spinetti/ros2_ws/src/spinetti_bringup': DEBUGINFOD_URLS=https://debuginfod.ubuntu.com PYTHONPATH=/home/spinetti/ros2_ws/build/spinetti_bringup/prefix_override:/usr/lib/python3/dist-packages/colcon_core/task/python/colcon_distutils_commands:/home/spinetti/ros2_ws/install/spinetti_bringup/lib/python3.12/site-packages:${PYTHONPATH} /usr/bin/python3 -W ignore:setup.py install is deprecated -W ignore:easy_install command is deprecated setup.py egg_info --egg-base ../../build/spinetti_bringup build --build-base /home/spinetti/ros2_ws/build/spinetti_bringup/build install --record /home/spinetti/ros2_ws/build/spinetti_bringup/install.log --single-version-externally-managed install_data
[3.459s] running egg_info
[3.464s] creating ../../build/spinetti_bringup/spinetti_bringup.egg-info
[3.554s] writing ../../build/spinetti_bringup/spinetti_bringup.egg-info/PKG-INFO
[3.556s] writing dependency_links to ../../build/spinetti_bringup/spinetti_bringup.egg-info/dependency_links.txt
[3.562s] writing entry points to ../../build/spinetti_bringup/spinetti_bringup.egg-info/entry_points.txt
[3.565s] writing requirements to ../../build/spinetti_bringup/spinetti_bringup.egg-info/requires.txt
[3.565s] writing top-level names to ../../build/spinetti_bringup/spinetti_bringup.egg-info/top_level.txt
[3.567s] writing manifest file '../../build/spinetti_bringup/spinetti_bringup.egg-info/SOURCES.txt'
[3.659s] reading manifest file '../../build/spinetti_bringup/spinetti_bringup.egg-info/SOURCES.txt'
[3.662s] writing manifest file '../../build/spinetti_bringup/spinetti_bringup.egg-info/SOURCES.txt'
[3.663s] running build
[3.663s] running build_py
[3.664s] creating /home/spinetti/ros2_ws/build/spinetti_bringup/build
[3.665s] creating /home/spinetti/ros2_ws/build/spinetti_bringup/build/lib
[3.665s] creating /home/spinetti/ros2_ws/build/spinetti_bringup/build/lib/spinetti_bringup
[3.666s] copying spinetti_bringup/__init__.py -> /home/spinetti/ros2_ws/build/spinetti_bringup/build/lib/spinetti_bringup
[3.667s] copying spinetti_bringup/odom_converter.py -> /home/spinetti/ros2_ws/build/spinetti_bringup/build/lib/spinetti_bringup
[3.668s] running install
[3.684s] running install_lib
[3.722s] creating /home/spinetti/ros2_ws/install/spinetti_bringup/lib/python3.12/site-packages/spinetti_bringup
[3.723s] copying /home/spinetti/ros2_ws/build/spinetti_bringup/build/lib/spinetti_bringup/__init__.py -> /home/spinetti/ros2_ws/install/spinetti_bringup/lib/python3.12/site-packages/spinetti_bringup
[3.723s] copying /home/spinetti/ros2_ws/build/spinetti_bringup/build/lib/spinetti_bringup/odom_converter.py -> /home/spinetti/ros2_ws/install/spinetti_bringup/lib/python3.12/site-packages/spinetti_bringup
[3.725s] byte-compiling /home/spinetti/ros2_ws/install/spinetti_bringup/lib/python3.12/site-packages/spinetti_bringup/__init__.py to __init__.cpython-312.pyc
[3.725s] byte-compiling /home/spinetti/ros2_ws/install/spinetti_bringup/lib/python3.12/site-packages/spinetti_bringup/odom_converter.py to odom_converter.cpython-312.pyc
[3.726s] running install_data
[3.726s] creating /home/spinetti/ros2_ws/install/spinetti_bringup/share/ament_index
[3.727s] creating /home/spinetti/ros2_ws/install/spinetti_bringup/share/ament_index/resource_index
[3.727s] creating /home/spinetti/ros2_ws/install/spinetti_bringup/share/ament_index/resource_index/packages
[3.727s] copying resource/spinetti_bringup -> /home/spinetti/ros2_ws/install/spinetti_bringup/share/ament_index/resource_index/packages
[3.727s] copying package.xml -> /home/spinetti/ros2_ws/install/spinetti_bringup/share/spinetti_bringup
[3.727s] creating /home/spinetti/ros2_ws/install/spinetti_bringup/share/spinetti_bringup/launch
[3.727s] copying launch/mapper.launch.py -> /home/spinetti/ros2_ws/install/spinetti_bringup/share/spinetti_bringup/launch
[3.727s] copying launch/bringup.launch.py -> /home/spinetti/ros2_ws/install/spinetti_bringup/share/spinetti_bringup/launch
[3.728s] creating /home/spinetti/ros2_ws/install/spinetti_bringup/share/spinetti_bringup/config
[3.728s] copying config/mapper_params.yaml -> /home/spinetti/ros2_ws/install/spinetti_bringup/share/spinetti_bringup/config
[3.728s] copying config/ekf.yaml -> /home/spinetti/ros2_ws/install/spinetti_bringup/share/spinetti_bringup/config
[3.728s] running install_egg_info
[3.777s] Copying ../../build/spinetti_bringup/spinetti_bringup.egg-info to /home/spinetti/ros2_ws/install/spinetti_bringup/lib/python3.12/site-packages/spinetti_bringup-0.0.0-py3.12.egg-info
[3.780s] running install_scripts
[4.199s] Installing odom_converter script to /home/spinetti/ros2_ws/install/spinetti_bringup/lib/spinetti_bringup
[4.201s] writing list of installed files to '/home/spinetti/ros2_ws/build/spinetti_bringup/install.log'
[4.364s] Invoked command in '/home/spinetti/ros2_ws/src/spinetti_bringup' returned '0': DEBUGINFOD_URLS=https://debuginfod.ubuntu.com PYTHONPATH=/home/spinetti/ros2_ws/build/spinetti_bringup/prefix_override:/usr/lib/python3/dist-packages/colcon_core/task/python/colcon_distutils_commands:/home/spinetti/ros2_ws/install/spinetti_bringup/lib/python3.12/site-packages:${PYTHONPATH} /usr/bin/python3 -W ignore:setup.py install is deprecated -W ignore:easy_install command is deprecated setup.py egg_info --egg-base ../../build/spinetti_bringup build --build-base /home/spinetti/ros2_ws/build/spinetti_bringup/build install --record /home/spinetti/ros2_ws/build/spinetti_bringup/install.log --single-version-externally-managed install_data
