[2.590s] Invoking command in '/home/spinetti/ros2_ws/src/stm32_bot': DEBUGINFOD_URLS=https://debuginfod.ubuntu.com PYTHONPATH=/home/spinetti/ros2_ws/build/stm32_bot/prefix_override:/usr/lib/python3/dist-packages/colcon_core/task/python/colcon_distutils_commands:/home/spinetti/ros2_ws/install/stm32_bot/lib/python3.12/site-packages:${PYTHONPATH} /usr/bin/python3 -W ignore:setup.py install is deprecated -W ignore:easy_install command is deprecated setup.py egg_info --egg-base ../../build/stm32_bot build --build-base /home/spinetti/ros2_ws/build/stm32_bot/build install --record /home/spinetti/ros2_ws/build/stm32_bot/install.log --single-version-externally-managed install_data
[3.623s] running egg_info
[3.625s] creating ../../build/stm32_bot/stm32_bot.egg-info
[3.669s] writing ../../build/stm32_bot/stm32_bot.egg-info/PKG-INFO
[3.669s] writing dependency_links to ../../build/stm32_bot/stm32_bot.egg-info/dependency_links.txt
[3.670s] writing entry points to ../../build/stm32_bot/stm32_bot.egg-info/entry_points.txt
[3.671s] writing requirements to ../../build/stm32_bot/stm32_bot.egg-info/requires.txt
[3.671s] writing top-level names to ../../build/stm32_bot/stm32_bot.egg-info/top_level.txt
[3.671s] writing manifest file '../../build/stm32_bot/stm32_bot.egg-info/SOURCES.txt'
[3.748s] reading manifest file '../../build/stm32_bot/stm32_bot.egg-info/SOURCES.txt'
[3.750s] writing manifest file '../../build/stm32_bot/stm32_bot.egg-info/SOURCES.txt'
[3.751s] running build
[3.751s] running build_py
[3.752s] creating /home/spinetti/ros2_ws/build/stm32_bot/build
[3.752s] creating /home/spinetti/ros2_ws/build/stm32_bot/build/lib
[3.753s] creating /home/spinetti/ros2_ws/build/stm32_bot/build/lib/stm32_bot
[3.753s] copying stm32_bot/__init__.py -> /home/spinetti/ros2_ws/build/stm32_bot/build/lib/stm32_bot
[3.754s] copying stm32_bot/stm32_bridge.py -> /home/spinetti/ros2_ws/build/stm32_bot/build/lib/stm32_bot
[3.754s] copying stm32_bot/stm32_teleop.py -> /home/spinetti/ros2_ws/build/stm32_bot/build/lib/stm32_bot
[3.756s] running install
[3.772s] running install_lib
[3.829s] creating /home/spinetti/ros2_ws/install/stm32_bot/lib/python3.12/site-packages/stm32_bot
[3.829s] copying /home/spinetti/ros2_ws/build/stm32_bot/build/lib/stm32_bot/__init__.py -> /home/spinetti/ros2_ws/install/stm32_bot/lib/python3.12/site-packages/stm32_bot
[3.829s] copying /home/spinetti/ros2_ws/build/stm32_bot/build/lib/stm32_bot/stm32_bridge.py -> /home/spinetti/ros2_ws/install/stm32_bot/lib/python3.12/site-packages/stm32_bot
[3.829s] copying /home/spinetti/ros2_ws/build/stm32_bot/build/lib/stm32_bot/stm32_teleop.py -> /home/spinetti/ros2_ws/install/stm32_bot/lib/python3.12/site-packages/stm32_bot
[3.829s] byte-compiling /home/spinetti/ros2_ws/install/stm32_bot/lib/python3.12/site-packages/stm32_bot/__init__.py to __init__.cpython-312.pyc
[3.829s] byte-compiling /home/spinetti/ros2_ws/install/stm32_bot/lib/python3.12/site-packages/stm32_bot/stm32_bridge.py to stm32_bridge.cpython-312.pyc
[3.833s] byte-compiling /home/spinetti/ros2_ws/install/stm32_bot/lib/python3.12/site-packages/stm32_bot/stm32_teleop.py to stm32_teleop.cpython-312.pyc
[3.847s] running install_data
[3.847s] creating /home/spinetti/ros2_ws/install/stm32_bot/share/ament_index
[3.848s] creating /home/spinetti/ros2_ws/install/stm32_bot/share/ament_index/resource_index
[3.848s] creating /home/spinetti/ros2_ws/install/stm32_bot/share/ament_index/resource_index/packages
[3.848s] copying resource/stm32_bot -> /home/spinetti/ros2_ws/install/stm32_bot/share/ament_index/resource_index/packages
[3.848s] copying package.xml -> /home/spinetti/ros2_ws/install/stm32_bot/share/stm32_bot
[3.848s] running install_egg_info
[3.969s] Copying ../../build/stm32_bot/stm32_bot.egg-info to /home/spinetti/ros2_ws/install/stm32_bot/lib/python3.12/site-packages/stm32_bot-0.0.0-py3.12.egg-info
[3.976s] running install_scripts
[4.634s] Installing stm32_bridge script to /home/spinetti/ros2_ws/install/stm32_bot/lib/stm32_bot
[4.637s] Installing stm32_teleop script to /home/spinetti/ros2_ws/install/stm32_bot/lib/stm32_bot
[4.637s] writing list of installed files to '/home/spinetti/ros2_ws/build/stm32_bot/install.log'
[4.834s] Invoked command in '/home/spinetti/ros2_ws/src/stm32_bot' returned '0': DEBUGINFOD_URLS=https://debuginfod.ubuntu.com PYTHONPATH=/home/spinetti/ros2_ws/build/stm32_bot/prefix_override:/usr/lib/python3/dist-packages/colcon_core/task/python/colcon_distutils_commands:/home/spinetti/ros2_ws/install/stm32_bot/lib/python3.12/site-packages:${PYTHONPATH} /usr/bin/python3 -W ignore:setup.py install is deprecated -W ignore:easy_install command is deprecated setup.py egg_info --egg-base ../../build/stm32_bot build --build-base /home/spinetti/ros2_ws/build/stm32_bot/build install --record /home/spinetti/ros2_ws/build/stm32_bot/install.log --single-version-externally-managed install_data
