[1.278s] Invoking command in '/home/spinetti/ros2_ws/src/stm32_bot': DEBUGINFOD_URLS=https://debuginfod.ubuntu.com PYTHONPATH=/home/spinetti/ros2_ws/build/stm32_bot/prefix_override:/usr/lib/python3/dist-packages/colcon_core/task/python/colcon_distutils_commands:/home/spinetti/ros2_ws/install/stm32_bot/lib/python3.12/site-packages:${PYTHONPATH} /usr/bin/python3 -W ignore:setup.py install is deprecated -W ignore:easy_install command is deprecated setup.py egg_info --egg-base ../../build/stm32_bot build --build-base /home/spinetti/ros2_ws/build/stm32_bot/build install --record /home/spinetti/ros2_ws/build/stm32_bot/install.log --single-version-externally-managed install_data
[1.662s] running egg_info
[1.689s] writing ../../build/stm32_bot/stm32_bot.egg-info/PKG-INFO
[1.690s] writing dependency_links to ../../build/stm32_bot/stm32_bot.egg-info/dependency_links.txt
[1.690s] writing entry points to ../../build/stm32_bot/stm32_bot.egg-info/entry_points.txt
[1.690s] writing requirements to ../../build/stm32_bot/stm32_bot.egg-info/requires.txt
[1.690s] writing top-level names to ../../build/stm32_bot/stm32_bot.egg-info/top_level.txt
[1.747s] reading manifest file '../../build/stm32_bot/stm32_bot.egg-info/SOURCES.txt'
[1.748s] writing manifest file '../../build/stm32_bot/stm32_bot.egg-info/SOURCES.txt'
[1.748s] running build
[1.748s] running build_py
[1.749s] running install
[1.758s] running install_lib
[1.786s] running install_data
[1.786s] copying launch/navigation.launch.py -> /home/spinetti/ros2_ws/install/stm32_bot/share/stm32_bot/launch
[1.787s] copying config/my_nav2_params.yaml -> /home/spinetti/ros2_ws/install/stm32_bot/share/stm32_bot/config
[1.787s] running install_egg_info
[1.819s] removing '/home/spinetti/ros2_ws/install/stm32_bot/lib/python3.12/site-packages/stm32_bot-0.0.0-py3.12.egg-info' (and everything under it)
[1.819s] Copying ../../build/stm32_bot/stm32_bot.egg-info to /home/spinetti/ros2_ws/install/stm32_bot/lib/python3.12/site-packages/stm32_bot-0.0.0-py3.12.egg-info
[1.820s] running install_scripts
[2.013s] Installing stm32_bridge script to /home/spinetti/ros2_ws/install/stm32_bot/lib/stm32_bot
[2.013s] Installing stm32_teleop script to /home/spinetti/ros2_ws/install/stm32_bot/lib/stm32_bot
[2.013s] writing list of installed files to '/home/spinetti/ros2_ws/build/stm32_bot/install.log'
[2.089s] Invoked command in '/home/spinetti/ros2_ws/src/stm32_bot' returned '0': DEBUGINFOD_URLS=https://debuginfod.ubuntu.com PYTHONPATH=/home/spinetti/ros2_ws/build/stm32_bot/prefix_override:/usr/lib/python3/dist-packages/colcon_core/task/python/colcon_distutils_commands:/home/spinetti/ros2_ws/install/stm32_bot/lib/python3.12/site-packages:${PYTHONPATH} /usr/bin/python3 -W ignore:setup.py install is deprecated -W ignore:easy_install command is deprecated setup.py egg_info --egg-base ../../build/stm32_bot build --build-base /home/spinetti/ros2_ws/build/stm32_bot/build install --record /home/spinetti/ros2_ws/build/stm32_bot/install.log --single-version-externally-managed install_data
