[0.167s] DEBUG:colcon:Command line arguments: ['/usr/bin/colcon', 'build']
[0.167s] DEBUG:colcon:Parsed command line arguments: Namespace(log_base=None, log_level=None, verb_name='build', build_base='build', install_base='install', merge_install=False, symlink_install=False, test_result_base=None, continue_on_error=False, executor='parallel', parallel_workers=4, event_handlers=None, ignore_user_meta=False, metas=['./colcon.meta'], base_paths=['.'], packages_ignore=None, packages_ignore_regex=None, paths=None, packages_up_to=None, packages_up_to_regex=None, packages_above=None, packages_above_and_dependencies=None, packages_above_depth=None, packages_select_by_dep=None, packages_skip_by_dep=None, packages_skip_up_to=None, packages_select_build_failed=False, packages_skip_build_finished=False, packages_select_test_failures=False, packages_skip_test_passed=False, packages_select=None, packages_skip=None, packages_select_regex=None, packages_skip_regex=None, packages_start=None, packages_end=None, allow_overriding=[], cmake_args=None, cmake_target=None, cmake_target_skip_unavailable=False, cmake_clean_cache=False, cmake_clean_first=False, cmake_force_configure=False, ament_cmake_args=None, catkin_cmake_args=None, catkin_skip_building_tests=False, mixin_files=None, mixin=None, verb_parser=<colcon_mixin.mixin.mixin_argument.MixinArgumentDecorator object at 0xffffb5365c10>, verb_extension=<colcon_core.verb.build.BuildVerb object at 0xffffb52ef050>, main=<bound method BuildVerb.main of <colcon_core.verb.build.BuildVerb object at 0xffffb52ef050>>, mixin_verb=('build',))
[0.228s] Level 1:colcon.colcon_core.package_discovery:discover_packages(colcon_meta) check parameters
[0.229s] Level 1:colcon.colcon_core.package_discovery:discover_packages(recursive) check parameters
[0.229s] Level 1:colcon.colcon_core.package_discovery:discover_packages(ignore) check parameters
[0.229s] Level 1:colcon.colcon_core.package_discovery:discover_packages(path) check parameters
[0.229s] Level 1:colcon.colcon_core.package_discovery:discover_packages(colcon_meta) discover
[0.229s] Level 1:colcon.colcon_core.package_discovery:discover_packages(recursive) discover
[0.229s] INFO:colcon.colcon_core.package_discovery:Crawling recursively for packages in '/home/spinetti/ros2_ws'
[0.229s] Level 1:colcon.colcon_core.package_identification:_identify(.) by extensions ['ignore', 'ignore_ament_install']
[0.229s] Level 1:colcon.colcon_core.package_identification:_identify(.) by extension 'ignore'
[0.229s] Level 1:colcon.colcon_core.package_identification:_identify(.) by extension 'ignore_ament_install'
[0.229s] Level 1:colcon.colcon_core.package_identification:_identify(.) by extensions ['colcon_pkg']
[0.229s] Level 1:colcon.colcon_core.package_identification:_identify(.) by extension 'colcon_pkg'
[0.229s] Level 1:colcon.colcon_core.package_identification:_identify(.) by extensions ['colcon_meta']
[0.230s] Level 1:colcon.colcon_core.package_identification:_identify(.) by extension 'colcon_meta'
[0.230s] Level 1:colcon.colcon_core.package_identification:_identify(.) by extensions ['ros']
[0.230s] Level 1:colcon.colcon_core.package_identification:_identify(.) by extension 'ros'
[0.271s] Level 1:colcon.colcon_core.package_identification:_identify(.) by extensions ['cmake', 'python']
[0.271s] Level 1:colcon.colcon_core.package_identification:_identify(.) by extension 'cmake'
[0.271s] Level 1:colcon.colcon_core.package_identification:_identify(.) by extension 'python'
[0.271s] Level 1:colcon.colcon_core.package_identification:_identify(.) by extensions ['python_setup_py']
[0.271s] Level 1:colcon.colcon_core.package_identification:_identify(.) by extension 'python_setup_py'
[0.272s] Level 1:colcon.colcon_core.package_identification:_identify(build) by extensions ['ignore', 'ignore_ament_install']
[0.272s] Level 1:colcon.colcon_core.package_identification:_identify(build) by extension 'ignore'
[0.272s] Level 1:colcon.colcon_core.package_identification:_identify(build) ignored
[0.272s] Level 1:colcon.colcon_core.package_identification:_identify(install) by extensions ['ignore', 'ignore_ament_install']
[0.272s] Level 1:colcon.colcon_core.package_identification:_identify(install) by extension 'ignore'
[0.272s] Level 1:colcon.colcon_core.package_identification:_identify(install) ignored
[0.272s] Level 1:colcon.colcon_core.package_identification:_identify(log) by extensions ['ignore', 'ignore_ament_install']
[0.272s] Level 1:colcon.colcon_core.package_identification:_identify(log) by extension 'ignore'
[0.272s] Level 1:colcon.colcon_core.package_identification:_identify(log) ignored
[0.273s] Level 1:colcon.colcon_core.package_identification:_identify(src) by extensions ['ignore', 'ignore_ament_install']
[0.273s] Level 1:colcon.colcon_core.package_identification:_identify(src) by extension 'ignore'
[0.273s] Level 1:colcon.colcon_core.package_identification:_identify(src) by extension 'ignore_ament_install'
[0.273s] Level 1:colcon.colcon_core.package_identification:_identify(src) by extensions ['colcon_pkg']
[0.273s] Level 1:colcon.colcon_core.package_identification:_identify(src) by extension 'colcon_pkg'
[0.273s] Level 1:colcon.colcon_core.package_identification:_identify(src) by extensions ['colcon_meta']
[0.273s] Level 1:colcon.colcon_core.package_identification:_identify(src) by extension 'colcon_meta'
[0.273s] Level 1:colcon.colcon_core.package_identification:_identify(src) by extensions ['ros']
[0.273s] Level 1:colcon.colcon_core.package_identification:_identify(src) by extension 'ros'
[0.273s] Level 1:colcon.colcon_core.package_identification:_identify(src) by extensions ['cmake', 'python']
[0.273s] Level 1:colcon.colcon_core.package_identification:_identify(src) by extension 'cmake'
[0.273s] Level 1:colcon.colcon_core.package_identification:_identify(src) by extension 'python'
[0.273s] Level 1:colcon.colcon_core.package_identification:_identify(src) by extensions ['python_setup_py']
[0.273s] Level 1:colcon.colcon_core.package_identification:_identify(src) by extension 'python_setup_py'
[0.273s] Level 1:colcon.colcon_core.package_identification:_identify(src/build) by extensions ['ignore', 'ignore_ament_install']
[0.273s] Level 1:colcon.colcon_core.package_identification:_identify(src/build) by extension 'ignore'
[0.273s] Level 1:colcon.colcon_core.package_identification:_identify(src/build) ignored
[0.273s] Level 1:colcon.colcon_core.package_identification:_identify(src/install) by extensions ['ignore', 'ignore_ament_install']
[0.274s] Level 1:colcon.colcon_core.package_identification:_identify(src/install) by extension 'ignore'
[0.274s] Level 1:colcon.colcon_core.package_identification:_identify(src/install) ignored
[0.274s] Level 1:colcon.colcon_core.package_identification:_identify(src/ldlidar_stl_ros2) by extensions ['ignore', 'ignore_ament_install']
[0.274s] Level 1:colcon.colcon_core.package_identification:_identify(src/ldlidar_stl_ros2) by extension 'ignore'
[0.274s] Level 1:colcon.colcon_core.package_identification:_identify(src/ldlidar_stl_ros2) by extension 'ignore_ament_install'
[0.274s] Level 1:colcon.colcon_core.package_identification:_identify(src/ldlidar_stl_ros2) by extensions ['colcon_pkg']
[0.274s] Level 1:colcon.colcon_core.package_identification:_identify(src/ldlidar_stl_ros2) by extension 'colcon_pkg'
[0.274s] Level 1:colcon.colcon_core.package_identification:_identify(src/ldlidar_stl_ros2) by extensions ['colcon_meta']
[0.274s] Level 1:colcon.colcon_core.package_identification:_identify(src/ldlidar_stl_ros2) by extension 'colcon_meta'
[0.274s] Level 1:colcon.colcon_core.package_identification:_identify(src/ldlidar_stl_ros2) by extensions ['ros']
[0.274s] Level 1:colcon.colcon_core.package_identification:_identify(src/ldlidar_stl_ros2) by extension 'ros'
[0.277s] DEBUG:colcon.colcon_core.package_identification:Package 'src/ldlidar_stl_ros2' with type 'ros.ament_cmake' and name 'ldlidar_stl_ros2'
[0.278s] Level 1:colcon.colcon_core.package_identification:_identify(src/log) by extensions ['ignore', 'ignore_ament_install']
[0.278s] Level 1:colcon.colcon_core.package_identification:_identify(src/log) by extension 'ignore'
[0.278s] Level 1:colcon.colcon_core.package_identification:_identify(src/log) ignored
[0.278s] Level 1:colcon.colcon_core.package_identification:_identify(src/rf2o_laser_odometry) by extensions ['ignore', 'ignore_ament_install']
[0.278s] Level 1:colcon.colcon_core.package_identification:_identify(src/rf2o_laser_odometry) by extension 'ignore'
[0.278s] Level 1:colcon.colcon_core.package_identification:_identify(src/rf2o_laser_odometry) by extension 'ignore_ament_install'
[0.278s] Level 1:colcon.colcon_core.package_identification:_identify(src/rf2o_laser_odometry) by extensions ['colcon_pkg']
[0.278s] Level 1:colcon.colcon_core.package_identification:_identify(src/rf2o_laser_odometry) by extension 'colcon_pkg'
[0.278s] Level 1:colcon.colcon_core.package_identification:_identify(src/rf2o_laser_odometry) by extensions ['colcon_meta']
[0.278s] Level 1:colcon.colcon_core.package_identification:_identify(src/rf2o_laser_odometry) by extension 'colcon_meta'
[0.278s] Level 1:colcon.colcon_core.package_identification:_identify(src/rf2o_laser_odometry) by extensions ['ros']
[0.278s] Level 1:colcon.colcon_core.package_identification:_identify(src/rf2o_laser_odometry) by extension 'ros'
[0.279s] DEBUG:colcon.colcon_core.package_identification:Package 'src/rf2o_laser_odometry' with type 'ros.ament_cmake' and name 'rf2o_laser_odometry'
[0.280s] Level 1:colcon.colcon_core.package_identification:_identify(src/spinetti_bringup) by extensions ['ignore', 'ignore_ament_install']
[0.280s] Level 1:colcon.colcon_core.package_identification:_identify(src/spinetti_bringup) by extension 'ignore'
[0.280s] Level 1:colcon.colcon_core.package_identification:_identify(src/spinetti_bringup) by extension 'ignore_ament_install'
[0.280s] Level 1:colcon.colcon_core.package_identification:_identify(src/spinetti_bringup) by extensions ['colcon_pkg']
[0.280s] Level 1:colcon.colcon_core.package_identification:_identify(src/spinetti_bringup) by extension 'colcon_pkg'
[0.280s] Level 1:colcon.colcon_core.package_identification:_identify(src/spinetti_bringup) by extensions ['colcon_meta']
[0.280s] Level 1:colcon.colcon_core.package_identification:_identify(src/spinetti_bringup) by extension 'colcon_meta'
[0.280s] Level 1:colcon.colcon_core.package_identification:_identify(src/spinetti_bringup) by extensions ['ros']
[0.280s] Level 1:colcon.colcon_core.package_identification:_identify(src/spinetti_bringup) by extension 'ros'
[0.281s] DEBUG:colcon.colcon_core.package_identification:Package 'src/spinetti_bringup' with type 'ros.ament_python' and name 'spinetti_bringup'
[0.281s] Level 1:colcon.colcon_core.package_identification:_identify(src/stm32_bot) by extensions ['ignore', 'ignore_ament_install']
[0.281s] Level 1:colcon.colcon_core.package_identification:_identify(src/stm32_bot) by extension 'ignore'
[0.281s] Level 1:colcon.colcon_core.package_identification:_identify(src/stm32_bot) by extension 'ignore_ament_install'
[0.281s] Level 1:colcon.colcon_core.package_identification:_identify(src/stm32_bot) by extensions ['colcon_pkg']
[0.281s] Level 1:colcon.colcon_core.package_identification:_identify(src/stm32_bot) by extension 'colcon_pkg'
[0.281s] Level 1:colcon.colcon_core.package_identification:_identify(src/stm32_bot) by extensions ['colcon_meta']
[0.281s] Level 1:colcon.colcon_core.package_identification:_identify(src/stm32_bot) by extension 'colcon_meta'
[0.282s] Level 1:colcon.colcon_core.package_identification:_identify(src/stm32_bot) by extensions ['ros']
[0.282s] Level 1:colcon.colcon_core.package_identification:_identify(src/stm32_bot) by extension 'ros'
[0.282s] DEBUG:colcon.colcon_core.package_identification:Package 'src/stm32_bot' with type 'ros.ament_python' and name 'stm32_bot'
[0.282s] Level 1:colcon.colcon_core.package_identification:_identify(src/tm210_driver) by extensions ['ignore', 'ignore_ament_install']
[0.283s] Level 1:colcon.colcon_core.package_identification:_identify(src/tm210_driver) by extension 'ignore'
[0.283s] Level 1:colcon.colcon_core.package_identification:_identify(src/tm210_driver) by extension 'ignore_ament_install'
[0.283s] Level 1:colcon.colcon_core.package_identification:_identify(src/tm210_driver) by extensions ['colcon_pkg']
[0.283s] Level 1:colcon.colcon_core.package_identification:_identify(src/tm210_driver) by extension 'colcon_pkg'
[0.283s] Level 1:colcon.colcon_core.package_identification:_identify(src/tm210_driver) by extensions ['colcon_meta']
[0.283s] Level 1:colcon.colcon_core.package_identification:_identify(src/tm210_driver) by extension 'colcon_meta'
[0.283s] Level 1:colcon.colcon_core.package_identification:_identify(src/tm210_driver) by extensions ['ros']
[0.283s] Level 1:colcon.colcon_core.package_identification:_identify(src/tm210_driver) by extension 'ros'
[0.284s] DEBUG:colcon.colcon_core.package_identification:Package 'src/tm210_driver' with type 'ros.ament_cmake' and name 'tm_imu'
[0.284s] Level 1:colcon.colcon_core.package_discovery:discover_packages(recursive) using defaults
[0.284s] Level 1:colcon.colcon_core.package_discovery:discover_packages(ignore) discover
[0.284s] Level 1:colcon.colcon_core.package_discovery:discover_packages(ignore) using defaults
[0.284s] Level 1:colcon.colcon_core.package_discovery:discover_packages(path) discover
[0.284s] Level 1:colcon.colcon_core.package_discovery:discover_packages(path) using defaults
[0.312s] Level 1:colcon.colcon_core.package_discovery:discover_packages(prefix_path) check parameters
[0.312s] Level 1:colcon.colcon_core.package_discovery:discover_packages(prefix_path) discover
[0.315s] DEBUG:colcon.colcon_installed_package_information.package_discovery:Found 5 installed packages in /home/spinetti/ros2_ws/install
[0.316s] DEBUG:colcon.colcon_installed_package_information.package_discovery:Found 1 installed packages in /home/spinetti/install
[0.319s] DEBUG:colcon.colcon_installed_package_information.package_discovery:Found 388 installed packages in /opt/ros/jazzy
[0.322s] Level 1:colcon.colcon_core.package_discovery:discover_packages(prefix_path) using defaults
[0.402s] Level 5:colcon.colcon_core.verb:set package 'ldlidar_stl_ros2' build argument 'cmake_args' from command line to 'None'
[0.402s] Level 5:colcon.colcon_core.verb:set package 'ldlidar_stl_ros2' build argument 'cmake_target' from command line to 'None'
[0.402s] Level 5:colcon.colcon_core.verb:set package 'ldlidar_stl_ros2' build argument 'cmake_target_skip_unavailable' from command line to 'False'
[0.402s] Level 5:colcon.colcon_core.verb:set package 'ldlidar_stl_ros2' build argument 'cmake_clean_cache' from command line to 'False'
[0.402s] Level 5:colcon.colcon_core.verb:set package 'ldlidar_stl_ros2' build argument 'cmake_clean_first' from command line to 'False'
[0.402s] Level 5:colcon.colcon_core.verb:set package 'ldlidar_stl_ros2' build argument 'cmake_force_configure' from command line to 'False'
[0.402s] Level 5:colcon.colcon_core.verb:set package 'ldlidar_stl_ros2' build argument 'ament_cmake_args' from command line to 'None'
[0.402s] Level 5:colcon.colcon_core.verb:set package 'ldlidar_stl_ros2' build argument 'catkin_cmake_args' from command line to 'None'
[0.402s] Level 5:colcon.colcon_core.verb:set package 'ldlidar_stl_ros2' build argument 'catkin_skip_building_tests' from command line to 'False'
[0.402s] DEBUG:colcon.colcon_core.verb:Building package 'ldlidar_stl_ros2' with the following arguments: {'ament_cmake_args': None, 'build_base': '/home/spinetti/ros2_ws/build/ldlidar_stl_ros2', 'catkin_cmake_args': None, 'catkin_skip_building_tests': False, 'cmake_args': None, 'cmake_clean_cache': False, 'cmake_clean_first': False, 'cmake_force_configure': False, 'cmake_target': None, 'cmake_target_skip_unavailable': False, 'install_base': '/home/spinetti/ros2_ws/install/ldlidar_stl_ros2', 'merge_install': False, 'path': '/home/spinetti/ros2_ws/src/ldlidar_stl_ros2', 'symlink_install': False, 'test_result_base': None}
[0.403s] Level 5:colcon.colcon_core.verb:set package 'rf2o_laser_odometry' build argument 'cmake_args' from command line to 'None'
[0.403s] Level 5:colcon.colcon_core.verb:set package 'rf2o_laser_odometry' build argument 'cmake_target' from command line to 'None'
[0.403s] Level 5:colcon.colcon_core.verb:set package 'rf2o_laser_odometry' build argument 'cmake_target_skip_unavailable' from command line to 'False'
[0.403s] Level 5:colcon.colcon_core.verb:set package 'rf2o_laser_odometry' build argument 'cmake_clean_cache' from command line to 'False'
[0.403s] Level 5:colcon.colcon_core.verb:set package 'rf2o_laser_odometry' build argument 'cmake_clean_first' from command line to 'False'
[0.403s] Level 5:colcon.colcon_core.verb:set package 'rf2o_laser_odometry' build argument 'cmake_force_configure' from command line to 'False'
[0.403s] Level 5:colcon.colcon_core.verb:set package 'rf2o_laser_odometry' build argument 'ament_cmake_args' from command line to 'None'
[0.403s] Level 5:colcon.colcon_core.verb:set package 'rf2o_laser_odometry' build argument 'catkin_cmake_args' from command line to 'None'
[0.403s] Level 5:colcon.colcon_core.verb:set package 'rf2o_laser_odometry' build argument 'catkin_skip_building_tests' from command line to 'False'
[0.403s] DEBUG:colcon.colcon_core.verb:Building package 'rf2o_laser_odometry' with the following arguments: {'ament_cmake_args': None, 'build_base': '/home/spinetti/ros2_ws/build/rf2o_laser_odometry', 'catkin_cmake_args': None, 'catkin_skip_building_tests': False, 'cmake_args': None, 'cmake_clean_cache': False, 'cmake_clean_first': False, 'cmake_force_configure': False, 'cmake_target': None, 'cmake_target_skip_unavailable': False, 'install_base': '/home/spinetti/ros2_ws/install/rf2o_laser_odometry', 'merge_install': False, 'path': '/home/spinetti/ros2_ws/src/rf2o_laser_odometry', 'symlink_install': False, 'test_result_base': None}
[0.403s] Level 5:colcon.colcon_core.verb:set package 'spinetti_bringup' build argument 'cmake_args' from command line to 'None'
[0.404s] Level 5:colcon.colcon_core.verb:set package 'spinetti_bringup' build argument 'cmake_target' from command line to 'None'
[0.404s] Level 5:colcon.colcon_core.verb:set package 'spinetti_bringup' build argument 'cmake_target_skip_unavailable' from command line to 'False'
[0.404s] Level 5:colcon.colcon_core.verb:set package 'spinetti_bringup' build argument 'cmake_clean_cache' from command line to 'False'
[0.404s] Level 5:colcon.colcon_core.verb:set package 'spinetti_bringup' build argument 'cmake_clean_first' from command line to 'False'
[0.404s] Level 5:colcon.colcon_core.verb:set package 'spinetti_bringup' build argument 'cmake_force_configure' from command line to 'False'
[0.404s] Level 5:colcon.colcon_core.verb:set package 'spinetti_bringup' build argument 'ament_cmake_args' from command line to 'None'
[0.404s] Level 5:colcon.colcon_core.verb:set package 'spinetti_bringup' build argument 'catkin_cmake_args' from command line to 'None'
[0.404s] Level 5:colcon.colcon_core.verb:set package 'spinetti_bringup' build argument 'catkin_skip_building_tests' from command line to 'False'
[0.404s] DEBUG:colcon.colcon_core.verb:Building package 'spinetti_bringup' with the following arguments: {'ament_cmake_args': None, 'build_base': '/home/spinetti/ros2_ws/build/spinetti_bringup', 'catkin_cmake_args': None, 'catkin_skip_building_tests': False, 'cmake_args': None, 'cmake_clean_cache': False, 'cmake_clean_first': False, 'cmake_force_configure': False, 'cmake_target': None, 'cmake_target_skip_unavailable': False, 'install_base': '/home/spinetti/ros2_ws/install/spinetti_bringup', 'merge_install': False, 'path': '/home/spinetti/ros2_ws/src/spinetti_bringup', 'symlink_install': False, 'test_result_base': None}
[0.404s] Level 5:colcon.colcon_core.verb:set package 'stm32_bot' build argument 'cmake_args' from command line to 'None'
[0.404s] Level 5:colcon.colcon_core.verb:set package 'stm32_bot' build argument 'cmake_target' from command line to 'None'
[0.404s] Level 5:colcon.colcon_core.verb:set package 'stm32_bot' build argument 'cmake_target_skip_unavailable' from command line to 'False'
[0.404s] Level 5:colcon.colcon_core.verb:set package 'stm32_bot' build argument 'cmake_clean_cache' from command line to 'False'
[0.404s] Level 5:colcon.colcon_core.verb:set package 'stm32_bot' build argument 'cmake_clean_first' from command line to 'False'
[0.404s] Level 5:colcon.colcon_core.verb:set package 'stm32_bot' build argument 'cmake_force_configure' from command line to 'False'
[0.404s] Level 5:colcon.colcon_core.verb:set package 'stm32_bot' build argument 'ament_cmake_args' from command line to 'None'
[0.404s] Level 5:colcon.colcon_core.verb:set package 'stm32_bot' build argument 'catkin_cmake_args' from command line to 'None'
[0.404s] Level 5:colcon.colcon_core.verb:set package 'stm32_bot' build argument 'catkin_skip_building_tests' from command line to 'False'
[0.404s] DEBUG:colcon.colcon_core.verb:Building package 'stm32_bot' with the following arguments: {'ament_cmake_args': None, 'build_base': '/home/spinetti/ros2_ws/build/stm32_bot', 'catkin_cmake_args': None, 'catkin_skip_building_tests': False, 'cmake_args': None, 'cmake_clean_cache': False, 'cmake_clean_first': False, 'cmake_force_configure': False, 'cmake_target': None, 'cmake_target_skip_unavailable': False, 'install_base': '/home/spinetti/ros2_ws/install/stm32_bot', 'merge_install': False, 'path': '/home/spinetti/ros2_ws/src/stm32_bot', 'symlink_install': False, 'test_result_base': None}
[0.405s] Level 5:colcon.colcon_core.verb:set package 'tm_imu' build argument 'cmake_args' from command line to 'None'
[0.405s] Level 5:colcon.colcon_core.verb:set package 'tm_imu' build argument 'cmake_target' from command line to 'None'
[0.405s] Level 5:colcon.colcon_core.verb:set package 'tm_imu' build argument 'cmake_target_skip_unavailable' from command line to 'False'
[0.405s] Level 5:colcon.colcon_core.verb:set package 'tm_imu' build argument 'cmake_clean_cache' from command line to 'False'
[0.405s] Level 5:colcon.colcon_core.verb:set package 'tm_imu' build argument 'cmake_clean_first' from command line to 'False'
[0.405s] Level 5:colcon.colcon_core.verb:set package 'tm_imu' build argument 'cmake_force_configure' from command line to 'False'
[0.405s] Level 5:colcon.colcon_core.verb:set package 'tm_imu' build argument 'ament_cmake_args' from command line to 'None'
[0.405s] Level 5:colcon.colcon_core.verb:set package 'tm_imu' build argument 'catkin_cmake_args' from command line to 'None'
[0.405s] Level 5:colcon.colcon_core.verb:set package 'tm_imu' build argument 'catkin_skip_building_tests' from command line to 'False'
[0.405s] DEBUG:colcon.colcon_core.verb:Building package 'tm_imu' with the following arguments: {'ament_cmake_args': None, 'build_base': '/home/spinetti/ros2_ws/build/tm_imu', 'catkin_cmake_args': None, 'catkin_skip_building_tests': False, 'cmake_args': None, 'cmake_clean_cache': False, 'cmake_clean_first': False, 'cmake_force_configure': False, 'cmake_target': None, 'cmake_target_skip_unavailable': False, 'install_base': '/home/spinetti/ros2_ws/install/tm_imu', 'merge_install': False, 'path': '/home/spinetti/ros2_ws/src/tm210_driver', 'symlink_install': False, 'test_result_base': None}
[0.405s] INFO:colcon.colcon_core.executor:Executing jobs using 'parallel' executor
[0.407s] DEBUG:colcon.colcon_parallel_executor.executor.parallel:run_until_complete
[0.408s] INFO:colcon.colcon_ros.task.ament_cmake.build:Building ROS package in '/home/spinetti/ros2_ws/src/ldlidar_stl_ros2' with build type 'ament_cmake'
[0.409s] INFO:colcon.colcon_cmake.task.cmake.build:Building CMake package in '/home/spinetti/ros2_ws/src/ldlidar_stl_ros2'
[0.415s] INFO:colcon.colcon_core.plugin_system:Skipping extension 'colcon_core.shell.bat': Not used on non-Windows systems
[0.416s] INFO:colcon.colcon_core.shell:Skip shell extension 'powershell' for command environment: Not usable outside of PowerShell
[0.416s] DEBUG:colcon.colcon_core.shell:Skip shell extension 'dsv' for command environment
[0.429s] INFO:colcon.colcon_ros.task.ament_cmake.build:Building ROS package in '/home/spinetti/ros2_ws/src/rf2o_laser_odometry' with build type 'ament_cmake'
[0.429s] INFO:colcon.colcon_cmake.task.cmake.build:Building CMake package in '/home/spinetti/ros2_ws/src/rf2o_laser_odometry'
[0.429s] INFO:colcon.colcon_core.shell:Skip shell extension 'powershell' for command environment: Not usable outside of PowerShell
[0.430s] DEBUG:colcon.colcon_core.shell:Skip shell extension 'dsv' for command environment
[0.436s] INFO:colcon.colcon_ros.task.ament_python.build:Building ROS package in '/home/spinetti/ros2_ws/src/spinetti_bringup' with build type 'ament_python'
[0.436s] Level 1:colcon.colcon_core.shell:create_environment_hook('spinetti_bringup', 'ament_prefix_path')
[0.436s] INFO:colcon.colcon_core.shell:Creating environment hook '/home/spinetti/ros2_ws/install/spinetti_bringup/share/spinetti_bringup/hook/ament_prefix_path.ps1'
[0.437s] INFO:colcon.colcon_core.shell:Creating environment descriptor '/home/spinetti/ros2_ws/install/spinetti_bringup/share/spinetti_bringup/hook/ament_prefix_path.dsv'
[0.438s] INFO:colcon.colcon_core.shell:Creating environment hook '/home/spinetti/ros2_ws/install/spinetti_bringup/share/spinetti_bringup/hook/ament_prefix_path.sh'
[0.439s] INFO:colcon.colcon_core.shell:Skip shell extension 'powershell' for command environment: Not usable outside of PowerShell
[0.439s] DEBUG:colcon.colcon_core.shell:Skip shell extension 'dsv' for command environment
[0.445s] INFO:colcon.colcon_ros.task.ament_python.build:Building ROS package in '/home/spinetti/ros2_ws/src/stm32_bot' with build type 'ament_python'
[0.445s] Level 1:colcon.colcon_core.shell:create_environment_hook('stm32_bot', 'ament_prefix_path')
[0.446s] INFO:colcon.colcon_core.shell:Creating environment hook '/home/spinetti/ros2_ws/install/stm32_bot/share/stm32_bot/hook/ament_prefix_path.ps1'
[0.447s] INFO:colcon.colcon_core.shell:Creating environment descriptor '/home/spinetti/ros2_ws/install/stm32_bot/share/stm32_bot/hook/ament_prefix_path.dsv'
[0.451s] INFO:colcon.colcon_core.shell:Creating environment hook '/home/spinetti/ros2_ws/install/stm32_bot/share/stm32_bot/hook/ament_prefix_path.sh'
[0.452s] INFO:colcon.colcon_core.shell:Skip shell extension 'powershell' for command environment: Not usable outside of PowerShell
[0.452s] DEBUG:colcon.colcon_core.shell:Skip shell extension 'dsv' for command environment
[0.470s] DEBUG:colcon.colcon_core.event_handler.log_command:Invoking command in '/home/spinetti/ros2_ws/build/ldlidar_stl_ros2': CMAKE_PREFIX_PATH=${CMAKE_PREFIX_PATH}:/home/spinetti/ros2_ws/install/stm32_bot:/home/spinetti/ros2_ws/install/spinetti_bringup:/home/spinetti/install/stm32_bot:/opt/ros/jazzy DEBUGINFOD_URLS=https://debuginfod.ubuntu.com /usr/bin/cmake --build /home/spinetti/ros2_ws/build/ldlidar_stl_ros2 -- -j4 -l4
[0.486s] DEBUG:colcon.colcon_core.event_handler.log_command:Invoking command in '/home/spinetti/ros2_ws/build/rf2o_laser_odometry': CMAKE_PREFIX_PATH=${CMAKE_PREFIX_PATH}:/home/spinetti/ros2_ws/install/stm32_bot:/home/spinetti/ros2_ws/install/spinetti_bringup:/home/spinetti/install/stm32_bot:/opt/ros/jazzy DEBUGINFOD_URLS=https://debuginfod.ubuntu.com /usr/bin/cmake --build /home/spinetti/ros2_ws/build/rf2o_laser_odometry -- -j4 -l4
[0.913s] INFO:colcon.colcon_core.task.python.build:Building Python package in '/home/spinetti/ros2_ws/src/spinetti_bringup'
[0.914s] INFO:colcon.colcon_core.shell:Skip shell extension 'powershell' for command environment: Not usable outside of PowerShell
[0.914s] DEBUG:colcon.colcon_core.shell:Skip shell extension 'dsv' for command environment
[0.928s] DEBUG:colcon.colcon_core.event_handler.log_command:Invoked command in '/home/spinetti/ros2_ws/build/ldlidar_stl_ros2' returned '0': CMAKE_PREFIX_PATH=${CMAKE_PREFIX_PATH}:/home/spinetti/ros2_ws/install/stm32_bot:/home/spinetti/ros2_ws/install/spinetti_bringup:/home/spinetti/install/stm32_bot:/opt/ros/jazzy DEBUGINFOD_URLS=https://debuginfod.ubuntu.com /usr/bin/cmake --build /home/spinetti/ros2_ws/build/ldlidar_stl_ros2 -- -j4 -l4
[0.949s] DEBUG:colcon.colcon_core.event_handler.log_command:Invoking command in '/home/spinetti/ros2_ws/build/ldlidar_stl_ros2': CMAKE_PREFIX_PATH=${CMAKE_PREFIX_PATH}:/home/spinetti/ros2_ws/install/stm32_bot:/home/spinetti/ros2_ws/install/spinetti_bringup:/home/spinetti/install/stm32_bot:/opt/ros/jazzy DEBUGINFOD_URLS=https://debuginfod.ubuntu.com /usr/bin/cmake --install /home/spinetti/ros2_ws/build/ldlidar_stl_ros2
[0.952s] DEBUG:colcon.colcon_core.event_handler.log_command:Invoked command in '/home/spinetti/ros2_ws/build/rf2o_laser_odometry' returned '0': CMAKE_PREFIX_PATH=${CMAKE_PREFIX_PATH}:/home/spinetti/ros2_ws/install/stm32_bot:/home/spinetti/ros2_ws/install/spinetti_bringup:/home/spinetti/install/stm32_bot:/opt/ros/jazzy DEBUGINFOD_URLS=https://debuginfod.ubuntu.com /usr/bin/cmake --build /home/spinetti/ros2_ws/build/rf2o_laser_odometry -- -j4 -l4
[0.953s] DEBUG:colcon.colcon_core.event_handler.log_command:Invoking command in '/home/spinetti/ros2_ws/build/rf2o_laser_odometry': CMAKE_PREFIX_PATH=${CMAKE_PREFIX_PATH}:/home/spinetti/ros2_ws/install/stm32_bot:/home/spinetti/ros2_ws/install/spinetti_bringup:/home/spinetti/install/stm32_bot:/opt/ros/jazzy DEBUGINFOD_URLS=https://debuginfod.ubuntu.com /usr/bin/cmake --install /home/spinetti/ros2_ws/build/rf2o_laser_odometry
[1.322s] INFO:colcon.colcon_core.task.python.build:Building Python package in '/home/spinetti/ros2_ws/src/stm32_bot'
[1.323s] INFO:colcon.colcon_core.shell:Skip shell extension 'powershell' for command environment: Not usable outside of PowerShell
[1.323s] DEBUG:colcon.colcon_core.shell:Skip shell extension 'dsv' for command environment
[1.341s] Level 1:colcon.colcon_core.environment:create_environment_scripts_only(ldlidar_stl_ros2)
[1.343s] DEBUG:colcon.colcon_core.event_handler.log_command:Invoked command in '/home/spinetti/ros2_ws/build/ldlidar_stl_ros2' returned '0': CMAKE_PREFIX_PATH=${CMAKE_PREFIX_PATH}:/home/spinetti/ros2_ws/install/stm32_bot:/home/spinetti/ros2_ws/install/spinetti_bringup:/home/spinetti/install/stm32_bot:/opt/ros/jazzy DEBUGINFOD_URLS=https://debuginfod.ubuntu.com /usr/bin/cmake --install /home/spinetti/ros2_ws/build/ldlidar_stl_ros2
[1.345s] Level 1:colcon.colcon_core.environment:checking '/home/spinetti/ros2_ws/install/ldlidar_stl_ros2' for CMake module files
[1.346s] Level 1:colcon.colcon_core.environment:checking '/home/spinetti/ros2_ws/install/ldlidar_stl_ros2' for CMake config files
[1.346s] Level 1:colcon.colcon_core.shell:create_environment_hook('ldlidar_stl_ros2', 'cmake_prefix_path')
[1.346s] INFO:colcon.colcon_core.shell:Creating environment hook '/home/spinetti/ros2_ws/install/ldlidar_stl_ros2/share/ldlidar_stl_ros2/hook/cmake_prefix_path.ps1'
[1.347s] INFO:colcon.colcon_core.shell:Creating environment descriptor '/home/spinetti/ros2_ws/install/ldlidar_stl_ros2/share/ldlidar_stl_ros2/hook/cmake_prefix_path.dsv'
[1.348s] INFO:colcon.colcon_core.shell:Creating environment hook '/home/spinetti/ros2_ws/install/ldlidar_stl_ros2/share/ldlidar_stl_ros2/hook/cmake_prefix_path.sh'
[1.349s] Level 1:colcon.colcon_core.environment:checking '/home/spinetti/ros2_ws/install/ldlidar_stl_ros2/lib'
[1.349s] Level 1:colcon.colcon_core.environment:checking '/home/spinetti/ros2_ws/install/ldlidar_stl_ros2/bin'
[1.349s] Level 1:colcon.colcon_core.environment:checking '/home/spinetti/ros2_ws/install/ldlidar_stl_ros2/lib/pkgconfig/ldlidar_stl_ros2.pc'
[1.349s] Level 1:colcon.colcon_core.environment:checking '/home/spinetti/ros2_ws/install/ldlidar_stl_ros2/lib/python3.12/site-packages'
[1.350s] Level 1:colcon.colcon_core.environment:checking '/home/spinetti/ros2_ws/install/ldlidar_stl_ros2/bin'
[1.350s] INFO:colcon.colcon_core.shell:Creating package script '/home/spinetti/ros2_ws/install/ldlidar_stl_ros2/share/ldlidar_stl_ros2/package.ps1'
[1.351s] INFO:colcon.colcon_core.shell:Creating package descriptor '/home/spinetti/ros2_ws/install/ldlidar_stl_ros2/share/ldlidar_stl_ros2/package.dsv'
[1.352s] INFO:colcon.colcon_core.shell:Creating package script '/home/spinetti/ros2_ws/install/ldlidar_stl_ros2/share/ldlidar_stl_ros2/package.sh'
[1.353s] INFO:colcon.colcon_core.shell:Creating package script '/home/spinetti/ros2_ws/install/ldlidar_stl_ros2/share/ldlidar_stl_ros2/package.bash'
[1.354s] INFO:colcon.colcon_core.shell:Creating package script '/home/spinetti/ros2_ws/install/ldlidar_stl_ros2/share/ldlidar_stl_ros2/package.zsh'
[1.355s] Level 1:colcon.colcon_core.environment:create_file_with_runtime_dependencies(/home/spinetti/ros2_ws/install/ldlidar_stl_ros2/share/colcon-core/packages/ldlidar_stl_ros2)
[1.356s] Level 1:colcon.colcon_core.environment:create_environment_scripts_only(ldlidar_stl_ros2)
[1.356s] Level 1:colcon.colcon_core.environment:checking '/home/spinetti/ros2_ws/install/ldlidar_stl_ros2' for CMake module files
[1.358s] Level 1:colcon.colcon_core.environment:checking '/home/spinetti/ros2_ws/install/ldlidar_stl_ros2' for CMake config files
[1.358s] Level 1:colcon.colcon_core.shell:create_environment_hook('ldlidar_stl_ros2', 'cmake_prefix_path')
[1.358s] INFO:colcon.colcon_core.shell:Creating environment hook '/home/spinetti/ros2_ws/install/ldlidar_stl_ros2/share/ldlidar_stl_ros2/hook/cmake_prefix_path.ps1'
[1.359s] INFO:colcon.colcon_core.shell:Creating environment descriptor '/home/spinetti/ros2_ws/install/ldlidar_stl_ros2/share/ldlidar_stl_ros2/hook/cmake_prefix_path.dsv'
[1.360s] INFO:colcon.colcon_core.shell:Creating environment hook '/home/spinetti/ros2_ws/install/ldlidar_stl_ros2/share/ldlidar_stl_ros2/hook/cmake_prefix_path.sh'
[1.361s] Level 1:colcon.colcon_core.environment:checking '/home/spinetti/ros2_ws/install/ldlidar_stl_ros2/lib'
[1.361s] Level 1:colcon.colcon_core.environment:checking '/home/spinetti/ros2_ws/install/ldlidar_stl_ros2/bin'
[1.361s] Level 1:colcon.colcon_core.environment:checking '/home/spinetti/ros2_ws/install/ldlidar_stl_ros2/lib/pkgconfig/ldlidar_stl_ros2.pc'
[1.361s] Level 1:colcon.colcon_core.environment:checking '/home/spinetti/ros2_ws/install/ldlidar_stl_ros2/lib/python3.12/site-packages'
[1.362s] Level 1:colcon.colcon_core.environment:checking '/home/spinetti/ros2_ws/install/ldlidar_stl_ros2/bin'
[1.362s] INFO:colcon.colcon_core.shell:Creating package script '/home/spinetti/ros2_ws/install/ldlidar_stl_ros2/share/ldlidar_stl_ros2/package.ps1'
[1.363s] INFO:colcon.colcon_core.shell:Creating package descriptor '/home/spinetti/ros2_ws/install/ldlidar_stl_ros2/share/ldlidar_stl_ros2/package.dsv'
[1.364s] INFO:colcon.colcon_core.shell:Creating package script '/home/spinetti/ros2_ws/install/ldlidar_stl_ros2/share/ldlidar_stl_ros2/package.sh'
[1.364s] INFO:colcon.colcon_core.shell:Creating package script '/home/spinetti/ros2_ws/install/ldlidar_stl_ros2/share/ldlidar_stl_ros2/package.bash'
[1.365s] INFO:colcon.colcon_core.shell:Creating package script '/home/spinetti/ros2_ws/install/ldlidar_stl_ros2/share/ldlidar_stl_ros2/package.zsh'
[1.365s] Level 1:colcon.colcon_core.environment:create_file_with_runtime_dependencies(/home/spinetti/ros2_ws/install/ldlidar_stl_ros2/share/colcon-core/packages/ldlidar_stl_ros2)
[1.366s] Level 1:colcon.colcon_core.environment:create_environment_scripts_only(rf2o_laser_odometry)
[1.366s] Level 1:colcon.colcon_core.environment:checking '/home/spinetti/ros2_ws/install/rf2o_laser_odometry' for CMake module files
[1.367s] Level 1:colcon.colcon_core.environment:checking '/home/spinetti/ros2_ws/install/rf2o_laser_odometry' for CMake config files
[1.368s] Level 1:colcon.colcon_core.shell:create_environment_hook('rf2o_laser_odometry', 'cmake_prefix_path')
[1.369s] INFO:colcon.colcon_core.shell:Creating environment hook '/home/spinetti/ros2_ws/install/rf2o_laser_odometry/share/rf2o_laser_odometry/hook/cmake_prefix_path.ps1'
[1.371s] INFO:colcon.colcon_core.shell:Creating environment descriptor '/home/spinetti/ros2_ws/install/rf2o_laser_odometry/share/rf2o_laser_odometry/hook/cmake_prefix_path.dsv'
[1.372s] DEBUG:colcon.colcon_core.event_handler.log_command:Invoked command in '/home/spinetti/ros2_ws/build/rf2o_laser_odometry' returned '0': CMAKE_PREFIX_PATH=${CMAKE_PREFIX_PATH}:/home/spinetti/ros2_ws/install/stm32_bot:/home/spinetti/ros2_ws/install/spinetti_bringup:/home/spinetti/install/stm32_bot:/opt/ros/jazzy DEBUGINFOD_URLS=https://debuginfod.ubuntu.com /usr/bin/cmake --install /home/spinetti/ros2_ws/build/rf2o_laser_odometry
[1.373s] INFO:colcon.colcon_core.shell:Creating environment hook '/home/spinetti/ros2_ws/install/rf2o_laser_odometry/share/rf2o_laser_odometry/hook/cmake_prefix_path.sh'
[1.374s] Level 1:colcon.colcon_core.environment:checking '/home/spinetti/ros2_ws/install/rf2o_laser_odometry/lib'
[1.375s] Level 1:colcon.colcon_core.environment:checking '/home/spinetti/ros2_ws/install/rf2o_laser_odometry/bin'
[1.375s] Level 1:colcon.colcon_core.environment:checking '/home/spinetti/ros2_ws/install/rf2o_laser_odometry/lib/pkgconfig/rf2o_laser_odometry.pc'
[1.376s] Level 1:colcon.colcon_core.environment:checking '/home/spinetti/ros2_ws/install/rf2o_laser_odometry/lib/python3.12/site-packages'
[1.376s] Level 1:colcon.colcon_core.environment:checking '/home/spinetti/ros2_ws/install/rf2o_laser_odometry/bin'
[1.377s] INFO:colcon.colcon_core.shell:Creating package script '/home/spinetti/ros2_ws/install/rf2o_laser_odometry/share/rf2o_laser_odometry/package.ps1'
[1.378s] INFO:colcon.colcon_core.shell:Creating package descriptor '/home/spinetti/ros2_ws/install/rf2o_laser_odometry/share/rf2o_laser_odometry/package.dsv'
[1.379s] INFO:colcon.colcon_core.shell:Creating package script '/home/spinetti/ros2_ws/install/rf2o_laser_odometry/share/rf2o_laser_odometry/package.sh'
[1.380s] INFO:colcon.colcon_core.shell:Creating package script '/home/spinetti/ros2_ws/install/rf2o_laser_odometry/share/rf2o_laser_odometry/package.bash'
[1.381s] INFO:colcon.colcon_core.shell:Creating package script '/home/spinetti/ros2_ws/install/rf2o_laser_odometry/share/rf2o_laser_odometry/package.zsh'
[1.381s] Level 1:colcon.colcon_core.environment:create_file_with_runtime_dependencies(/home/spinetti/ros2_ws/install/rf2o_laser_odometry/share/colcon-core/packages/rf2o_laser_odometry)
[1.382s] Level 1:colcon.colcon_core.environment:create_environment_scripts_only(rf2o_laser_odometry)
[1.383s] Level 1:colcon.colcon_core.environment:checking '/home/spinetti/ros2_ws/install/rf2o_laser_odometry' for CMake module files
[1.384s] Level 1:colcon.colcon_core.environment:checking '/home/spinetti/ros2_ws/install/rf2o_laser_odometry' for CMake config files
[1.384s] Level 1:colcon.colcon_core.shell:create_environment_hook('rf2o_laser_odometry', 'cmake_prefix_path')
[1.384s] INFO:colcon.colcon_core.shell:Creating environment hook '/home/spinetti/ros2_ws/install/rf2o_laser_odometry/share/rf2o_laser_odometry/hook/cmake_prefix_path.ps1'
[1.385s] INFO:colcon.colcon_core.shell:Creating environment descriptor '/home/spinetti/ros2_ws/install/rf2o_laser_odometry/share/rf2o_laser_odometry/hook/cmake_prefix_path.dsv'
[1.386s] INFO:colcon.colcon_core.shell:Creating environment hook '/home/spinetti/ros2_ws/install/rf2o_laser_odometry/share/rf2o_laser_odometry/hook/cmake_prefix_path.sh'
[1.386s] Level 1:colcon.colcon_core.environment:checking '/home/spinetti/ros2_ws/install/rf2o_laser_odometry/lib'
[1.387s] Level 1:colcon.colcon_core.environment:checking '/home/spinetti/ros2_ws/install/rf2o_laser_odometry/bin'
[1.387s] Level 1:colcon.colcon_core.environment:checking '/home/spinetti/ros2_ws/install/rf2o_laser_odometry/lib/pkgconfig/rf2o_laser_odometry.pc'
[1.387s] Level 1:colcon.colcon_core.environment:checking '/home/spinetti/ros2_ws/install/rf2o_laser_odometry/lib/python3.12/site-packages'
[1.387s] Level 1:colcon.colcon_core.environment:checking '/home/spinetti/ros2_ws/install/rf2o_laser_odometry/bin'
[1.388s] INFO:colcon.colcon_core.shell:Creating package script '/home/spinetti/ros2_ws/install/rf2o_laser_odometry/share/rf2o_laser_odometry/package.ps1'
[1.389s] INFO:colcon.colcon_core.shell:Creating package descriptor '/home/spinetti/ros2_ws/install/rf2o_laser_odometry/share/rf2o_laser_odometry/package.dsv'
[1.390s] INFO:colcon.colcon_core.shell:Creating package script '/home/spinetti/ros2_ws/install/rf2o_laser_odometry/share/rf2o_laser_odometry/package.sh'
[1.390s] INFO:colcon.colcon_core.shell:Creating package script '/home/spinetti/ros2_ws/install/rf2o_laser_odometry/share/rf2o_laser_odometry/package.bash'
[1.391s] INFO:colcon.colcon_core.shell:Creating package script '/home/spinetti/ros2_ws/install/rf2o_laser_odometry/share/rf2o_laser_odometry/package.zsh'
[1.391s] Level 1:colcon.colcon_core.environment:create_file_with_runtime_dependencies(/home/spinetti/ros2_ws/install/rf2o_laser_odometry/share/colcon-core/packages/rf2o_laser_odometry)
[1.392s] INFO:colcon.colcon_ros.task.ament_cmake.build:Building ROS package in '/home/spinetti/ros2_ws/src/tm210_driver' with build type 'ament_cmake'
[1.392s] INFO:colcon.colcon_cmake.task.cmake.build:Building CMake package in '/home/spinetti/ros2_ws/src/tm210_driver'
[1.393s] INFO:colcon.colcon_core.shell:Skip shell extension 'powershell' for command environment: Not usable outside of PowerShell
[1.393s] DEBUG:colcon.colcon_core.shell:Skip shell extension 'dsv' for command environment
[1.417s] DEBUG:colcon.colcon_core.event_handler.log_command:Invoking command in '/home/spinetti/ros2_ws/build/tm_imu': CMAKE_PREFIX_PATH=${CMAKE_PREFIX_PATH}:/home/spinetti/ros2_ws/install/stm32_bot:/home/spinetti/ros2_ws/install/spinetti_bringup:/home/spinetti/install/stm32_bot:/opt/ros/jazzy DEBUGINFOD_URLS=https://debuginfod.ubuntu.com /usr/bin/cmake --build /home/spinetti/ros2_ws/build/tm_imu -- -j4 -l4
[1.652s] DEBUG:colcon.colcon_core.event_handler.log_command:Invoked command in '/home/spinetti/ros2_ws/build/tm_imu' returned '0': CMAKE_PREFIX_PATH=${CMAKE_PREFIX_PATH}:/home/spinetti/ros2_ws/install/stm32_bot:/home/spinetti/ros2_ws/install/spinetti_bringup:/home/spinetti/install/stm32_bot:/opt/ros/jazzy DEBUGINFOD_URLS=https://debuginfod.ubuntu.com /usr/bin/cmake --build /home/spinetti/ros2_ws/build/tm_imu -- -j4 -l4
[1.654s] DEBUG:colcon.colcon_core.event_handler.log_command:Invoking command in '/home/spinetti/ros2_ws/build/tm_imu': CMAKE_PREFIX_PATH=${CMAKE_PREFIX_PATH}:/home/spinetti/ros2_ws/install/stm32_bot:/home/spinetti/ros2_ws/install/spinetti_bringup:/home/spinetti/install/stm32_bot:/opt/ros/jazzy DEBUGINFOD_URLS=https://debuginfod.ubuntu.com /usr/bin/cmake --install /home/spinetti/ros2_ws/build/tm_imu
[1.685s] Level 1:colcon.colcon_core.environment:create_environment_scripts_only(tm_imu)
[1.686s] Level 1:colcon.colcon_core.environment:checking '/home/spinetti/ros2_ws/install/tm_imu' for CMake module files
[1.687s] DEBUG:colcon.colcon_core.event_handler.log_command:Invoked command in '/home/spinetti/ros2_ws/build/tm_imu' returned '0': CMAKE_PREFIX_PATH=${CMAKE_PREFIX_PATH}:/home/spinetti/ros2_ws/install/stm32_bot:/home/spinetti/ros2_ws/install/spinetti_bringup:/home/spinetti/install/stm32_bot:/opt/ros/jazzy DEBUGINFOD_URLS=https://debuginfod.ubuntu.com /usr/bin/cmake --install /home/spinetti/ros2_ws/build/tm_imu
[1.687s] Level 1:colcon.colcon_core.environment:checking '/home/spinetti/ros2_ws/install/tm_imu' for CMake config files
[1.687s] Level 1:colcon.colcon_core.shell:create_environment_hook('tm_imu', 'cmake_prefix_path')
[1.688s] INFO:colcon.colcon_core.shell:Creating environment hook '/home/spinetti/ros2_ws/install/tm_imu/share/tm_imu/hook/cmake_prefix_path.ps1'
[1.688s] INFO:colcon.colcon_core.shell:Creating environment descriptor '/home/spinetti/ros2_ws/install/tm_imu/share/tm_imu/hook/cmake_prefix_path.dsv'
[1.689s] INFO:colcon.colcon_core.shell:Creating environment hook '/home/spinetti/ros2_ws/install/tm_imu/share/tm_imu/hook/cmake_prefix_path.sh'
[1.690s] Level 1:colcon.colcon_core.environment:checking '/home/spinetti/ros2_ws/install/tm_imu/lib'
[1.691s] Level 1:colcon.colcon_core.environment:checking '/home/spinetti/ros2_ws/install/tm_imu/bin'
[1.691s] Level 1:colcon.colcon_core.environment:checking '/home/spinetti/ros2_ws/install/tm_imu/lib/pkgconfig/tm_imu.pc'
[1.691s] Level 1:colcon.colcon_core.environment:checking '/home/spinetti/ros2_ws/install/tm_imu/lib/python3.12/site-packages'
[1.691s] Level 1:colcon.colcon_core.environment:checking '/home/spinetti/ros2_ws/install/tm_imu/bin'
[1.692s] INFO:colcon.colcon_core.shell:Creating package script '/home/spinetti/ros2_ws/install/tm_imu/share/tm_imu/package.ps1'
[1.695s] INFO:colcon.colcon_core.shell:Creating package descriptor '/home/spinetti/ros2_ws/install/tm_imu/share/tm_imu/package.dsv'
[1.695s] INFO:colcon.colcon_core.shell:Creating package script '/home/spinetti/ros2_ws/install/tm_imu/share/tm_imu/package.sh'
[1.696s] INFO:colcon.colcon_core.shell:Creating package script '/home/spinetti/ros2_ws/install/tm_imu/share/tm_imu/package.bash'
[1.697s] INFO:colcon.colcon_core.shell:Creating package script '/home/spinetti/ros2_ws/install/tm_imu/share/tm_imu/package.zsh'
[1.698s] Level 1:colcon.colcon_core.environment:create_file_with_runtime_dependencies(/home/spinetti/ros2_ws/install/tm_imu/share/colcon-core/packages/tm_imu)
[1.700s] Level 1:colcon.colcon_core.environment:create_environment_scripts_only(tm_imu)
[1.700s] Level 1:colcon.colcon_core.environment:checking '/home/spinetti/ros2_ws/install/tm_imu' for CMake module files
[1.702s] Level 1:colcon.colcon_core.environment:checking '/home/spinetti/ros2_ws/install/tm_imu' for CMake config files
[1.703s] Level 1:colcon.colcon_core.shell:create_environment_hook('tm_imu', 'cmake_prefix_path')
[1.703s] INFO:colcon.colcon_core.shell:Creating environment hook '/home/spinetti/ros2_ws/install/tm_imu/share/tm_imu/hook/cmake_prefix_path.ps1'
[1.704s] INFO:colcon.colcon_core.shell:Creating environment descriptor '/home/spinetti/ros2_ws/install/tm_imu/share/tm_imu/hook/cmake_prefix_path.dsv'
[1.704s] INFO:colcon.colcon_core.shell:Creating environment hook '/home/spinetti/ros2_ws/install/tm_imu/share/tm_imu/hook/cmake_prefix_path.sh'
[1.705s] Level 1:colcon.colcon_core.environment:checking '/home/spinetti/ros2_ws/install/tm_imu/lib'
[1.705s] Level 1:colcon.colcon_core.environment:checking '/home/spinetti/ros2_ws/install/tm_imu/bin'
[1.705s] Level 1:colcon.colcon_core.environment:checking '/home/spinetti/ros2_ws/install/tm_imu/lib/pkgconfig/tm_imu.pc'
[1.705s] Level 1:colcon.colcon_core.environment:checking '/home/spinetti/ros2_ws/install/tm_imu/lib/python3.12/site-packages'
[1.706s] Level 1:colcon.colcon_core.environment:checking '/home/spinetti/ros2_ws/install/tm_imu/bin'
[1.706s] INFO:colcon.colcon_core.shell:Creating package script '/home/spinetti/ros2_ws/install/tm_imu/share/tm_imu/package.ps1'
[1.707s] INFO:colcon.colcon_core.shell:Creating package descriptor '/home/spinetti/ros2_ws/install/tm_imu/share/tm_imu/package.dsv'
[1.708s] INFO:colcon.colcon_core.shell:Creating package script '/home/spinetti/ros2_ws/install/tm_imu/share/tm_imu/package.sh'
[1.708s] INFO:colcon.colcon_core.shell:Creating package script '/home/spinetti/ros2_ws/install/tm_imu/share/tm_imu/package.bash'
[1.709s] INFO:colcon.colcon_core.shell:Creating package script '/home/spinetti/ros2_ws/install/tm_imu/share/tm_imu/package.zsh'
[1.709s] Level 1:colcon.colcon_core.environment:create_file_with_runtime_dependencies(/home/spinetti/ros2_ws/install/tm_imu/share/colcon-core/packages/tm_imu)
[2.454s] DEBUG:colcon.colcon_core.event_handler.log_command:Invoking command in '/home/spinetti/ros2_ws/src/spinetti_bringup': DEBUGINFOD_URLS=https://debuginfod.ubuntu.com PYTHONPATH=/home/spinetti/ros2_ws/build/spinetti_bringup/prefix_override:/usr/lib/python3/dist-packages/colcon_core/task/python/colcon_distutils_commands:/home/spinetti/ros2_ws/install/spinetti_bringup/lib/python3.12/site-packages:${PYTHONPATH} /usr/bin/python3 -W ignore:setup.py install is deprecated -W ignore:easy_install command is deprecated setup.py egg_info --egg-base ../../build/spinetti_bringup build --build-base /home/spinetti/ros2_ws/build/spinetti_bringup/build install --record /home/spinetti/ros2_ws/build/spinetti_bringup/install.log --single-version-externally-managed install_data
[2.548s] DEBUG:colcon.colcon_core.event_handler.log_command:Invoking command in '/home/spinetti/ros2_ws/src/stm32_bot': DEBUGINFOD_URLS=https://debuginfod.ubuntu.com PYTHONPATH=/home/spinetti/ros2_ws/build/stm32_bot/prefix_override:/usr/lib/python3/dist-packages/colcon_core/task/python/colcon_distutils_commands:/home/spinetti/ros2_ws/install/stm32_bot/lib/python3.12/site-packages:${PYTHONPATH} /usr/bin/python3 -W ignore:setup.py install is deprecated -W ignore:easy_install command is deprecated setup.py egg_info --egg-base ../../build/stm32_bot build --build-base /home/spinetti/ros2_ws/build/stm32_bot/build install --record /home/spinetti/ros2_ws/build/stm32_bot/install.log --single-version-externally-managed install_data
[3.398s] Level 1:colcon.colcon_core.environment:checking '/home/spinetti/ros2_ws/install/spinetti_bringup' for CMake module files
[3.399s] DEBUG:colcon.colcon_core.event_handler.log_command:Invoked command in '/home/spinetti/ros2_ws/src/spinetti_bringup' returned '0': DEBUGINFOD_URLS=https://debuginfod.ubuntu.com PYTHONPATH=/home/spinetti/ros2_ws/build/spinetti_bringup/prefix_override:/usr/lib/python3/dist-packages/colcon_core/task/python/colcon_distutils_commands:/home/spinetti/ros2_ws/install/spinetti_bringup/lib/python3.12/site-packages:${PYTHONPATH} /usr/bin/python3 -W ignore:setup.py install is deprecated -W ignore:easy_install command is deprecated setup.py egg_info --egg-base ../../build/spinetti_bringup build --build-base /home/spinetti/ros2_ws/build/spinetti_bringup/build install --record /home/spinetti/ros2_ws/build/spinetti_bringup/install.log --single-version-externally-managed install_data
[3.399s] Level 1:colcon.colcon_core.environment:checking '/home/spinetti/ros2_ws/install/spinetti_bringup' for CMake config files
[3.400s] Level 1:colcon.colcon_core.environment:checking '/home/spinetti/ros2_ws/install/spinetti_bringup/lib'
[3.400s] Level 1:colcon.colcon_core.environment:checking '/home/spinetti/ros2_ws/install/spinetti_bringup/bin'
[3.400s] Level 1:colcon.colcon_core.environment:checking '/home/spinetti/ros2_ws/install/spinetti_bringup/lib/pkgconfig/spinetti_bringup.pc'
[3.400s] Level 1:colcon.colcon_core.environment:checking '/home/spinetti/ros2_ws/install/spinetti_bringup/lib/python3.12/site-packages'
[3.400s] Level 1:colcon.colcon_core.shell:create_environment_hook('spinetti_bringup', 'pythonpath')
[3.401s] INFO:colcon.colcon_core.shell:Creating environment hook '/home/spinetti/ros2_ws/install/spinetti_bringup/share/spinetti_bringup/hook/pythonpath.ps1'
[3.401s] INFO:colcon.colcon_core.shell:Creating environment descriptor '/home/spinetti/ros2_ws/install/spinetti_bringup/share/spinetti_bringup/hook/pythonpath.dsv'
[3.402s] INFO:colcon.colcon_core.shell:Creating environment hook '/home/spinetti/ros2_ws/install/spinetti_bringup/share/spinetti_bringup/hook/pythonpath.sh'
[3.404s] Level 1:colcon.colcon_core.environment:checking '/home/spinetti/ros2_ws/install/spinetti_bringup/bin'
[3.404s] Level 1:colcon.colcon_core.environment:create_environment_scripts_only(spinetti_bringup)
[3.405s] INFO:colcon.colcon_core.shell:Creating package script '/home/spinetti/ros2_ws/install/spinetti_bringup/share/spinetti_bringup/package.ps1'
[3.406s] INFO:colcon.colcon_core.shell:Creating package descriptor '/home/spinetti/ros2_ws/install/spinetti_bringup/share/spinetti_bringup/package.dsv'
[3.406s] INFO:colcon.colcon_core.shell:Creating package script '/home/spinetti/ros2_ws/install/spinetti_bringup/share/spinetti_bringup/package.sh'
[3.407s] INFO:colcon.colcon_core.shell:Creating package script '/home/spinetti/ros2_ws/install/spinetti_bringup/share/spinetti_bringup/package.bash'
[3.409s] INFO:colcon.colcon_core.shell:Creating package script '/home/spinetti/ros2_ws/install/spinetti_bringup/share/spinetti_bringup/package.zsh'
[3.410s] Level 1:colcon.colcon_core.environment:create_file_with_runtime_dependencies(/home/spinetti/ros2_ws/install/spinetti_bringup/share/colcon-core/packages/spinetti_bringup)
[3.501s] Level 1:colcon.colcon_core.environment:checking '/home/spinetti/ros2_ws/install/stm32_bot' for CMake module files
[3.502s] DEBUG:colcon.colcon_core.event_handler.log_command:Invoked command in '/home/spinetti/ros2_ws/src/stm32_bot' returned '0': DEBUGINFOD_URLS=https://debuginfod.ubuntu.com PYTHONPATH=/home/spinetti/ros2_ws/build/stm32_bot/prefix_override:/usr/lib/python3/dist-packages/colcon_core/task/python/colcon_distutils_commands:/home/spinetti/ros2_ws/install/stm32_bot/lib/python3.12/site-packages:${PYTHONPATH} /usr/bin/python3 -W ignore:setup.py install is deprecated -W ignore:easy_install command is deprecated setup.py egg_info --egg-base ../../build/stm32_bot build --build-base /home/spinetti/ros2_ws/build/stm32_bot/build install --record /home/spinetti/ros2_ws/build/stm32_bot/install.log --single-version-externally-managed install_data
[3.502s] Level 1:colcon.colcon_core.environment:checking '/home/spinetti/ros2_ws/install/stm32_bot' for CMake config files
[3.503s] Level 1:colcon.colcon_core.environment:checking '/home/spinetti/ros2_ws/install/stm32_bot/lib'
[3.503s] Level 1:colcon.colcon_core.environment:checking '/home/spinetti/ros2_ws/install/stm32_bot/bin'
[3.503s] Level 1:colcon.colcon_core.environment:checking '/home/spinetti/ros2_ws/install/stm32_bot/lib/pkgconfig/stm32_bot.pc'
[3.504s] Level 1:colcon.colcon_core.environment:checking '/home/spinetti/ros2_ws/install/stm32_bot/lib/python3.12/site-packages'
[3.504s] Level 1:colcon.colcon_core.shell:create_environment_hook('stm32_bot', 'pythonpath')
[3.504s] INFO:colcon.colcon_core.shell:Creating environment hook '/home/spinetti/ros2_ws/install/stm32_bot/share/stm32_bot/hook/pythonpath.ps1'
[3.505s] INFO:colcon.colcon_core.shell:Creating environment descriptor '/home/spinetti/ros2_ws/install/stm32_bot/share/stm32_bot/hook/pythonpath.dsv'
[3.505s] INFO:colcon.colcon_core.shell:Creating environment hook '/home/spinetti/ros2_ws/install/stm32_bot/share/stm32_bot/hook/pythonpath.sh'
[3.506s] Level 1:colcon.colcon_core.environment:checking '/home/spinetti/ros2_ws/install/stm32_bot/bin'
[3.506s] Level 1:colcon.colcon_core.environment:create_environment_scripts_only(stm32_bot)
[3.506s] INFO:colcon.colcon_core.shell:Creating package script '/home/spinetti/ros2_ws/install/stm32_bot/share/stm32_bot/package.ps1'
[3.507s] INFO:colcon.colcon_core.shell:Creating package descriptor '/home/spinetti/ros2_ws/install/stm32_bot/share/stm32_bot/package.dsv'
[3.507s] INFO:colcon.colcon_core.shell:Creating package script '/home/spinetti/ros2_ws/install/stm32_bot/share/stm32_bot/package.sh'
[3.508s] INFO:colcon.colcon_core.shell:Creating package script '/home/spinetti/ros2_ws/install/stm32_bot/share/stm32_bot/package.bash'
[3.508s] INFO:colcon.colcon_core.shell:Creating package script '/home/spinetti/ros2_ws/install/stm32_bot/share/stm32_bot/package.zsh'
[3.509s] Level 1:colcon.colcon_core.environment:create_file_with_runtime_dependencies(/home/spinetti/ros2_ws/install/stm32_bot/share/colcon-core/packages/stm32_bot)
[3.509s] DEBUG:colcon.colcon_parallel_executor.executor.parallel:closing loop
[3.509s] DEBUG:colcon.colcon_parallel_executor.executor.parallel:loop closed
[3.510s] DEBUG:colcon.colcon_parallel_executor.executor.parallel:run_until_complete finished with '0'
[3.510s] DEBUG:colcon.colcon_core.event_reactor:joining thread
[3.531s] INFO:colcon.colcon_core.plugin_system:Skipping extension 'colcon_notification.desktop_notification.terminal_notifier': Not used on non-Darwin systems
[3.531s] INFO:colcon.colcon_core.plugin_system:Skipping extension 'colcon_notification.desktop_notification.win32': Not used on non-Windows systems
[3.531s] INFO:colcon.colcon_notification.desktop_notification:Sending desktop notification using 'notify2'
[3.566s] DEBUG:colcon.colcon_core.event_reactor:joined thread
[3.566s] INFO:colcon.colcon_core.shell:Creating prefix script '/home/spinetti/ros2_ws/install/local_setup.ps1'
[3.567s] INFO:colcon.colcon_core.shell:Creating prefix util module '/home/spinetti/ros2_ws/install/_local_setup_util_ps1.py'
[3.569s] INFO:colcon.colcon_core.shell:Creating prefix chain script '/home/spinetti/ros2_ws/install/setup.ps1'
[3.571s] INFO:colcon.colcon_core.shell:Creating prefix script '/home/spinetti/ros2_ws/install/local_setup.sh'
[3.572s] INFO:colcon.colcon_core.shell:Creating prefix util module '/home/spinetti/ros2_ws/install/_local_setup_util_sh.py'
[3.573s] INFO:colcon.colcon_core.shell:Creating prefix chain script '/home/spinetti/ros2_ws/install/setup.sh'
[3.575s] INFO:colcon.colcon_core.shell:Creating prefix script '/home/spinetti/ros2_ws/install/local_setup.bash'
[3.576s] INFO:colcon.colcon_core.shell:Creating prefix chain script '/home/spinetti/ros2_ws/install/setup.bash'
[3.578s] INFO:colcon.colcon_core.shell:Creating prefix script '/home/spinetti/ros2_ws/install/local_setup.zsh'
[3.579s] INFO:colcon.colcon_core.shell:Creating prefix chain script '/home/spinetti/ros2_ws/install/setup.zsh'
