[0.052s] Invoking command in '/home/spinetti/ros2_ws/build/ldlidar_stl_ros2': CMAKE_PREFIX_PATH=${CMAKE_PREFIX_PATH}:/home/spinetti/ros2_ws/install/stm32_bot:/home/spinetti/ros2_ws/install/spinetti_bringup:/home/spinetti/install/stm32_bot:/opt/ros/jazzy DEBUGINFOD_URLS=https://debuginfod.ubuntu.com /usr/bin/cmake --build /home/spinetti/ros2_ws/build/ldlidar_stl_ros2 -- -j4 -l4
[0.880s] [100%] Built target ldlidar_stl_ros2_node
[0.882s] Invoked command in '/home/spinetti/ros2_ws/build/ldlidar_stl_ros2' returned '0': CMAKE_PREFIX_PATH=${CMAKE_PREFIX_PATH}:/home/spinetti/ros2_ws/install/stm32_bot:/home/spinetti/ros2_ws/install/spinetti_bringup:/home/spinetti/install/stm32_bot:/opt/ros/jazzy DEBUGINFOD_URLS=https://debuginfod.ubuntu.com /usr/bin/cmake --build /home/spinetti/ros2_ws/build/ldlidar_stl_ros2 -- -j4 -l4
[0.902s] Invoking command in '/home/spinetti/ros2_ws/build/ldlidar_stl_ros2': CMAKE_PREFIX_PATH=${CMAKE_PREFIX_PATH}:/home/spinetti/ros2_ws/install/stm32_bot:/home/spinetti/ros2_ws/install/spinetti_bringup:/home/spinetti/install/stm32_bot:/opt/ros/jazzy DEBUGINFOD_URLS=https://debuginfod.ubuntu.com /usr/bin/cmake --install /home/spinetti/ros2_ws/build/ldlidar_stl_ros2
[0.931s] -- Install configuration: ""
[0.931s] -- Up-to-date: /home/spinetti/ros2_ws/install/ldlidar_stl_ros2/lib/ldlidar_stl_ros2/ldlidar_stl_ros2_node
[0.932s] -- Up-to-date: /home/spinetti/ros2_ws/install/ldlidar_stl_ros2/share/ldlidar_stl_ros2//launch
[0.932s] -- Up-to-date: /home/spinetti/ros2_ws/install/ldlidar_stl_ros2/share/ldlidar_stl_ros2//launch/stl27l.launch.py
[0.933s] -- Up-to-date: /home/spinetti/ros2_ws/install/ldlidar_stl_ros2/share/ldlidar_stl_ros2//launch/viewer_ld06.launch.py
[0.933s] -- Up-to-date: /home/spinetti/ros2_ws/install/ldlidar_stl_ros2/share/ldlidar_stl_ros2//launch/ld06.launch.py
[0.935s] -- Up-to-date: /home/spinetti/ros2_ws/install/ldlidar_stl_ros2/share/ldlidar_stl_ros2//launch/ld19.launch.py
[0.935s] -- Up-to-date: /home/spinetti/ros2_ws/install/ldlidar_stl_ros2/share/ldlidar_stl_ros2//launch/viewer_ld19.launch.py
[0.935s] -- Up-to-date: /home/spinetti/ros2_ws/install/ldlidar_stl_ros2/share/ldlidar_stl_ros2//launch/viewer_stl27l.launch.py
[0.936s] -- Up-to-date: /home/spinetti/ros2_ws/install/ldlidar_stl_ros2/share/ldlidar_stl_ros2//rviz2
[0.936s] -- Up-to-date: /home/spinetti/ros2_ws/install/ldlidar_stl_ros2/share/ldlidar_stl_ros2//rviz2/ldlidar.rviz
[0.936s] -- Up-to-date: /home/spinetti/ros2_ws/install/ldlidar_stl_ros2/share/ament_index/resource_index/package_run_dependencies/ldlidar_stl_ros2
[0.936s] -- Up-to-date: /home/spinetti/ros2_ws/install/ldlidar_stl_ros2/share/ament_index/resource_index/parent_prefix_path/ldlidar_stl_ros2
[0.937s] -- Up-to-date: /home/spinetti/ros2_ws/install/ldlidar_stl_ros2/share/ldlidar_stl_ros2/environment/ament_prefix_path.sh
[0.937s] -- Up-to-date: /home/spinetti/ros2_ws/install/ldlidar_stl_ros2/share/ldlidar_stl_ros2/environment/ament_prefix_path.dsv
[0.938s] -- Up-to-date: /home/spinetti/ros2_ws/install/ldlidar_stl_ros2/share/ldlidar_stl_ros2/environment/path.sh
[0.938s] -- Up-to-date: /home/spinetti/ros2_ws/install/ldlidar_stl_ros2/share/ldlidar_stl_ros2/environment/path.dsv
[0.938s] -- Up-to-date: /home/spinetti/ros2_ws/install/ldlidar_stl_ros2/share/ldlidar_stl_ros2/local_setup.bash
[0.939s] -- Up-to-date: /home/spinetti/ros2_ws/install/ldlidar_stl_ros2/share/ldlidar_stl_ros2/local_setup.sh
[0.939s] -- Up-to-date: /home/spinetti/ros2_ws/install/ldlidar_stl_ros2/share/ldlidar_stl_ros2/local_setup.zsh
[0.939s] -- Up-to-date: /home/spinetti/ros2_ws/install/ldlidar_stl_ros2/share/ldlidar_stl_ros2/local_setup.dsv
[0.939s] -- Installing: /home/spinetti/ros2_ws/install/ldlidar_stl_ros2/share/ldlidar_stl_ros2/package.dsv
[0.942s] -- Up-to-date: /home/spinetti/ros2_ws/install/ldlidar_stl_ros2/share/ament_index/resource_index/packages/ldlidar_stl_ros2
[0.942s] -- Up-to-date: /home/spinetti/ros2_ws/install/ldlidar_stl_ros2/share/ldlidar_stl_ros2/cmake/ldlidar_stl_ros2Config.cmake
[0.942s] -- Up-to-date: /home/spinetti/ros2_ws/install/ldlidar_stl_ros2/share/ldlidar_stl_ros2/cmake/ldlidar_stl_ros2Config-version.cmake
[0.942s] -- Up-to-date: /home/spinetti/ros2_ws/install/ldlidar_stl_ros2/share/ldlidar_stl_ros2/package.xml
[0.945s] Invoked command in '/home/spinetti/ros2_ws/build/ldlidar_stl_ros2' returned '0': CMAKE_PREFIX_PATH=${CMAKE_PREFIX_PATH}:/home/spinetti/ros2_ws/install/stm32_bot:/home/spinetti/ros2_ws/install/spinetti_bringup:/home/spinetti/install/stm32_bot:/opt/ros/jazzy DEBUGINFOD_URLS=https://debuginfod.ubuntu.com /usr/bin/cmake --install /home/spinetti/ros2_ws/build/ldlidar_stl_ros2
