[0.160s] DEBUG:colcon:Command line arguments: ['/usr/bin/colcon', 'build', '--packages-select', 'stm32_bot']
[0.160s] DEBUG:colcon:Parsed command line arguments: Namespace(log_base=None, log_level=None, verb_name='build', build_base='build', install_base='install', merge_install=False, symlink_install=False, test_result_base=None, continue_on_error=False, executor='parallel', parallel_workers=4, event_handlers=None, ignore_user_meta=False, metas=['./colcon.meta'], base_paths=['.'], packages_ignore=None, packages_ignore_regex=None, paths=None, packages_up_to=None, packages_up_to_regex=None, packages_above=None, packages_above_and_dependencies=None, packages_above_depth=None, packages_select_by_dep=None, packages_skip_by_dep=None, packages_skip_up_to=None, packages_select_build_failed=False, packages_skip_build_finished=False, packages_select_test_failures=False, packages_skip_test_passed=False, packages_select=['stm32_bot'], packages_skip=None, packages_select_regex=None, packages_skip_regex=None, packages_start=None, packages_end=None, allow_overriding=[], cmake_args=None, cmake_target=None, cmake_target_skip_unavailable=False, cmake_clean_cache=False, cmake_clean_first=False, cmake_force_configure=False, ament_cmake_args=None, catkin_cmake_args=None, catkin_skip_building_tests=False, mixin_files=None, mixin=None, verb_parser=<colcon_mixin.mixin.mixin_argument.MixinArgumentDecorator object at 0xffffa8d959a0>, verb_extension=<colcon_core.verb.build.BuildVerb object at 0xffffa8d1f500>, main=<bound method BuildVerb.main of <colcon_core.verb.build.BuildVerb object at 0xffffa8d1f500>>, mixin_verb=('build',))
[0.219s] Level 1:colcon.colcon_core.package_discovery:discover_packages(colcon_meta) check parameters
[0.219s] Level 1:colcon.colcon_core.package_discovery:discover_packages(recursive) check parameters
[0.219s] Level 1:colcon.colcon_core.package_discovery:discover_packages(ignore) check parameters
[0.219s] Level 1:colcon.colcon_core.package_discovery:discover_packages(path) check parameters
[0.219s] Level 1:colcon.colcon_core.package_discovery:discover_packages(colcon_meta) discover
[0.219s] Level 1:colcon.colcon_core.package_discovery:discover_packages(recursive) discover
[0.219s] INFO:colcon.colcon_core.package_discovery:Crawling recursively for packages in '/home/spinetti/ros2_ws'
[0.220s] Level 1:colcon.colcon_core.package_identification:_identify(.) by extensions ['ignore', 'ignore_ament_install']
[0.220s] Level 1:colcon.colcon_core.package_identification:_identify(.) by extension 'ignore'
[0.220s] Level 1:colcon.colcon_core.package_identification:_identify(.) by extension 'ignore_ament_install'
[0.220s] Level 1:colcon.colcon_core.package_identification:_identify(.) by extensions ['colcon_pkg']
[0.220s] Level 1:colcon.colcon_core.package_identification:_identify(.) by extension 'colcon_pkg'
[0.220s] Level 1:colcon.colcon_core.package_identification:_identify(.) by extensions ['colcon_meta']
[0.220s] Level 1:colcon.colcon_core.package_identification:_identify(.) by extension 'colcon_meta'
[0.220s] Level 1:colcon.colcon_core.package_identification:_identify(.) by extensions ['ros']
[0.220s] Level 1:colcon.colcon_core.package_identification:_identify(.) by extension 'ros'
[0.266s] Level 1:colcon.colcon_core.package_identification:_identify(.) by extensions ['cmake', 'python']
[0.266s] Level 1:colcon.colcon_core.package_identification:_identify(.) by extension 'cmake'
[0.266s] Level 1:colcon.colcon_core.package_identification:_identify(.) by extension 'python'
[0.266s] Level 1:colcon.colcon_core.package_identification:_identify(.) by extensions ['python_setup_py']
[0.266s] Level 1:colcon.colcon_core.package_identification:_identify(.) by extension 'python_setup_py'
[0.267s] Level 1:colcon.colcon_core.package_identification:_identify(STM32) by extensions ['ignore', 'ignore_ament_install']
[0.267s] Level 1:colcon.colcon_core.package_identification:_identify(STM32) by extension 'ignore'
[0.267s] Level 1:colcon.colcon_core.package_identification:_identify(STM32) by extension 'ignore_ament_install'
[0.267s] Level 1:colcon.colcon_core.package_identification:_identify(STM32) by extensions ['colcon_pkg']
[0.267s] Level 1:colcon.colcon_core.package_identification:_identify(STM32) by extension 'colcon_pkg'
[0.267s] Level 1:colcon.colcon_core.package_identification:_identify(STM32) by extensions ['colcon_meta']
[0.267s] Level 1:colcon.colcon_core.package_identification:_identify(STM32) by extension 'colcon_meta'
[0.267s] Level 1:colcon.colcon_core.package_identification:_identify(STM32) by extensions ['ros']
[0.267s] Level 1:colcon.colcon_core.package_identification:_identify(STM32) by extension 'ros'
[0.267s] Level 1:colcon.colcon_core.package_identification:_identify(STM32) by extensions ['cmake', 'python']
[0.268s] Level 1:colcon.colcon_core.package_identification:_identify(STM32) by extension 'cmake'
[0.268s] Level 1:colcon.colcon_core.package_identification:_identify(STM32) by extension 'python'
[0.268s] Level 1:colcon.colcon_core.package_identification:_identify(STM32) by extensions ['python_setup_py']
[0.268s] Level 1:colcon.colcon_core.package_identification:_identify(STM32) by extension 'python_setup_py'
[0.268s] Level 1:colcon.colcon_core.package_identification:_identify(STM32/main) by extensions ['ignore', 'ignore_ament_install']
[0.268s] Level 1:colcon.colcon_core.package_identification:_identify(STM32/main) by extension 'ignore'
[0.268s] Level 1:colcon.colcon_core.package_identification:_identify(STM32/main) by extension 'ignore_ament_install'
[0.268s] Level 1:colcon.colcon_core.package_identification:_identify(STM32/main) by extensions ['colcon_pkg']
[0.268s] Level 1:colcon.colcon_core.package_identification:_identify(STM32/main) by extension 'colcon_pkg'
[0.269s] Level 1:colcon.colcon_core.package_identification:_identify(STM32/main) by extensions ['colcon_meta']
[0.269s] Level 1:colcon.colcon_core.package_identification:_identify(STM32/main) by extension 'colcon_meta'
[0.269s] Level 1:colcon.colcon_core.package_identification:_identify(STM32/main) by extensions ['ros']
[0.269s] Level 1:colcon.colcon_core.package_identification:_identify(STM32/main) by extension 'ros'
[0.269s] Level 1:colcon.colcon_core.package_identification:_identify(STM32/main) by extensions ['cmake', 'python']
[0.269s] Level 1:colcon.colcon_core.package_identification:_identify(STM32/main) by extension 'cmake'
[0.269s] Level 1:colcon.colcon_core.package_identification:_identify(STM32/main) by extension 'python'
[0.269s] Level 1:colcon.colcon_core.package_identification:_identify(STM32/main) by extensions ['python_setup_py']
[0.269s] Level 1:colcon.colcon_core.package_identification:_identify(STM32/main) by extension 'python_setup_py'
[0.269s] Level 1:colcon.colcon_core.package_identification:_identify(STM32/main/Core) by extensions ['ignore', 'ignore_ament_install']
[0.270s] Level 1:colcon.colcon_core.package_identification:_identify(STM32/main/Core) by extension 'ignore'
[0.270s] Level 1:colcon.colcon_core.package_identification:_identify(STM32/main/Core) by extension 'ignore_ament_install'
[0.270s] Level 1:colcon.colcon_core.package_identification:_identify(STM32/main/Core) by extensions ['colcon_pkg']
[0.270s] Level 1:colcon.colcon_core.package_identification:_identify(STM32/main/Core) by extension 'colcon_pkg'
[0.270s] Level 1:colcon.colcon_core.package_identification:_identify(STM32/main/Core) by extensions ['colcon_meta']
[0.270s] Level 1:colcon.colcon_core.package_identification:_identify(STM32/main/Core) by extension 'colcon_meta'
[0.270s] Level 1:colcon.colcon_core.package_identification:_identify(STM32/main/Core) by extensions ['ros']
[0.270s] Level 1:colcon.colcon_core.package_identification:_identify(STM32/main/Core) by extension 'ros'
[0.270s] Level 1:colcon.colcon_core.package_identification:_identify(STM32/main/Core) by extensions ['cmake', 'python']
[0.270s] Level 1:colcon.colcon_core.package_identification:_identify(STM32/main/Core) by extension 'cmake'
[0.270s] Level 1:colcon.colcon_core.package_identification:_identify(STM32/main/Core) by extension 'python'
[0.270s] Level 1:colcon.colcon_core.package_identification:_identify(STM32/main/Core) by extensions ['python_setup_py']
[0.270s] Level 1:colcon.colcon_core.package_identification:_identify(STM32/main/Core) by extension 'python_setup_py'
[0.271s] Level 1:colcon.colcon_core.package_identification:_identify(STM32/main/Core/Inc) by extensions ['ignore', 'ignore_ament_install']
[0.271s] Level 1:colcon.colcon_core.package_identification:_identify(STM32/main/Core/Inc) by extension 'ignore'
[0.271s] Level 1:colcon.colcon_core.package_identification:_identify(STM32/main/Core/Inc) by extension 'ignore_ament_install'
[0.271s] Level 1:colcon.colcon_core.package_identification:_identify(STM32/main/Core/Inc) by extensions ['colcon_pkg']
[0.271s] Level 1:colcon.colcon_core.package_identification:_identify(STM32/main/Core/Inc) by extension 'colcon_pkg'
[0.271s] Level 1:colcon.colcon_core.package_identification:_identify(STM32/main/Core/Inc) by extensions ['colcon_meta']
[0.271s] Level 1:colcon.colcon_core.package_identification:_identify(STM32/main/Core/Inc) by extension 'colcon_meta'
[0.271s] Level 1:colcon.colcon_core.package_identification:_identify(STM32/main/Core/Inc) by extensions ['ros']
[0.271s] Level 1:colcon.colcon_core.package_identification:_identify(STM32/main/Core/Inc) by extension 'ros'
[0.272s] Level 1:colcon.colcon_core.package_identification:_identify(STM32/main/Core/Inc) by extensions ['cmake', 'python']
[0.272s] Level 1:colcon.colcon_core.package_identification:_identify(STM32/main/Core/Inc) by extension 'cmake'
[0.272s] Level 1:colcon.colcon_core.package_identification:_identify(STM32/main/Core/Inc) by extension 'python'
[0.272s] Level 1:colcon.colcon_core.package_identification:_identify(STM32/main/Core/Inc) by extensions ['python_setup_py']
[0.272s] Level 1:colcon.colcon_core.package_identification:_identify(STM32/main/Core/Inc) by extension 'python_setup_py'
[0.272s] Level 1:colcon.colcon_core.package_identification:_identify(STM32/main/Core/Src) by extensions ['ignore', 'ignore_ament_install']
[0.272s] Level 1:colcon.colcon_core.package_identification:_identify(STM32/main/Core/Src) by extension 'ignore'
[0.272s] Level 1:colcon.colcon_core.package_identification:_identify(STM32/main/Core/Src) by extension 'ignore_ament_install'
[0.273s] Level 1:colcon.colcon_core.package_identification:_identify(STM32/main/Core/Src) by extensions ['colcon_pkg']
[0.273s] Level 1:colcon.colcon_core.package_identification:_identify(STM32/main/Core/Src) by extension 'colcon_pkg'
[0.273s] Level 1:colcon.colcon_core.package_identification:_identify(STM32/main/Core/Src) by extensions ['colcon_meta']
[0.273s] Level 1:colcon.colcon_core.package_identification:_identify(STM32/main/Core/Src) by extension 'colcon_meta'
[0.273s] Level 1:colcon.colcon_core.package_identification:_identify(STM32/main/Core/Src) by extensions ['ros']
[0.273s] Level 1:colcon.colcon_core.package_identification:_identify(STM32/main/Core/Src) by extension 'ros'
[0.273s] Level 1:colcon.colcon_core.package_identification:_identify(STM32/main/Core/Src) by extensions ['cmake', 'python']
[0.273s] Level 1:colcon.colcon_core.package_identification:_identify(STM32/main/Core/Src) by extension 'cmake'
[0.273s] Level 1:colcon.colcon_core.package_identification:_identify(STM32/main/Core/Src) by extension 'python'
[0.273s] Level 1:colcon.colcon_core.package_identification:_identify(STM32/main/Core/Src) by extensions ['python_setup_py']
[0.273s] Level 1:colcon.colcon_core.package_identification:_identify(STM32/main/Core/Src) by extension 'python_setup_py'
[0.273s] Level 1:colcon.colcon_core.package_identification:_identify(STM32/main/Core/Startup) by extensions ['ignore', 'ignore_ament_install']
[0.274s] Level 1:colcon.colcon_core.package_identification:_identify(STM32/main/Core/Startup) by extension 'ignore'
[0.274s] Level 1:colcon.colcon_core.package_identification:_identify(STM32/main/Core/Startup) by extension 'ignore_ament_install'
[0.274s] Level 1:colcon.colcon_core.package_identification:_identify(STM32/main/Core/Startup) by extensions ['colcon_pkg']
[0.274s] Level 1:colcon.colcon_core.package_identification:_identify(STM32/main/Core/Startup) by extension 'colcon_pkg'
[0.274s] Level 1:colcon.colcon_core.package_identification:_identify(STM32/main/Core/Startup) by extensions ['colcon_meta']
[0.274s] Level 1:colcon.colcon_core.package_identification:_identify(STM32/main/Core/Startup) by extension 'colcon_meta'
[0.274s] Level 1:colcon.colcon_core.package_identification:_identify(STM32/main/Core/Startup) by extensions ['ros']
[0.274s] Level 1:colcon.colcon_core.package_identification:_identify(STM32/main/Core/Startup) by extension 'ros'
[0.274s] Level 1:colcon.colcon_core.package_identification:_identify(STM32/main/Core/Startup) by extensions ['cmake', 'python']
[0.274s] Level 1:colcon.colcon_core.package_identification:_identify(STM32/main/Core/Startup) by extension 'cmake'
[0.274s] Level 1:colcon.colcon_core.package_identification:_identify(STM32/main/Core/Startup) by extension 'python'
[0.274s] Level 1:colcon.colcon_core.package_identification:_identify(STM32/main/Core/Startup) by extensions ['python_setup_py']
[0.275s] Level 1:colcon.colcon_core.package_identification:_identify(STM32/main/Core/Startup) by extension 'python_setup_py'
[0.275s] Level 1:colcon.colcon_core.package_identification:_identify(STM32/main/Debug) by extensions ['ignore', 'ignore_ament_install']
[0.275s] Level 1:colcon.colcon_core.package_identification:_identify(STM32/main/Debug) by extension 'ignore'
[0.275s] Level 1:colcon.colcon_core.package_identification:_identify(STM32/main/Debug) by extension 'ignore_ament_install'
[0.275s] Level 1:colcon.colcon_core.package_identification:_identify(STM32/main/Debug) by extensions ['colcon_pkg']
[0.275s] Level 1:colcon.colcon_core.package_identification:_identify(STM32/main/Debug) by extension 'colcon_pkg'
[0.275s] Level 1:colcon.colcon_core.package_identification:_identify(STM32/main/Debug) by extensions ['colcon_meta']
[0.275s] Level 1:colcon.colcon_core.package_identification:_identify(STM32/main/Debug) by extension 'colcon_meta'
[0.275s] Level 1:colcon.colcon_core.package_identification:_identify(STM32/main/Debug) by extensions ['ros']
[0.275s] Level 1:colcon.colcon_core.package_identification:_identify(STM32/main/Debug) by extension 'ros'
[0.276s] Level 1:colcon.colcon_core.package_identification:_identify(STM32/main/Debug) by extensions ['cmake', 'python']
[0.276s] Level 1:colcon.colcon_core.package_identification:_identify(STM32/main/Debug) by extension 'cmake'
[0.276s] Level 1:colcon.colcon_core.package_identification:_identify(STM32/main/Debug) by extension 'python'
[0.276s] Level 1:colcon.colcon_core.package_identification:_identify(STM32/main/Debug) by extensions ['python_setup_py']
[0.276s] Level 1:colcon.colcon_core.package_identification:_identify(STM32/main/Debug) by extension 'python_setup_py'
[0.276s] Level 1:colcon.colcon_core.package_identification:_identify(STM32/main/Debug/Core) by extensions ['ignore', 'ignore_ament_install']
[0.276s] Level 1:colcon.colcon_core.package_identification:_identify(STM32/main/Debug/Core) by extension 'ignore'
[0.276s] Level 1:colcon.colcon_core.package_identification:_identify(STM32/main/Debug/Core) by extension 'ignore_ament_install'
[0.276s] Level 1:colcon.colcon_core.package_identification:_identify(STM32/main/Debug/Core) by extensions ['colcon_pkg']
[0.276s] Level 1:colcon.colcon_core.package_identification:_identify(STM32/main/Debug/Core) by extension 'colcon_pkg'
[0.277s] Level 1:colcon.colcon_core.package_identification:_identify(STM32/main/Debug/Core) by extensions ['colcon_meta']
[0.277s] Level 1:colcon.colcon_core.package_identification:_identify(STM32/main/Debug/Core) by extension 'colcon_meta'
[0.277s] Level 1:colcon.colcon_core.package_identification:_identify(STM32/main/Debug/Core) by extensions ['ros']
[0.277s] Level 1:colcon.colcon_core.package_identification:_identify(STM32/main/Debug/Core) by extension 'ros'
[0.277s] Level 1:colcon.colcon_core.package_identification:_identify(STM32/main/Debug/Core) by extensions ['cmake', 'python']
[0.277s] Level 1:colcon.colcon_core.package_identification:_identify(STM32/main/Debug/Core) by extension 'cmake'
[0.277s] Level 1:colcon.colcon_core.package_identification:_identify(STM32/main/Debug/Core) by extension 'python'
[0.277s] Level 1:colcon.colcon_core.package_identification:_identify(STM32/main/Debug/Core) by extensions ['python_setup_py']
[0.277s] Level 1:colcon.colcon_core.package_identification:_identify(STM32/main/Debug/Core) by extension 'python_setup_py'
[0.278s] Level 1:colcon.colcon_core.package_identification:_identify(STM32/main/Debug/Core/Src) by extensions ['ignore', 'ignore_ament_install']
[0.278s] Level 1:colcon.colcon_core.package_identification:_identify(STM32/main/Debug/Core/Src) by extension 'ignore'
[0.278s] Level 1:colcon.colcon_core.package_identification:_identify(STM32/main/Debug/Core/Src) by extension 'ignore_ament_install'
[0.278s] Level 1:colcon.colcon_core.package_identification:_identify(STM32/main/Debug/Core/Src) by extensions ['colcon_pkg']
[0.278s] Level 1:colcon.colcon_core.package_identification:_identify(STM32/main/Debug/Core/Src) by extension 'colcon_pkg'
[0.278s] Level 1:colcon.colcon_core.package_identification:_identify(STM32/main/Debug/Core/Src) by extensions ['colcon_meta']
[0.278s] Level 1:colcon.colcon_core.package_identification:_identify(STM32/main/Debug/Core/Src) by extension 'colcon_meta'
[0.278s] Level 1:colcon.colcon_core.package_identification:_identify(STM32/main/Debug/Core/Src) by extensions ['ros']
[0.278s] Level 1:colcon.colcon_core.package_identification:_identify(STM32/main/Debug/Core/Src) by extension 'ros'
[0.278s] Level 1:colcon.colcon_core.package_identification:_identify(STM32/main/Debug/Core/Src) by extensions ['cmake', 'python']
[0.278s] Level 1:colcon.colcon_core.package_identification:_identify(STM32/main/Debug/Core/Src) by extension 'cmake'
[0.279s] Level 1:colcon.colcon_core.package_identification:_identify(STM32/main/Debug/Core/Src) by extension 'python'
[0.279s] Level 1:colcon.colcon_core.package_identification:_identify(STM32/main/Debug/Core/Src) by extensions ['python_setup_py']
[0.279s] Level 1:colcon.colcon_core.package_identification:_identify(STM32/main/Debug/Core/Src) by extension 'python_setup_py'
[0.279s] Level 1:colcon.colcon_core.package_identification:_identify(STM32/main/Debug/Core/Startup) by extensions ['ignore', 'ignore_ament_install']
[0.279s] Level 1:colcon.colcon_core.package_identification:_identify(STM32/main/Debug/Core/Startup) by extension 'ignore'
[0.279s] Level 1:colcon.colcon_core.package_identification:_identify(STM32/main/Debug/Core/Startup) by extension 'ignore_ament_install'
[0.279s] Level 1:colcon.colcon_core.package_identification:_identify(STM32/main/Debug/Core/Startup) by extensions ['colcon_pkg']
[0.279s] Level 1:colcon.colcon_core.package_identification:_identify(STM32/main/Debug/Core/Startup) by extension 'colcon_pkg'
[0.279s] Level 1:colcon.colcon_core.package_identification:_identify(STM32/main/Debug/Core/Startup) by extensions ['colcon_meta']
[0.280s] Level 1:colcon.colcon_core.package_identification:_identify(STM32/main/Debug/Core/Startup) by extension 'colcon_meta'
[0.280s] Level 1:colcon.colcon_core.package_identification:_identify(STM32/main/Debug/Core/Startup) by extensions ['ros']
[0.280s] Level 1:colcon.colcon_core.package_identification:_identify(STM32/main/Debug/Core/Startup) by extension 'ros'
[0.280s] Level 1:colcon.colcon_core.package_identification:_identify(STM32/main/Debug/Core/Startup) by extensions ['cmake', 'python']
[0.280s] Level 1:colcon.colcon_core.package_identification:_identify(STM32/main/Debug/Core/Startup) by extension 'cmake'
[0.280s] Level 1:colcon.colcon_core.package_identification:_identify(STM32/main/Debug/Core/Startup) by extension 'python'
[0.280s] Level 1:colcon.colcon_core.package_identification:_identify(STM32/main/Debug/Core/Startup) by extensions ['python_setup_py']
[0.280s] Level 1:colcon.colcon_core.package_identification:_identify(STM32/main/Debug/Core/Startup) by extension 'python_setup_py'
[0.280s] Level 1:colcon.colcon_core.package_identification:_identify(STM32/main/Debug/Drivers) by extensions ['ignore', 'ignore_ament_install']
[0.280s] Level 1:colcon.colcon_core.package_identification:_identify(STM32/main/Debug/Drivers) by extension 'ignore'
[0.281s] Level 1:colcon.colcon_core.package_identification:_identify(STM32/main/Debug/Drivers) by extension 'ignore_ament_install'
[0.281s] Level 1:colcon.colcon_core.package_identification:_identify(STM32/main/Debug/Drivers) by extensions ['colcon_pkg']
[0.281s] Level 1:colcon.colcon_core.package_identification:_identify(STM32/main/Debug/Drivers) by extension 'colcon_pkg'
[0.281s] Level 1:colcon.colcon_core.package_identification:_identify(STM32/main/Debug/Drivers) by extensions ['colcon_meta']
[0.281s] Level 1:colcon.colcon_core.package_identification:_identify(STM32/main/Debug/Drivers) by extension 'colcon_meta'
[0.281s] Level 1:colcon.colcon_core.package_identification:_identify(STM32/main/Debug/Drivers) by extensions ['ros']
[0.281s] Level 1:colcon.colcon_core.package_identification:_identify(STM32/main/Debug/Drivers) by extension 'ros'
[0.281s] Level 1:colcon.colcon_core.package_identification:_identify(STM32/main/Debug/Drivers) by extensions ['cmake', 'python']
[0.281s] Level 1:colcon.colcon_core.package_identification:_identify(STM32/main/Debug/Drivers) by extension 'cmake'
[0.281s] Level 1:colcon.colcon_core.package_identification:_identify(STM32/main/Debug/Drivers) by extension 'python'
[0.281s] Level 1:colcon.colcon_core.package_identification:_identify(STM32/main/Debug/Drivers) by extensions ['python_setup_py']
[0.281s] Level 1:colcon.colcon_core.package_identification:_identify(STM32/main/Debug/Drivers) by extension 'python_setup_py'
[0.282s] Level 1:colcon.colcon_core.package_identification:_identify(STM32/main/Debug/Drivers/Bosch) by extensions ['ignore', 'ignore_ament_install']
[0.282s] Level 1:colcon.colcon_core.package_identification:_identify(STM32/main/Debug/Drivers/Bosch) by extension 'ignore'
[0.282s] Level 1:colcon.colcon_core.package_identification:_identify(STM32/main/Debug/Drivers/Bosch) by extension 'ignore_ament_install'
[0.282s] Level 1:colcon.colcon_core.package_identification:_identify(STM32/main/Debug/Drivers/Bosch) by extensions ['colcon_pkg']
[0.282s] Level 1:colcon.colcon_core.package_identification:_identify(STM32/main/Debug/Drivers/Bosch) by extension 'colcon_pkg'
[0.282s] Level 1:colcon.colcon_core.package_identification:_identify(STM32/main/Debug/Drivers/Bosch) by extensions ['colcon_meta']
[0.282s] Level 1:colcon.colcon_core.package_identification:_identify(STM32/main/Debug/Drivers/Bosch) by extension 'colcon_meta'
[0.282s] Level 1:colcon.colcon_core.package_identification:_identify(STM32/main/Debug/Drivers/Bosch) by extensions ['ros']
[0.282s] Level 1:colcon.colcon_core.package_identification:_identify(STM32/main/Debug/Drivers/Bosch) by extension 'ros'
[0.282s] Level 1:colcon.colcon_core.package_identification:_identify(STM32/main/Debug/Drivers/Bosch) by extensions ['cmake', 'python']
[0.282s] Level 1:colcon.colcon_core.package_identification:_identify(STM32/main/Debug/Drivers/Bosch) by extension 'cmake'
[0.282s] Level 1:colcon.colcon_core.package_identification:_identify(STM32/main/Debug/Drivers/Bosch) by extension 'python'
[0.283s] Level 1:colcon.colcon_core.package_identification:_identify(STM32/main/Debug/Drivers/Bosch) by extensions ['python_setup_py']
[0.283s] Level 1:colcon.colcon_core.package_identification:_identify(STM32/main/Debug/Drivers/Bosch) by extension 'python_setup_py'
[0.283s] Level 1:colcon.colcon_core.package_identification:_identify(STM32/main/Debug/Drivers/Bosch/BMI088) by extensions ['ignore', 'ignore_ament_install']
[0.283s] Level 1:colcon.colcon_core.package_identification:_identify(STM32/main/Debug/Drivers/Bosch/BMI088) by extension 'ignore'
[0.283s] Level 1:colcon.colcon_core.package_identification:_identify(STM32/main/Debug/Drivers/Bosch/BMI088) by extension 'ignore_ament_install'
[0.283s] Level 1:colcon.colcon_core.package_identification:_identify(STM32/main/Debug/Drivers/Bosch/BMI088) by extensions ['colcon_pkg']
[0.283s] Level 1:colcon.colcon_core.package_identification:_identify(STM32/main/Debug/Drivers/Bosch/BMI088) by extension 'colcon_pkg'
[0.283s] Level 1:colcon.colcon_core.package_identification:_identify(STM32/main/Debug/Drivers/Bosch/BMI088) by extensions ['colcon_meta']
[0.284s] Level 1:colcon.colcon_core.package_identification:_identify(STM32/main/Debug/Drivers/Bosch/BMI088) by extension 'colcon_meta'
[0.284s] Level 1:colcon.colcon_core.package_identification:_identify(STM32/main/Debug/Drivers/Bosch/BMI088) by extensions ['ros']
[0.284s] Level 1:colcon.colcon_core.package_identification:_identify(STM32/main/Debug/Drivers/Bosch/BMI088) by extension 'ros'
[0.284s] Level 1:colcon.colcon_core.package_identification:_identify(STM32/main/Debug/Drivers/Bosch/BMI088) by extensions ['cmake', 'python']
[0.284s] Level 1:colcon.colcon_core.package_identification:_identify(STM32/main/Debug/Drivers/Bosch/BMI088) by extension 'cmake'
[0.284s] Level 1:colcon.colcon_core.package_identification:_identify(STM32/main/Debug/Drivers/Bosch/BMI088) by extension 'python'
[0.284s] Level 1:colcon.colcon_core.package_identification:_identify(STM32/main/Debug/Drivers/Bosch/BMI088) by extensions ['python_setup_py']
[0.284s] Level 1:colcon.colcon_core.package_identification:_identify(STM32/main/Debug/Drivers/Bosch/BMI088) by extension 'python_setup_py'
[0.284s] Level 1:colcon.colcon_core.package_identification:_identify(STM32/main/Debug/Drivers/STM32G0xx_HAL_Driver) by extensions ['ignore', 'ignore_ament_install']
[0.284s] Level 1:colcon.colcon_core.package_identification:_identify(STM32/main/Debug/Drivers/STM32G0xx_HAL_Driver) by extension 'ignore'
[0.285s] Level 1:colcon.colcon_core.package_identification:_identify(STM32/main/Debug/Drivers/STM32G0xx_HAL_Driver) by extension 'ignore_ament_install'
[0.285s] Level 1:colcon.colcon_core.package_identification:_identify(STM32/main/Debug/Drivers/STM32G0xx_HAL_Driver) by extensions ['colcon_pkg']
[0.285s] Level 1:colcon.colcon_core.package_identification:_identify(STM32/main/Debug/Drivers/STM32G0xx_HAL_Driver) by extension 'colcon_pkg'
[0.285s] Level 1:colcon.colcon_core.package_identification:_identify(STM32/main/Debug/Drivers/STM32G0xx_HAL_Driver) by extensions ['colcon_meta']
[0.285s] Level 1:colcon.colcon_core.package_identification:_identify(STM32/main/Debug/Drivers/STM32G0xx_HAL_Driver) by extension 'colcon_meta'
[0.285s] Level 1:colcon.colcon_core.package_identification:_identify(STM32/main/Debug/Drivers/STM32G0xx_HAL_Driver) by extensions ['ros']
[0.285s] Level 1:colcon.colcon_core.package_identification:_identify(STM32/main/Debug/Drivers/STM32G0xx_HAL_Driver) by extension 'ros'
[0.285s] Level 1:colcon.colcon_core.package_identification:_identify(STM32/main/Debug/Drivers/STM32G0xx_HAL_Driver) by extensions ['cmake', 'python']
[0.285s] Level 1:colcon.colcon_core.package_identification:_identify(STM32/main/Debug/Drivers/STM32G0xx_HAL_Driver) by extension 'cmake'
[0.285s] Level 1:colcon.colcon_core.package_identification:_identify(STM32/main/Debug/Drivers/STM32G0xx_HAL_Driver) by extension 'python'
[0.285s] Level 1:colcon.colcon_core.package_identification:_identify(STM32/main/Debug/Drivers/STM32G0xx_HAL_Driver) by extensions ['python_setup_py']
[0.285s] Level 1:colcon.colcon_core.package_identification:_identify(STM32/main/Debug/Drivers/STM32G0xx_HAL_Driver) by extension 'python_setup_py'
[0.286s] Level 1:colcon.colcon_core.package_identification:_identify(STM32/main/Debug/Drivers/STM32G0xx_HAL_Driver/Src) by extensions ['ignore', 'ignore_ament_install']
[0.286s] Level 1:colcon.colcon_core.package_identification:_identify(STM32/main/Debug/Drivers/STM32G0xx_HAL_Driver/Src) by extension 'ignore'
[0.286s] Level 1:colcon.colcon_core.package_identification:_identify(STM32/main/Debug/Drivers/STM32G0xx_HAL_Driver/Src) by extension 'ignore_ament_install'
[0.286s] Level 1:colcon.colcon_core.package_identification:_identify(STM32/main/Debug/Drivers/STM32G0xx_HAL_Driver/Src) by extensions ['colcon_pkg']
[0.286s] Level 1:colcon.colcon_core.package_identification:_identify(STM32/main/Debug/Drivers/STM32G0xx_HAL_Driver/Src) by extension 'colcon_pkg'
[0.286s] Level 1:colcon.colcon_core.package_identification:_identify(STM32/main/Debug/Drivers/STM32G0xx_HAL_Driver/Src) by extensions ['colcon_meta']
[0.286s] Level 1:colcon.colcon_core.package_identification:_identify(STM32/main/Debug/Drivers/STM32G0xx_HAL_Driver/Src) by extension 'colcon_meta'
[0.286s] Level 1:colcon.colcon_core.package_identification:_identify(STM32/main/Debug/Drivers/STM32G0xx_HAL_Driver/Src) by extensions ['ros']
[0.286s] Level 1:colcon.colcon_core.package_identification:_identify(STM32/main/Debug/Drivers/STM32G0xx_HAL_Driver/Src) by extension 'ros'
[0.287s] Level 1:colcon.colcon_core.package_identification:_identify(STM32/main/Debug/Drivers/STM32G0xx_HAL_Driver/Src) by extensions ['cmake', 'python']
[0.287s] Level 1:colcon.colcon_core.package_identification:_identify(STM32/main/Debug/Drivers/STM32G0xx_HAL_Driver/Src) by extension 'cmake'
[0.287s] Level 1:colcon.colcon_core.package_identification:_identify(STM32/main/Debug/Drivers/STM32G0xx_HAL_Driver/Src) by extension 'python'
[0.287s] Level 1:colcon.colcon_core.package_identification:_identify(STM32/main/Debug/Drivers/STM32G0xx_HAL_Driver/Src) by extensions ['python_setup_py']
[0.287s] Level 1:colcon.colcon_core.package_identification:_identify(STM32/main/Debug/Drivers/STM32G0xx_HAL_Driver/Src) by extension 'python_setup_py'
[0.287s] Level 1:colcon.colcon_core.package_identification:_identify(STM32/main/Drivers) by extensions ['ignore', 'ignore_ament_install']
[0.287s] Level 1:colcon.colcon_core.package_identification:_identify(STM32/main/Drivers) by extension 'ignore'
[0.287s] Level 1:colcon.colcon_core.package_identification:_identify(STM32/main/Drivers) by extension 'ignore_ament_install'
[0.287s] Level 1:colcon.colcon_core.package_identification:_identify(STM32/main/Drivers) by extensions ['colcon_pkg']
[0.287s] Level 1:colcon.colcon_core.package_identification:_identify(STM32/main/Drivers) by extension 'colcon_pkg'
[0.287s] Level 1:colcon.colcon_core.package_identification:_identify(STM32/main/Drivers) by extensions ['colcon_meta']
[0.287s] Level 1:colcon.colcon_core.package_identification:_identify(STM32/main/Drivers) by extension 'colcon_meta'
[0.288s] Level 1:colcon.colcon_core.package_identification:_identify(STM32/main/Drivers) by extensions ['ros']
[0.288s] Level 1:colcon.colcon_core.package_identification:_identify(STM32/main/Drivers) by extension 'ros'
[0.288s] Level 1:colcon.colcon_core.package_identification:_identify(STM32/main/Drivers) by extensions ['cmake', 'python']
[0.288s] Level 1:colcon.colcon_core.package_identification:_identify(STM32/main/Drivers) by extension 'cmake'
[0.288s] Level 1:colcon.colcon_core.package_identification:_identify(STM32/main/Drivers) by extension 'python'
[0.288s] Level 1:colcon.colcon_core.package_identification:_identify(STM32/main/Drivers) by extensions ['python_setup_py']
[0.288s] Level 1:colcon.colcon_core.package_identification:_identify(STM32/main/Drivers) by extension 'python_setup_py'
[0.288s] Level 1:colcon.colcon_core.package_identification:_identify(STM32/main/Drivers/Bosch) by extensions ['ignore', 'ignore_ament_install']
[0.288s] Level 1:colcon.colcon_core.package_identification:_identify(STM32/main/Drivers/Bosch) by extension 'ignore'
[0.288s] Level 1:colcon.colcon_core.package_identification:_identify(STM32/main/Drivers/Bosch) by extension 'ignore_ament_install'
[0.288s] Level 1:colcon.colcon_core.package_identification:_identify(STM32/main/Drivers/Bosch) by extensions ['colcon_pkg']
[0.288s] Level 1:colcon.colcon_core.package_identification:_identify(STM32/main/Drivers/Bosch) by extension 'colcon_pkg'
[0.288s] Level 1:colcon.colcon_core.package_identification:_identify(STM32/main/Drivers/Bosch) by extensions ['colcon_meta']
[0.288s] Level 1:colcon.colcon_core.package_identification:_identify(STM32/main/Drivers/Bosch) by extension 'colcon_meta'
[0.288s] Level 1:colcon.colcon_core.package_identification:_identify(STM32/main/Drivers/Bosch) by extensions ['ros']
[0.289s] Level 1:colcon.colcon_core.package_identification:_identify(STM32/main/Drivers/Bosch) by extension 'ros'
[0.289s] Level 1:colcon.colcon_core.package_identification:_identify(STM32/main/Drivers/Bosch) by extensions ['cmake', 'python']
[0.289s] Level 1:colcon.colcon_core.package_identification:_identify(STM32/main/Drivers/Bosch) by extension 'cmake'
[0.289s] Level 1:colcon.colcon_core.package_identification:_identify(STM32/main/Drivers/Bosch) by extension 'python'
[0.289s] Level 1:colcon.colcon_core.package_identification:_identify(STM32/main/Drivers/Bosch) by extensions ['python_setup_py']
[0.289s] Level 1:colcon.colcon_core.package_identification:_identify(STM32/main/Drivers/Bosch) by extension 'python_setup_py'
[0.289s] Level 1:colcon.colcon_core.package_identification:_identify(STM32/main/Drivers/Bosch/BMI088) by extensions ['ignore', 'ignore_ament_install']
[0.289s] Level 1:colcon.colcon_core.package_identification:_identify(STM32/main/Drivers/Bosch/BMI088) by extension 'ignore'
[0.289s] Level 1:colcon.colcon_core.package_identification:_identify(STM32/main/Drivers/Bosch/BMI088) by extension 'ignore_ament_install'
[0.290s] Level 1:colcon.colcon_core.package_identification:_identify(STM32/main/Drivers/Bosch/BMI088) by extensions ['colcon_pkg']
[0.290s] Level 1:colcon.colcon_core.package_identification:_identify(STM32/main/Drivers/Bosch/BMI088) by extension 'colcon_pkg'
[0.290s] Level 1:colcon.colcon_core.package_identification:_identify(STM32/main/Drivers/Bosch/BMI088) by extensions ['colcon_meta']
[0.290s] Level 1:colcon.colcon_core.package_identification:_identify(STM32/main/Drivers/Bosch/BMI088) by extension 'colcon_meta'
[0.290s] Level 1:colcon.colcon_core.package_identification:_identify(STM32/main/Drivers/Bosch/BMI088) by extensions ['ros']
[0.290s] Level 1:colcon.colcon_core.package_identification:_identify(STM32/main/Drivers/Bosch/BMI088) by extension 'ros'
[0.290s] Level 1:colcon.colcon_core.package_identification:_identify(STM32/main/Drivers/Bosch/BMI088) by extensions ['cmake', 'python']
[0.290s] Level 1:colcon.colcon_core.package_identification:_identify(STM32/main/Drivers/Bosch/BMI088) by extension 'cmake'
[0.290s] Level 1:colcon.colcon_core.package_identification:_identify(STM32/main/Drivers/Bosch/BMI088) by extension 'python'
[0.290s] Level 1:colcon.colcon_core.package_identification:_identify(STM32/main/Drivers/Bosch/BMI088) by extensions ['python_setup_py']
[0.290s] Level 1:colcon.colcon_core.package_identification:_identify(STM32/main/Drivers/Bosch/BMI088) by extension 'python_setup_py'
[0.290s] Level 1:colcon.colcon_core.package_identification:_identify(STM32/main/Drivers/CMSIS) by extensions ['ignore', 'ignore_ament_install']
[0.291s] Level 1:colcon.colcon_core.package_identification:_identify(STM32/main/Drivers/CMSIS) by extension 'ignore'
[0.291s] Level 1:colcon.colcon_core.package_identification:_identify(STM32/main/Drivers/CMSIS) by extension 'ignore_ament_install'
[0.291s] Level 1:colcon.colcon_core.package_identification:_identify(STM32/main/Drivers/CMSIS) by extensions ['colcon_pkg']
[0.291s] Level 1:colcon.colcon_core.package_identification:_identify(STM32/main/Drivers/CMSIS) by extension 'colcon_pkg'
[0.291s] Level 1:colcon.colcon_core.package_identification:_identify(STM32/main/Drivers/CMSIS) by extensions ['colcon_meta']
[0.291s] Level 1:colcon.colcon_core.package_identification:_identify(STM32/main/Drivers/CMSIS) by extension 'colcon_meta'
[0.291s] Level 1:colcon.colcon_core.package_identification:_identify(STM32/main/Drivers/CMSIS) by extensions ['ros']
[0.291s] Level 1:colcon.colcon_core.package_identification:_identify(STM32/main/Drivers/CMSIS) by extension 'ros'
[0.291s] Level 1:colcon.colcon_core.package_identification:_identify(STM32/main/Drivers/CMSIS) by extensions ['cmake', 'python']
[0.291s] Level 1:colcon.colcon_core.package_identification:_identify(STM32/main/Drivers/CMSIS) by extension 'cmake'
[0.291s] Level 1:colcon.colcon_core.package_identification:_identify(STM32/main/Drivers/CMSIS) by extension 'python'
[0.291s] Level 1:colcon.colcon_core.package_identification:_identify(STM32/main/Drivers/CMSIS) by extensions ['python_setup_py']
[0.291s] Level 1:colcon.colcon_core.package_identification:_identify(STM32/main/Drivers/CMSIS) by extension 'python_setup_py'
[0.291s] Level 1:colcon.colcon_core.package_identification:_identify(STM32/main/Drivers/CMSIS/Device) by extensions ['ignore', 'ignore_ament_install']
[0.292s] Level 1:colcon.colcon_core.package_identification:_identify(STM32/main/Drivers/CMSIS/Device) by extension 'ignore'
[0.292s] Level 1:colcon.colcon_core.package_identification:_identify(STM32/main/Drivers/CMSIS/Device) by extension 'ignore_ament_install'
[0.292s] Level 1:colcon.colcon_core.package_identification:_identify(STM32/main/Drivers/CMSIS/Device) by extensions ['colcon_pkg']
[0.292s] Level 1:colcon.colcon_core.package_identification:_identify(STM32/main/Drivers/CMSIS/Device) by extension 'colcon_pkg'
[0.292s] Level 1:colcon.colcon_core.package_identification:_identify(STM32/main/Drivers/CMSIS/Device) by extensions ['colcon_meta']
[0.292s] Level 1:colcon.colcon_core.package_identification:_identify(STM32/main/Drivers/CMSIS/Device) by extension 'colcon_meta'
[0.292s] Level 1:colcon.colcon_core.package_identification:_identify(STM32/main/Drivers/CMSIS/Device) by extensions ['ros']
[0.292s] Level 1:colcon.colcon_core.package_identification:_identify(STM32/main/Drivers/CMSIS/Device) by extension 'ros'
[0.293s] Level 1:colcon.colcon_core.package_identification:_identify(STM32/main/Drivers/CMSIS/Device) by extensions ['cmake', 'python']
[0.293s] Level 1:colcon.colcon_core.package_identification:_identify(STM32/main/Drivers/CMSIS/Device) by extension 'cmake'
[0.293s] Level 1:colcon.colcon_core.package_identification:_identify(STM32/main/Drivers/CMSIS/Device) by extension 'python'
[0.293s] Level 1:colcon.colcon_core.package_identification:_identify(STM32/main/Drivers/CMSIS/Device) by extensions ['python_setup_py']
[0.293s] Level 1:colcon.colcon_core.package_identification:_identify(STM32/main/Drivers/CMSIS/Device) by extension 'python_setup_py'
[0.293s] Level 1:colcon.colcon_core.package_identification:_identify(STM32/main/Drivers/CMSIS/Device/ST) by extensions ['ignore', 'ignore_ament_install']
[0.293s] Level 1:colcon.colcon_core.package_identification:_identify(STM32/main/Drivers/CMSIS/Device/ST) by extension 'ignore'
[0.293s] Level 1:colcon.colcon_core.package_identification:_identify(STM32/main/Drivers/CMSIS/Device/ST) by extension 'ignore_ament_install'
[0.294s] Level 1:colcon.colcon_core.package_identification:_identify(STM32/main/Drivers/CMSIS/Device/ST) by extensions ['colcon_pkg']
[0.294s] Level 1:colcon.colcon_core.package_identification:_identify(STM32/main/Drivers/CMSIS/Device/ST) by extension 'colcon_pkg'
[0.294s] Level 1:colcon.colcon_core.package_identification:_identify(STM32/main/Drivers/CMSIS/Device/ST) by extensions ['colcon_meta']
[0.294s] Level 1:colcon.colcon_core.package_identification:_identify(STM32/main/Drivers/CMSIS/Device/ST) by extension 'colcon_meta'
[0.294s] Level 1:colcon.colcon_core.package_identification:_identify(STM32/main/Drivers/CMSIS/Device/ST) by extensions ['ros']
[0.294s] Level 1:colcon.colcon_core.package_identification:_identify(STM32/main/Drivers/CMSIS/Device/ST) by extension 'ros'
[0.294s] Level 1:colcon.colcon_core.package_identification:_identify(STM32/main/Drivers/CMSIS/Device/ST) by extensions ['cmake', 'python']
[0.294s] Level 1:colcon.colcon_core.package_identification:_identify(STM32/main/Drivers/CMSIS/Device/ST) by extension 'cmake'
[0.294s] Level 1:colcon.colcon_core.package_identification:_identify(STM32/main/Drivers/CMSIS/Device/ST) by extension 'python'
[0.294s] Level 1:colcon.colcon_core.package_identification:_identify(STM32/main/Drivers/CMSIS/Device/ST) by extensions ['python_setup_py']
[0.294s] Level 1:colcon.colcon_core.package_identification:_identify(STM32/main/Drivers/CMSIS/Device/ST) by extension 'python_setup_py'
[0.294s] Level 1:colcon.colcon_core.package_identification:_identify(STM32/main/Drivers/CMSIS/Device/ST/STM32G0xx) by extensions ['ignore', 'ignore_ament_install']
[0.294s] Level 1:colcon.colcon_core.package_identification:_identify(STM32/main/Drivers/CMSIS/Device/ST/STM32G0xx) by extension 'ignore'
[0.295s] Level 1:colcon.colcon_core.package_identification:_identify(STM32/main/Drivers/CMSIS/Device/ST/STM32G0xx) by extension 'ignore_ament_install'
[0.295s] Level 1:colcon.colcon_core.package_identification:_identify(STM32/main/Drivers/CMSIS/Device/ST/STM32G0xx) by extensions ['colcon_pkg']
[0.295s] Level 1:colcon.colcon_core.package_identification:_identify(STM32/main/Drivers/CMSIS/Device/ST/STM32G0xx) by extension 'colcon_pkg'
[0.295s] Level 1:colcon.colcon_core.package_identification:_identify(STM32/main/Drivers/CMSIS/Device/ST/STM32G0xx) by extensions ['colcon_meta']
[0.295s] Level 1:colcon.colcon_core.package_identification:_identify(STM32/main/Drivers/CMSIS/Device/ST/STM32G0xx) by extension 'colcon_meta'
[0.295s] Level 1:colcon.colcon_core.package_identification:_identify(STM32/main/Drivers/CMSIS/Device/ST/STM32G0xx) by extensions ['ros']
[0.295s] Level 1:colcon.colcon_core.package_identification:_identify(STM32/main/Drivers/CMSIS/Device/ST/STM32G0xx) by extension 'ros'
[0.295s] Level 1:colcon.colcon_core.package_identification:_identify(STM32/main/Drivers/CMSIS/Device/ST/STM32G0xx) by extensions ['cmake', 'python']
[0.295s] Level 1:colcon.colcon_core.package_identification:_identify(STM32/main/Drivers/CMSIS/Device/ST/STM32G0xx) by extension 'cmake'
[0.295s] Level 1:colcon.colcon_core.package_identification:_identify(STM32/main/Drivers/CMSIS/Device/ST/STM32G0xx) by extension 'python'
[0.295s] Level 1:colcon.colcon_core.package_identification:_identify(STM32/main/Drivers/CMSIS/Device/ST/STM32G0xx) by extensions ['python_setup_py']
[0.295s] Level 1:colcon.colcon_core.package_identification:_identify(STM32/main/Drivers/CMSIS/Device/ST/STM32G0xx) by extension 'python_setup_py'
[0.296s] Level 1:colcon.colcon_core.package_identification:_identify(STM32/main/Drivers/CMSIS/Device/ST/STM32G0xx/Include) by extensions ['ignore', 'ignore_ament_install']
[0.296s] Level 1:colcon.colcon_core.package_identification:_identify(STM32/main/Drivers/CMSIS/Device/ST/STM32G0xx/Include) by extension 'ignore'
[0.296s] Level 1:colcon.colcon_core.package_identification:_identify(STM32/main/Drivers/CMSIS/Device/ST/STM32G0xx/Include) by extension 'ignore_ament_install'
[0.296s] Level 1:colcon.colcon_core.package_identification:_identify(STM32/main/Drivers/CMSIS/Device/ST/STM32G0xx/Include) by extensions ['colcon_pkg']
[0.296s] Level 1:colcon.colcon_core.package_identification:_identify(STM32/main/Drivers/CMSIS/Device/ST/STM32G0xx/Include) by extension 'colcon_pkg'
[0.296s] Level 1:colcon.colcon_core.package_identification:_identify(STM32/main/Drivers/CMSIS/Device/ST/STM32G0xx/Include) by extensions ['colcon_meta']
[0.296s] Level 1:colcon.colcon_core.package_identification:_identify(STM32/main/Drivers/CMSIS/Device/ST/STM32G0xx/Include) by extension 'colcon_meta'
[0.296s] Level 1:colcon.colcon_core.package_identification:_identify(STM32/main/Drivers/CMSIS/Device/ST/STM32G0xx/Include) by extensions ['ros']
[0.296s] Level 1:colcon.colcon_core.package_identification:_identify(STM32/main/Drivers/CMSIS/Device/ST/STM32G0xx/Include) by extension 'ros'
[0.296s] Level 1:colcon.colcon_core.package_identification:_identify(STM32/main/Drivers/CMSIS/Device/ST/STM32G0xx/Include) by extensions ['cmake', 'python']
[0.296s] Level 1:colcon.colcon_core.package_identification:_identify(STM32/main/Drivers/CMSIS/Device/ST/STM32G0xx/Include) by extension 'cmake'
[0.296s] Level 1:colcon.colcon_core.package_identification:_identify(STM32/main/Drivers/CMSIS/Device/ST/STM32G0xx/Include) by extension 'python'
[0.297s] Level 1:colcon.colcon_core.package_identification:_identify(STM32/main/Drivers/CMSIS/Device/ST/STM32G0xx/Include) by extensions ['python_setup_py']
[0.297s] Level 1:colcon.colcon_core.package_identification:_identify(STM32/main/Drivers/CMSIS/Device/ST/STM32G0xx/Include) by extension 'python_setup_py'
[0.297s] Level 1:colcon.colcon_core.package_identification:_identify(STM32/main/Drivers/CMSIS/Include) by extensions ['ignore', 'ignore_ament_install']
[0.297s] Level 1:colcon.colcon_core.package_identification:_identify(STM32/main/Drivers/CMSIS/Include) by extension 'ignore'
[0.297s] Level 1:colcon.colcon_core.package_identification:_identify(STM32/main/Drivers/CMSIS/Include) by extension 'ignore_ament_install'
[0.297s] Level 1:colcon.colcon_core.package_identification:_identify(STM32/main/Drivers/CMSIS/Include) by extensions ['colcon_pkg']
[0.297s] Level 1:colcon.colcon_core.package_identification:_identify(STM32/main/Drivers/CMSIS/Include) by extension 'colcon_pkg'
[0.297s] Level 1:colcon.colcon_core.package_identification:_identify(STM32/main/Drivers/CMSIS/Include) by extensions ['colcon_meta']
[0.297s] Level 1:colcon.colcon_core.package_identification:_identify(STM32/main/Drivers/CMSIS/Include) by extension 'colcon_meta'
[0.297s] Level 1:colcon.colcon_core.package_identification:_identify(STM32/main/Drivers/CMSIS/Include) by extensions ['ros']
[0.297s] Level 1:colcon.colcon_core.package_identification:_identify(STM32/main/Drivers/CMSIS/Include) by extension 'ros'
[0.297s] Level 1:colcon.colcon_core.package_identification:_identify(STM32/main/Drivers/CMSIS/Include) by extensions ['cmake', 'python']
[0.298s] Level 1:colcon.colcon_core.package_identification:_identify(STM32/main/Drivers/CMSIS/Include) by extension 'cmake'
[0.298s] Level 1:colcon.colcon_core.package_identification:_identify(STM32/main/Drivers/CMSIS/Include) by extension 'python'
[0.298s] Level 1:colcon.colcon_core.package_identification:_identify(STM32/main/Drivers/CMSIS/Include) by extensions ['python_setup_py']
[0.298s] Level 1:colcon.colcon_core.package_identification:_identify(STM32/main/Drivers/CMSIS/Include) by extension 'python_setup_py'
[0.298s] Level 1:colcon.colcon_core.package_identification:_identify(STM32/main/Drivers/STM32G0xx_HAL_Driver) by extensions ['ignore', 'ignore_ament_install']
[0.298s] Level 1:colcon.colcon_core.package_identification:_identify(STM32/main/Drivers/STM32G0xx_HAL_Driver) by extension 'ignore'
[0.298s] Level 1:colcon.colcon_core.package_identification:_identify(STM32/main/Drivers/STM32G0xx_HAL_Driver) by extension 'ignore_ament_install'
[0.298s] Level 1:colcon.colcon_core.package_identification:_identify(STM32/main/Drivers/STM32G0xx_HAL_Driver) by extensions ['colcon_pkg']
[0.298s] Level 1:colcon.colcon_core.package_identification:_identify(STM32/main/Drivers/STM32G0xx_HAL_Driver) by extension 'colcon_pkg'
[0.298s] Level 1:colcon.colcon_core.package_identification:_identify(STM32/main/Drivers/STM32G0xx_HAL_Driver) by extensions ['colcon_meta']
[0.298s] Level 1:colcon.colcon_core.package_identification:_identify(STM32/main/Drivers/STM32G0xx_HAL_Driver) by extension 'colcon_meta'
[0.299s] Level 1:colcon.colcon_core.package_identification:_identify(STM32/main/Drivers/STM32G0xx_HAL_Driver) by extensions ['ros']
[0.299s] Level 1:colcon.colcon_core.package_identification:_identify(STM32/main/Drivers/STM32G0xx_HAL_Driver) by extension 'ros'
[0.299s] Level 1:colcon.colcon_core.package_identification:_identify(STM32/main/Drivers/STM32G0xx_HAL_Driver) by extensions ['cmake', 'python']
[0.299s] Level 1:colcon.colcon_core.package_identification:_identify(STM32/main/Drivers/STM32G0xx_HAL_Driver) by extension 'cmake'
[0.299s] Level 1:colcon.colcon_core.package_identification:_identify(STM32/main/Drivers/STM32G0xx_HAL_Driver) by extension 'python'
[0.299s] Level 1:colcon.colcon_core.package_identification:_identify(STM32/main/Drivers/STM32G0xx_HAL_Driver) by extensions ['python_setup_py']
[0.299s] Level 1:colcon.colcon_core.package_identification:_identify(STM32/main/Drivers/STM32G0xx_HAL_Driver) by extension 'python_setup_py'
[0.299s] Level 1:colcon.colcon_core.package_identification:_identify(STM32/main/Drivers/STM32G0xx_HAL_Driver/Inc) by extensions ['ignore', 'ignore_ament_install']
[0.299s] Level 1:colcon.colcon_core.package_identification:_identify(STM32/main/Drivers/STM32G0xx_HAL_Driver/Inc) by extension 'ignore'
[0.299s] Level 1:colcon.colcon_core.package_identification:_identify(STM32/main/Drivers/STM32G0xx_HAL_Driver/Inc) by extension 'ignore_ament_install'
[0.300s] Level 1:colcon.colcon_core.package_identification:_identify(STM32/main/Drivers/STM32G0xx_HAL_Driver/Inc) by extensions ['colcon_pkg']
[0.300s] Level 1:colcon.colcon_core.package_identification:_identify(STM32/main/Drivers/STM32G0xx_HAL_Driver/Inc) by extension 'colcon_pkg'
[0.300s] Level 1:colcon.colcon_core.package_identification:_identify(STM32/main/Drivers/STM32G0xx_HAL_Driver/Inc) by extensions ['colcon_meta']
[0.300s] Level 1:colcon.colcon_core.package_identification:_identify(STM32/main/Drivers/STM32G0xx_HAL_Driver/Inc) by extension 'colcon_meta'
[0.300s] Level 1:colcon.colcon_core.package_identification:_identify(STM32/main/Drivers/STM32G0xx_HAL_Driver/Inc) by extensions ['ros']
[0.300s] Level 1:colcon.colcon_core.package_identification:_identify(STM32/main/Drivers/STM32G0xx_HAL_Driver/Inc) by extension 'ros'
[0.300s] Level 1:colcon.colcon_core.package_identification:_identify(STM32/main/Drivers/STM32G0xx_HAL_Driver/Inc) by extensions ['cmake', 'python']
[0.300s] Level 1:colcon.colcon_core.package_identification:_identify(STM32/main/Drivers/STM32G0xx_HAL_Driver/Inc) by extension 'cmake'
[0.300s] Level 1:colcon.colcon_core.package_identification:_identify(STM32/main/Drivers/STM32G0xx_HAL_Driver/Inc) by extension 'python'
[0.300s] Level 1:colcon.colcon_core.package_identification:_identify(STM32/main/Drivers/STM32G0xx_HAL_Driver/Inc) by extensions ['python_setup_py']
[0.300s] Level 1:colcon.colcon_core.package_identification:_identify(STM32/main/Drivers/STM32G0xx_HAL_Driver/Inc) by extension 'python_setup_py'
[0.300s] Level 1:colcon.colcon_core.package_identification:_identify(STM32/main/Drivers/STM32G0xx_HAL_Driver/Inc/Legacy) by extensions ['ignore', 'ignore_ament_install']
[0.301s] Level 1:colcon.colcon_core.package_identification:_identify(STM32/main/Drivers/STM32G0xx_HAL_Driver/Inc/Legacy) by extension 'ignore'
[0.301s] Level 1:colcon.colcon_core.package_identification:_identify(STM32/main/Drivers/STM32G0xx_HAL_Driver/Inc/Legacy) by extension 'ignore_ament_install'
[0.301s] Level 1:colcon.colcon_core.package_identification:_identify(STM32/main/Drivers/STM32G0xx_HAL_Driver/Inc/Legacy) by extensions ['colcon_pkg']
[0.301s] Level 1:colcon.colcon_core.package_identification:_identify(STM32/main/Drivers/STM32G0xx_HAL_Driver/Inc/Legacy) by extension 'colcon_pkg'
[0.301s] Level 1:colcon.colcon_core.package_identification:_identify(STM32/main/Drivers/STM32G0xx_HAL_Driver/Inc/Legacy) by extensions ['colcon_meta']
[0.301s] Level 1:colcon.colcon_core.package_identification:_identify(STM32/main/Drivers/STM32G0xx_HAL_Driver/Inc/Legacy) by extension 'colcon_meta'
[0.301s] Level 1:colcon.colcon_core.package_identification:_identify(STM32/main/Drivers/STM32G0xx_HAL_Driver/Inc/Legacy) by extensions ['ros']
[0.301s] Level 1:colcon.colcon_core.package_identification:_identify(STM32/main/Drivers/STM32G0xx_HAL_Driver/Inc/Legacy) by extension 'ros'
[0.301s] Level 1:colcon.colcon_core.package_identification:_identify(STM32/main/Drivers/STM32G0xx_HAL_Driver/Inc/Legacy) by extensions ['cmake', 'python']
[0.301s] Level 1:colcon.colcon_core.package_identification:_identify(STM32/main/Drivers/STM32G0xx_HAL_Driver/Inc/Legacy) by extension 'cmake'
[0.301s] Level 1:colcon.colcon_core.package_identification:_identify(STM32/main/Drivers/STM32G0xx_HAL_Driver/Inc/Legacy) by extension 'python'
[0.302s] Level 1:colcon.colcon_core.package_identification:_identify(STM32/main/Drivers/STM32G0xx_HAL_Driver/Inc/Legacy) by extensions ['python_setup_py']
[0.302s] Level 1:colcon.colcon_core.package_identification:_identify(STM32/main/Drivers/STM32G0xx_HAL_Driver/Inc/Legacy) by extension 'python_setup_py'
[0.302s] Level 1:colcon.colcon_core.package_identification:_identify(STM32/main/Drivers/STM32G0xx_HAL_Driver/Src) by extensions ['ignore', 'ignore_ament_install']
[0.302s] Level 1:colcon.colcon_core.package_identification:_identify(STM32/main/Drivers/STM32G0xx_HAL_Driver/Src) by extension 'ignore'
[0.302s] Level 1:colcon.colcon_core.package_identification:_identify(STM32/main/Drivers/STM32G0xx_HAL_Driver/Src) by extension 'ignore_ament_install'
[0.302s] Level 1:colcon.colcon_core.package_identification:_identify(STM32/main/Drivers/STM32G0xx_HAL_Driver/Src) by extensions ['colcon_pkg']
[0.302s] Level 1:colcon.colcon_core.package_identification:_identify(STM32/main/Drivers/STM32G0xx_HAL_Driver/Src) by extension 'colcon_pkg'
[0.302s] Level 1:colcon.colcon_core.package_identification:_identify(STM32/main/Drivers/STM32G0xx_HAL_Driver/Src) by extensions ['colcon_meta']
[0.302s] Level 1:colcon.colcon_core.package_identification:_identify(STM32/main/Drivers/STM32G0xx_HAL_Driver/Src) by extension 'colcon_meta'
[0.302s] Level 1:colcon.colcon_core.package_identification:_identify(STM32/main/Drivers/STM32G0xx_HAL_Driver/Src) by extensions ['ros']
[0.302s] Level 1:colcon.colcon_core.package_identification:_identify(STM32/main/Drivers/STM32G0xx_HAL_Driver/Src) by extension 'ros'
[0.303s] Level 1:colcon.colcon_core.package_identification:_identify(STM32/main/Drivers/STM32G0xx_HAL_Driver/Src) by extensions ['cmake', 'python']
[0.303s] Level 1:colcon.colcon_core.package_identification:_identify(STM32/main/Drivers/STM32G0xx_HAL_Driver/Src) by extension 'cmake'
[0.303s] Level 1:colcon.colcon_core.package_identification:_identify(STM32/main/Drivers/STM32G0xx_HAL_Driver/Src) by extension 'python'
[0.303s] Level 1:colcon.colcon_core.package_identification:_identify(STM32/main/Drivers/STM32G0xx_HAL_Driver/Src) by extensions ['python_setup_py']
[0.303s] Level 1:colcon.colcon_core.package_identification:_identify(STM32/main/Drivers/STM32G0xx_HAL_Driver/Src) by extension 'python_setup_py'
[0.303s] Level 1:colcon.colcon_core.package_identification:_identify(build) by extensions ['ignore', 'ignore_ament_install']
[0.303s] Level 1:colcon.colcon_core.package_identification:_identify(build) by extension 'ignore'
[0.303s] Level 1:colcon.colcon_core.package_identification:_identify(build) ignored
[0.303s] Level 1:colcon.colcon_core.package_identification:_identify(install) by extensions ['ignore', 'ignore_ament_install']
[0.303s] Level 1:colcon.colcon_core.package_identification:_identify(install) by extension 'ignore'
[0.304s] Level 1:colcon.colcon_core.package_identification:_identify(install) ignored
[0.304s] Level 1:colcon.colcon_core.package_identification:_identify(log) by extensions ['ignore', 'ignore_ament_install']
[0.304s] Level 1:colcon.colcon_core.package_identification:_identify(log) by extension 'ignore'
[0.304s] Level 1:colcon.colcon_core.package_identification:_identify(log) ignored
[0.304s] Level 1:colcon.colcon_core.package_identification:_identify(src) by extensions ['ignore', 'ignore_ament_install']
[0.304s] Level 1:colcon.colcon_core.package_identification:_identify(src) by extension 'ignore'
[0.304s] Level 1:colcon.colcon_core.package_identification:_identify(src) by extension 'ignore_ament_install'
[0.304s] Level 1:colcon.colcon_core.package_identification:_identify(src) by extensions ['colcon_pkg']
[0.305s] Level 1:colcon.colcon_core.package_identification:_identify(src) by extension 'colcon_pkg'
[0.305s] Level 1:colcon.colcon_core.package_identification:_identify(src) by extensions ['colcon_meta']
[0.305s] Level 1:colcon.colcon_core.package_identification:_identify(src) by extension 'colcon_meta'
[0.305s] Level 1:colcon.colcon_core.package_identification:_identify(src) by extensions ['ros']
[0.305s] Level 1:colcon.colcon_core.package_identification:_identify(src) by extension 'ros'
[0.305s] Level 1:colcon.colcon_core.package_identification:_identify(src) by extensions ['cmake', 'python']
[0.305s] Level 1:colcon.colcon_core.package_identification:_identify(src) by extension 'cmake'
[0.305s] Level 1:colcon.colcon_core.package_identification:_identify(src) by extension 'python'
[0.305s] Level 1:colcon.colcon_core.package_identification:_identify(src) by extensions ['python_setup_py']
[0.305s] Level 1:colcon.colcon_core.package_identification:_identify(src) by extension 'python_setup_py'
[0.305s] Level 1:colcon.colcon_core.package_identification:_identify(src/build) by extensions ['ignore', 'ignore_ament_install']
[0.305s] Level 1:colcon.colcon_core.package_identification:_identify(src/build) by extension 'ignore'
[0.305s] Level 1:colcon.colcon_core.package_identification:_identify(src/build) ignored
[0.306s] Level 1:colcon.colcon_core.package_identification:_identify(src/install) by extensions ['ignore', 'ignore_ament_install']
[0.306s] Level 1:colcon.colcon_core.package_identification:_identify(src/install) by extension 'ignore'
[0.306s] Level 1:colcon.colcon_core.package_identification:_identify(src/install) ignored
[0.306s] Level 1:colcon.colcon_core.package_identification:_identify(src/ldlidar_stl_ros2) by extensions ['ignore', 'ignore_ament_install']
[0.306s] Level 1:colcon.colcon_core.package_identification:_identify(src/ldlidar_stl_ros2) by extension 'ignore'
[0.306s] Level 1:colcon.colcon_core.package_identification:_identify(src/ldlidar_stl_ros2) by extension 'ignore_ament_install'
[0.306s] Level 1:colcon.colcon_core.package_identification:_identify(src/ldlidar_stl_ros2) by extensions ['colcon_pkg']
[0.306s] Level 1:colcon.colcon_core.package_identification:_identify(src/ldlidar_stl_ros2) by extension 'colcon_pkg'
[0.306s] Level 1:colcon.colcon_core.package_identification:_identify(src/ldlidar_stl_ros2) by extensions ['colcon_meta']
[0.306s] Level 1:colcon.colcon_core.package_identification:_identify(src/ldlidar_stl_ros2) by extension 'colcon_meta'
[0.307s] Level 1:colcon.colcon_core.package_identification:_identify(src/ldlidar_stl_ros2) by extensions ['ros']
[0.307s] Level 1:colcon.colcon_core.package_identification:_identify(src/ldlidar_stl_ros2) by extension 'ros'
[0.311s] DEBUG:colcon.colcon_core.package_identification:Package 'src/ldlidar_stl_ros2' with type 'ros.ament_cmake' and name 'ldlidar_stl_ros2'
[0.311s] Level 1:colcon.colcon_core.package_identification:_identify(src/log) by extensions ['ignore', 'ignore_ament_install']
[0.311s] Level 1:colcon.colcon_core.package_identification:_identify(src/log) by extension 'ignore'
[0.311s] Level 1:colcon.colcon_core.package_identification:_identify(src/log) ignored
[0.311s] Level 1:colcon.colcon_core.package_identification:_identify(src/stm32_bot) by extensions ['ignore', 'ignore_ament_install']
[0.312s] Level 1:colcon.colcon_core.package_identification:_identify(src/stm32_bot) by extension 'ignore'
[0.312s] Level 1:colcon.colcon_core.package_identification:_identify(src/stm32_bot) by extension 'ignore_ament_install'
[0.312s] Level 1:colcon.colcon_core.package_identification:_identify(src/stm32_bot) by extensions ['colcon_pkg']
[0.312s] Level 1:colcon.colcon_core.package_identification:_identify(src/stm32_bot) by extension 'colcon_pkg'
[0.312s] Level 1:colcon.colcon_core.package_identification:_identify(src/stm32_bot) by extensions ['colcon_meta']
[0.312s] Level 1:colcon.colcon_core.package_identification:_identify(src/stm32_bot) by extension 'colcon_meta'
[0.312s] Level 1:colcon.colcon_core.package_identification:_identify(src/stm32_bot) by extensions ['ros']
[0.312s] Level 1:colcon.colcon_core.package_identification:_identify(src/stm32_bot) by extension 'ros'
[0.313s] DEBUG:colcon.colcon_core.package_identification:Package 'src/stm32_bot' with type 'ros.ament_python' and name 'stm32_bot'
[0.313s] Level 1:colcon.colcon_core.package_identification:_identify(src/tm210_driver) by extensions ['ignore', 'ignore_ament_install']
[0.314s] Level 1:colcon.colcon_core.package_identification:_identify(src/tm210_driver) by extension 'ignore'
[0.314s] Level 1:colcon.colcon_core.package_identification:_identify(src/tm210_driver) by extension 'ignore_ament_install'
[0.314s] Level 1:colcon.colcon_core.package_identification:_identify(src/tm210_driver) by extensions ['colcon_pkg']
[0.314s] Level 1:colcon.colcon_core.package_identification:_identify(src/tm210_driver) by extension 'colcon_pkg'
[0.314s] Level 1:colcon.colcon_core.package_identification:_identify(src/tm210_driver) by extensions ['colcon_meta']
[0.314s] Level 1:colcon.colcon_core.package_identification:_identify(src/tm210_driver) by extension 'colcon_meta'
[0.314s] Level 1:colcon.colcon_core.package_identification:_identify(src/tm210_driver) by extensions ['ros']
[0.314s] Level 1:colcon.colcon_core.package_identification:_identify(src/tm210_driver) by extension 'ros'
[0.315s] DEBUG:colcon.colcon_core.package_identification:Package 'src/tm210_driver' with type 'ros.ament_cmake' and name 'tm_imu'
[0.316s] Level 1:colcon.colcon_core.package_discovery:discover_packages(recursive) using defaults
[0.316s] Level 1:colcon.colcon_core.package_discovery:discover_packages(ignore) discover
[0.316s] Level 1:colcon.colcon_core.package_discovery:discover_packages(ignore) using defaults
[0.316s] Level 1:colcon.colcon_core.package_discovery:discover_packages(path) discover
[0.316s] Level 1:colcon.colcon_core.package_discovery:discover_packages(path) using defaults
[0.347s] INFO:colcon.colcon_core.package_selection:Skipping not selected package 'ldlidar_stl_ros2' in 'src/ldlidar_stl_ros2'
[0.347s] INFO:colcon.colcon_core.package_selection:Skipping not selected package 'tm_imu' in 'src/tm210_driver'
[0.348s] Level 1:colcon.colcon_core.package_discovery:discover_packages(prefix_path) check parameters
[0.348s] Level 1:colcon.colcon_core.package_discovery:discover_packages(prefix_path) discover
[0.352s] DEBUG:colcon.colcon_installed_package_information.package_discovery:Found 5 installed packages in /home/spinetti/ros2_ws/install
[0.353s] DEBUG:colcon.colcon_installed_package_information.package_discovery:Found 1 installed packages in /home/spinetti/install
[0.356s] DEBUG:colcon.colcon_installed_package_information.package_discovery:Found 389 installed packages in /opt/ros/jazzy
[0.359s] Level 1:colcon.colcon_core.package_discovery:discover_packages(prefix_path) using defaults
[0.458s] Level 5:colcon.colcon_core.verb:set package 'stm32_bot' build argument 'cmake_args' from command line to 'None'
[0.458s] Level 5:colcon.colcon_core.verb:set package 'stm32_bot' build argument 'cmake_target' from command line to 'None'
[0.458s] Level 5:colcon.colcon_core.verb:set package 'stm32_bot' build argument 'cmake_target_skip_unavailable' from command line to 'False'
[0.458s] Level 5:colcon.colcon_core.verb:set package 'stm32_bot' build argument 'cmake_clean_cache' from command line to 'False'
[0.458s] Level 5:colcon.colcon_core.verb:set package 'stm32_bot' build argument 'cmake_clean_first' from command line to 'False'
[0.458s] Level 5:colcon.colcon_core.verb:set package 'stm32_bot' build argument 'cmake_force_configure' from command line to 'False'
[0.458s] Level 5:colcon.colcon_core.verb:set package 'stm32_bot' build argument 'ament_cmake_args' from command line to 'None'
[0.458s] Level 5:colcon.colcon_core.verb:set package 'stm32_bot' build argument 'catkin_cmake_args' from command line to 'None'
[0.458s] Level 5:colcon.colcon_core.verb:set package 'stm32_bot' build argument 'catkin_skip_building_tests' from command line to 'False'
[0.459s] DEBUG:colcon.colcon_core.verb:Building package 'stm32_bot' with the following arguments: {'ament_cmake_args': None, 'build_base': '/home/spinetti/ros2_ws/build/stm32_bot', 'catkin_cmake_args': None, 'catkin_skip_building_tests': False, 'cmake_args': None, 'cmake_clean_cache': False, 'cmake_clean_first': False, 'cmake_force_configure': False, 'cmake_target': None, 'cmake_target_skip_unavailable': False, 'install_base': '/home/spinetti/ros2_ws/install/stm32_bot', 'merge_install': False, 'path': '/home/spinetti/ros2_ws/src/stm32_bot', 'symlink_install': False, 'test_result_base': None}
[0.459s] INFO:colcon.colcon_core.executor:Executing jobs using 'parallel' executor
[0.460s] DEBUG:colcon.colcon_parallel_executor.executor.parallel:run_until_complete
[0.460s] INFO:colcon.colcon_ros.task.ament_python.build:Building ROS package in '/home/spinetti/ros2_ws/src/stm32_bot' with build type 'ament_python'
[0.460s] Level 1:colcon.colcon_core.shell:create_environment_hook('stm32_bot', 'ament_prefix_path')
[0.463s] INFO:colcon.colcon_core.plugin_system:Skipping extension 'colcon_core.shell.bat': Not used on non-Windows systems
[0.463s] INFO:colcon.colcon_core.shell:Creating environment hook '/home/spinetti/ros2_ws/install/stm32_bot/share/stm32_bot/hook/ament_prefix_path.ps1'
[0.464s] INFO:colcon.colcon_core.shell:Creating environment descriptor '/home/spinetti/ros2_ws/install/stm32_bot/share/stm32_bot/hook/ament_prefix_path.dsv'
[0.465s] INFO:colcon.colcon_core.shell:Creating environment hook '/home/spinetti/ros2_ws/install/stm32_bot/share/stm32_bot/hook/ament_prefix_path.sh'
[0.466s] INFO:colcon.colcon_core.shell:Skip shell extension 'powershell' for command environment: Not usable outside of PowerShell
[0.466s] DEBUG:colcon.colcon_core.shell:Skip shell extension 'dsv' for command environment
[0.855s] INFO:colcon.colcon_core.task.python.build:Building Python package in '/home/spinetti/ros2_ws/src/stm32_bot'
[0.855s] INFO:colcon.colcon_core.shell:Skip shell extension 'powershell' for command environment: Not usable outside of PowerShell
[0.855s] DEBUG:colcon.colcon_core.shell:Skip shell extension 'dsv' for command environment
[1.868s] DEBUG:colcon.colcon_core.event_handler.log_command:Invoking command in '/home/spinetti/ros2_ws/src/stm32_bot': DEBUGINFOD_URLS=https://debuginfod.ubuntu.com PYTHONPATH=/home/spinetti/ros2_ws/build/stm32_bot/prefix_override:/usr/lib/python3/dist-packages/colcon_core/task/python/colcon_distutils_commands:/home/spinetti/ros2_ws/install/stm32_bot/lib/python3.12/site-packages:${PYTHONPATH} /usr/bin/python3 -W ignore:setup.py install is deprecated -W ignore:easy_install command is deprecated setup.py egg_info --egg-base ../../build/stm32_bot build --build-base /home/spinetti/ros2_ws/build/stm32_bot/build install --record /home/spinetti/ros2_ws/build/stm32_bot/install.log --single-version-externally-managed install_data
[2.737s] DEBUG:colcon.colcon_core.event_handler.log_command:Invoked command in '/home/spinetti/ros2_ws/src/stm32_bot' returned '0': DEBUGINFOD_URLS=https://debuginfod.ubuntu.com PYTHONPATH=/home/spinetti/ros2_ws/build/stm32_bot/prefix_override:/usr/lib/python3/dist-packages/colcon_core/task/python/colcon_distutils_commands:/home/spinetti/ros2_ws/install/stm32_bot/lib/python3.12/site-packages:${PYTHONPATH} /usr/bin/python3 -W ignore:setup.py install is deprecated -W ignore:easy_install command is deprecated setup.py egg_info --egg-base ../../build/stm32_bot build --build-base /home/spinetti/ros2_ws/build/stm32_bot/build install --record /home/spinetti/ros2_ws/build/stm32_bot/install.log --single-version-externally-managed install_data
[2.740s] Level 1:colcon.colcon_core.environment:checking '/home/spinetti/ros2_ws/install/stm32_bot' for CMake module files
[2.740s] Level 1:colcon.colcon_core.environment:checking '/home/spinetti/ros2_ws/install/stm32_bot' for CMake config files
[2.741s] Level 1:colcon.colcon_core.environment:checking '/home/spinetti/ros2_ws/install/stm32_bot/lib'
[2.741s] Level 1:colcon.colcon_core.environment:checking '/home/spinetti/ros2_ws/install/stm32_bot/bin'
[2.741s] Level 1:colcon.colcon_core.environment:checking '/home/spinetti/ros2_ws/install/stm32_bot/lib/pkgconfig/stm32_bot.pc'
[2.742s] Level 1:colcon.colcon_core.environment:checking '/home/spinetti/ros2_ws/install/stm32_bot/lib/python3.12/site-packages'
[2.742s] Level 1:colcon.colcon_core.shell:create_environment_hook('stm32_bot', 'pythonpath')
[2.742s] INFO:colcon.colcon_core.shell:Creating environment hook '/home/spinetti/ros2_ws/install/stm32_bot/share/stm32_bot/hook/pythonpath.ps1'
[2.743s] INFO:colcon.colcon_core.shell:Creating environment descriptor '/home/spinetti/ros2_ws/install/stm32_bot/share/stm32_bot/hook/pythonpath.dsv'
[2.743s] INFO:colcon.colcon_core.shell:Creating environment hook '/home/spinetti/ros2_ws/install/stm32_bot/share/stm32_bot/hook/pythonpath.sh'
[2.744s] Level 1:colcon.colcon_core.environment:checking '/home/spinetti/ros2_ws/install/stm32_bot/bin'
[2.744s] Level 1:colcon.colcon_core.environment:create_environment_scripts_only(stm32_bot)
[2.744s] INFO:colcon.colcon_core.shell:Creating package script '/home/spinetti/ros2_ws/install/stm32_bot/share/stm32_bot/package.ps1'
[2.745s] INFO:colcon.colcon_core.shell:Creating package descriptor '/home/spinetti/ros2_ws/install/stm32_bot/share/stm32_bot/package.dsv'
[2.746s] INFO:colcon.colcon_core.shell:Creating package script '/home/spinetti/ros2_ws/install/stm32_bot/share/stm32_bot/package.sh'
[2.747s] INFO:colcon.colcon_core.shell:Creating package script '/home/spinetti/ros2_ws/install/stm32_bot/share/stm32_bot/package.bash'
[2.748s] INFO:colcon.colcon_core.shell:Creating package script '/home/spinetti/ros2_ws/install/stm32_bot/share/stm32_bot/package.zsh'
[2.748s] Level 1:colcon.colcon_core.environment:create_file_with_runtime_dependencies(/home/spinetti/ros2_ws/install/stm32_bot/share/colcon-core/packages/stm32_bot)
[2.749s] DEBUG:colcon.colcon_parallel_executor.executor.parallel:closing loop
[2.749s] DEBUG:colcon.colcon_parallel_executor.executor.parallel:loop closed
[2.749s] DEBUG:colcon.colcon_parallel_executor.executor.parallel:run_until_complete finished with '0'
[2.749s] DEBUG:colcon.colcon_core.event_reactor:joining thread
[2.756s] INFO:colcon.colcon_core.plugin_system:Skipping extension 'colcon_notification.desktop_notification.terminal_notifier': Not used on non-Darwin systems
[2.756s] INFO:colcon.colcon_core.plugin_system:Skipping extension 'colcon_notification.desktop_notification.win32': Not used on non-Windows systems
[2.757s] INFO:colcon.colcon_notification.desktop_notification:Sending desktop notification using 'notify2'
[2.783s] DEBUG:colcon.colcon_core.event_reactor:joined thread
[2.784s] INFO:colcon.colcon_core.shell:Creating prefix script '/home/spinetti/ros2_ws/install/local_setup.ps1'
[2.785s] INFO:colcon.colcon_core.shell:Creating prefix util module '/home/spinetti/ros2_ws/install/_local_setup_util_ps1.py'
[2.787s] INFO:colcon.colcon_core.shell:Creating prefix chain script '/home/spinetti/ros2_ws/install/setup.ps1'
[2.789s] INFO:colcon.colcon_core.shell:Creating prefix script '/home/spinetti/ros2_ws/install/local_setup.sh'
[2.790s] INFO:colcon.colcon_core.shell:Creating prefix util module '/home/spinetti/ros2_ws/install/_local_setup_util_sh.py'
[2.792s] INFO:colcon.colcon_core.shell:Creating prefix chain script '/home/spinetti/ros2_ws/install/setup.sh'
[2.796s] INFO:colcon.colcon_core.shell:Creating prefix script '/home/spinetti/ros2_ws/install/local_setup.bash'
[2.798s] INFO:colcon.colcon_core.shell:Creating prefix chain script '/home/spinetti/ros2_ws/install/setup.bash'
[2.801s] INFO:colcon.colcon_core.shell:Creating prefix script '/home/spinetti/ros2_ws/install/local_setup.zsh'
[2.802s] INFO:colcon.colcon_core.shell:Creating prefix chain script '/home/spinetti/ros2_ws/install/setup.zsh'
