[0.149s] DEBUG:colcon:Command line arguments: ['/usr/bin/colcon', 'build']
[0.149s] DEBUG:colcon:Parsed command line arguments: Namespace(log_base=None, log_level=None, verb_name='build', build_base='build', install_base='install', merge_install=False, symlink_install=False, test_result_base=None, continue_on_error=False, executor='parallel', parallel_workers=4, event_handlers=None, ignore_user_meta=False, metas=['./colcon.meta'], base_paths=['.'], packages_ignore=None, packages_ignore_regex=None, paths=None, packages_up_to=None, packages_up_to_regex=None, packages_above=None, packages_above_and_dependencies=None, packages_above_depth=None, packages_select_by_dep=None, packages_skip_by_dep=None, packages_skip_up_to=None, packages_select_build_failed=False, packages_skip_build_finished=False, packages_select_test_failures=False, packages_skip_test_passed=False, packages_select=None, packages_skip=None, packages_select_regex=None, packages_skip_regex=None, packages_start=None, packages_end=None, allow_overriding=[], cmake_args=None, cmake_target=None, cmake_target_skip_unavailable=False, cmake_clean_cache=False, cmake_clean_first=False, cmake_force_configure=False, ament_cmake_args=None, catkin_cmake_args=None, catkin_skip_building_tests=False, mixin_files=None, mixin=None, verb_parser=<colcon_mixin.mixin.mixin_argument.MixinArgumentDecorator object at 0xffffb8bb58b0>, verb_extension=<colcon_core.verb.build.BuildVerb object at 0xffffb8b3f4d0>, main=<bound method BuildVerb.main of <colcon_core.verb.build.BuildVerb object at 0xffffb8b3f4d0>>, mixin_verb=('build',))
[0.207s] Level 1:colcon.colcon_core.package_discovery:discover_packages(colcon_meta) check parameters
[0.207s] Level 1:colcon.colcon_core.package_discovery:discover_packages(recursive) check parameters
[0.207s] Level 1:colcon.colcon_core.package_discovery:discover_packages(ignore) check parameters
[0.207s] Level 1:colcon.colcon_core.package_discovery:discover_packages(path) check parameters
[0.207s] Level 1:colcon.colcon_core.package_discovery:discover_packages(colcon_meta) discover
[0.208s] Level 1:colcon.colcon_core.package_discovery:discover_packages(recursive) discover
[0.208s] INFO:colcon.colcon_core.package_discovery:Crawling recursively for packages in '/home/spinetti/ros2_ws/src'
[0.208s] Level 1:colcon.colcon_core.package_identification:_identify(.) by extensions ['ignore', 'ignore_ament_install']
[0.208s] Level 1:colcon.colcon_core.package_identification:_identify(.) by extension 'ignore'
[0.208s] Level 1:colcon.colcon_core.package_identification:_identify(.) by extension 'ignore_ament_install'
[0.208s] Level 1:colcon.colcon_core.package_identification:_identify(.) by extensions ['colcon_pkg']
[0.208s] Level 1:colcon.colcon_core.package_identification:_identify(.) by extension 'colcon_pkg'
[0.208s] Level 1:colcon.colcon_core.package_identification:_identify(.) by extensions ['colcon_meta']
[0.208s] Level 1:colcon.colcon_core.package_identification:_identify(.) by extension 'colcon_meta'
[0.208s] Level 1:colcon.colcon_core.package_identification:_identify(.) by extensions ['ros']
[0.208s] Level 1:colcon.colcon_core.package_identification:_identify(.) by extension 'ros'
[0.247s] Level 1:colcon.colcon_core.package_identification:_identify(.) by extensions ['cmake', 'python']
[0.247s] Level 1:colcon.colcon_core.package_identification:_identify(.) by extension 'cmake'
[0.247s] Level 1:colcon.colcon_core.package_identification:_identify(.) by extension 'python'
[0.247s] Level 1:colcon.colcon_core.package_identification:_identify(.) by extensions ['python_setup_py']
[0.247s] Level 1:colcon.colcon_core.package_identification:_identify(.) by extension 'python_setup_py'
[0.247s] Level 1:colcon.colcon_core.package_identification:_identify(build) by extensions ['ignore', 'ignore_ament_install']
[0.247s] Level 1:colcon.colcon_core.package_identification:_identify(build) by extension 'ignore'
[0.247s] Level 1:colcon.colcon_core.package_identification:_identify(build) ignored
[0.247s] Level 1:colcon.colcon_core.package_identification:_identify(install) by extensions ['ignore', 'ignore_ament_install']
[0.248s] Level 1:colcon.colcon_core.package_identification:_identify(install) by extension 'ignore'
[0.248s] Level 1:colcon.colcon_core.package_identification:_identify(install) ignored
[0.248s] Level 1:colcon.colcon_core.package_identification:_identify(ldlidar_stl_ros2) by extensions ['ignore', 'ignore_ament_install']
[0.248s] Level 1:colcon.colcon_core.package_identification:_identify(ldlidar_stl_ros2) by extension 'ignore'
[0.248s] Level 1:colcon.colcon_core.package_identification:_identify(ldlidar_stl_ros2) by extension 'ignore_ament_install'
[0.248s] Level 1:colcon.colcon_core.package_identification:_identify(ldlidar_stl_ros2) by extensions ['colcon_pkg']
[0.248s] Level 1:colcon.colcon_core.package_identification:_identify(ldlidar_stl_ros2) by extension 'colcon_pkg'
[0.248s] Level 1:colcon.colcon_core.package_identification:_identify(ldlidar_stl_ros2) by extensions ['colcon_meta']
[0.248s] Level 1:colcon.colcon_core.package_identification:_identify(ldlidar_stl_ros2) by extension 'colcon_meta'
[0.248s] Level 1:colcon.colcon_core.package_identification:_identify(ldlidar_stl_ros2) by extensions ['ros']
[0.248s] Level 1:colcon.colcon_core.package_identification:_identify(ldlidar_stl_ros2) by extension 'ros'
[0.251s] DEBUG:colcon.colcon_core.package_identification:Package 'ldlidar_stl_ros2' with type 'ros.ament_cmake' and name 'ldlidar_stl_ros2'
[0.251s] Level 1:colcon.colcon_core.package_identification:_identify(log) by extensions ['ignore', 'ignore_ament_install']
[0.252s] Level 1:colcon.colcon_core.package_identification:_identify(log) by extension 'ignore'
[0.252s] Level 1:colcon.colcon_core.package_identification:_identify(log) ignored
[0.252s] Level 1:colcon.colcon_core.package_identification:_identify(spinetti_bringup) by extensions ['ignore', 'ignore_ament_install']
[0.252s] Level 1:colcon.colcon_core.package_identification:_identify(spinetti_bringup) by extension 'ignore'
[0.252s] Level 1:colcon.colcon_core.package_identification:_identify(spinetti_bringup) by extension 'ignore_ament_install'
[0.252s] Level 1:colcon.colcon_core.package_identification:_identify(spinetti_bringup) by extensions ['colcon_pkg']
[0.252s] Level 1:colcon.colcon_core.package_identification:_identify(spinetti_bringup) by extension 'colcon_pkg'
[0.252s] Level 1:colcon.colcon_core.package_identification:_identify(spinetti_bringup) by extensions ['colcon_meta']
[0.252s] Level 1:colcon.colcon_core.package_identification:_identify(spinetti_bringup) by extension 'colcon_meta'
[0.252s] Level 1:colcon.colcon_core.package_identification:_identify(spinetti_bringup) by extensions ['ros']
[0.252s] Level 1:colcon.colcon_core.package_identification:_identify(spinetti_bringup) by extension 'ros'
[0.253s] DEBUG:colcon.colcon_core.package_identification:Package 'spinetti_bringup' with type 'ros.ament_python' and name 'spinetti_bringup'
[0.253s] Level 1:colcon.colcon_core.package_identification:_identify(stm32_bot) by extensions ['ignore', 'ignore_ament_install']
[0.253s] Level 1:colcon.colcon_core.package_identification:_identify(stm32_bot) by extension 'ignore'
[0.253s] Level 1:colcon.colcon_core.package_identification:_identify(stm32_bot) by extension 'ignore_ament_install'
[0.253s] Level 1:colcon.colcon_core.package_identification:_identify(stm32_bot) by extensions ['colcon_pkg']
[0.253s] Level 1:colcon.colcon_core.package_identification:_identify(stm32_bot) by extension 'colcon_pkg'
[0.253s] Level 1:colcon.colcon_core.package_identification:_identify(stm32_bot) by extensions ['colcon_meta']
[0.253s] Level 1:colcon.colcon_core.package_identification:_identify(stm32_bot) by extension 'colcon_meta'
[0.253s] Level 1:colcon.colcon_core.package_identification:_identify(stm32_bot) by extensions ['ros']
[0.253s] Level 1:colcon.colcon_core.package_identification:_identify(stm32_bot) by extension 'ros'
[0.254s] DEBUG:colcon.colcon_core.package_identification:Package 'stm32_bot' with type 'ros.ament_python' and name 'stm32_bot'
[0.254s] Level 1:colcon.colcon_core.package_identification:_identify(tm210_driver) by extensions ['ignore', 'ignore_ament_install']
[0.254s] Level 1:colcon.colcon_core.package_identification:_identify(tm210_driver) by extension 'ignore'
[0.254s] Level 1:colcon.colcon_core.package_identification:_identify(tm210_driver) by extension 'ignore_ament_install'
[0.255s] Level 1:colcon.colcon_core.package_identification:_identify(tm210_driver) by extensions ['colcon_pkg']
[0.255s] Level 1:colcon.colcon_core.package_identification:_identify(tm210_driver) by extension 'colcon_pkg'
[0.255s] Level 1:colcon.colcon_core.package_identification:_identify(tm210_driver) by extensions ['colcon_meta']
[0.255s] Level 1:colcon.colcon_core.package_identification:_identify(tm210_driver) by extension 'colcon_meta'
[0.255s] Level 1:colcon.colcon_core.package_identification:_identify(tm210_driver) by extensions ['ros']
[0.255s] Level 1:colcon.colcon_core.package_identification:_identify(tm210_driver) by extension 'ros'
[0.256s] DEBUG:colcon.colcon_core.package_identification:Package 'tm210_driver' with type 'ros.ament_cmake' and name 'tm_imu'
[0.256s] Level 1:colcon.colcon_core.package_discovery:discover_packages(recursive) using defaults
[0.256s] Level 1:colcon.colcon_core.package_discovery:discover_packages(ignore) discover
[0.256s] Level 1:colcon.colcon_core.package_discovery:discover_packages(ignore) using defaults
[0.256s] Level 1:colcon.colcon_core.package_discovery:discover_packages(path) discover
[0.256s] Level 1:colcon.colcon_core.package_discovery:discover_packages(path) using defaults
[0.280s] Level 1:colcon.colcon_core.package_discovery:discover_packages(prefix_path) check parameters
[0.280s] Level 1:colcon.colcon_core.package_discovery:discover_packages(prefix_path) discover
[0.283s] DEBUG:colcon.colcon_installed_package_information.package_discovery:Found 4 installed packages in /home/spinetti/ros2_ws/install
[0.283s] DEBUG:colcon.colcon_installed_package_information.package_discovery:Found 1 installed packages in /home/spinetti/install
[0.286s] DEBUG:colcon.colcon_installed_package_information.package_discovery:Found 388 installed packages in /opt/ros/jazzy
[0.289s] Level 1:colcon.colcon_core.package_discovery:discover_packages(prefix_path) using defaults
[0.364s] Level 5:colcon.colcon_core.verb:set package 'ldlidar_stl_ros2' build argument 'cmake_args' from command line to 'None'
[0.364s] Level 5:colcon.colcon_core.verb:set package 'ldlidar_stl_ros2' build argument 'cmake_target' from command line to 'None'
[0.364s] Level 5:colcon.colcon_core.verb:set package 'ldlidar_stl_ros2' build argument 'cmake_target_skip_unavailable' from command line to 'False'
[0.364s] Level 5:colcon.colcon_core.verb:set package 'ldlidar_stl_ros2' build argument 'cmake_clean_cache' from command line to 'False'
[0.364s] Level 5:colcon.colcon_core.verb:set package 'ldlidar_stl_ros2' build argument 'cmake_clean_first' from command line to 'False'
[0.364s] Level 5:colcon.colcon_core.verb:set package 'ldlidar_stl_ros2' build argument 'cmake_force_configure' from command line to 'False'
[0.364s] Level 5:colcon.colcon_core.verb:set package 'ldlidar_stl_ros2' build argument 'ament_cmake_args' from command line to 'None'
[0.364s] Level 5:colcon.colcon_core.verb:set package 'ldlidar_stl_ros2' build argument 'catkin_cmake_args' from command line to 'None'
[0.364s] Level 5:colcon.colcon_core.verb:set package 'ldlidar_stl_ros2' build argument 'catkin_skip_building_tests' from command line to 'False'
[0.364s] DEBUG:colcon.colcon_core.verb:Building package 'ldlidar_stl_ros2' with the following arguments: {'ament_cmake_args': None, 'build_base': '/home/spinetti/ros2_ws/src/build/ldlidar_stl_ros2', 'catkin_cmake_args': None, 'catkin_skip_building_tests': False, 'cmake_args': None, 'cmake_clean_cache': False, 'cmake_clean_first': False, 'cmake_force_configure': False, 'cmake_target': None, 'cmake_target_skip_unavailable': False, 'install_base': '/home/spinetti/ros2_ws/src/install/ldlidar_stl_ros2', 'merge_install': False, 'path': '/home/spinetti/ros2_ws/src/ldlidar_stl_ros2', 'symlink_install': False, 'test_result_base': None}
[0.364s] Level 5:colcon.colcon_core.verb:set package 'spinetti_bringup' build argument 'cmake_args' from command line to 'None'
[0.364s] Level 5:colcon.colcon_core.verb:set package 'spinetti_bringup' build argument 'cmake_target' from command line to 'None'
[0.364s] Level 5:colcon.colcon_core.verb:set package 'spinetti_bringup' build argument 'cmake_target_skip_unavailable' from command line to 'False'
[0.365s] Level 5:colcon.colcon_core.verb:set package 'spinetti_bringup' build argument 'cmake_clean_cache' from command line to 'False'
[0.365s] Level 5:colcon.colcon_core.verb:set package 'spinetti_bringup' build argument 'cmake_clean_first' from command line to 'False'
[0.365s] Level 5:colcon.colcon_core.verb:set package 'spinetti_bringup' build argument 'cmake_force_configure' from command line to 'False'
[0.365s] Level 5:colcon.colcon_core.verb:set package 'spinetti_bringup' build argument 'ament_cmake_args' from command line to 'None'
[0.365s] Level 5:colcon.colcon_core.verb:set package 'spinetti_bringup' build argument 'catkin_cmake_args' from command line to 'None'
[0.365s] Level 5:colcon.colcon_core.verb:set package 'spinetti_bringup' build argument 'catkin_skip_building_tests' from command line to 'False'
[0.365s] DEBUG:colcon.colcon_core.verb:Building package 'spinetti_bringup' with the following arguments: {'ament_cmake_args': None, 'build_base': '/home/spinetti/ros2_ws/src/build/spinetti_bringup', 'catkin_cmake_args': None, 'catkin_skip_building_tests': False, 'cmake_args': None, 'cmake_clean_cache': False, 'cmake_clean_first': False, 'cmake_force_configure': False, 'cmake_target': None, 'cmake_target_skip_unavailable': False, 'install_base': '/home/spinetti/ros2_ws/src/install/spinetti_bringup', 'merge_install': False, 'path': '/home/spinetti/ros2_ws/src/spinetti_bringup', 'symlink_install': False, 'test_result_base': None}
[0.365s] Level 5:colcon.colcon_core.verb:set package 'stm32_bot' build argument 'cmake_args' from command line to 'None'
[0.365s] Level 5:colcon.colcon_core.verb:set package 'stm32_bot' build argument 'cmake_target' from command line to 'None'
[0.365s] Level 5:colcon.colcon_core.verb:set package 'stm32_bot' build argument 'cmake_target_skip_unavailable' from command line to 'False'
[0.365s] Level 5:colcon.colcon_core.verb:set package 'stm32_bot' build argument 'cmake_clean_cache' from command line to 'False'
[0.365s] Level 5:colcon.colcon_core.verb:set package 'stm32_bot' build argument 'cmake_clean_first' from command line to 'False'
[0.365s] Level 5:colcon.colcon_core.verb:set package 'stm32_bot' build argument 'cmake_force_configure' from command line to 'False'
[0.365s] Level 5:colcon.colcon_core.verb:set package 'stm32_bot' build argument 'ament_cmake_args' from command line to 'None'
[0.365s] Level 5:colcon.colcon_core.verb:set package 'stm32_bot' build argument 'catkin_cmake_args' from command line to 'None'
[0.365s] Level 5:colcon.colcon_core.verb:set package 'stm32_bot' build argument 'catkin_skip_building_tests' from command line to 'False'
[0.365s] DEBUG:colcon.colcon_core.verb:Building package 'stm32_bot' with the following arguments: {'ament_cmake_args': None, 'build_base': '/home/spinetti/ros2_ws/src/build/stm32_bot', 'catkin_cmake_args': None, 'catkin_skip_building_tests': False, 'cmake_args': None, 'cmake_clean_cache': False, 'cmake_clean_first': False, 'cmake_force_configure': False, 'cmake_target': None, 'cmake_target_skip_unavailable': False, 'install_base': '/home/spinetti/ros2_ws/src/install/stm32_bot', 'merge_install': False, 'path': '/home/spinetti/ros2_ws/src/stm32_bot', 'symlink_install': False, 'test_result_base': None}
[0.365s] Level 5:colcon.colcon_core.verb:set package 'tm_imu' build argument 'cmake_args' from command line to 'None'
[0.365s] Level 5:colcon.colcon_core.verb:set package 'tm_imu' build argument 'cmake_target' from command line to 'None'
[0.366s] Level 5:colcon.colcon_core.verb:set package 'tm_imu' build argument 'cmake_target_skip_unavailable' from command line to 'False'
[0.366s] Level 5:colcon.colcon_core.verb:set package 'tm_imu' build argument 'cmake_clean_cache' from command line to 'False'
[0.366s] Level 5:colcon.colcon_core.verb:set package 'tm_imu' build argument 'cmake_clean_first' from command line to 'False'
[0.366s] Level 5:colcon.colcon_core.verb:set package 'tm_imu' build argument 'cmake_force_configure' from command line to 'False'
[0.366s] Level 5:colcon.colcon_core.verb:set package 'tm_imu' build argument 'ament_cmake_args' from command line to 'None'
[0.366s] Level 5:colcon.colcon_core.verb:set package 'tm_imu' build argument 'catkin_cmake_args' from command line to 'None'
[0.366s] Level 5:colcon.colcon_core.verb:set package 'tm_imu' build argument 'catkin_skip_building_tests' from command line to 'False'
[0.366s] DEBUG:colcon.colcon_core.verb:Building package 'tm_imu' with the following arguments: {'ament_cmake_args': None, 'build_base': '/home/spinetti/ros2_ws/src/build/tm_imu', 'catkin_cmake_args': None, 'catkin_skip_building_tests': False, 'cmake_args': None, 'cmake_clean_cache': False, 'cmake_clean_first': False, 'cmake_force_configure': False, 'cmake_target': None, 'cmake_target_skip_unavailable': False, 'install_base': '/home/spinetti/ros2_ws/src/install/tm_imu', 'merge_install': False, 'path': '/home/spinetti/ros2_ws/src/tm210_driver', 'symlink_install': False, 'test_result_base': None}
[0.366s] INFO:colcon.colcon_core.executor:Executing jobs using 'parallel' executor
[0.367s] DEBUG:colcon.colcon_parallel_executor.executor.parallel:run_until_complete
[0.368s] INFO:colcon.colcon_ros.task.ament_cmake.build:Building ROS package in '/home/spinetti/ros2_ws/src/ldlidar_stl_ros2' with build type 'ament_cmake'
[0.368s] INFO:colcon.colcon_cmake.task.cmake.build:Building CMake package in '/home/spinetti/ros2_ws/src/ldlidar_stl_ros2'
[0.373s] INFO:colcon.colcon_core.plugin_system:Skipping extension 'colcon_core.shell.bat': Not used on non-Windows systems
[0.374s] INFO:colcon.colcon_core.shell:Skip shell extension 'powershell' for command environment: Not usable outside of PowerShell
[0.374s] DEBUG:colcon.colcon_core.shell:Skip shell extension 'dsv' for command environment
[0.383s] INFO:colcon.colcon_ros.task.ament_python.build:Building ROS package in '/home/spinetti/ros2_ws/src/spinetti_bringup' with build type 'ament_python'
[0.384s] Level 1:colcon.colcon_core.shell:create_environment_hook('spinetti_bringup', 'ament_prefix_path')
[0.384s] INFO:colcon.colcon_core.shell:Creating environment hook '/home/spinetti/ros2_ws/src/install/spinetti_bringup/share/spinetti_bringup/hook/ament_prefix_path.ps1'
[0.386s] INFO:colcon.colcon_core.shell:Creating environment descriptor '/home/spinetti/ros2_ws/src/install/spinetti_bringup/share/spinetti_bringup/hook/ament_prefix_path.dsv'
[0.387s] INFO:colcon.colcon_core.shell:Creating environment hook '/home/spinetti/ros2_ws/src/install/spinetti_bringup/share/spinetti_bringup/hook/ament_prefix_path.sh'
[0.389s] INFO:colcon.colcon_core.shell:Skip shell extension 'powershell' for command environment: Not usable outside of PowerShell
[0.389s] DEBUG:colcon.colcon_core.shell:Skip shell extension 'dsv' for command environment
[0.399s] INFO:colcon.colcon_ros.task.ament_python.build:Building ROS package in '/home/spinetti/ros2_ws/src/stm32_bot' with build type 'ament_python'
[0.399s] Level 1:colcon.colcon_core.shell:create_environment_hook('stm32_bot', 'ament_prefix_path')
[0.400s] INFO:colcon.colcon_core.shell:Creating environment hook '/home/spinetti/ros2_ws/src/install/stm32_bot/share/stm32_bot/hook/ament_prefix_path.ps1'
[0.401s] INFO:colcon.colcon_core.shell:Creating environment descriptor '/home/spinetti/ros2_ws/src/install/stm32_bot/share/stm32_bot/hook/ament_prefix_path.dsv'
[0.401s] INFO:colcon.colcon_core.shell:Creating environment hook '/home/spinetti/ros2_ws/src/install/stm32_bot/share/stm32_bot/hook/ament_prefix_path.sh'
[0.402s] INFO:colcon.colcon_core.shell:Skip shell extension 'powershell' for command environment: Not usable outside of PowerShell
[0.402s] DEBUG:colcon.colcon_core.shell:Skip shell extension 'dsv' for command environment
[0.407s] INFO:colcon.colcon_ros.task.ament_cmake.build:Building ROS package in '/home/spinetti/ros2_ws/src/tm210_driver' with build type 'ament_cmake'
[0.408s] INFO:colcon.colcon_cmake.task.cmake.build:Building CMake package in '/home/spinetti/ros2_ws/src/tm210_driver'
[0.409s] INFO:colcon.colcon_core.shell:Skip shell extension 'powershell' for command environment: Not usable outside of PowerShell
[0.409s] DEBUG:colcon.colcon_core.shell:Skip shell extension 'dsv' for command environment
[0.431s] DEBUG:colcon.colcon_core.event_handler.log_command:Invoking command in '/home/spinetti/ros2_ws/src/build/ldlidar_stl_ros2': CMAKE_PREFIX_PATH=${CMAKE_PREFIX_PATH}:/home/spinetti/ros2_ws/install/stm32_bot:/home/spinetti/ros2_ws/install/spinetti_bringup:/home/spinetti/install/stm32_bot:/opt/ros/jazzy DEBUGINFOD_URLS=https://debuginfod.ubuntu.com /usr/bin/cmake /home/spinetti/ros2_ws/src/ldlidar_stl_ros2 -DCMAKE_INSTALL_PREFIX=/home/spinetti/ros2_ws/src/install/ldlidar_stl_ros2
[0.844s] INFO:colcon.colcon_core.task.python.build:Building Python package in '/home/spinetti/ros2_ws/src/spinetti_bringup'
[0.845s] INFO:colcon.colcon_core.shell:Skip shell extension 'powershell' for command environment: Not usable outside of PowerShell
[0.845s] DEBUG:colcon.colcon_core.shell:Skip shell extension 'dsv' for command environment
[1.259s] INFO:colcon.colcon_core.task.python.build:Building Python package in '/home/spinetti/ros2_ws/src/stm32_bot'
[1.260s] INFO:colcon.colcon_core.shell:Skip shell extension 'powershell' for command environment: Not usable outside of PowerShell
[1.260s] DEBUG:colcon.colcon_core.shell:Skip shell extension 'dsv' for command environment
[1.287s] DEBUG:colcon.colcon_core.event_handler.log_command:Invoking command in '/home/spinetti/ros2_ws/src/build/tm_imu': CMAKE_PREFIX_PATH=${CMAKE_PREFIX_PATH}:/home/spinetti/ros2_ws/install/stm32_bot:/home/spinetti/ros2_ws/install/spinetti_bringup:/home/spinetti/install/stm32_bot:/opt/ros/jazzy DEBUGINFOD_URLS=https://debuginfod.ubuntu.com /usr/bin/cmake /home/spinetti/ros2_ws/src/tm210_driver -DCMAKE_INSTALL_PREFIX=/home/spinetti/ros2_ws/src/install/tm_imu
[2.842s] DEBUG:colcon.colcon_core.event_handler.log_command:Invoking command in '/home/spinetti/ros2_ws/src/stm32_bot': DEBUGINFOD_URLS=https://debuginfod.ubuntu.com PYTHONPATH=/home/spinetti/ros2_ws/src/build/stm32_bot/prefix_override:/usr/lib/python3/dist-packages/colcon_core/task/python/colcon_distutils_commands:/home/spinetti/ros2_ws/src/install/stm32_bot/lib/python3.12/site-packages:${PYTHONPATH} /usr/bin/python3 -W ignore:setup.py install is deprecated -W ignore:easy_install command is deprecated setup.py egg_info --egg-base ../build/stm32_bot build --build-base /home/spinetti/ros2_ws/src/build/stm32_bot/build install --record /home/spinetti/ros2_ws/src/build/stm32_bot/install.log --single-version-externally-managed install_data
[2.890s] DEBUG:colcon.colcon_core.event_handler.log_command:Invoking command in '/home/spinetti/ros2_ws/src/spinetti_bringup': DEBUGINFOD_URLS=https://debuginfod.ubuntu.com PYTHONPATH=/home/spinetti/ros2_ws/src/build/spinetti_bringup/prefix_override:/usr/lib/python3/dist-packages/colcon_core/task/python/colcon_distutils_commands:/home/spinetti/ros2_ws/src/install/spinetti_bringup/lib/python3.12/site-packages:${PYTHONPATH} /usr/bin/python3 -W ignore:setup.py install is deprecated -W ignore:easy_install command is deprecated setup.py egg_info --egg-base ../build/spinetti_bringup build --build-base /home/spinetti/ros2_ws/src/build/spinetti_bringup/build install --record /home/spinetti/ros2_ws/src/build/spinetti_bringup/install.log --single-version-externally-managed install_data
[4.008s] DEBUG:colcon.colcon_core.event_handler.log_command:Invoked command in '/home/spinetti/ros2_ws/src/build/ldlidar_stl_ros2' returned '0': CMAKE_PREFIX_PATH=${CMAKE_PREFIX_PATH}:/home/spinetti/ros2_ws/install/stm32_bot:/home/spinetti/ros2_ws/install/spinetti_bringup:/home/spinetti/install/stm32_bot:/opt/ros/jazzy DEBUGINFOD_URLS=https://debuginfod.ubuntu.com /usr/bin/cmake /home/spinetti/ros2_ws/src/ldlidar_stl_ros2 -DCMAKE_INSTALL_PREFIX=/home/spinetti/ros2_ws/src/install/ldlidar_stl_ros2
[4.021s] DEBUG:colcon.colcon_core.event_handler.log_command:Invoking command in '/home/spinetti/ros2_ws/src/build/ldlidar_stl_ros2': CMAKE_PREFIX_PATH=${CMAKE_PREFIX_PATH}:/home/spinetti/ros2_ws/install/stm32_bot:/home/spinetti/ros2_ws/install/spinetti_bringup:/home/spinetti/install/stm32_bot:/opt/ros/jazzy DEBUGINFOD_URLS=https://debuginfod.ubuntu.com /usr/bin/cmake --build /home/spinetti/ros2_ws/src/build/ldlidar_stl_ros2 -- -j4 -l4
[4.146s] DEBUG:colcon.colcon_core.event_handler.log_command:Invoked command in '/home/spinetti/ros2_ws/src/stm32_bot' returned '0': DEBUGINFOD_URLS=https://debuginfod.ubuntu.com PYTHONPATH=/home/spinetti/ros2_ws/src/build/stm32_bot/prefix_override:/usr/lib/python3/dist-packages/colcon_core/task/python/colcon_distutils_commands:/home/spinetti/ros2_ws/src/install/stm32_bot/lib/python3.12/site-packages:${PYTHONPATH} /usr/bin/python3 -W ignore:setup.py install is deprecated -W ignore:easy_install command is deprecated setup.py egg_info --egg-base ../build/stm32_bot build --build-base /home/spinetti/ros2_ws/src/build/stm32_bot/build install --record /home/spinetti/ros2_ws/src/build/stm32_bot/install.log --single-version-externally-managed install_data
[4.150s] Level 1:colcon.colcon_core.environment:checking '/home/spinetti/ros2_ws/src/install/stm32_bot' for CMake module files
[4.151s] Level 1:colcon.colcon_core.environment:checking '/home/spinetti/ros2_ws/src/install/stm32_bot' for CMake config files
[4.152s] Level 1:colcon.colcon_core.environment:checking '/home/spinetti/ros2_ws/src/install/stm32_bot/lib'
[4.153s] Level 1:colcon.colcon_core.environment:checking '/home/spinetti/ros2_ws/src/install/stm32_bot/bin'
[4.153s] Level 1:colcon.colcon_core.environment:checking '/home/spinetti/ros2_ws/src/install/stm32_bot/lib/pkgconfig/stm32_bot.pc'
[4.153s] Level 1:colcon.colcon_core.environment:checking '/home/spinetti/ros2_ws/src/install/stm32_bot/lib/python3.12/site-packages'
[4.154s] Level 1:colcon.colcon_core.shell:create_environment_hook('stm32_bot', 'pythonpath')
[4.154s] INFO:colcon.colcon_core.shell:Creating environment hook '/home/spinetti/ros2_ws/src/install/stm32_bot/share/stm32_bot/hook/pythonpath.ps1'
[4.155s] INFO:colcon.colcon_core.shell:Creating environment descriptor '/home/spinetti/ros2_ws/src/install/stm32_bot/share/stm32_bot/hook/pythonpath.dsv'
[4.156s] INFO:colcon.colcon_core.shell:Creating environment hook '/home/spinetti/ros2_ws/src/install/stm32_bot/share/stm32_bot/hook/pythonpath.sh'
[4.158s] Level 1:colcon.colcon_core.environment:checking '/home/spinetti/ros2_ws/src/install/stm32_bot/bin'
[4.158s] Level 1:colcon.colcon_core.environment:create_environment_scripts_only(stm32_bot)
[4.159s] INFO:colcon.colcon_core.shell:Creating package script '/home/spinetti/ros2_ws/src/install/stm32_bot/share/stm32_bot/package.ps1'
[4.161s] INFO:colcon.colcon_core.shell:Creating package descriptor '/home/spinetti/ros2_ws/src/install/stm32_bot/share/stm32_bot/package.dsv'
[4.162s] INFO:colcon.colcon_core.shell:Creating package script '/home/spinetti/ros2_ws/src/install/stm32_bot/share/stm32_bot/package.sh'
[4.163s] INFO:colcon.colcon_core.shell:Creating package script '/home/spinetti/ros2_ws/src/install/stm32_bot/share/stm32_bot/package.bash'
[4.165s] INFO:colcon.colcon_core.shell:Creating package script '/home/spinetti/ros2_ws/src/install/stm32_bot/share/stm32_bot/package.zsh'
[4.166s] Level 1:colcon.colcon_core.environment:create_file_with_runtime_dependencies(/home/spinetti/ros2_ws/src/install/stm32_bot/share/colcon-core/packages/stm32_bot)
[4.188s] Level 1:colcon.colcon_core.environment:checking '/home/spinetti/ros2_ws/src/install/spinetti_bringup' for CMake module files
[4.192s] Level 1:colcon.colcon_core.environment:checking '/home/spinetti/ros2_ws/src/install/spinetti_bringup' for CMake config files
[4.193s] Level 1:colcon.colcon_core.environment:checking '/home/spinetti/ros2_ws/src/install/spinetti_bringup/lib'
[4.194s] Level 1:colcon.colcon_core.environment:checking '/home/spinetti/ros2_ws/src/install/spinetti_bringup/bin'
[4.194s] Level 1:colcon.colcon_core.environment:checking '/home/spinetti/ros2_ws/src/install/spinetti_bringup/lib/pkgconfig/spinetti_bringup.pc'
[4.194s] DEBUG:colcon.colcon_core.event_handler.log_command:Invoked command in '/home/spinetti/ros2_ws/src/spinetti_bringup' returned '0': DEBUGINFOD_URLS=https://debuginfod.ubuntu.com PYTHONPATH=/home/spinetti/ros2_ws/src/build/spinetti_bringup/prefix_override:/usr/lib/python3/dist-packages/colcon_core/task/python/colcon_distutils_commands:/home/spinetti/ros2_ws/src/install/spinetti_bringup/lib/python3.12/site-packages:${PYTHONPATH} /usr/bin/python3 -W ignore:setup.py install is deprecated -W ignore:easy_install command is deprecated setup.py egg_info --egg-base ../build/spinetti_bringup build --build-base /home/spinetti/ros2_ws/src/build/spinetti_bringup/build install --record /home/spinetti/ros2_ws/src/build/spinetti_bringup/install.log --single-version-externally-managed install_data
[4.195s] Level 1:colcon.colcon_core.environment:checking '/home/spinetti/ros2_ws/src/install/spinetti_bringup/lib/python3.12/site-packages'
[4.195s] Level 1:colcon.colcon_core.shell:create_environment_hook('spinetti_bringup', 'pythonpath')
[4.199s] INFO:colcon.colcon_core.shell:Creating environment hook '/home/spinetti/ros2_ws/src/install/spinetti_bringup/share/spinetti_bringup/hook/pythonpath.ps1'
[4.200s] INFO:colcon.colcon_core.shell:Creating environment descriptor '/home/spinetti/ros2_ws/src/install/spinetti_bringup/share/spinetti_bringup/hook/pythonpath.dsv'
[4.200s] INFO:colcon.colcon_core.shell:Creating environment hook '/home/spinetti/ros2_ws/src/install/spinetti_bringup/share/spinetti_bringup/hook/pythonpath.sh'
[4.208s] Level 1:colcon.colcon_core.environment:checking '/home/spinetti/ros2_ws/src/install/spinetti_bringup/bin'
[4.209s] Level 1:colcon.colcon_core.environment:create_environment_scripts_only(spinetti_bringup)
[4.209s] INFO:colcon.colcon_core.shell:Creating package script '/home/spinetti/ros2_ws/src/install/spinetti_bringup/share/spinetti_bringup/package.ps1'
[4.214s] INFO:colcon.colcon_core.shell:Creating package descriptor '/home/spinetti/ros2_ws/src/install/spinetti_bringup/share/spinetti_bringup/package.dsv'
[4.215s] INFO:colcon.colcon_core.shell:Creating package script '/home/spinetti/ros2_ws/src/install/spinetti_bringup/share/spinetti_bringup/package.sh'
[4.218s] INFO:colcon.colcon_core.shell:Creating package script '/home/spinetti/ros2_ws/src/install/spinetti_bringup/share/spinetti_bringup/package.bash'
[4.220s] INFO:colcon.colcon_core.shell:Creating package script '/home/spinetti/ros2_ws/src/install/spinetti_bringup/share/spinetti_bringup/package.zsh'
[4.220s] Level 1:colcon.colcon_core.environment:create_file_with_runtime_dependencies(/home/spinetti/ros2_ws/src/install/spinetti_bringup/share/colcon-core/packages/spinetti_bringup)
[5.491s] DEBUG:colcon.colcon_core.event_handler.log_command:Invoked command in '/home/spinetti/ros2_ws/src/build/tm_imu' returned '0': CMAKE_PREFIX_PATH=${CMAKE_PREFIX_PATH}:/home/spinetti/ros2_ws/install/stm32_bot:/home/spinetti/ros2_ws/install/spinetti_bringup:/home/spinetti/install/stm32_bot:/opt/ros/jazzy DEBUGINFOD_URLS=https://debuginfod.ubuntu.com /usr/bin/cmake /home/spinetti/ros2_ws/src/tm210_driver -DCMAKE_INSTALL_PREFIX=/home/spinetti/ros2_ws/src/install/tm_imu
[5.492s] DEBUG:colcon.colcon_core.event_handler.log_command:Invoking command in '/home/spinetti/ros2_ws/src/build/tm_imu': CMAKE_PREFIX_PATH=${CMAKE_PREFIX_PATH}:/home/spinetti/ros2_ws/install/stm32_bot:/home/spinetti/ros2_ws/install/spinetti_bringup:/home/spinetti/install/stm32_bot:/opt/ros/jazzy DEBUGINFOD_URLS=https://debuginfod.ubuntu.com /usr/bin/cmake --build /home/spinetti/ros2_ws/src/build/tm_imu -- -j4 -l4
[17.663s] DEBUG:colcon.colcon_core.event_handler.log_command:Invoked command in '/home/spinetti/ros2_ws/src/build/ldlidar_stl_ros2' returned '0': CMAKE_PREFIX_PATH=${CMAKE_PREFIX_PATH}:/home/spinetti/ros2_ws/install/stm32_bot:/home/spinetti/ros2_ws/install/spinetti_bringup:/home/spinetti/install/stm32_bot:/opt/ros/jazzy DEBUGINFOD_URLS=https://debuginfod.ubuntu.com /usr/bin/cmake --build /home/spinetti/ros2_ws/src/build/ldlidar_stl_ros2 -- -j4 -l4
[17.684s] DEBUG:colcon.colcon_core.event_handler.log_command:Invoking command in '/home/spinetti/ros2_ws/src/build/ldlidar_stl_ros2': CMAKE_PREFIX_PATH=${CMAKE_PREFIX_PATH}:/home/spinetti/ros2_ws/install/stm32_bot:/home/spinetti/ros2_ws/install/spinetti_bringup:/home/spinetti/install/stm32_bot:/opt/ros/jazzy DEBUGINFOD_URLS=https://debuginfod.ubuntu.com /usr/bin/cmake --install /home/spinetti/ros2_ws/src/build/ldlidar_stl_ros2
[17.712s] Level 1:colcon.colcon_core.environment:create_environment_scripts_only(ldlidar_stl_ros2)
[17.713s] Level 1:colcon.colcon_core.environment:checking '/home/spinetti/ros2_ws/src/install/ldlidar_stl_ros2' for CMake module files
[17.713s] DEBUG:colcon.colcon_core.event_handler.log_command:Invoked command in '/home/spinetti/ros2_ws/src/build/ldlidar_stl_ros2' returned '0': CMAKE_PREFIX_PATH=${CMAKE_PREFIX_PATH}:/home/spinetti/ros2_ws/install/stm32_bot:/home/spinetti/ros2_ws/install/spinetti_bringup:/home/spinetti/install/stm32_bot:/opt/ros/jazzy DEBUGINFOD_URLS=https://debuginfod.ubuntu.com /usr/bin/cmake --install /home/spinetti/ros2_ws/src/build/ldlidar_stl_ros2
[17.714s] Level 1:colcon.colcon_core.environment:checking '/home/spinetti/ros2_ws/src/install/ldlidar_stl_ros2' for CMake config files
[17.714s] Level 1:colcon.colcon_core.shell:create_environment_hook('ldlidar_stl_ros2', 'cmake_prefix_path')
[17.715s] INFO:colcon.colcon_core.shell:Creating environment hook '/home/spinetti/ros2_ws/src/install/ldlidar_stl_ros2/share/ldlidar_stl_ros2/hook/cmake_prefix_path.ps1'
[17.715s] INFO:colcon.colcon_core.shell:Creating environment descriptor '/home/spinetti/ros2_ws/src/install/ldlidar_stl_ros2/share/ldlidar_stl_ros2/hook/cmake_prefix_path.dsv'
[17.716s] INFO:colcon.colcon_core.shell:Creating environment hook '/home/spinetti/ros2_ws/src/install/ldlidar_stl_ros2/share/ldlidar_stl_ros2/hook/cmake_prefix_path.sh'
[17.717s] Level 1:colcon.colcon_core.environment:checking '/home/spinetti/ros2_ws/src/install/ldlidar_stl_ros2/lib'
[17.717s] Level 1:colcon.colcon_core.environment:checking '/home/spinetti/ros2_ws/src/install/ldlidar_stl_ros2/bin'
[17.717s] Level 1:colcon.colcon_core.environment:checking '/home/spinetti/ros2_ws/src/install/ldlidar_stl_ros2/lib/pkgconfig/ldlidar_stl_ros2.pc'
[17.717s] Level 1:colcon.colcon_core.environment:checking '/home/spinetti/ros2_ws/src/install/ldlidar_stl_ros2/lib/python3.12/site-packages'
[17.718s] Level 1:colcon.colcon_core.environment:checking '/home/spinetti/ros2_ws/src/install/ldlidar_stl_ros2/bin'
[17.718s] INFO:colcon.colcon_core.shell:Creating package script '/home/spinetti/ros2_ws/src/install/ldlidar_stl_ros2/share/ldlidar_stl_ros2/package.ps1'
[17.719s] INFO:colcon.colcon_core.shell:Creating package descriptor '/home/spinetti/ros2_ws/src/install/ldlidar_stl_ros2/share/ldlidar_stl_ros2/package.dsv'
[17.719s] INFO:colcon.colcon_core.shell:Creating package script '/home/spinetti/ros2_ws/src/install/ldlidar_stl_ros2/share/ldlidar_stl_ros2/package.sh'
[17.720s] INFO:colcon.colcon_core.shell:Creating package script '/home/spinetti/ros2_ws/src/install/ldlidar_stl_ros2/share/ldlidar_stl_ros2/package.bash'
[17.720s] INFO:colcon.colcon_core.shell:Creating package script '/home/spinetti/ros2_ws/src/install/ldlidar_stl_ros2/share/ldlidar_stl_ros2/package.zsh'
[17.721s] Level 1:colcon.colcon_core.environment:create_file_with_runtime_dependencies(/home/spinetti/ros2_ws/src/install/ldlidar_stl_ros2/share/colcon-core/packages/ldlidar_stl_ros2)
[17.722s] Level 1:colcon.colcon_core.environment:create_environment_scripts_only(ldlidar_stl_ros2)
[17.722s] Level 1:colcon.colcon_core.environment:checking '/home/spinetti/ros2_ws/src/install/ldlidar_stl_ros2' for CMake module files
[17.723s] Level 1:colcon.colcon_core.environment:checking '/home/spinetti/ros2_ws/src/install/ldlidar_stl_ros2' for CMake config files
[17.723s] Level 1:colcon.colcon_core.shell:create_environment_hook('ldlidar_stl_ros2', 'cmake_prefix_path')
[17.723s] INFO:colcon.colcon_core.shell:Creating environment hook '/home/spinetti/ros2_ws/src/install/ldlidar_stl_ros2/share/ldlidar_stl_ros2/hook/cmake_prefix_path.ps1'
[17.724s] INFO:colcon.colcon_core.shell:Creating environment descriptor '/home/spinetti/ros2_ws/src/install/ldlidar_stl_ros2/share/ldlidar_stl_ros2/hook/cmake_prefix_path.dsv'
[17.724s] INFO:colcon.colcon_core.shell:Creating environment hook '/home/spinetti/ros2_ws/src/install/ldlidar_stl_ros2/share/ldlidar_stl_ros2/hook/cmake_prefix_path.sh'
[17.725s] Level 1:colcon.colcon_core.environment:checking '/home/spinetti/ros2_ws/src/install/ldlidar_stl_ros2/lib'
[17.725s] Level 1:colcon.colcon_core.environment:checking '/home/spinetti/ros2_ws/src/install/ldlidar_stl_ros2/bin'
[17.725s] Level 1:colcon.colcon_core.environment:checking '/home/spinetti/ros2_ws/src/install/ldlidar_stl_ros2/lib/pkgconfig/ldlidar_stl_ros2.pc'
[17.726s] Level 1:colcon.colcon_core.environment:checking '/home/spinetti/ros2_ws/src/install/ldlidar_stl_ros2/lib/python3.12/site-packages'
[17.726s] Level 1:colcon.colcon_core.environment:checking '/home/spinetti/ros2_ws/src/install/ldlidar_stl_ros2/bin'
[17.726s] INFO:colcon.colcon_core.shell:Creating package script '/home/spinetti/ros2_ws/src/install/ldlidar_stl_ros2/share/ldlidar_stl_ros2/package.ps1'
[17.727s] INFO:colcon.colcon_core.shell:Creating package descriptor '/home/spinetti/ros2_ws/src/install/ldlidar_stl_ros2/share/ldlidar_stl_ros2/package.dsv'
[17.728s] INFO:colcon.colcon_core.shell:Creating package script '/home/spinetti/ros2_ws/src/install/ldlidar_stl_ros2/share/ldlidar_stl_ros2/package.sh'
[17.728s] INFO:colcon.colcon_core.shell:Creating package script '/home/spinetti/ros2_ws/src/install/ldlidar_stl_ros2/share/ldlidar_stl_ros2/package.bash'
[17.729s] INFO:colcon.colcon_core.shell:Creating package script '/home/spinetti/ros2_ws/src/install/ldlidar_stl_ros2/share/ldlidar_stl_ros2/package.zsh'
[17.729s] Level 1:colcon.colcon_core.environment:create_file_with_runtime_dependencies(/home/spinetti/ros2_ws/src/install/ldlidar_stl_ros2/share/colcon-core/packages/ldlidar_stl_ros2)
[20.618s] DEBUG:colcon.colcon_core.event_handler.log_command:Invoked command in '/home/spinetti/ros2_ws/src/build/tm_imu' returned '0': CMAKE_PREFIX_PATH=${CMAKE_PREFIX_PATH}:/home/spinetti/ros2_ws/install/stm32_bot:/home/spinetti/ros2_ws/install/spinetti_bringup:/home/spinetti/install/stm32_bot:/opt/ros/jazzy DEBUGINFOD_URLS=https://debuginfod.ubuntu.com /usr/bin/cmake --build /home/spinetti/ros2_ws/src/build/tm_imu -- -j4 -l4
[20.620s] DEBUG:colcon.colcon_core.event_handler.log_command:Invoking command in '/home/spinetti/ros2_ws/src/build/tm_imu': CMAKE_PREFIX_PATH=${CMAKE_PREFIX_PATH}:/home/spinetti/ros2_ws/install/stm32_bot:/home/spinetti/ros2_ws/install/spinetti_bringup:/home/spinetti/install/stm32_bot:/opt/ros/jazzy DEBUGINFOD_URLS=https://debuginfod.ubuntu.com /usr/bin/cmake --install /home/spinetti/ros2_ws/src/build/tm_imu
[20.649s] Level 1:colcon.colcon_core.environment:create_environment_scripts_only(tm_imu)
[20.649s] Level 1:colcon.colcon_core.environment:checking '/home/spinetti/ros2_ws/src/install/tm_imu' for CMake module files
[20.650s] DEBUG:colcon.colcon_core.event_handler.log_command:Invoked command in '/home/spinetti/ros2_ws/src/build/tm_imu' returned '0': CMAKE_PREFIX_PATH=${CMAKE_PREFIX_PATH}:/home/spinetti/ros2_ws/install/stm32_bot:/home/spinetti/ros2_ws/install/spinetti_bringup:/home/spinetti/install/stm32_bot:/opt/ros/jazzy DEBUGINFOD_URLS=https://debuginfod.ubuntu.com /usr/bin/cmake --install /home/spinetti/ros2_ws/src/build/tm_imu
[20.650s] Level 1:colcon.colcon_core.environment:checking '/home/spinetti/ros2_ws/src/install/tm_imu' for CMake config files
[20.651s] Level 1:colcon.colcon_core.shell:create_environment_hook('tm_imu', 'cmake_prefix_path')
[20.651s] INFO:colcon.colcon_core.shell:Creating environment hook '/home/spinetti/ros2_ws/src/install/tm_imu/share/tm_imu/hook/cmake_prefix_path.ps1'
[20.652s] INFO:colcon.colcon_core.shell:Creating environment descriptor '/home/spinetti/ros2_ws/src/install/tm_imu/share/tm_imu/hook/cmake_prefix_path.dsv'
[20.652s] INFO:colcon.colcon_core.shell:Creating environment hook '/home/spinetti/ros2_ws/src/install/tm_imu/share/tm_imu/hook/cmake_prefix_path.sh'
[20.654s] Level 1:colcon.colcon_core.environment:checking '/home/spinetti/ros2_ws/src/install/tm_imu/lib'
[20.654s] Level 1:colcon.colcon_core.environment:checking '/home/spinetti/ros2_ws/src/install/tm_imu/bin'
[20.654s] Level 1:colcon.colcon_core.environment:checking '/home/spinetti/ros2_ws/src/install/tm_imu/lib/pkgconfig/tm_imu.pc'
[20.655s] Level 1:colcon.colcon_core.environment:checking '/home/spinetti/ros2_ws/src/install/tm_imu/lib/python3.12/site-packages'
[20.655s] Level 1:colcon.colcon_core.environment:checking '/home/spinetti/ros2_ws/src/install/tm_imu/bin'
[20.656s] INFO:colcon.colcon_core.shell:Creating package script '/home/spinetti/ros2_ws/src/install/tm_imu/share/tm_imu/package.ps1'
[20.656s] INFO:colcon.colcon_core.shell:Creating package descriptor '/home/spinetti/ros2_ws/src/install/tm_imu/share/tm_imu/package.dsv'
[20.657s] INFO:colcon.colcon_core.shell:Creating package script '/home/spinetti/ros2_ws/src/install/tm_imu/share/tm_imu/package.sh'
[20.657s] INFO:colcon.colcon_core.shell:Creating package script '/home/spinetti/ros2_ws/src/install/tm_imu/share/tm_imu/package.bash'
[20.658s] INFO:colcon.colcon_core.shell:Creating package script '/home/spinetti/ros2_ws/src/install/tm_imu/share/tm_imu/package.zsh'
[20.658s] Level 1:colcon.colcon_core.environment:create_file_with_runtime_dependencies(/home/spinetti/ros2_ws/src/install/tm_imu/share/colcon-core/packages/tm_imu)
[20.659s] Level 1:colcon.colcon_core.environment:create_environment_scripts_only(tm_imu)
[20.659s] Level 1:colcon.colcon_core.environment:checking '/home/spinetti/ros2_ws/src/install/tm_imu' for CMake module files
[20.660s] Level 1:colcon.colcon_core.environment:checking '/home/spinetti/ros2_ws/src/install/tm_imu' for CMake config files
[20.660s] Level 1:colcon.colcon_core.shell:create_environment_hook('tm_imu', 'cmake_prefix_path')
[20.660s] INFO:colcon.colcon_core.shell:Creating environment hook '/home/spinetti/ros2_ws/src/install/tm_imu/share/tm_imu/hook/cmake_prefix_path.ps1'
[20.661s] INFO:colcon.colcon_core.shell:Creating environment descriptor '/home/spinetti/ros2_ws/src/install/tm_imu/share/tm_imu/hook/cmake_prefix_path.dsv'
[20.661s] INFO:colcon.colcon_core.shell:Creating environment hook '/home/spinetti/ros2_ws/src/install/tm_imu/share/tm_imu/hook/cmake_prefix_path.sh'
[20.662s] Level 1:colcon.colcon_core.environment:checking '/home/spinetti/ros2_ws/src/install/tm_imu/lib'
[20.662s] Level 1:colcon.colcon_core.environment:checking '/home/spinetti/ros2_ws/src/install/tm_imu/bin'
[20.662s] Level 1:colcon.colcon_core.environment:checking '/home/spinetti/ros2_ws/src/install/tm_imu/lib/pkgconfig/tm_imu.pc'
[20.662s] Level 1:colcon.colcon_core.environment:checking '/home/spinetti/ros2_ws/src/install/tm_imu/lib/python3.12/site-packages'
[20.663s] Level 1:colcon.colcon_core.environment:checking '/home/spinetti/ros2_ws/src/install/tm_imu/bin'
[20.663s] INFO:colcon.colcon_core.shell:Creating package script '/home/spinetti/ros2_ws/src/install/tm_imu/share/tm_imu/package.ps1'
[20.664s] INFO:colcon.colcon_core.shell:Creating package descriptor '/home/spinetti/ros2_ws/src/install/tm_imu/share/tm_imu/package.dsv'
[20.664s] INFO:colcon.colcon_core.shell:Creating package script '/home/spinetti/ros2_ws/src/install/tm_imu/share/tm_imu/package.sh'
[20.665s] INFO:colcon.colcon_core.shell:Creating package script '/home/spinetti/ros2_ws/src/install/tm_imu/share/tm_imu/package.bash'
[20.665s] INFO:colcon.colcon_core.shell:Creating package script '/home/spinetti/ros2_ws/src/install/tm_imu/share/tm_imu/package.zsh'
[20.665s] Level 1:colcon.colcon_core.environment:create_file_with_runtime_dependencies(/home/spinetti/ros2_ws/src/install/tm_imu/share/colcon-core/packages/tm_imu)
[20.666s] DEBUG:colcon.colcon_parallel_executor.executor.parallel:closing loop
[20.666s] DEBUG:colcon.colcon_parallel_executor.executor.parallel:loop closed
[20.666s] DEBUG:colcon.colcon_parallel_executor.executor.parallel:run_until_complete finished with '0'
[20.666s] DEBUG:colcon.colcon_core.event_reactor:joining thread
[20.675s] INFO:colcon.colcon_core.plugin_system:Skipping extension 'colcon_notification.desktop_notification.terminal_notifier': Not used on non-Darwin systems
[20.675s] INFO:colcon.colcon_core.plugin_system:Skipping extension 'colcon_notification.desktop_notification.win32': Not used on non-Windows systems
[20.675s] INFO:colcon.colcon_notification.desktop_notification:Sending desktop notification using 'notify2'
[20.706s] DEBUG:colcon.colcon_core.event_reactor:joined thread
[20.707s] INFO:colcon.colcon_core.shell:Creating prefix script '/home/spinetti/ros2_ws/src/install/local_setup.ps1'
[20.708s] INFO:colcon.colcon_core.shell:Creating prefix util module '/home/spinetti/ros2_ws/src/install/_local_setup_util_ps1.py'
[20.709s] INFO:colcon.colcon_core.shell:Creating prefix chain script '/home/spinetti/ros2_ws/src/install/setup.ps1'
[20.711s] INFO:colcon.colcon_core.shell:Creating prefix script '/home/spinetti/ros2_ws/src/install/local_setup.sh'
[20.712s] INFO:colcon.colcon_core.shell:Creating prefix util module '/home/spinetti/ros2_ws/src/install/_local_setup_util_sh.py'
[20.713s] INFO:colcon.colcon_core.shell:Creating prefix chain script '/home/spinetti/ros2_ws/src/install/setup.sh'
[20.715s] INFO:colcon.colcon_core.shell:Creating prefix script '/home/spinetti/ros2_ws/src/install/local_setup.bash'
[20.716s] INFO:colcon.colcon_core.shell:Creating prefix chain script '/home/spinetti/ros2_ws/src/install/setup.bash'
[20.718s] INFO:colcon.colcon_core.shell:Creating prefix script '/home/spinetti/ros2_ws/src/install/local_setup.zsh'
[20.718s] INFO:colcon.colcon_core.shell:Creating prefix chain script '/home/spinetti/ros2_ws/src/install/setup.zsh'
