../Drivers/STM32G0xx_HAL_Driver/Inc/stm32g0xx_ll_tim.h:1586:22:LL_TIM_EnableCounter	16	static
../Drivers/STM32G0xx_HAL_Driver/Inc/stm32g0xx_ll_tim.h:1852:26:LL_TIM_GetCounter	16	static
../Drivers/STM32G0xx_HAL_Driver/Inc/stm32g0xx_ll_tim.h:4625:22:LL_TIM_EnableIT_UPDATE	16	static
../Core/Src/app_main.c:76:17:GetMicrosTotal	16	static
../Core/Src/app_main.c:93:13:process_incoming_commands	16	static
../Core/Src/app_main.c:124:13:check_failsafe_security	8	static
../Core/Src/app_main.c:133:13:task_motor_update	16	static
../Core/Src/app_main.c:143:13:task_telemetry_update	16	static
../Core/Src/app_main.c:150:13:task_get_speed	32	static
../Core/Src/app_main.c:167:13:task_pid_update	16	static
../Core/Src/app_main.c:174:13:task_debug_terminal	24	static
../Core/Src/app_main.c:186:6:app_config	8	static
../Core/Src/app_main.c:209:6:app_loop	16	static
