../Drivers/STM32G0xx_HAL_Driver/Inc/stm32g0xx_ll_tim.h:1586:22:LL_TIM_EnableCounter	16	static
../Drivers/STM32G0xx_HAL_Driver/Inc/stm32g0xx_ll_tim.h:1852:26:LL_TIM_GetCounter	16	static
../Core/Src/app_main.c:55:13:process_incoming_commands	8	static
../Core/Src/app_main.c:81:13:check_failsafe_security	8	static
../Core/Src/app_main.c:90:13:task_motor_update	16	static
../Core/Src/app_main.c:100:13:task_telemetry_update	16	static
../Core/Src/app_main.c:107:6:app_config	8	static
../Core/Src/app_main.c:121:6:app_loop	16	static
