../Core/Src/serial.c:18:20:ring_push	16	static
../Core/Src/serial.c:23:24:ring_count	8	static
../Core/Src/serial.c:36:24:tx_count	8	static
../Core/Src/serial.c:37:24:tx_space	8	static
../Core/Src/serial.c:39:13:serial_kick_tx	24	static,ignoring_inline_asm
../Core/Src/serial.c:63:6:serial_init	8	static
../Core/Src/serial.c:68:5:serial_write_nb	48	static
../Core/Src/serial.c:87:5:serial_write_all_nb	40	static
../Core/Src/serial.c:103:5:serial_write	24	static
../Core/Src/serial.c:108:5:_write	32	static
../Core/Src/serial.c:114:8:serial_available	8	static
../Core/Src/serial.c:116:8:serial_read	32	static,ignoring_inline_asm
../Core/Src/serial.c:144:8:serial_read_until	48	static
../Core/Src/serial.c:165:6:HAL_UART_TxCpltCallback	24	static
../Core/Src/serial.c:173:6:HAL_UARTEx_RxEventCallback	32	static
../Core/Src/serial.c:199:9:serial_crc8_atm	24	static
../Core/Src/serial.c:210:12:proto_send_frame3	32	static
../Core/Src/serial.c:219:5:proto_send_write16	24	static
../Core/Src/serial.c:225:5:proto_send_read_burst	32	static
