[4.158s] Invoking command in '/home/spinetti/ros2_ws/src/stm32_bot': DEBUGINFOD_URLS=https://debuginfod.ubuntu.com PYTHONPATH=/home/spinetti/ros2_ws/build/stm32_bot/prefix_override:/usr/lib/python3/dist-packages/colcon_core/task/python/colcon_distutils_commands:/home/spinetti/ros2_ws/install/stm32_bot/lib/python3.12/site-packages:${PYTHONPATH} /usr/bin/python3 -W ignore:setup.py install is deprecated -W ignore:easy_install command is deprecated setup.py egg_info --egg-base ../../build/stm32_bot build --build-base /home/spinetti/ros2_ws/build/stm32_bot/build install --record /home/spinetti/ros2_ws/build/stm32_bot/install.log --single-version-externally-managed install_data
[5.067s] running egg_info
[5.136s] writing ../../build/stm32_bot/stm32_bot.egg-info/PKG-INFO
[5.139s] writing dependency_links to ../../build/stm32_bot/stm32_bot.egg-info/dependency_links.txt
[5.141s] writing entry points to ../../build/stm32_bot/stm32_bot.egg-info/entry_points.txt
[5.141s] writing requirements to ../../build/stm32_bot/stm32_bot.egg-info/requires.txt
[5.144s] writing top-level names to ../../build/stm32_bot/stm32_bot.egg-info/top_level.txt
[5.264s] reading manifest file '../../build/stm32_bot/stm32_bot.egg-info/SOURCES.txt'
[5.268s] writing manifest file '../../build/stm32_bot/stm32_bot.egg-info/SOURCES.txt'
[5.269s] running build
[5.269s] running build_py
[5.269s] copying stm32_bot/stm32_bridge.py -> /home/spinetti/ros2_ws/build/stm32_bot/build/lib/stm32_bot
[5.270s] running install
[5.287s] running install_lib
[5.382s] copying /home/spinetti/ros2_ws/build/stm32_bot/build/lib/stm32_bot/stm32_bridge.py -> /home/spinetti/ros2_ws/install/stm32_bot/lib/python3.12/site-packages/stm32_bot
[5.382s] byte-compiling /home/spinetti/ros2_ws/install/stm32_bot/lib/python3.12/site-packages/stm32_bot/stm32_bridge.py to stm32_bridge.cpython-312.pyc
[5.392s] running install_data
[5.395s] copying config/ekf_config.yaml -> /home/spinetti/ros2_ws/install/stm32_bot/share/stm32_bot/config
[5.397s] running install_egg_info
[5.465s] removing '/home/spinetti/ros2_ws/install/stm32_bot/lib/python3.12/site-packages/stm32_bot-0.0.0-py3.12.egg-info' (and everything under it)
[5.465s] Copying ../../build/stm32_bot/stm32_bot.egg-info to /home/spinetti/ros2_ws/install/stm32_bot/lib/python3.12/site-packages/stm32_bot-0.0.0-py3.12.egg-info
[5.472s] running install_scripts
[5.946s] Installing stm32_bridge script to /home/spinetti/ros2_ws/install/stm32_bot/lib/stm32_bot
[5.946s] Installing stm32_teleop script to /home/spinetti/ros2_ws/install/stm32_bot/lib/stm32_bot
[5.946s] writing list of installed files to '/home/spinetti/ros2_ws/build/stm32_bot/install.log'
[6.202s] Invoked command in '/home/spinetti/ros2_ws/src/stm32_bot' returned '0': DEBUGINFOD_URLS=https://debuginfod.ubuntu.com PYTHONPATH=/home/spinetti/ros2_ws/build/stm32_bot/prefix_override:/usr/lib/python3/dist-packages/colcon_core/task/python/colcon_distutils_commands:/home/spinetti/ros2_ws/install/stm32_bot/lib/python3.12/site-packages:${PYTHONPATH} /usr/bin/python3 -W ignore:setup.py install is deprecated -W ignore:easy_install command is deprecated setup.py egg_info --egg-base ../../build/stm32_bot build --build-base /home/spinetti/ros2_ws/build/stm32_bot/build install --record /home/spinetti/ros2_ws/build/stm32_bot/install.log --single-version-externally-managed install_data
