[0.815s] Invoking command in '/home/spinetti/ros2_ws/build/tm_imu': CMAKE_PREFIX_PATH=${CMAKE_PREFIX_PATH}:/home/spinetti/ros2_ws/install/stm32_bot:/home/spinetti/ros2_ws/install/spinetti_bringup:/home/spinetti/install/stm32_bot:/opt/ros/jazzy DEBUGINFOD_URLS=https://debuginfod.ubuntu.com /usr/bin/cmake --build /home/spinetti/ros2_ws/build/tm_imu -- -j4 -l4
[0.990s] [100%] Built target transducer_m_imu
[1.015s] Invoked command in '/home/spinetti/ros2_ws/build/tm_imu' returned '0': CMAKE_PREFIX_PATH=${CMAKE_PREFIX_PATH}:/home/spinetti/ros2_ws/install/stm32_bot:/home/spinetti/ros2_ws/install/spinetti_bringup:/home/spinetti/install/stm32_bot:/opt/ros/jazzy DEBUGINFOD_URLS=https://debuginfod.ubuntu.com /usr/bin/cmake --build /home/spinetti/ros2_ws/build/tm_imu -- -j4 -l4
[1.018s] Invoking command in '/home/spinetti/ros2_ws/build/tm_imu': CMAKE_PREFIX_PATH=${CMAKE_PREFIX_PATH}:/home/spinetti/ros2_ws/install/stm32_bot:/home/spinetti/ros2_ws/install/spinetti_bringup:/home/spinetti/install/stm32_bot:/opt/ros/jazzy DEBUGINFOD_URLS=https://debuginfod.ubuntu.com /usr/bin/cmake --install /home/spinetti/ros2_ws/build/tm_imu
[1.035s] -- Install configuration: ""
[1.035s] -- Installing: /home/spinetti/ros2_ws/install/tm_imu/lib/tm_imu/transducer_m_imu
[1.042s] -- Set non-toolchain portion of runtime path of "/home/spinetti/ros2_ws/install/tm_imu/lib/tm_imu/transducer_m_imu" to ""
[1.042s] -- Up-to-date: /home/spinetti/ros2_ws/install/tm_imu/share/tm_imu//launch
[1.042s] -- Installing: /home/spinetti/ros2_ws/install/tm_imu/share/tm_imu//launch/imu.launch.py
[1.042s] -- Up-to-date: /home/spinetti/ros2_ws/install/tm_imu/share/tm_imu//launch/__pycache__
[1.043s] -- Installing: /home/spinetti/ros2_ws/install/tm_imu/share/tm_imu//launch/__pycache__/imu.launch.cpython-312.pyc
[1.043s] -- Up-to-date: /home/spinetti/ros2_ws/install/tm_imu/share/tm_imu//config
[1.043s] -- Installing: /home/spinetti/ros2_ws/install/tm_imu/share/tm_imu//config/params.yaml
[1.043s] -- Installing: /home/spinetti/ros2_ws/install/tm_imu/share/ament_index/resource_index/package_run_dependencies/tm_imu
[1.043s] -- Installing: /home/spinetti/ros2_ws/install/tm_imu/share/ament_index/resource_index/parent_prefix_path/tm_imu
[1.043s] -- Installing: /home/spinetti/ros2_ws/install/tm_imu/share/tm_imu/environment/ament_prefix_path.sh
[1.044s] -- Installing: /home/spinetti/ros2_ws/install/tm_imu/share/tm_imu/environment/ament_prefix_path.dsv
[1.044s] -- Installing: /home/spinetti/ros2_ws/install/tm_imu/share/tm_imu/environment/path.sh
[1.045s] -- Installing: /home/spinetti/ros2_ws/install/tm_imu/share/tm_imu/environment/path.dsv
[1.046s] -- Installing: /home/spinetti/ros2_ws/install/tm_imu/share/tm_imu/local_setup.bash
[1.047s] -- Installing: /home/spinetti/ros2_ws/install/tm_imu/share/tm_imu/local_setup.sh
[1.047s] -- Installing: /home/spinetti/ros2_ws/install/tm_imu/share/tm_imu/local_setup.zsh
[1.048s] -- Installing: /home/spinetti/ros2_ws/install/tm_imu/share/tm_imu/local_setup.dsv
[1.050s] -- Installing: /home/spinetti/ros2_ws/install/tm_imu/share/tm_imu/package.dsv
[1.050s] -- Installing: /home/spinetti/ros2_ws/install/tm_imu/share/ament_index/resource_index/packages/tm_imu
[1.051s] -- Installing: /home/spinetti/ros2_ws/install/tm_imu/share/tm_imu/cmake/tm_imuConfig.cmake
[1.051s] -- Installing: /home/spinetti/ros2_ws/install/tm_imu/share/tm_imu/cmake/tm_imuConfig-version.cmake
[1.051s] -- Installing: /home/spinetti/ros2_ws/install/tm_imu/share/tm_imu/package.xml
[1.057s] Invoked command in '/home/spinetti/ros2_ws/build/tm_imu' returned '0': CMAKE_PREFIX_PATH=${CMAKE_PREFIX_PATH}:/home/spinetti/ros2_ws/install/stm32_bot:/home/spinetti/ros2_ws/install/spinetti_bringup:/home/spinetti/install/stm32_bot:/opt/ros/jazzy DEBUGINFOD_URLS=https://debuginfod.ubuntu.com /usr/bin/cmake --install /home/spinetti/ros2_ws/build/tm_imu
