[2.809s] Invoking command in '/home/spinetti/ros2_ws/src/stm32_bot': DEBUGINFOD_URLS=https://debuginfod.ubuntu.com PYTHONPATH=/home/spinetti/ros2_ws/build/stm32_bot/prefix_override:/usr/lib/python3/dist-packages/colcon_core/task/python/colcon_distutils_commands:/home/spinetti/ros2_ws/install/stm32_bot/lib/python3.12/site-packages:${PYTHONPATH} /usr/bin/python3 -W ignore:setup.py install is deprecated -W ignore:easy_install command is deprecated setup.py egg_info --egg-base ../../build/stm32_bot build --build-base /home/spinetti/ros2_ws/build/stm32_bot/build install --record /home/spinetti/ros2_ws/build/stm32_bot/install.log --single-version-externally-managed install_data
[3.405s] running egg_info
[3.439s] writing ../../build/stm32_bot/stm32_bot.egg-info/PKG-INFO
[3.440s] writing dependency_links to ../../build/stm32_bot/stm32_bot.egg-info/dependency_links.txt
[3.440s] writing entry points to ../../build/stm32_bot/stm32_bot.egg-info/entry_points.txt
[3.441s] writing requirements to ../../build/stm32_bot/stm32_bot.egg-info/requires.txt
[3.441s] writing top-level names to ../../build/stm32_bot/stm32_bot.egg-info/top_level.txt
[3.522s] reading manifest file '../../build/stm32_bot/stm32_bot.egg-info/SOURCES.txt'
[3.524s] writing manifest file '../../build/stm32_bot/stm32_bot.egg-info/SOURCES.txt'
[3.524s] running build
[3.524s] running build_py
[3.525s] running install
[3.537s] running install_lib
[3.570s] running install_data
[3.570s] running install_egg_info
[3.624s] removing '/home/spinetti/ros2_ws/install/stm32_bot/lib/python3.12/site-packages/stm32_bot-0.0.0-py3.12.egg-info' (and everything under it)
[3.624s] Copying ../../build/stm32_bot/stm32_bot.egg-info to /home/spinetti/ros2_ws/install/stm32_bot/lib/python3.12/site-packages/stm32_bot-0.0.0-py3.12.egg-info
[3.626s] running install_scripts
[3.913s] Installing ps3_mapper script to /home/spinetti/ros2_ws/install/stm32_bot/lib/stm32_bot
[3.913s] Installing stm32_bridge script to /home/spinetti/ros2_ws/install/stm32_bot/lib/stm32_bot
[3.913s] Installing stm32_teleop script to /home/spinetti/ros2_ws/install/stm32_bot/lib/stm32_bot
[3.914s] writing list of installed files to '/home/spinetti/ros2_ws/build/stm32_bot/install.log'
[4.119s] Invoked command in '/home/spinetti/ros2_ws/src/stm32_bot' returned '0': DEBUGINFOD_URLS=https://debuginfod.ubuntu.com PYTHONPATH=/home/spinetti/ros2_ws/build/stm32_bot/prefix_override:/usr/lib/python3/dist-packages/colcon_core/task/python/colcon_distutils_commands:/home/spinetti/ros2_ws/install/stm32_bot/lib/python3.12/site-packages:${PYTHONPATH} /usr/bin/python3 -W ignore:setup.py install is deprecated -W ignore:easy_install command is deprecated setup.py egg_info --egg-base ../../build/stm32_bot build --build-base /home/spinetti/ros2_ws/build/stm32_bot/build install --record /home/spinetti/ros2_ws/build/stm32_bot/install.log --single-version-externally-managed install_data
