[5.113s] Invoking command in '/home/spinetti/ros2_ws/build/stm32_bot': DEBUGINFOD_URLS=https://debuginfod.ubuntu.com PYTHONPATH=/home/spinetti/ros2_ws/build/stm32_bot/prefix_override:/usr/lib/python3/dist-packages/colcon_core/task/python/colcon_distutils_commands:/home/spinetti/ros2_ws/install/stm32_bot/lib/python3.12/site-packages:${PYTHONPATH} /usr/bin/python3 -W ignore:setup.py install is deprecated -W ignore:easy_install command is deprecated setup.py develop --editable --build-directory /home/spinetti/ros2_ws/build/stm32_bot/build --no-deps symlink_data --force
[7.786s] running develop
[9.655s] running egg_info
[9.831s] writing stm32_bot.egg-info/PKG-INFO
[9.835s] writing dependency_links to stm32_bot.egg-info/dependency_links.txt
[9.840s] writing entry points to stm32_bot.egg-info/entry_points.txt
[9.840s] writing requirements to stm32_bot.egg-info/requires.txt
[9.840s] writing top-level names to stm32_bot.egg-info/top_level.txt
[10.240s] reading manifest file 'stm32_bot.egg-info/SOURCES.txt'
[10.247s] writing manifest file 'stm32_bot.egg-info/SOURCES.txt'
[10.429s] running build_ext
[10.429s] Creating /home/spinetti/ros2_ws/install/stm32_bot/lib/python3.12/site-packages/stm32-bot.egg-link (link to .)
[10.430s] Installing stm32_bridge script to /home/spinetti/ros2_ws/install/stm32_bot/lib/stm32_bot
[10.434s] Installing stm32_teleop script to /home/spinetti/ros2_ws/install/stm32_bot/lib/stm32_bot
[10.436s] 
[10.436s] Installed /home/spinetti/ros2_ws/build/stm32_bot
[10.436s] running symlink_data
[10.436s] symbolically linking /home/spinetti/ros2_ws/build/stm32_bot/resource/stm32_bot -> /home/spinetti/ros2_ws/install/stm32_bot/share/ament_index/resource_index/packages
[10.436s] symbolically linking /home/spinetti/ros2_ws/build/stm32_bot/package.xml -> /home/spinetti/ros2_ws/install/stm32_bot/share/stm32_bot
[10.879s] Invoked command in '/home/spinetti/ros2_ws/build/stm32_bot' returned '0': DEBUGINFOD_URLS=https://debuginfod.ubuntu.com PYTHONPATH=/home/spinetti/ros2_ws/build/stm32_bot/prefix_override:/usr/lib/python3/dist-packages/colcon_core/task/python/colcon_distutils_commands:/home/spinetti/ros2_ws/install/stm32_bot/lib/python3.12/site-packages:${PYTHONPATH} /usr/bin/python3 -W ignore:setup.py install is deprecated -W ignore:easy_install command is deprecated setup.py develop --editable --build-directory /home/spinetti/ros2_ws/build/stm32_bot/build --no-deps symlink_data --force
