[5.215s] Invoking command in '/home/spinetti/ros2_ws/src/stm32_bot': DEBUGINFOD_URLS=https://debuginfod.ubuntu.com PYTHONPATH=/home/spinetti/ros2_ws/build/stm32_bot/prefix_override:/usr/lib/python3/dist-packages/colcon_core/task/python/colcon_distutils_commands:/home/spinetti/ros2_ws/install/stm32_bot/lib/python3.12/site-packages:${PYTHONPATH} /usr/bin/python3 -W ignore:setup.py install is deprecated -W ignore:easy_install command is deprecated setup.py egg_info --egg-base ../../build/stm32_bot build --build-base /home/spinetti/ros2_ws/build/stm32_bot/build install --record /home/spinetti/ros2_ws/build/stm32_bot/install.log --single-version-externally-managed install_data
[5.651s] running egg_info
[5.683s] writing ../../build/stm32_bot/stm32_bot.egg-info/PKG-INFO
[5.685s] writing dependency_links to ../../build/stm32_bot/stm32_bot.egg-info/dependency_links.txt
[5.685s] writing entry points to ../../build/stm32_bot/stm32_bot.egg-info/entry_points.txt
[5.685s] writing requirements to ../../build/stm32_bot/stm32_bot.egg-info/requires.txt
[5.686s] writing top-level names to ../../build/stm32_bot/stm32_bot.egg-info/top_level.txt
[5.757s] reading manifest file '../../build/stm32_bot/stm32_bot.egg-info/SOURCES.txt'
[5.759s] writing manifest file '../../build/stm32_bot/stm32_bot.egg-info/SOURCES.txt'
[5.761s] running build
[5.762s] running build_py
[5.762s] running install
[5.774s] running install_lib
[5.825s] running install_data
[5.826s] running install_egg_info
[5.889s] removing '/home/spinetti/ros2_ws/install/stm32_bot/lib/python3.12/site-packages/stm32_bot-0.0.0-py3.12.egg-info' (and everything under it)
[5.893s] Copying ../../build/stm32_bot/stm32_bot.egg-info to /home/spinetti/ros2_ws/install/stm32_bot/lib/python3.12/site-packages/stm32_bot-0.0.0-py3.12.egg-info
[5.903s] running install_scripts
[6.665s] Installing stm32_bridge script to /home/spinetti/ros2_ws/install/stm32_bot/lib/stm32_bot
[6.669s] Installing stm32_teleop script to /home/spinetti/ros2_ws/install/stm32_bot/lib/stm32_bot
[6.672s] writing list of installed files to '/home/spinetti/ros2_ws/build/stm32_bot/install.log'
[7.127s] Invoked command in '/home/spinetti/ros2_ws/src/stm32_bot' returned '0': DEBUGINFOD_URLS=https://debuginfod.ubuntu.com PYTHONPATH=/home/spinetti/ros2_ws/build/stm32_bot/prefix_override:/usr/lib/python3/dist-packages/colcon_core/task/python/colcon_distutils_commands:/home/spinetti/ros2_ws/install/stm32_bot/lib/python3.12/site-packages:${PYTHONPATH} /usr/bin/python3 -W ignore:setup.py install is deprecated -W ignore:easy_install command is deprecated setup.py egg_info --egg-base ../../build/stm32_bot build --build-base /home/spinetti/ros2_ws/build/stm32_bot/build install --record /home/spinetti/ros2_ws/build/stm32_bot/install.log --single-version-externally-managed install_data
