[1.565s] Invoking command in '/home/spinetti/ros2_ws/build/tm_imu': CMAKE_PREFIX_PATH=${CMAKE_PREFIX_PATH}:/home/spinetti/ros2_ws/install/stm32_bot:/home/spinetti/ros2_ws/install/spinetti_bringup:/home/spinetti/install/stm32_bot:/opt/ros/jazzy DEBUGINFOD_URLS=https://debuginfod.ubuntu.com /usr/bin/cmake --build /home/spinetti/ros2_ws/build/tm_imu -- -j4 -l4
[2.003s] [100%] Built target transducer_m_imu
[2.113s] Invoked command in '/home/spinetti/ros2_ws/build/tm_imu' returned '0': CMAKE_PREFIX_PATH=${CMAKE_PREFIX_PATH}:/home/spinetti/ros2_ws/install/stm32_bot:/home/spinetti/ros2_ws/install/spinetti_bringup:/home/spinetti/install/stm32_bot:/opt/ros/jazzy DEBUGINFOD_URLS=https://debuginfod.ubuntu.com /usr/bin/cmake --build /home/spinetti/ros2_ws/build/tm_imu -- -j4 -l4
[2.127s] Invoking command in '/home/spinetti/ros2_ws/build/tm_imu': CMAKE_PREFIX_PATH=${CMAKE_PREFIX_PATH}:/home/spinetti/ros2_ws/install/stm32_bot:/home/spinetti/ros2_ws/install/spinetti_bringup:/home/spinetti/install/stm32_bot:/opt/ros/jazzy DEBUGINFOD_URLS=https://debuginfod.ubuntu.com /usr/bin/cmake --install /home/spinetti/ros2_ws/build/tm_imu
[2.178s] -- Install configuration: ""
[2.178s] -- Up-to-date: /home/spinetti/ros2_ws/install/tm_imu/lib/tm_imu/transducer_m_imu
[2.179s] -- Up-to-date: /home/spinetti/ros2_ws/install/tm_imu/share/tm_imu//launch
[2.180s] -- Up-to-date: /home/spinetti/ros2_ws/install/tm_imu/share/tm_imu//launch/imu.launch.py
[2.181s] -- Up-to-date: /home/spinetti/ros2_ws/install/tm_imu/share/tm_imu//launch/__pycache__
[2.181s] -- Up-to-date: /home/spinetti/ros2_ws/install/tm_imu/share/tm_imu//launch/__pycache__/imu.launch.cpython-312.pyc
[2.181s] -- Up-to-date: /home/spinetti/ros2_ws/install/tm_imu/share/tm_imu//config
[2.182s] -- Up-to-date: /home/spinetti/ros2_ws/install/tm_imu/share/tm_imu//config/params.yaml
[2.183s] -- Up-to-date: /home/spinetti/ros2_ws/install/tm_imu/share/ament_index/resource_index/package_run_dependencies/tm_imu
[2.185s] -- Up-to-date: /home/spinetti/ros2_ws/install/tm_imu/share/ament_index/resource_index/parent_prefix_path/tm_imu
[2.188s] -- Up-to-date: /home/spinetti/ros2_ws/install/tm_imu/share/tm_imu/environment/ament_prefix_path.sh
[2.188s] -- Up-to-date: /home/spinetti/ros2_ws/install/tm_imu/share/tm_imu/environment/ament_prefix_path.dsv
[2.188s] -- Up-to-date: /home/spinetti/ros2_ws/install/tm_imu/share/tm_imu/environment/path.sh
[2.188s] -- Up-to-date: /home/spinetti/ros2_ws/install/tm_imu/share/tm_imu/environment/path.dsv
[2.189s] -- Up-to-date: /home/spinetti/ros2_ws/install/tm_imu/share/tm_imu/local_setup.bash
[2.189s] -- Up-to-date: /home/spinetti/ros2_ws/install/tm_imu/share/tm_imu/local_setup.sh
[2.189s] -- Up-to-date: /home/spinetti/ros2_ws/install/tm_imu/share/tm_imu/local_setup.zsh
[2.191s] -- Up-to-date: /home/spinetti/ros2_ws/install/tm_imu/share/tm_imu/local_setup.dsv
[2.191s] -- Installing: /home/spinetti/ros2_ws/install/tm_imu/share/tm_imu/package.dsv
[2.193s] -- Up-to-date: /home/spinetti/ros2_ws/install/tm_imu/share/ament_index/resource_index/packages/tm_imu
[2.193s] -- Up-to-date: /home/spinetti/ros2_ws/install/tm_imu/share/tm_imu/cmake/tm_imuConfig.cmake
[2.194s] -- Up-to-date: /home/spinetti/ros2_ws/install/tm_imu/share/tm_imu/cmake/tm_imuConfig-version.cmake
[2.194s] -- Up-to-date: /home/spinetti/ros2_ws/install/tm_imu/share/tm_imu/package.xml
[2.207s] Invoked command in '/home/spinetti/ros2_ws/build/tm_imu' returned '0': CMAKE_PREFIX_PATH=${CMAKE_PREFIX_PATH}:/home/spinetti/ros2_ws/install/stm32_bot:/home/spinetti/ros2_ws/install/spinetti_bringup:/home/spinetti/install/stm32_bot:/opt/ros/jazzy DEBUGINFOD_URLS=https://debuginfod.ubuntu.com /usr/bin/cmake --install /home/spinetti/ros2_ws/build/tm_imu
