[2.615s] Invoking command in '/home/spinetti/ros2_ws/src/stm32_bot': DEBUGINFOD_URLS=https://debuginfod.ubuntu.com PYTHONPATH=/home/spinetti/ros2_ws/build/stm32_bot/prefix_override:/usr/lib/python3/dist-packages/colcon_core/task/python/colcon_distutils_commands:/home/spinetti/ros2_ws/install/stm32_bot/lib/python3.12/site-packages:${PYTHONPATH} /usr/bin/python3 -W ignore:setup.py install is deprecated -W ignore:easy_install command is deprecated setup.py egg_info --egg-base ../../build/stm32_bot build --build-base /home/spinetti/ros2_ws/build/stm32_bot/build install --record /home/spinetti/ros2_ws/build/stm32_bot/install.log --single-version-externally-managed install_data
[3.069s] running egg_info
[3.107s] writing ../../build/stm32_bot/stm32_bot.egg-info/PKG-INFO
[3.110s] writing dependency_links to ../../build/stm32_bot/stm32_bot.egg-info/dependency_links.txt
[3.111s] writing entry points to ../../build/stm32_bot/stm32_bot.egg-info/entry_points.txt
[3.111s] writing requirements to ../../build/stm32_bot/stm32_bot.egg-info/requires.txt
[3.111s] writing top-level names to ../../build/stm32_bot/stm32_bot.egg-info/top_level.txt
[3.210s] reading manifest file '../../build/stm32_bot/stm32_bot.egg-info/SOURCES.txt'
[3.212s] writing manifest file '../../build/stm32_bot/stm32_bot.egg-info/SOURCES.txt'
[3.213s] running build
[3.214s] running build_py
[3.215s] copying stm32_bot/stm32_bridge.py -> /home/spinetti/ros2_ws/build/stm32_bot/build/lib/stm32_bot
[3.217s] running install
[3.228s] running install_lib
[3.281s] copying /home/spinetti/ros2_ws/build/stm32_bot/build/lib/stm32_bot/stm32_bridge.py -> /home/spinetti/ros2_ws/install/stm32_bot/lib/python3.12/site-packages/stm32_bot
[3.281s] byte-compiling /home/spinetti/ros2_ws/install/stm32_bot/lib/python3.12/site-packages/stm32_bot/stm32_bridge.py to stm32_bridge.cpython-312.pyc
[3.288s] running install_data
[3.288s] copying launch/teleop_joystick.launch.py -> /home/spinetti/ros2_ws/install/stm32_bot/share/stm32_bot/launch
[3.291s] running install_egg_info
[3.351s] removing '/home/spinetti/ros2_ws/install/stm32_bot/lib/python3.12/site-packages/stm32_bot-0.0.0-py3.12.egg-info' (and everything under it)
[3.357s] Copying ../../build/stm32_bot/stm32_bot.egg-info to /home/spinetti/ros2_ws/install/stm32_bot/lib/python3.12/site-packages/stm32_bot-0.0.0-py3.12.egg-info
[3.361s] running install_scripts
[3.718s] Installing ps3_mapper script to /home/spinetti/ros2_ws/install/stm32_bot/lib/stm32_bot
[3.718s] Installing stm32_bridge script to /home/spinetti/ros2_ws/install/stm32_bot/lib/stm32_bot
[3.718s] Installing stm32_teleop script to /home/spinetti/ros2_ws/install/stm32_bot/lib/stm32_bot
[3.719s] writing list of installed files to '/home/spinetti/ros2_ws/build/stm32_bot/install.log'
[3.832s] Invoked command in '/home/spinetti/ros2_ws/src/stm32_bot' returned '0': DEBUGINFOD_URLS=https://debuginfod.ubuntu.com PYTHONPATH=/home/spinetti/ros2_ws/build/stm32_bot/prefix_override:/usr/lib/python3/dist-packages/colcon_core/task/python/colcon_distutils_commands:/home/spinetti/ros2_ws/install/stm32_bot/lib/python3.12/site-packages:${PYTHONPATH} /usr/bin/python3 -W ignore:setup.py install is deprecated -W ignore:easy_install command is deprecated setup.py egg_info --egg-base ../../build/stm32_bot build --build-base /home/spinetti/ros2_ws/build/stm32_bot/build install --record /home/spinetti/ros2_ws/build/stm32_bot/install.log --single-version-externally-managed install_data
