../Drivers/Bosch/BMI088/bmi088_anymotiona.c:385:8:bmi088_anymotion_init	32	static
../Drivers/Bosch/BMI088/bmi088_anymotiona.c:425:8:bmi088_anymotion_set_meas_conf	48	static
../Drivers/Bosch/BMI088/bmi088_anymotiona.c:476:8:bmi088_anymotion_get_data	56	static
../Drivers/Bosch/BMI088/bmi088_anymotiona.c:523:8:bmi088_anymotion_set_int_config	40	static
../Drivers/Bosch/BMI088/bmi088_anymotiona.c:575:8:bmi088_anymotion_configure_anymotion	40	static
../Drivers/Bosch/BMI088/bmi088_anymotiona.c:614:8:bmi088_anymotion_get_remap_axes	32	static
../Drivers/Bosch/BMI088/bmi088_anymotiona.c:645:8:bmi088_anymotion_set_remap_axes	40	static
../Drivers/Bosch/BMI088/bmi088_anymotiona.c:687:8:bmi088_anymotion_get_version_config	88	static
../Drivers/Bosch/BMI088/bmi088_anymotiona.c:741:8:bmi088_anymotion_perform_selftest	48	static
../Drivers/Bosch/BMI088/bmi088_anymotiona.c:792:8:bmi088_anymotion_get_feat_int_status	48	static
../Drivers/Bosch/BMI088/bmi088_anymotiona.c:826:15:null_ptr_check	24	static
../Drivers/Bosch/BMI088/bmi088_anymotiona.c:849:15:set_int_pin_config	48	static
../Drivers/Bosch/BMI088/bmi088_anymotiona.c:900:15:set_accel_anymotion_int	40	static
../Drivers/Bosch/BMI088/bmi088_anymotiona.c:960:15:set_accel_err_int	40	static
../Drivers/Bosch/BMI088/bmi088_anymotiona.c:1020:15:set_remap_axes	80	static
../Drivers/Bosch/BMI088/bmi088_anymotiona.c:1105:15:get_remap_axes	72	static
../Drivers/Bosch/BMI088/bmi088_anymotiona.c:1157:13:get_remapped_data	40	static
../Drivers/Bosch/BMI088/bmi088_anymotiona.c:1204:13:assign_remap_axis	32	static
../Drivers/Bosch/BMI088/bmi088_anymotiona.c:1247:13:receive_remap_axis	16	static
../Drivers/Bosch/BMI088/bmi088_anymotiona.c:1282:15:enable_self_test	32	static
../Drivers/Bosch/BMI088/bmi088_anymotiona.c:1316:15:positive_excited_accel	40	static
../Drivers/Bosch/BMI088/bmi088_anymotiona.c:1336:15:negative_excited_accel	48	static
../Drivers/Bosch/BMI088/bmi088_anymotiona.c:1367:15:validate_accel_self_test	40	static
../Drivers/Bosch/BMI088/bmi088_anymotiona.c:1406:13:convert_lsb_g	16	static
../Drivers/Bosch/BMI088/bmi088_anymotiona.c:1422:15:set_accel_data_ready_int	40	static
../Drivers/Bosch/BMI088/bmi088_anymotiona.c:1476:15:set_fifo_wm_int	40	static
../Drivers/Bosch/BMI088/bmi088_anymotiona.c:1530:15:get_regs	168	static
../Drivers/Bosch/BMI088/bmi088_anymotiona.c:1565:15:set_fifo_full_int	40	static
