../Drivers/Bosch/BMI088/bmi088_mma.c:678:8:bmi088_mma_init	32	static
../Drivers/Bosch/BMI088/bmi088_mma.c:716:8:bmi088_mma_set_meas_conf	32	static
../Drivers/Bosch/BMI088/bmi088_mma.c:736:8:bmi088_mma_configure_data_synchronization	32	static
../Drivers/Bosch/BMI088/bmi088_mma.c:765:8:bmi088_mma_get_data	56	static
../Drivers/Bosch/BMI088/bmi088_mma.c:812:8:bmi088_mma_set_int_config	40	static
../Drivers/Bosch/BMI088/bmi088_mma.c:884:8:bmi088_mma_configure_anymotion	40	static
../Drivers/Bosch/BMI088/bmi088_mma.c:915:8:bmi088_mma_set_high_g_config	56	static
../Drivers/Bosch/BMI088/bmi088_mma.c:966:8:bmi088_mma_get_high_g_config	56	static
../Drivers/Bosch/BMI088/bmi088_mma.c:1014:8:bmi088_mma_set_low_g_config	64	static
../Drivers/Bosch/BMI088/bmi088_mma.c:1059:8:bmi088_mma_get_low_g_config	64	static
../Drivers/Bosch/BMI088/bmi088_mma.c:1100:8:bmi088_mma_set_orient_config	64	static
../Drivers/Bosch/BMI088/bmi088_mma.c:1155:8:bmi088_mma_get_orient_config	64	static
../Drivers/Bosch/BMI088/bmi088_mma.c:1200:8:bmi088_mma_set_no_motion_config	72	static
../Drivers/Bosch/BMI088/bmi088_mma.c:1244:8:bmi088_mma_get_no_motion_config	72	static
../Drivers/Bosch/BMI088/bmi088_mma.c:1284:8:bmi088_mma_get_orient_output	48	static
../Drivers/Bosch/BMI088/bmi088_mma.c:1307:8:bmi088_mma_get_high_g_output	48	static
../Drivers/Bosch/BMI088/bmi088_mma.c:1332:8:bmi088_mma_get_feat_int_status	48	static
../Drivers/Bosch/BMI088/bmi088_mma.c:1358:8:bmi088_mma_get_remap_axes	32	static
../Drivers/Bosch/BMI088/bmi088_mma.c:1389:8:bmi088_mma_set_remap_axes	40	static
../Drivers/Bosch/BMI088/bmi088_mma.c:1431:8:bmi088_mma_get_version_config	88	static
../Drivers/Bosch/BMI088/bmi088_mma.c:1485:8:bmi088_mma_perform_selftest	48	static
../Drivers/Bosch/BMI088/bmi088_mma.c:1545:15:null_ptr_check	24	static
../Drivers/Bosch/BMI088/bmi088_mma.c:1568:15:set_int_pin_config	56	static
../Drivers/Bosch/BMI088/bmi088_mma.c:1630:15:set_accel_anymotion_int	48	static
../Drivers/Bosch/BMI088/bmi088_mma.c:1692:15:set_accel_high_g_int	48	static
../Drivers/Bosch/BMI088/bmi088_mma.c:1754:15:set_accel_low_g_int	48	static
../Drivers/Bosch/BMI088/bmi088_mma.c:1816:15:set_accel_orient_int	48	static
../Drivers/Bosch/BMI088/bmi088_mma.c:1878:15:set_accel_no_motion_int	48	static
../Drivers/Bosch/BMI088/bmi088_mma.c:1940:15:set_accel_err_int	48	static
../Drivers/Bosch/BMI088/bmi088_mma.c:2002:15:set_remap_axes	80	static
../Drivers/Bosch/BMI088/bmi088_mma.c:2081:15:get_remap_axes	72	static
../Drivers/Bosch/BMI088/bmi088_mma.c:2129:13:get_remapped_data	40	static
../Drivers/Bosch/BMI088/bmi088_mma.c:2176:13:assign_remap_axis	32	static
../Drivers/Bosch/BMI088/bmi088_mma.c:2219:13:receive_remap_axis	16	static
../Drivers/Bosch/BMI088/bmi088_mma.c:2254:15:enable_self_test	32	static
../Drivers/Bosch/BMI088/bmi088_mma.c:2288:15:positive_excited_accel	40	static
../Drivers/Bosch/BMI088/bmi088_mma.c:2308:15:negative_excited_accel	48	static
../Drivers/Bosch/BMI088/bmi088_mma.c:2339:15:validate_accel_self_test	40	static
../Drivers/Bosch/BMI088/bmi088_mma.c:2378:13:convert_lsb_g	16	static
../Drivers/Bosch/BMI088/bmi088_mma.c:2394:15:set_range	48	static
