/home/spinetti/ros2_ws/install/stm32_bot/lib/python3.12/site-packages/stm32_bot/__init__.py
/home/spinetti/ros2_ws/install/stm32_bot/lib/python3.12/site-packages/stm32_bot/lidar_deskewer.py
/home/spinetti/ros2_ws/install/stm32_bot/lib/python3.12/site-packages/stm32_bot/stm32_bridge.py
/home/spinetti/ros2_ws/install/stm32_bot/lib/python3.12/site-packages/stm32_bot/path_recorder.py
/home/spinetti/ros2_ws/install/stm32_bot/lib/python3.12/site-packages/stm32_bot/ps3_mapper.py
/home/spinetti/ros2_ws/install/stm32_bot/lib/python3.12/site-packages/stm32_bot/race_controller.py
/home/spinetti/ros2_ws/install/stm32_bot/lib/python3.12/site-packages/stm32_bot/imu_visualizer.py
/home/spinetti/ros2_ws/install/stm32_bot/lib/python3.12/site-packages/stm32_bot/stm32_teleop.py
/home/spinetti/ros2_ws/install/stm32_bot/lib/python3.12/site-packages/stm32_bot/scan_filter.py
/home/spinetti/ros2_ws/install/stm32_bot/lib/python3.12/site-packages/stm32_bot/__pycache__/__init__.cpython-312.pyc
/home/spinetti/ros2_ws/install/stm32_bot/lib/python3.12/site-packages/stm32_bot/__pycache__/lidar_deskewer.cpython-312.pyc
/home/spinetti/ros2_ws/install/stm32_bot/lib/python3.12/site-packages/stm32_bot/__pycache__/stm32_bridge.cpython-312.pyc
/home/spinetti/ros2_ws/install/stm32_bot/lib/python3.12/site-packages/stm32_bot/__pycache__/path_recorder.cpython-312.pyc
/home/spinetti/ros2_ws/install/stm32_bot/lib/python3.12/site-packages/stm32_bot/__pycache__/ps3_mapper.cpython-312.pyc
/home/spinetti/ros2_ws/install/stm32_bot/lib/python3.12/site-packages/stm32_bot/__pycache__/race_controller.cpython-312.pyc
/home/spinetti/ros2_ws/install/stm32_bot/lib/python3.12/site-packages/stm32_bot/__pycache__/imu_visualizer.cpython-312.pyc
/home/spinetti/ros2_ws/install/stm32_bot/lib/python3.12/site-packages/stm32_bot/__pycache__/stm32_teleop.cpython-312.pyc
/home/spinetti/ros2_ws/install/stm32_bot/lib/python3.12/site-packages/stm32_bot/__pycache__/scan_filter.cpython-312.pyc
/home/spinetti/ros2_ws/install/stm32_bot/share/ament_index/resource_index/packages/stm32_bot
/home/spinetti/ros2_ws/install/stm32_bot/share/stm32_bot/package.xml
/home/spinetti/ros2_ws/install/stm32_bot/share/stm32_bot/launch/localization.launch.py
/home/spinetti/ros2_ws/install/stm32_bot/share/stm32_bot/launch/robot_bringup.launch.py
/home/spinetti/ros2_ws/install/stm32_bot/share/stm32_bot/launch/teleop_joystick.launch.py
/home/spinetti/ros2_ws/install/stm32_bot/share/stm32_bot/launch/slam.launch.py
/home/spinetti/ros2_ws/install/stm32_bot/share/stm32_bot/launch/nav2.launch.py
/home/spinetti/ros2_ws/install/stm32_bot/share/stm32_bot/launch/race.launch.py
/home/spinetti/ros2_ws/install/stm32_bot/share/stm32_bot/launch/imu_debug.launch.py
/home/spinetti/ros2_ws/install/stm32_bot/share/stm32_bot/config/laser_filter.yaml
/home/spinetti/ros2_ws/install/stm32_bot/share/stm32_bot/config/mapper_params_localization.yaml
/home/spinetti/ros2_ws/install/stm32_bot/share/stm32_bot/config/ekf_config.yaml
/home/spinetti/ros2_ws/install/stm32_bot/share/stm32_bot/config/nav2_params.yaml
/home/spinetti/ros2_ws/install/stm32_bot/share/stm32_bot/config/mapper_params_online_async.yaml
/home/spinetti/ros2_ws/install/stm32_bot/share/stm32_bot/config/imu_debug.rviz
/home/spinetti/ros2_ws/install/stm32_bot/share/stm32_bot/maps/maps.data
/home/spinetti/ros2_ws/install/stm32_bot/share/stm32_bot/maps/maps.pgm
/home/spinetti/ros2_ws/install/stm32_bot/share/stm32_bot/maps/maps.posegraph
/home/spinetti/ros2_ws/install/stm32_bot/share/stm32_bot/maps/maps.yaml
/home/spinetti/ros2_ws/install/stm32_bot/lib/python3.12/site-packages/stm32_bot-0.0.0-py3.12.egg-info/SOURCES.txt
/home/spinetti/ros2_ws/install/stm32_bot/lib/python3.12/site-packages/stm32_bot-0.0.0-py3.12.egg-info/PKG-INFO
/home/spinetti/ros2_ws/install/stm32_bot/lib/python3.12/site-packages/stm32_bot-0.0.0-py3.12.egg-info/requires.txt
/home/spinetti/ros2_ws/install/stm32_bot/lib/python3.12/site-packages/stm32_bot-0.0.0-py3.12.egg-info/zip-safe
/home/spinetti/ros2_ws/install/stm32_bot/lib/python3.12/site-packages/stm32_bot-0.0.0-py3.12.egg-info/entry_points.txt
/home/spinetti/ros2_ws/install/stm32_bot/lib/python3.12/site-packages/stm32_bot-0.0.0-py3.12.egg-info/top_level.txt
/home/spinetti/ros2_ws/install/stm32_bot/lib/python3.12/site-packages/stm32_bot-0.0.0-py3.12.egg-info/dependency_links.txt
/home/spinetti/ros2_ws/install/stm32_bot/lib/stm32_bot/imu_visualizer
/home/spinetti/ros2_ws/install/stm32_bot/lib/stm32_bot/lidar_deskewer
/home/spinetti/ros2_ws/install/stm32_bot/lib/stm32_bot/path_recorder
/home/spinetti/ros2_ws/install/stm32_bot/lib/stm32_bot/ps3_mapper
/home/spinetti/ros2_ws/install/stm32_bot/lib/stm32_bot/race_controller
/home/spinetti/ros2_ws/install/stm32_bot/lib/stm32_bot/scan_filter
/home/spinetti/ros2_ws/install/stm32_bot/lib/stm32_bot/stm32_bridge
/home/spinetti/ros2_ws/install/stm32_bot/lib/stm32_bot/stm32_teleop
