[0.032s] Invoking command in '/home/spinetti/ros2_ws/build/rf2o_laser_odometry': CMAKE_PREFIX_PATH=${CMAKE_PREFIX_PATH}:/home/spinetti/ros2_ws/install/stm32_bot:/home/spinetti/ros2_ws/install/spinetti_bringup:/home/spinetti/install/stm32_bot:/opt/ros/jazzy DEBUGINFOD_URLS=https://debuginfod.ubuntu.com /usr/bin/cmake /home/spinetti/ros2_ws/src/rf2o_laser_odometry -DCMAKE_INSTALL_PREFIX=/home/spinetti/ros2_ws/install/rf2o_laser_odometry
[0.214s] -- The C compiler identification is GNU 13.3.0
[0.329s] -- The CXX compiler identification is GNU 13.3.0
[0.361s] -- Detecting C compiler ABI info
[0.563s] -- Detecting C compiler ABI info - done
[0.578s] -- Check for working C compiler: /usr/bin/cc - skipped
[0.579s] -- Detecting C compile features
[0.580s] -- Detecting C compile features - done
[0.597s] -- Detecting CXX compiler ABI info
[0.818s] -- Detecting CXX compiler ABI info - done
[0.833s] -- Check for working CXX compiler: /usr/bin/c++ - skipped
[0.833s] -- Detecting CXX compile features
[0.834s] -- Detecting CXX compile features - done
[0.845s] -- Found ament_cmake: 2.5.5 (/opt/ros/jazzy/share/ament_cmake/cmake)
[1.138s] -- Found Python3: /usr/bin/python3 (found version "3.12.3") found components: Interpreter 
[1.400s] -- Found rclcpp: 28.1.16 (/opt/ros/jazzy/share/rclcpp/cmake)
[1.518s] -- Found rosidl_generator_c: 4.6.7 (/opt/ros/jazzy/share/rosidl_generator_c/cmake)
[1.553s] -- Found rosidl_generator_cpp: 4.6.7 (/opt/ros/jazzy/share/rosidl_generator_cpp/cmake)
[1.593s] -- Using all available rosidl_typesupport_c: rosidl_typesupport_fastrtps_c;rosidl_typesupport_introspection_c
[1.641s] -- Using all available rosidl_typesupport_cpp: rosidl_typesupport_fastrtps_cpp;rosidl_typesupport_introspection_cpp
[1.810s] -- Found rmw_implementation_cmake: 7.3.3 (/opt/ros/jazzy/share/rmw_implementation_cmake/cmake)
[1.823s] -- Found rmw_fastrtps_cpp: 8.4.3 (/opt/ros/jazzy/share/rmw_fastrtps_cpp/cmake)
[2.027s] -- Found OpenSSL: /usr/lib/aarch64-linux-gnu/libcrypto.so (found version "3.0.13")  
[2.065s] -- Found FastRTPS: /opt/ros/jazzy/include (Required is at least version "2.13") 
[2.110s] -- Using RMW implementation 'rmw_fastrtps_cpp' as default
[2.262s] -- Found std_msgs: 5.3.6 (/opt/ros/jazzy/share/std_msgs/cmake)
[2.289s] -- Found geometry_msgs: 5.3.6 (/opt/ros/jazzy/share/geometry_msgs/cmake)
[2.327s] -- Found tf2_geometry_msgs: 0.36.19 (/opt/ros/jazzy/share/tf2_geometry_msgs/cmake)
[2.369s] -- Found eigen3_cmake_module: 0.3.0 (/opt/ros/jazzy/share/eigen3_cmake_module/cmake)
[2.372s] -- Found Eigen3: TRUE (found version "3.4.0") 
[2.372s] -- Ensuring Eigen3 include directory is part of orocos-kdl CMake target
[2.661s] -- Found sensor_msgs: 5.3.6 (/opt/ros/jazzy/share/sensor_msgs/cmake)
[2.700s] -- Found nav_msgs: 5.3.6 (/opt/ros/jazzy/share/nav_msgs/cmake)
[2.766s] -- Found Boost: /usr/lib/aarch64-linux-gnu/cmake/Boost-1.83.0/BoostConfig.cmake (found version "1.83.0")  
[2.776s] -- Found PkgConfig: /usr/bin/pkg-config (found version "1.8.1") 
[2.777s] -- Checking for module 'gsl'
[2.811s] --   Found gsl, version 2.7.1
[3.071s] -- Configuring done (3.0s)
[3.098s] -- Generating done (0.0s)
[3.107s] -- Build files have been written to: /home/spinetti/ros2_ws/build/rf2o_laser_odometry
[3.139s] Invoked command in '/home/spinetti/ros2_ws/build/rf2o_laser_odometry' returned '0': CMAKE_PREFIX_PATH=${CMAKE_PREFIX_PATH}:/home/spinetti/ros2_ws/install/stm32_bot:/home/spinetti/ros2_ws/install/spinetti_bringup:/home/spinetti/install/stm32_bot:/opt/ros/jazzy DEBUGINFOD_URLS=https://debuginfod.ubuntu.com /usr/bin/cmake /home/spinetti/ros2_ws/src/rf2o_laser_odometry -DCMAKE_INSTALL_PREFIX=/home/spinetti/ros2_ws/install/rf2o_laser_odometry
[3.141s] Invoking command in '/home/spinetti/ros2_ws/build/rf2o_laser_odometry': CMAKE_PREFIX_PATH=${CMAKE_PREFIX_PATH}:/home/spinetti/ros2_ws/install/stm32_bot:/home/spinetti/ros2_ws/install/spinetti_bringup:/home/spinetti/install/stm32_bot:/opt/ros/jazzy DEBUGINFOD_URLS=https://debuginfod.ubuntu.com /usr/bin/cmake --build /home/spinetti/ros2_ws/build/rf2o_laser_odometry -- -j4 -l4
[3.259s] [ 66%] [32mBuilding CXX object CMakeFiles/rf2o_laser_odometry_node.dir/src/CLaserOdometry2D.cpp.o[0m
[3.259s] [ 66%] [32mBuilding CXX object CMakeFiles/rf2o_laser_odometry_node.dir/src/CLaserOdometry2DNode.cpp.o[0m
[39.245s] [100%] [32m[1mLinking CXX executable rf2o_laser_odometry_node[0m
[42.328s] [100%] Built target rf2o_laser_odometry_node
[42.351s] Invoked command in '/home/spinetti/ros2_ws/build/rf2o_laser_odometry' returned '0': CMAKE_PREFIX_PATH=${CMAKE_PREFIX_PATH}:/home/spinetti/ros2_ws/install/stm32_bot:/home/spinetti/ros2_ws/install/spinetti_bringup:/home/spinetti/install/stm32_bot:/opt/ros/jazzy DEBUGINFOD_URLS=https://debuginfod.ubuntu.com /usr/bin/cmake --build /home/spinetti/ros2_ws/build/rf2o_laser_odometry -- -j4 -l4
[42.372s] Invoking command in '/home/spinetti/ros2_ws/build/rf2o_laser_odometry': CMAKE_PREFIX_PATH=${CMAKE_PREFIX_PATH}:/home/spinetti/ros2_ws/install/stm32_bot:/home/spinetti/ros2_ws/install/spinetti_bringup:/home/spinetti/install/stm32_bot:/opt/ros/jazzy DEBUGINFOD_URLS=https://debuginfod.ubuntu.com /usr/bin/cmake --install /home/spinetti/ros2_ws/build/rf2o_laser_odometry
[42.389s] -- Install configuration: ""
[42.389s] -- Installing: /home/spinetti/ros2_ws/install/rf2o_laser_odometry/lib/rf2o_laser_odometry/rf2o_laser_odometry_node
[42.426s] -- Set non-toolchain portion of runtime path of "/home/spinetti/ros2_ws/install/rf2o_laser_odometry/lib/rf2o_laser_odometry/rf2o_laser_odometry_node" to ""
[42.426s] -- Installing: /home/spinetti/ros2_ws/install/rf2o_laser_odometry/share/rf2o_laser_odometry/launch
[42.426s] -- Installing: /home/spinetti/ros2_ws/install/rf2o_laser_odometry/share/rf2o_laser_odometry/launch/rf2o_laser_odometry.launch.py
[42.426s] -- Installing: /home/spinetti/ros2_ws/install/rf2o_laser_odometry/share/ament_index/resource_index/package_run_dependencies/rf2o_laser_odometry
[42.426s] -- Installing: /home/spinetti/ros2_ws/install/rf2o_laser_odometry/share/ament_index/resource_index/parent_prefix_path/rf2o_laser_odometry
[42.427s] -- Installing: /home/spinetti/ros2_ws/install/rf2o_laser_odometry/share/rf2o_laser_odometry/environment/ament_prefix_path.sh
[42.427s] -- Installing: /home/spinetti/ros2_ws/install/rf2o_laser_odometry/share/rf2o_laser_odometry/environment/ament_prefix_path.dsv
[42.427s] -- Installing: /home/spinetti/ros2_ws/install/rf2o_laser_odometry/share/rf2o_laser_odometry/environment/path.sh
[42.427s] -- Installing: /home/spinetti/ros2_ws/install/rf2o_laser_odometry/share/rf2o_laser_odometry/environment/path.dsv
[42.427s] -- Installing: /home/spinetti/ros2_ws/install/rf2o_laser_odometry/share/rf2o_laser_odometry/local_setup.bash
[42.427s] -- Installing: /home/spinetti/ros2_ws/install/rf2o_laser_odometry/share/rf2o_laser_odometry/local_setup.sh
[42.428s] -- Installing: /home/spinetti/ros2_ws/install/rf2o_laser_odometry/share/rf2o_laser_odometry/local_setup.zsh
[42.428s] -- Installing: /home/spinetti/ros2_ws/install/rf2o_laser_odometry/share/rf2o_laser_odometry/local_setup.dsv
[42.428s] -- Installing: /home/spinetti/ros2_ws/install/rf2o_laser_odometry/share/rf2o_laser_odometry/package.dsv
[42.428s] -- Installing: /home/spinetti/ros2_ws/install/rf2o_laser_odometry/share/ament_index/resource_index/packages/rf2o_laser_odometry
[42.428s] -- Installing: /home/spinetti/ros2_ws/install/rf2o_laser_odometry/share/rf2o_laser_odometry/cmake/rf2o_laser_odometryConfig.cmake
[42.429s] -- Installing: /home/spinetti/ros2_ws/install/rf2o_laser_odometry/share/rf2o_laser_odometry/cmake/rf2o_laser_odometryConfig-version.cmake
[42.429s] -- Installing: /home/spinetti/ros2_ws/install/rf2o_laser_odometry/share/rf2o_laser_odometry/package.xml
[42.432s] Invoked command in '/home/spinetti/ros2_ws/build/rf2o_laser_odometry' returned '0': CMAKE_PREFIX_PATH=${CMAKE_PREFIX_PATH}:/home/spinetti/ros2_ws/install/stm32_bot:/home/spinetti/ros2_ws/install/spinetti_bringup:/home/spinetti/install/stm32_bot:/opt/ros/jazzy DEBUGINFOD_URLS=https://debuginfod.ubuntu.com /usr/bin/cmake --install /home/spinetti/ros2_ws/build/rf2o_laser_odometry
