[1.418s] Invoking command in '/home/spinetti/ros2_ws/src/stm32_bot': DEBUGINFOD_URLS=https://debuginfod.ubuntu.com PYTHONPATH=/home/spinetti/ros2_ws/build/stm32_bot/prefix_override:/usr/lib/python3/dist-packages/colcon_core/task/python/colcon_distutils_commands:/home/spinetti/ros2_ws/install/stm32_bot/lib/python3.12/site-packages:${PYTHONPATH} /usr/bin/python3 -W ignore:setup.py install is deprecated -W ignore:easy_install command is deprecated setup.py egg_info --egg-base ../../build/stm32_bot build --build-base /home/spinetti/ros2_ws/build/stm32_bot/build install --record /home/spinetti/ros2_ws/build/stm32_bot/install.log --single-version-externally-managed install_data
[1.834s] running egg_info
[1.861s] writing ../../build/stm32_bot/stm32_bot.egg-info/PKG-INFO
[1.861s] writing dependency_links to ../../build/stm32_bot/stm32_bot.egg-info/dependency_links.txt
[1.861s] writing entry points to ../../build/stm32_bot/stm32_bot.egg-info/entry_points.txt
[1.862s] writing requirements to ../../build/stm32_bot/stm32_bot.egg-info/requires.txt
[1.862s] writing top-level names to ../../build/stm32_bot/stm32_bot.egg-info/top_level.txt
[1.927s] reading manifest file '../../build/stm32_bot/stm32_bot.egg-info/SOURCES.txt'
[1.928s] writing manifest file '../../build/stm32_bot/stm32_bot.egg-info/SOURCES.txt'
[1.928s] running build
[1.928s] running build_py
[1.928s] copying stm32_bot/stm32_bridge.py -> /home/spinetti/ros2_ws/build/stm32_bot/build/lib/stm32_bot
[1.929s] running install
[1.939s] running install_lib
[1.966s] copying /home/spinetti/ros2_ws/build/stm32_bot/build/lib/stm32_bot/stm32_bridge.py -> /home/spinetti/ros2_ws/install/stm32_bot/lib/python3.12/site-packages/stm32_bot
[1.967s] byte-compiling /home/spinetti/ros2_ws/install/stm32_bot/lib/python3.12/site-packages/stm32_bot/stm32_bridge.py to stm32_bridge.cpython-312.pyc
[1.970s] running install_data
[1.970s] running install_egg_info
[1.999s] removing '/home/spinetti/ros2_ws/install/stm32_bot/lib/python3.12/site-packages/stm32_bot-0.0.0-py3.12.egg-info' (and everything under it)
[2.000s] Copying ../../build/stm32_bot/stm32_bot.egg-info to /home/spinetti/ros2_ws/install/stm32_bot/lib/python3.12/site-packages/stm32_bot-0.0.0-py3.12.egg-info
[2.005s] running install_scripts
[2.218s] Installing stm32_bridge script to /home/spinetti/ros2_ws/install/stm32_bot/lib/stm32_bot
[2.218s] Installing stm32_teleop script to /home/spinetti/ros2_ws/install/stm32_bot/lib/stm32_bot
[2.219s] writing list of installed files to '/home/spinetti/ros2_ws/build/stm32_bot/install.log'
[2.292s] Invoked command in '/home/spinetti/ros2_ws/src/stm32_bot' returned '0': DEBUGINFOD_URLS=https://debuginfod.ubuntu.com PYTHONPATH=/home/spinetti/ros2_ws/build/stm32_bot/prefix_override:/usr/lib/python3/dist-packages/colcon_core/task/python/colcon_distutils_commands:/home/spinetti/ros2_ws/install/stm32_bot/lib/python3.12/site-packages:${PYTHONPATH} /usr/bin/python3 -W ignore:setup.py install is deprecated -W ignore:easy_install command is deprecated setup.py egg_info --egg-base ../../build/stm32_bot build --build-base /home/spinetti/ros2_ws/build/stm32_bot/build install --record /home/spinetti/ros2_ws/build/stm32_bot/install.log --single-version-externally-managed install_data
